Java HotSpot(TM) 64-Bit Server VM (25.101-b13) for linux-amd64 JRE (1.8.0_101-b13), built on Jun 22 2016 02:59:44 by "java_re" with gcc 4.3.0 20080428 (Red Hat 4.3.0-8)
Memory: 4k page, physical 16356896k(3464368k free), swap 8000508k(7886908k free)
CommandLine flags: -XX:CMSInitiatingOccupancyFraction=50 -XX:CMSMaxAbortablePrecleanTime=6000 -XX:+CMSParallelRemarkEnabled -XX:+CMSScavengeBeforeRemark -XX:ConcGCThreads=4 -XX:InitialHeapSize=536870912 -XX:MaxHeapSize=536870912 -XX:MaxTenuringThreshold=8 -XX:NewRatio=3 -XX:OldPLABSize=16 -XX:OnOutOfMemoryError=/home/bferreira/iPRES/dist-test/solr/bin/oom_solr.sh 8983 /home/bferreira/iPRES/dist-test/solr/server/logs -XX:ParallelGCThreads=4 -XX:+ParallelRefProcEnabled -XX:PretenureSizeThreshold=67108864 -XX:+PrintGC -XX:+PrintGCApplicationStoppedTime -XX:+PrintGCDateStamps -XX:+PrintGCDetails -XX:+PrintGCTimeStamps -XX:+PrintHeapAtGC -XX:+PrintTenuringDistribution -XX:SurvivorRatio=4 -XX:TargetSurvivorRatio=90 -XX:ThreadStackSize=256 -XX:+UseCMSInitiatingOccupancyOnly -XX:+UseCompressedClassPointers -XX:+UseCompressedOops -XX:+UseConcMarkSweepGC -XX:+UseParNewGC 
2016-09-22T15:43:20.659+0100: 0,078: Total time for which application threads were stopped: 0,0000865 seconds, Stopping threads took: 0,0000135 seconds
2016-09-22T15:43:20.699+0100: 0,118: Total time for which application threads were stopped: 0,0000801 seconds, Stopping threads took: 0,0000150 seconds
2016-09-22T15:43:20.781+0100: 0,200: Total time for which application threads were stopped: 0,0001341 seconds, Stopping threads took: 0,0000160 seconds
2016-09-22T15:43:20.876+0100: 0,295: Total time for which application threads were stopped: 0,0001214 seconds, Stopping threads took: 0,0000141 seconds
2016-09-22T15:43:20.908+0100: 0,328: Total time for which application threads were stopped: 0,0001440 seconds, Stopping threads took: 0,0000250 seconds
2016-09-22T15:43:20.916+0100: 0,335: Total time for which application threads were stopped: 0,0001371 seconds, Stopping threads took: 0,0000161 seconds
2016-09-22T15:43:21.012+0100: 0,431: Total time for which application threads were stopped: 0,0001543 seconds, Stopping threads took: 0,0000147 seconds
2016-09-22T15:43:21.129+0100: 0,548: Total time for which application threads were stopped: 0,0002441 seconds, Stopping threads took: 0,0000183 seconds
2016-09-22T15:43:21.130+0100: 0,549: Total time for which application threads were stopped: 0,0001765 seconds, Stopping threads took: 0,0000151 seconds
2016-09-22T15:43:21.132+0100: 0,551: Total time for which application threads were stopped: 0,0001424 seconds, Stopping threads took: 0,0000130 seconds
2016-09-22T15:43:21.139+0100: 0,558: Total time for which application threads were stopped: 0,0002152 seconds, Stopping threads took: 0,0000265 seconds
2016-09-22T15:43:22.139+0100: 1,558: Total time for which application threads were stopped: 0,0001362 seconds, Stopping threads took: 0,0000220 seconds
{Heap before GC invocations=0 (full 0):
 par new generation   total 109248K, used 87424K [0x00000000e0000000, 0x00000000e8000000, 0x00000000e8000000)
  eden space 87424K, 100% used [0x00000000e0000000, 0x00000000e5560000, 0x00000000e5560000)
  from space 21824K,   0% used [0x00000000e5560000, 0x00000000e5560000, 0x00000000e6ab0000)
  to   space 21824K,   0% used [0x00000000e6ab0000, 0x00000000e6ab0000, 0x00000000e8000000)
 concurrent mark-sweep generation total 393216K, used 0K [0x00000000e8000000, 0x0000000100000000, 0x0000000100000000)
 Metaspace       used 19649K, capacity 19956K, committed 20096K, reserved 1067008K
  class space    used 2286K, capacity 2407K, committed 2432K, reserved 1048576K
2016-09-22T15:43:22.152+0100: 1,571: [GC (Allocation Failure) 2016-09-22T15:43:22.152+0100: 1,571: [ParNew
Desired survivor size 20112992 bytes, new threshold 8 (max 8)
- age   1:   11586992 bytes,   11586992 total
: 87424K->11424K(109248K), 0,0099947 secs] 87424K->11424K(502464K), 0,0100646 secs] [Times: user=0,03 sys=0,01, real=0,01 secs] 
Heap after GC invocations=1 (full 0):
 par new generation   total 109248K, used 11424K [0x00000000e0000000, 0x00000000e8000000, 0x00000000e8000000)
  eden space 87424K,   0% used [0x00000000e0000000, 0x00000000e0000000, 0x00000000e5560000)
  from space 21824K,  52% used [0x00000000e6ab0000, 0x00000000e75d8360, 0x00000000e8000000)
  to   space 21824K,   0% used [0x00000000e5560000, 0x00000000e5560000, 0x00000000e6ab0000)
 concurrent mark-sweep generation total 393216K, used 0K [0x00000000e8000000, 0x0000000100000000, 0x0000000100000000)
 Metaspace       used 19649K, capacity 19956K, committed 20096K, reserved 1067008K
  class space    used 2286K, capacity 2407K, committed 2432K, reserved 1048576K
}
2016-09-22T15:43:22.162+0100: 1,581: Total time for which application threads were stopped: 0,0101981 seconds, Stopping threads took: 0,0000288 seconds
2016-09-22T15:43:22.239+0100: 1,659: Total time for which application threads were stopped: 0,0004720 seconds, Stopping threads took: 0,0000361 seconds
2016-09-22T15:43:22.266+0100: 1,685: Total time for which application threads were stopped: 0,0000882 seconds, Stopping threads took: 0,0000264 seconds
2016-09-22T15:43:23.266+0100: 2,685: Total time for which application threads were stopped: 0,0000853 seconds, Stopping threads took: 0,0000223 seconds
2016-09-22T15:43:24.162+0100: 3,581: [GC (CMS Initial Mark) [1 CMS-initial-mark: 0K(393216K)] 39170K(502464K), 0,0029973 secs] [Times: user=0,02 sys=0,00, real=0,00 secs] 
2016-09-22T15:43:24.165+0100: 3,584: Total time for which application threads were stopped: 0,0031106 seconds, Stopping threads took: 0,0000235 seconds
2016-09-22T15:43:24.165+0100: 3,584: [CMS-concurrent-mark-start]
2016-09-22T15:43:24.165+0100: 3,584: [CMS-concurrent-mark: 0,000/0,000 secs] [Times: user=0,00 sys=0,00, real=0,00 secs] 
2016-09-22T15:43:24.165+0100: 3,585: [CMS-concurrent-preclean-start]
2016-09-22T15:43:24.166+0100: 3,585: [CMS-concurrent-preclean: 0,001/0,001 secs] [Times: user=0,00 sys=0,00, real=0,00 secs] 
2016-09-22T15:43:24.166+0100: 3,585: [CMS-concurrent-abortable-preclean-start]
2016-09-22T15:43:24.624+0100: 4,043: Total time for which application threads were stopped: 0,0002666 seconds, Stopping threads took: 0,0000239 seconds
2016-09-22T15:43:26.624+0100: 6,043: Total time for which application threads were stopped: 0,0000751 seconds, Stopping threads took: 0,0000229 seconds
2016-09-22T15:43:28.624+0100: 8,043: Total time for which application threads were stopped: 0,0000823 seconds, Stopping threads took: 0,0000236 seconds
 CMS: abort preclean due to time 2016-09-22T15:43:30.211+0100: 9,630: [CMS-concurrent-abortable-preclean: 1,456/6,045 secs] [Times: user=1,46 sys=0,02, real=6,05 secs] 
2016-09-22T15:43:30.211+0100: 9,630: [GC (CMS Final Remark) [YG occupancy: 39420 K (109248 K)]{Heap before GC invocations=1 (full 1):
 par new generation   total 109248K, used 39420K [0x00000000e0000000, 0x00000000e8000000, 0x00000000e8000000)
  eden space 87424K,  32% used [0x00000000e0000000, 0x00000000e1b56eb0, 0x00000000e5560000)
  from space 21824K,  52% used [0x00000000e6ab0000, 0x00000000e75d8360, 0x00000000e8000000)
  to   space 21824K,   0% used [0x00000000e5560000, 0x00000000e5560000, 0x00000000e6ab0000)
 concurrent mark-sweep generation total 393216K, used 0K [0x00000000e8000000, 0x0000000100000000, 0x0000000100000000)
 Metaspace       used 20953K, capacity 21308K, committed 21504K, reserved 1069056K
  class space    used 2446K, capacity 2537K, committed 2560K, reserved 1048576K
2016-09-22T15:43:30.211+0100: 9,630: [GC (CMS Final Remark) 2016-09-22T15:43:30.211+0100: 9,630: [ParNew
Desired survivor size 20112992 bytes, new threshold 8 (max 8)
- age   1:    1419264 bytes,    1419264 total
- age   2:    5570496 bytes,    6989760 total
: 39420K->8813K(109248K), 0,0057738 secs] 39420K->8813K(502464K), 0,0058151 secs] [Times: user=0,02 sys=0,00, real=0,01 secs] 
Heap after GC invocations=2 (full 1):
 par new generation   total 109248K, used 8813K [0x00000000e0000000, 0x00000000e8000000, 0x00000000e8000000)
  eden space 87424K,   0% used [0x00000000e0000000, 0x00000000e0000000, 0x00000000e5560000)
  from space 21824K,  40% used [0x00000000e5560000, 0x00000000e5dfb4f8, 0x00000000e6ab0000)
  to   space 21824K,   0% used [0x00000000e6ab0000, 0x00000000e6ab0000, 0x00000000e8000000)
 concurrent mark-sweep generation total 393216K, used 0K [0x00000000e8000000, 0x0000000100000000, 0x0000000100000000)
 Metaspace       used 20953K, capacity 21308K, committed 21504K, reserved 1069056K
  class space    used 2446K, capacity 2537K, committed 2560K, reserved 1048576K
}
2016-09-22T15:43:30.217+0100: 9,636: [Rescan (parallel) , 0,0024371 secs]2016-09-22T15:43:30.219+0100: 9,639: [weak refs processing, 0,0004056 secs]2016-09-22T15:43:30.220+0100: 9,639: [class unloading, 0,0020786 secs]2016-09-22T15:43:30.222+0100: 9,641: [scrub symbol table, 0,0015116 secs]2016-09-22T15:43:30.223+0100: 9,643: [scrub string table, 0,0003387 secs][1 CMS-remark: 0K(393216K)] 8813K(502464K), 0,0131052 secs] [Times: user=0,03 sys=0,00, real=0,01 secs] 
2016-09-22T15:43:30.224+0100: 9,643: Total time for which application threads were stopped: 0,0131970 seconds, Stopping threads took: 0,0000299 seconds
2016-09-22T15:43:30.224+0100: 9,643: [CMS-concurrent-sweep-start]
2016-09-22T15:43:30.224+0100: 9,643: [CMS-concurrent-sweep: 0,000/0,000 secs] [Times: user=0,00 sys=0,00, real=0,00 secs] 
2016-09-22T15:43:30.224+0100: 9,643: [CMS-concurrent-reset-start]
2016-09-22T15:43:30.225+0100: 9,644: [CMS-concurrent-reset: 0,001/0,001 secs] [Times: user=0,00 sys=0,00, real=0,00 secs] 
2016-09-22T15:43:31.224+0100: 10,643: Total time for which application threads were stopped: 0,0000880 seconds, Stopping threads took: 0,0000222 seconds
2016-09-22T15:43:38.208+0100: 17,627: Total time for which application threads were stopped: 0,0001886 seconds, Stopping threads took: 0,0000396 seconds
2016-09-22T15:43:43.208+0100: 22,628: Total time for which application threads were stopped: 0,0000874 seconds, Stopping threads took: 0,0000230 seconds
2016-09-22T15:43:45.209+0100: 24,628: Total time for which application threads were stopped: 0,0000890 seconds, Stopping threads took: 0,0000234 seconds
2016-09-22T15:43:47.209+0100: 26,628: Total time for which application threads were stopped: 0,0001139 seconds, Stopping threads took: 0,0000307 seconds
2016-09-22T15:43:51.209+0100: 30,629: Total time for which application threads were stopped: 0,0000896 seconds, Stopping threads took: 0,0000322 seconds
2016-09-22T15:43:52.217+0100: 31,637: Total time for which application threads were stopped: 0,0002030 seconds, Stopping threads took: 0,0000296 seconds
2016-09-22T15:43:55.218+0100: 34,637: Total time for which application threads were stopped: 0,0000908 seconds, Stopping threads took: 0,0000259 seconds
2016-09-22T15:44:02.218+0100: 41,638: Total time for which application threads were stopped: 0,0000906 seconds, Stopping threads took: 0,0000340 seconds
2016-09-22T15:44:06.993+0100: 46,412: Total time for which application threads were stopped: 0,0000886 seconds, Stopping threads took: 0,0000224 seconds
2016-09-22T15:44:06.993+0100: 46,413: Total time for which application threads were stopped: 0,0000587 seconds, Stopping threads took: 0,0000130 seconds
2016-09-22T15:44:07.043+0100: 46,462: Total time for which application threads were stopped: 0,0000990 seconds, Stopping threads took: 0,0000207 seconds
2016-09-22T15:44:07.051+0100: 46,471: Total time for which application threads were stopped: 0,0000711 seconds, Stopping threads took: 0,0000181 seconds
2016-09-22T15:44:07.199+0100: 46,618: Total time for which application threads were stopped: 0,0000856 seconds, Stopping threads took: 0,0000244 seconds
2016-09-22T15:44:08.199+0100: 47,618: Total time for which application threads were stopped: 0,0000792 seconds, Stopping threads took: 0,0000212 seconds
2016-09-22T15:44:08.428+0100: 47,847: Total time for which application threads were stopped: 0,0001274 seconds, Stopping threads took: 0,0000415 seconds
2016-09-22T15:44:08.570+0100: 47,989: Total time for which application threads were stopped: 0,0000807 seconds, Stopping threads took: 0,0000207 seconds
2016-09-22T15:44:09.570+0100: 48,989: Total time for which application threads were stopped: 0,0000886 seconds, Stopping threads took: 0,0000201 seconds
2016-09-22T15:44:09.813+0100: 49,232: Total time for which application threads were stopped: 0,0000814 seconds, Stopping threads took: 0,0000226 seconds
2016-09-22T15:44:09.990+0100: 49,409: Total time for which application threads were stopped: 0,0000881 seconds, Stopping threads took: 0,0000207 seconds
2016-09-22T15:44:10.990+0100: 50,409: Total time for which application threads were stopped: 0,0000745 seconds, Stopping threads took: 0,0000201 seconds
2016-09-22T15:44:11.131+0100: 50,551: Total time for which application threads were stopped: 0,0001055 seconds, Stopping threads took: 0,0000242 seconds
2016-09-22T15:44:11.132+0100: 50,551: Total time for which application threads were stopped: 0,0000515 seconds, Stopping threads took: 0,0000088 seconds
2016-09-22T15:44:11.452+0100: 50,871: Total time for which application threads were stopped: 0,0000850 seconds, Stopping threads took: 0,0000287 seconds
2016-09-22T15:44:11.454+0100: 50,874: Total time for which application threads were stopped: 0,0000662 seconds, Stopping threads took: 0,0000222 seconds
2016-09-22T15:44:11.466+0100: 50,886: Total time for which application threads were stopped: 0,0003525 seconds, Stopping threads took: 0,0000192 seconds
2016-09-22T15:44:11.486+0100: 50,905: Total time for which application threads were stopped: 0,0000820 seconds, Stopping threads took: 0,0000198 seconds
2016-09-22T15:44:11.490+0100: 50,909: Total time for which application threads were stopped: 0,0002665 seconds, Stopping threads took: 0,0000354 seconds
2016-09-22T15:44:11.540+0100: 50,959: Total time for which application threads were stopped: 0,0002163 seconds, Stopping threads took: 0,0001156 seconds
2016-09-22T15:44:11.541+0100: 50,960: Total time for which application threads were stopped: 0,0000969 seconds, Stopping threads took: 0,0000636 seconds
2016-09-22T15:44:11.541+0100: 50,960: Total time for which application threads were stopped: 0,0000725 seconds, Stopping threads took: 0,0000236 seconds
2016-09-22T15:44:11.541+0100: 50,960: Total time for which application threads were stopped: 0,0000616 seconds, Stopping threads took: 0,0000320 seconds
2016-09-22T15:44:11.541+0100: 50,961: Total time for which application threads were stopped: 0,0000697 seconds, Stopping threads took: 0,0000371 seconds
2016-09-22T15:44:11.541+0100: 50,961: Total time for which application threads were stopped: 0,0000739 seconds, Stopping threads took: 0,0000323 seconds
2016-09-22T15:44:11.542+0100: 50,961: Total time for which application threads were stopped: 0,0000660 seconds, Stopping threads took: 0,0000318 seconds
2016-09-22T15:44:11.542+0100: 50,961: Total time for which application threads were stopped: 0,0000852 seconds, Stopping threads took: 0,0000460 seconds
2016-09-22T15:44:11.542+0100: 50,962: Total time for which application threads were stopped: 0,0000616 seconds, Stopping threads took: 0,0000266 seconds
2016-09-22T15:44:11.542+0100: 50,962: Total time for which application threads were stopped: 0,0000732 seconds, Stopping threads took: 0,0000374 seconds
2016-09-22T15:44:11.543+0100: 50,962: Total time for which application threads were stopped: 0,0000704 seconds, Stopping threads took: 0,0000366 seconds
2016-09-22T15:44:11.543+0100: 50,962: Total time for which application threads were stopped: 0,0000440 seconds, Stopping threads took: 0,0000115 seconds
2016-09-22T15:44:11.543+0100: 50,962: Total time for which application threads were stopped: 0,0000734 seconds, Stopping threads took: 0,0000378 seconds
2016-09-22T15:44:11.543+0100: 50,962: Total time for which application threads were stopped: 0,0000624 seconds, Stopping threads took: 0,0000260 seconds
2016-09-22T15:44:11.543+0100: 50,962: Total time for which application threads were stopped: 0,0000567 seconds, Stopping threads took: 0,0000212 seconds
2016-09-22T15:44:11.552+0100: 50,971: Total time for which application threads were stopped: 0,0077820 seconds, Stopping threads took: 0,0074952 seconds
2016-09-22T15:44:11.552+0100: 50,971: Total time for which application threads were stopped: 0,0000885 seconds, Stopping threads took: 0,0000372 seconds
2016-09-22T15:44:11.552+0100: 50,971: Total time for which application threads were stopped: 0,0000678 seconds, Stopping threads took: 0,0000303 seconds
2016-09-22T15:44:11.552+0100: 50,972: Total time for which application threads were stopped: 0,0000823 seconds, Stopping threads took: 0,0000459 seconds
2016-09-22T15:44:11.553+0100: 50,972: Total time for which application threads were stopped: 0,0000516 seconds, Stopping threads took: 0,0000106 seconds
2016-09-22T15:44:11.554+0100: 50,974: Total time for which application threads were stopped: 0,0000501 seconds, Stopping threads took: 0,0000099 seconds
2016-09-22T15:44:11.556+0100: 50,975: Total time for which application threads were stopped: 0,0000812 seconds, Stopping threads took: 0,0000278 seconds
2016-09-22T15:44:11.591+0100: 51,010: Total time for which application threads were stopped: 0,0001322 seconds, Stopping threads took: 0,0000260 seconds
2016-09-22T15:44:11.599+0100: 51,019: Total time for which application threads were stopped: 0,0001158 seconds, Stopping threads took: 0,0000256 seconds
2016-09-22T15:44:11.607+0100: 51,026: Total time for which application threads were stopped: 0,0001123 seconds, Stopping threads took: 0,0000348 seconds
2016-09-22T15:44:11.686+0100: 51,105: Total time for which application threads were stopped: 0,0001224 seconds, Stopping threads took: 0,0000336 seconds
2016-09-22T15:44:11.692+0100: 51,112: Total time for which application threads were stopped: 0,0001336 seconds, Stopping threads took: 0,0000297 seconds
2016-09-22T15:44:11.692+0100: 51,112: Total time for which application threads were stopped: 0,0000383 seconds, Stopping threads took: 0,0000057 seconds
2016-09-22T15:44:11.724+0100: 51,143: Total time for which application threads were stopped: 0,0001401 seconds, Stopping threads took: 0,0000346 seconds
2016-09-22T15:44:11.724+0100: 51,143: Total time for which application threads were stopped: 0,0001089 seconds, Stopping threads took: 0,0000315 seconds
2016-09-22T15:44:11.728+0100: 51,147: Total time for which application threads were stopped: 0,0004784 seconds, Stopping threads took: 0,0000386 seconds
2016-09-22T15:44:11.741+0100: 51,161: Total time for which application threads were stopped: 0,0001593 seconds, Stopping threads took: 0,0000343 seconds
2016-09-22T15:44:11.751+0100: 51,171: Total time for which application threads were stopped: 0,0002698 seconds, Stopping threads took: 0,0001272 seconds
2016-09-22T15:44:11.757+0100: 51,176: Total time for which application threads were stopped: 0,0001051 seconds, Stopping threads took: 0,0000214 seconds
2016-09-22T15:44:11.868+0100: 51,288: Total time for which application threads were stopped: 0,0001302 seconds, Stopping threads took: 0,0000360 seconds
2016-09-22T15:44:11.874+0100: 51,293: Total time for which application threads were stopped: 0,0001049 seconds, Stopping threads took: 0,0000214 seconds
2016-09-22T15:44:12.756+0100: 52,176: Total time for which application threads were stopped: 0,0004103 seconds, Stopping threads took: 0,0000499 seconds
2016-09-22T15:44:12.824+0100: 52,243: Total time for which application threads were stopped: 0,0002725 seconds, Stopping threads took: 0,0000635 seconds
2016-09-22T15:44:12.824+0100: 52,244: Total time for which application threads were stopped: 0,0001879 seconds, Stopping threads took: 0,0000192 seconds
2016-09-22T15:44:12.825+0100: 52,244: Total time for which application threads were stopped: 0,0002721 seconds, Stopping threads took: 0,0000821 seconds
2016-09-22T15:44:12.825+0100: 52,244: Total time for which application threads were stopped: 0,0000972 seconds, Stopping threads took: 0,0000273 seconds
2016-09-22T15:44:12.825+0100: 52,244: Total time for which application threads were stopped: 0,0001013 seconds, Stopping threads took: 0,0000245 seconds
2016-09-22T15:44:12.825+0100: 52,244: Total time for which application threads were stopped: 0,0001058 seconds, Stopping threads took: 0,0000332 seconds
2016-09-22T15:44:12.825+0100: 52,245: Total time for which application threads were stopped: 0,0000823 seconds, Stopping threads took: 0,0000167 seconds
2016-09-22T15:44:12.825+0100: 52,245: Total time for which application threads were stopped: 0,0000729 seconds, Stopping threads took: 0,0000090 seconds
2016-09-22T15:44:12.826+0100: 52,245: Total time for which application threads were stopped: 0,0000773 seconds, Stopping threads took: 0,0000152 seconds
2016-09-22T15:44:12.826+0100: 52,245: Total time for which application threads were stopped: 0,0000699 seconds, Stopping threads took: 0,0000090 seconds
2016-09-22T15:44:12.826+0100: 52,245: Total time for which application threads were stopped: 0,0000936 seconds, Stopping threads took: 0,0000080 seconds
2016-09-22T15:44:12.826+0100: 52,245: Total time for which application threads were stopped: 0,0001313 seconds, Stopping threads took: 0,0000668 seconds
2016-09-22T15:44:12.826+0100: 52,245: Total time for which application threads were stopped: 0,0000707 seconds, Stopping threads took: 0,0000090 seconds
2016-09-22T15:44:12.826+0100: 52,245: Total time for which application threads were stopped: 0,0000808 seconds, Stopping threads took: 0,0000208 seconds
2016-09-22T15:44:12.826+0100: 52,246: Total time for which application threads were stopped: 0,0000784 seconds, Stopping threads took: 0,0000075 seconds
2016-09-22T15:44:12.826+0100: 52,246: Total time for which application threads were stopped: 0,0000767 seconds, Stopping threads took: 0,0000073 seconds
2016-09-22T15:44:12.827+0100: 52,246: Total time for which application threads were stopped: 0,0003726 seconds, Stopping threads took: 0,0000101 seconds
2016-09-22T15:44:12.917+0100: 52,336: Total time for which application threads were stopped: 0,0003831 seconds, Stopping threads took: 0,0000270 seconds
{Heap before GC invocations=2 (full 1):
 par new generation   total 109248K, used 96237K [0x00000000e0000000, 0x00000000e8000000, 0x00000000e8000000)
  eden space 87424K, 100% used [0x00000000e0000000, 0x00000000e5560000, 0x00000000e5560000)
  from space 21824K,  40% used [0x00000000e5560000, 0x00000000e5dfb4f8, 0x00000000e6ab0000)
  to   space 21824K,   0% used [0x00000000e6ab0000, 0x00000000e6ab0000, 0x00000000e8000000)
 concurrent mark-sweep generation total 393216K, used 0K [0x00000000e8000000, 0x0000000100000000, 0x0000000100000000)
 Metaspace       used 25796K, capacity 26132K, committed 26496K, reserved 1073152K
  class space    used 3062K, capacity 3183K, committed 3200K, reserved 1048576K
2016-09-22T15:44:12.935+0100: 52,354: [GC (Allocation Failure) 2016-09-22T15:44:12.935+0100: 52,354: [ParNew
Desired survivor size 20112992 bytes, new threshold 8 (max 8)
- age   1:    8556960 bytes,    8556960 total
- age   2:     434712 bytes,    8991672 total
- age   3:    5519888 bytes,   14511560 total
: 96237K->17288K(109248K), 0,0134781 secs] 96237K->17288K(502464K), 0,0135723 secs] [Times: user=0,05 sys=0,01, real=0,02 secs] 
Heap after GC invocations=3 (full 1):
 par new generation   total 109248K, used 17288K [0x00000000e0000000, 0x00000000e8000000, 0x00000000e8000000)
  eden space 87424K,   0% used [0x00000000e0000000, 0x00000000e0000000, 0x00000000e5560000)
  from space 21824K,  79% used [0x00000000e6ab0000, 0x00000000e7b92180, 0x00000000e8000000)
  to   space 21824K,   0% used [0x00000000e5560000, 0x00000000e5560000, 0x00000000e6ab0000)
 concurrent mark-sweep generation total 393216K, used 0K [0x00000000e8000000, 0x0000000100000000, 0x0000000100000000)
 Metaspace       used 25796K, capacity 26132K, committed 26496K, reserved 1073152K
  class space    used 3062K, capacity 3183K, committed 3200K, reserved 1048576K
}
2016-09-22T15:44:12.949+0100: 52,368: Total time for which application threads were stopped: 0,0138297 seconds, Stopping threads took: 0,0000412 seconds
2016-09-22T15:44:12.949+0100: 52,368: Total time for which application threads were stopped: 0,0001448 seconds, Stopping threads took: 0,0000411 seconds
2016-09-22T15:44:12.949+0100: 52,369: Total time for which application threads were stopped: 0,0003023 seconds, Stopping threads took: 0,0000246 seconds
2016-09-22T15:44:12.950+0100: 52,370: Total time for which application threads were stopped: 0,0000938 seconds, Stopping threads took: 0,0000360 seconds
2016-09-22T15:44:13.072+0100: 52,491: Total time for which application threads were stopped: 0,0002540 seconds, Stopping threads took: 0,0000318 seconds
2016-09-22T15:44:13.075+0100: 52,494: Total time for which application threads were stopped: 0,0001881 seconds, Stopping threads took: 0,0000472 seconds
2016-09-22T15:44:13.086+0100: 52,506: Total time for which application threads were stopped: 0,0001984 seconds, Stopping threads took: 0,0000720 seconds
2016-09-22T15:44:13.103+0100: 52,522: Total time for which application threads were stopped: 0,0001360 seconds, Stopping threads took: 0,0000426 seconds
2016-09-22T15:44:13.106+0100: 52,526: Total time for which application threads were stopped: 0,0001641 seconds, Stopping threads took: 0,0000427 seconds
2016-09-22T15:44:13.108+0100: 52,527: Total time for which application threads were stopped: 0,0001080 seconds, Stopping threads took: 0,0000225 seconds
2016-09-22T15:44:13.109+0100: 52,528: Total time for which application threads were stopped: 0,0000648 seconds, Stopping threads took: 0,0000086 seconds
2016-09-22T15:44:13.119+0100: 52,539: Total time for which application threads were stopped: 0,0001179 seconds, Stopping threads took: 0,0000238 seconds
{Heap before GC invocations=3 (full 1):
 par new generation   total 109248K, used 104712K [0x00000000e0000000, 0x00000000e8000000, 0x00000000e8000000)
  eden space 87424K, 100% used [0x00000000e0000000, 0x00000000e5560000, 0x00000000e5560000)
  from space 21824K,  79% used [0x00000000e6ab0000, 0x00000000e7b92180, 0x00000000e8000000)
  to   space 21824K,   0% used [0x00000000e5560000, 0x00000000e5560000, 0x00000000e6ab0000)
 concurrent mark-sweep generation total 393216K, used 0K [0x00000000e8000000, 0x0000000100000000, 0x0000000100000000)
 Metaspace       used 27594K, capacity 27914K, committed 28288K, reserved 1075200K
  class space    used 3283K, capacity 3412K, committed 3456K, reserved 1048576K
2016-09-22T15:44:13.131+0100: 52,551: [GC (Allocation Failure) 2016-09-22T15:44:13.131+0100: 52,551: [ParNew
Desired survivor size 20112992 bytes, new threshold 8 (max 8)
- age   1:    1917768 bytes,    1917768 total
- age   2:    4291232 bytes,    6209000 total
- age   3:     434592 bytes,    6643592 total
- age   4:    5515384 bytes,   12158976 total
: 104712K->14636K(109248K), 0,0076260 secs] 104712K->14636K(502464K), 0,0076998 secs] [Times: user=0,02 sys=0,00, real=0,01 secs] 
Heap after GC invocations=4 (full 1):
 par new generation   total 109248K, used 14636K [0x00000000e0000000, 0x00000000e8000000, 0x00000000e8000000)
  eden space 87424K,   0% used [0x00000000e0000000, 0x00000000e0000000, 0x00000000e5560000)
  from space 21824K,  67% used [0x00000000e5560000, 0x00000000e63ab1a0, 0x00000000e6ab0000)
  to   space 21824K,   0% used [0x00000000e6ab0000, 0x00000000e6ab0000, 0x00000000e8000000)
 concurrent mark-sweep generation total 393216K, used 0K [0x00000000e8000000, 0x0000000100000000, 0x0000000100000000)
 Metaspace       used 27594K, capacity 27914K, committed 28288K, reserved 1075200K
  class space    used 3283K, capacity 3412K, committed 3456K, reserved 1048576K
}
2016-09-22T15:44:13.139+0100: 52,558: Total time for which application threads were stopped: 0,0078769 seconds, Stopping threads took: 0,0000245 seconds
2016-09-22T15:44:13.140+0100: 52,559: Total time for which application threads were stopped: 0,0002335 seconds, Stopping threads took: 0,0000560 seconds
2016-09-22T15:44:13.140+0100: 52,559: Total time for which application threads were stopped: 0,0001158 seconds, Stopping threads took: 0,0000295 seconds
2016-09-22T15:44:13.178+0100: 52,598: Total time for which application threads were stopped: 0,0002135 seconds, Stopping threads took: 0,0000680 seconds
2016-09-22T15:44:13.184+0100: 52,603: Total time for which application threads were stopped: 0,0004611 seconds, Stopping threads took: 0,0000371 seconds
2016-09-22T15:44:13.185+0100: 52,604: Total time for which application threads were stopped: 0,0000918 seconds, Stopping threads took: 0,0000171 seconds
2016-09-22T15:44:13.193+0100: 52,613: Total time for which application threads were stopped: 0,0005116 seconds, Stopping threads took: 0,0000341 seconds
2016-09-22T15:44:13.209+0100: 52,628: Total time for which application threads were stopped: 0,0004987 seconds, Stopping threads took: 0,0000264 seconds
2016-09-22T15:44:13.305+0100: 52,725: Total time for which application threads were stopped: 0,0002365 seconds, Stopping threads took: 0,0000712 seconds
2016-09-22T15:44:13.306+0100: 52,725: Total time for which application threads were stopped: 0,0002545 seconds, Stopping threads took: 0,0000660 seconds
2016-09-22T15:44:13.307+0100: 52,726: Total time for which application threads were stopped: 0,0001950 seconds, Stopping threads took: 0,0000484 seconds
2016-09-22T15:44:13.309+0100: 52,729: Total time for which application threads were stopped: 0,0001252 seconds, Stopping threads took: 0,0000324 seconds
2016-09-22T15:44:13.441+0100: 52,861: Total time for which application threads were stopped: 0,0002141 seconds, Stopping threads took: 0,0000327 seconds
2016-09-22T15:44:13.456+0100: 52,875: Total time for which application threads were stopped: 0,0002360 seconds, Stopping threads took: 0,0000482 seconds
2016-09-22T15:44:13.461+0100: 52,881: Total time for which application threads were stopped: 0,0001750 seconds, Stopping threads took: 0,0000466 seconds
2016-09-22T15:44:13.469+0100: 52,888: Total time for which application threads were stopped: 0,0004060 seconds, Stopping threads took: 0,0000356 seconds
2016-09-22T15:44:13.512+0100: 52,932: Total time for which application threads were stopped: 0,0002410 seconds, Stopping threads took: 0,0000604 seconds
2016-09-22T15:44:13.513+0100: 52,932: Total time for which application threads were stopped: 0,0001626 seconds, Stopping threads took: 0,0000619 seconds
2016-09-22T15:44:13.514+0100: 52,933: Total time for which application threads were stopped: 0,0001485 seconds, Stopping threads took: 0,0000484 seconds
2016-09-22T15:44:13.514+0100: 52,933: Total time for which application threads were stopped: 0,0001309 seconds, Stopping threads took: 0,0000344 seconds
2016-09-22T15:44:13.581+0100: 53,001: Total time for which application threads were stopped: 0,0001379 seconds, Stopping threads took: 0,0000336 seconds
2016-09-22T15:44:13.590+0100: 53,009: Total time for which application threads were stopped: 0,0002900 seconds, Stopping threads took: 0,0000769 seconds
2016-09-22T15:44:13.591+0100: 53,011: Total time for which application threads were stopped: 0,0001795 seconds, Stopping threads took: 0,0000319 seconds
2016-09-22T15:44:13.675+0100: 53,094: Total time for which application threads were stopped: 0,0002429 seconds, Stopping threads took: 0,0000526 seconds
2016-09-22T15:44:13.690+0100: 53,109: Total time for which application threads were stopped: 0,0003332 seconds, Stopping threads took: 0,0000684 seconds
2016-09-22T15:44:13.691+0100: 53,111: Total time for which application threads were stopped: 0,0001423 seconds, Stopping threads took: 0,0000321 seconds
2016-09-22T15:44:13.697+0100: 53,116: Total time for which application threads were stopped: 0,0003392 seconds, Stopping threads took: 0,0000260 seconds
2016-09-22T15:44:13.707+0100: 53,127: Total time for which application threads were stopped: 0,0004551 seconds, Stopping threads took: 0,0000926 seconds
2016-09-22T15:44:13.732+0100: 53,152: Total time for which application threads were stopped: 0,0001972 seconds, Stopping threads took: 0,0000773 seconds
2016-09-22T15:44:13.874+0100: 53,293: Total time for which application threads were stopped: 0,0001389 seconds, Stopping threads took: 0,0000403 seconds
2016-09-22T15:44:13.876+0100: 53,296: Total time for which application threads were stopped: 0,0001408 seconds, Stopping threads took: 0,0000334 seconds
2016-09-22T15:44:13.918+0100: 53,337: Total time for which application threads were stopped: 0,0004208 seconds, Stopping threads took: 0,0000343 seconds
2016-09-22T15:44:13.921+0100: 53,341: Total time for which application threads were stopped: 0,0002127 seconds, Stopping threads took: 0,0001011 seconds
2016-09-22T15:44:13.923+0100: 53,342: Total time for which application threads were stopped: 0,0001203 seconds, Stopping threads took: 0,0000304 seconds
2016-09-22T15:44:13.923+0100: 53,343: Total time for which application threads were stopped: 0,0000914 seconds, Stopping threads took: 0,0000153 seconds
2016-09-22T15:44:13.924+0100: 53,344: Total time for which application threads were stopped: 0,0000779 seconds, Stopping threads took: 0,0000133 seconds
2016-09-22T15:44:13.925+0100: 53,344: Total time for which application threads were stopped: 0,0000845 seconds, Stopping threads took: 0,0000216 seconds
2016-09-22T15:44:13.925+0100: 53,344: Total time for which application threads were stopped: 0,0000677 seconds, Stopping threads took: 0,0000186 seconds
2016-09-22T15:44:13.932+0100: 53,352: Total time for which application threads were stopped: 0,0002076 seconds, Stopping threads took: 0,0001283 seconds
2016-09-22T15:44:13.940+0100: 53,359: Total time for which application threads were stopped: 0,0001360 seconds, Stopping threads took: 0,0000255 seconds
2016-09-22T15:44:14.099+0100: 53,518: Total time for which application threads were stopped: 0,0001461 seconds, Stopping threads took: 0,0000558 seconds
2016-09-22T15:44:15.001+0100: 54,420: Total time for which application threads were stopped: 0,0001320 seconds, Stopping threads took: 0,0000281 seconds
2016-09-22T15:44:15.182+0100: 54,601: Total time for which application threads were stopped: 0,0001411 seconds, Stopping threads took: 0,0000441 seconds
2016-09-22T15:44:15.249+0100: 54,668: Total time for which application threads were stopped: 0,0003927 seconds, Stopping threads took: 0,0000953 seconds
2016-09-22T15:44:15.250+0100: 54,669: Total time for which application threads were stopped: 0,0000945 seconds, Stopping threads took: 0,0000387 seconds
2016-09-22T15:44:15.441+0100: 54,860: Total time for which application threads were stopped: 0,0001542 seconds, Stopping threads took: 0,0000322 seconds
2016-09-22T15:44:15.550+0100: 54,970: Total time for which application threads were stopped: 0,0001637 seconds, Stopping threads took: 0,0000609 seconds
2016-09-22T15:44:15.558+0100: 54,977: Total time for which application threads were stopped: 0,0001378 seconds, Stopping threads took: 0,0000302 seconds
2016-09-22T15:44:15.637+0100: 55,056: Total time for which application threads were stopped: 0,0001214 seconds, Stopping threads took: 0,0000270 seconds
2016-09-22T15:44:15.691+0100: 55,110: Total time for which application threads were stopped: 0,0002194 seconds, Stopping threads took: 0,0000677 seconds
2016-09-22T15:44:15.800+0100: 55,220: Total time for which application threads were stopped: 0,0001517 seconds, Stopping threads took: 0,0000369 seconds
2016-09-22T15:44:15.808+0100: 55,227: Total time for which application threads were stopped: 0,0001608 seconds, Stopping threads took: 0,0000467 seconds
2016-09-22T15:44:16.690+0100: 56,109: Total time for which application threads were stopped: 0,0001826 seconds, Stopping threads took: 0,0000694 seconds
2016-09-22T15:44:16.694+0100: 56,113: Total time for which application threads were stopped: 0,0001743 seconds, Stopping threads took: 0,0000662 seconds
2016-09-22T15:44:16.694+0100: 56,113: Total time for which application threads were stopped: 0,0001062 seconds, Stopping threads took: 0,0000335 seconds
2016-09-22T15:44:16.694+0100: 56,113: Total time for which application threads were stopped: 0,0000822 seconds, Stopping threads took: 0,0000227 seconds
2016-09-22T15:44:16.694+0100: 56,113: Total time for which application threads were stopped: 0,0000607 seconds, Stopping threads took: 0,0000125 seconds
2016-09-22T15:44:16.694+0100: 56,113: Total time for which application threads were stopped: 0,0000635 seconds, Stopping threads took: 0,0000139 seconds
2016-09-22T15:44:16.694+0100: 56,114: Total time for which application threads were stopped: 0,0000914 seconds, Stopping threads took: 0,0000296 seconds
2016-09-22T15:44:16.694+0100: 56,114: Total time for which application threads were stopped: 0,0000944 seconds, Stopping threads took: 0,0000179 seconds
2016-09-22T15:44:16.695+0100: 56,114: Total time for which application threads were stopped: 0,0000667 seconds, Stopping threads took: 0,0000160 seconds
2016-09-22T15:44:16.695+0100: 56,114: Total time for which application threads were stopped: 0,0000650 seconds, Stopping threads took: 0,0000270 seconds
2016-09-22T15:44:16.695+0100: 56,114: Total time for which application threads were stopped: 0,0000585 seconds, Stopping threads took: 0,0000221 seconds
2016-09-22T15:44:16.695+0100: 56,114: Total time for which application threads were stopped: 0,0000655 seconds, Stopping threads took: 0,0000292 seconds
2016-09-22T15:44:16.695+0100: 56,114: Total time for which application threads were stopped: 0,0000492 seconds, Stopping threads took: 0,0000080 seconds
2016-09-22T15:44:16.695+0100: 56,114: Total time for which application threads were stopped: 0,0000441 seconds, Stopping threads took: 0,0000071 seconds
2016-09-22T15:44:16.695+0100: 56,115: Total time for which application threads were stopped: 0,0000531 seconds, Stopping threads took: 0,0000139 seconds
2016-09-22T15:44:16.696+0100: 56,115: Total time for which application threads were stopped: 0,0002167 seconds, Stopping threads took: 0,0000124 seconds
2016-09-22T15:44:16.696+0100: 56,115: Total time for which application threads were stopped: 0,0000452 seconds, Stopping threads took: 0,0000073 seconds
2016-09-22T15:44:16.700+0100: 56,119: Total time for which application threads were stopped: 0,0001068 seconds, Stopping threads took: 0,0000190 seconds
2016-09-22T15:44:16.700+0100: 56,120: Total time for which application threads were stopped: 0,0001456 seconds, Stopping threads took: 0,0000855 seconds
2016-09-22T15:44:16.701+0100: 56,120: Total time for which application threads were stopped: 0,0000794 seconds, Stopping threads took: 0,0000240 seconds
2016-09-22T15:44:16.701+0100: 56,120: Total time for which application threads were stopped: 0,0000592 seconds, Stopping threads took: 0,0000120 seconds
2016-09-22T15:44:16.701+0100: 56,121: Total time for which application threads were stopped: 0,0000846 seconds, Stopping threads took: 0,0000295 seconds
2016-09-22T15:44:16.702+0100: 56,122: Total time for which application threads were stopped: 0,0000764 seconds, Stopping threads took: 0,0000275 seconds
{Heap before GC invocations=4 (full 1):
 par new generation   total 109248K, used 102060K [0x00000000e0000000, 0x00000000e8000000, 0x00000000e8000000)
  eden space 87424K, 100% used [0x00000000e0000000, 0x00000000e5560000, 0x00000000e5560000)
  from space 21824K,  67% used [0x00000000e5560000, 0x00000000e63ab1a0, 0x00000000e6ab0000)
  to   space 21824K,   0% used [0x00000000e6ab0000, 0x00000000e6ab0000, 0x00000000e8000000)
 concurrent mark-sweep generation total 393216K, used 0K [0x00000000e8000000, 0x0000000100000000, 0x0000000100000000)
 Metaspace       used 32654K, capacity 33052K, committed 33536K, reserved 1079296K
  class space    used 3885K, capacity 4031K, committed 4096K, reserved 1048576K
2016-09-22T15:44:16.721+0100: 56,141: [GC (Allocation Failure) 2016-09-22T15:44:16.721+0100: 56,141: [ParNew
Desired survivor size 20112992 bytes, new threshold 8 (max 8)
- age   1:    8298560 bytes,    8298560 total
- age   2:     464552 bytes,    8763112 total
- age   3:    4177168 bytes,   12940280 total
- age   4:     432480 bytes,   13372760 total
- age   5:    5461528 bytes,   18834288 total
: 102060K->21824K(109248K), 0,0105695 secs] 102060K->21837K(502464K), 0,0106568 secs] [Times: user=0,04 sys=0,00, real=0,01 secs] 
Heap after GC invocations=5 (full 1):
 par new generation   total 109248K, used 21824K [0x00000000e0000000, 0x00000000e8000000, 0x00000000e8000000)
  eden space 87424K,   0% used [0x00000000e0000000, 0x00000000e0000000, 0x00000000e5560000)
  from space 21824K, 100% used [0x00000000e6ab0000, 0x00000000e8000000, 0x00000000e8000000)
  to   space 21824K,   0% used [0x00000000e5560000, 0x00000000e5560000, 0x00000000e6ab0000)
 concurrent mark-sweep generation total 393216K, used 13K [0x00000000e8000000, 0x0000000100000000, 0x0000000100000000)
 Metaspace       used 32654K, capacity 33052K, committed 33536K, reserved 1079296K
  class space    used 3885K, capacity 4031K, committed 4096K, reserved 1048576K
}
2016-09-22T15:44:16.732+0100: 56,151: Total time for which application threads were stopped: 0,0111252 seconds, Stopping threads took: 0,0000828 seconds
2016-09-22T15:44:16.733+0100: 56,152: Total time for which application threads were stopped: 0,0001554 seconds, Stopping threads took: 0,0000433 seconds
2016-09-22T15:44:16.745+0100: 56,165: Total time for which application threads were stopped: 0,0001524 seconds, Stopping threads took: 0,0000413 seconds
2016-09-22T15:44:16.782+0100: 56,202: Total time for which application threads were stopped: 0,0001449 seconds, Stopping threads took: 0,0000322 seconds
2016-09-22T15:44:16.799+0100: 56,219: Total time for which application threads were stopped: 0,0001503 seconds, Stopping threads took: 0,0000353 seconds
2016-09-22T15:44:16.806+0100: 56,225: Total time for which application threads were stopped: 0,0001392 seconds, Stopping threads took: 0,0000338 seconds
2016-09-22T15:44:16.806+0100: 56,226: Total time for which application threads were stopped: 0,0001188 seconds, Stopping threads took: 0,0000245 seconds
2016-09-22T15:44:16.807+0100: 56,226: Total time for which application threads were stopped: 0,0001305 seconds, Stopping threads took: 0,0000217 seconds
2016-09-22T15:44:16.807+0100: 56,226: Total time for which application threads were stopped: 0,0000920 seconds, Stopping threads took: 0,0000179 seconds
2016-09-22T15:44:16.807+0100: 56,226: Total time for which application threads were stopped: 0,0000692 seconds, Stopping threads took: 0,0000109 seconds
2016-09-22T15:44:16.807+0100: 56,226: Total time for which application threads were stopped: 0,0000607 seconds, Stopping threads took: 0,0000087 seconds
2016-09-22T15:44:16.807+0100: 56,226: Total time for which application threads were stopped: 0,0000587 seconds, Stopping threads took: 0,0000087 seconds
2016-09-22T15:44:16.807+0100: 56,226: Total time for which application threads were stopped: 0,0000540 seconds, Stopping threads took: 0,0000086 seconds
2016-09-22T15:44:16.808+0100: 56,227: Total time for which application threads were stopped: 0,0000758 seconds, Stopping threads took: 0,0000150 seconds
2016-09-22T15:44:16.808+0100: 56,227: Total time for which application threads were stopped: 0,0001339 seconds, Stopping threads took: 0,0000653 seconds
2016-09-22T15:44:16.809+0100: 56,228: Total time for which application threads were stopped: 0,0000883 seconds, Stopping threads took: 0,0000225 seconds
2016-09-22T15:44:16.809+0100: 56,229: Total time for which application threads were stopped: 0,0000836 seconds, Stopping threads took: 0,0000283 seconds
2016-09-22T15:44:16.865+0100: 56,285: Total time for which application threads were stopped: 0,0001419 seconds, Stopping threads took: 0,0000273 seconds
2016-09-22T15:44:16.866+0100: 56,286: Total time for which application threads were stopped: 0,0000886 seconds, Stopping threads took: 0,0000314 seconds
2016-09-22T15:44:16.869+0100: 56,289: Total time for which application threads were stopped: 0,0001056 seconds, Stopping threads took: 0,0000276 seconds
2016-09-22T15:44:16.870+0100: 56,289: Total time for which application threads were stopped: 0,0000599 seconds, Stopping threads took: 0,0000178 seconds
2016-09-22T15:44:16.870+0100: 56,289: Total time for which application threads were stopped: 0,0000681 seconds, Stopping threads took: 0,0000195 seconds
2016-09-22T15:44:16.875+0100: 56,294: Total time for which application threads were stopped: 0,0002023 seconds, Stopping threads took: 0,0000821 seconds
2016-09-22T15:44:16.875+0100: 56,295: Total time for which application threads were stopped: 0,0000752 seconds, Stopping threads took: 0,0000106 seconds
2016-09-22T15:44:16.876+0100: 56,295: Total time for which application threads were stopped: 0,0000624 seconds, Stopping threads took: 0,0000178 seconds
2016-09-22T15:44:16.876+0100: 56,295: Total time for which application threads were stopped: 0,0000551 seconds, Stopping threads took: 0,0000170 seconds
2016-09-22T15:44:16.877+0100: 56,296: Total time for which application threads were stopped: 0,0000493 seconds, Stopping threads took: 0,0000098 seconds
2016-09-22T15:44:16.878+0100: 56,297: Total time for which application threads were stopped: 0,0000803 seconds, Stopping threads took: 0,0000311 seconds
2016-09-22T15:44:16.879+0100: 56,298: Total time for which application threads were stopped: 0,0003603 seconds, Stopping threads took: 0,0000584 seconds
2016-09-22T15:44:16.883+0100: 56,302: Total time for which application threads were stopped: 0,0001808 seconds, Stopping threads took: 0,0000477 seconds
2016-09-22T15:44:16.915+0100: 56,335: Total time for which application threads were stopped: 0,0001544 seconds, Stopping threads took: 0,0000417 seconds
2016-09-22T15:44:16.924+0100: 56,343: Total time for which application threads were stopped: 0,0001417 seconds, Stopping threads took: 0,0000299 seconds
2016-09-22T15:44:16.925+0100: 56,344: Total time for which application threads were stopped: 0,0000566 seconds, Stopping threads took: 0,0000119 seconds
2016-09-22T15:44:16.958+0100: 56,377: Total time for which application threads were stopped: 0,0001353 seconds, Stopping threads took: 0,0000274 seconds
2016-09-22T15:44:16.982+0100: 56,401: Total time for which application threads were stopped: 0,0001550 seconds, Stopping threads took: 0,0000439 seconds
2016-09-22T15:44:16.983+0100: 56,402: Total time for which application threads were stopped: 0,0000770 seconds, Stopping threads took: 0,0000237 seconds
2016-09-22T15:44:17.016+0100: 56,435: Total time for which application threads were stopped: 0,0001474 seconds, Stopping threads took: 0,0000261 seconds
2016-09-22T15:44:17.158+0100: 56,578: Total time for which application threads were stopped: 0,0003441 seconds, Stopping threads took: 0,0000411 seconds
2016-09-22T15:44:18.159+0100: 57,578: Total time for which application threads were stopped: 0,0002788 seconds, Stopping threads took: 0,0000655 seconds
2016-09-22T15:44:18.333+0100: 57,753: Total time for which application threads were stopped: 0,0001299 seconds, Stopping threads took: 0,0000330 seconds
2016-09-22T15:44:18.561+0100: 57,980: Total time for which application threads were stopped: 0,0001329 seconds, Stopping threads took: 0,0000338 seconds
2016-09-22T15:44:19.561+0100: 58,980: Total time for which application threads were stopped: 0,0001483 seconds, Stopping threads took: 0,0000333 seconds
{Heap before GC invocations=5 (full 1):
 par new generation   total 109248K, used 109248K [0x00000000e0000000, 0x00000000e8000000, 0x00000000e8000000)
  eden space 87424K, 100% used [0x00000000e0000000, 0x00000000e5560000, 0x00000000e5560000)
  from space 21824K, 100% used [0x00000000e6ab0000, 0x00000000e8000000, 0x00000000e8000000)
  to   space 21824K,   0% used [0x00000000e5560000, 0x00000000e5560000, 0x00000000e6ab0000)
 concurrent mark-sweep generation total 393216K, used 13K [0x00000000e8000000, 0x0000000100000000, 0x0000000100000000)
 Metaspace       used 32908K, capacity 33278K, committed 33792K, reserved 1079296K
  class space    used 3888K, capacity 4036K, committed 4096K, reserved 1048576K
2016-09-22T15:44:19.579+0100: 58,998: [GC (Allocation Failure) 2016-09-22T15:44:19.579+0100: 58,998: [ParNew
Desired survivor size 20112992 bytes, new threshold 8 (max 8)
- age   1:    2968376 bytes,    2968376 total
- age   2:    3954088 bytes,    6922464 total
- age   3:     462208 bytes,    7384672 total
- age   4:    4171160 bytes,   11555832 total
- age   5:     432480 bytes,   11988312 total
- age   6:    5461408 bytes,   17449720 total
: 109248K->20940K(109248K), 0,0102430 secs] 109261K->20954K(502464K), 0,0103265 secs] [Times: user=0,04 sys=0,00, real=0,01 secs] 
Heap after GC invocations=6 (full 1):
 par new generation   total 109248K, used 20940K [0x00000000e0000000, 0x00000000e8000000, 0x00000000e8000000)
  eden space 87424K,   0% used [0x00000000e0000000, 0x00000000e0000000, 0x00000000e5560000)
  from space 21824K,  95% used [0x00000000e5560000, 0x00000000e69d33c0, 0x00000000e6ab0000)
  to   space 21824K,   0% used [0x00000000e6ab0000, 0x00000000e6ab0000, 0x00000000e8000000)
 concurrent mark-sweep generation total 393216K, used 13K [0x00000000e8000000, 0x0000000100000000, 0x0000000100000000)
 Metaspace       used 32908K, capacity 33278K, committed 33792K, reserved 1079296K
  class space    used 3888K, capacity 4036K, committed 4096K, reserved 1048576K
}
2016-09-22T15:44:19.589+0100: 59,009: Total time for which application threads were stopped: 0,0105824 seconds, Stopping threads took: 0,0000364 seconds
2016-09-22T15:44:19.589+0100: 59,009: Total time for which application threads were stopped: 0,0001433 seconds, Stopping threads took: 0,0000440 seconds
2016-09-22T15:44:19.594+0100: 59,013: Total time for which application threads were stopped: 0,0001807 seconds, Stopping threads took: 0,0000466 seconds
2016-09-22T15:44:19.594+0100: 59,013: Total time for which application threads were stopped: 0,0001300 seconds, Stopping threads took: 0,0000280 seconds
2016-09-22T15:44:19.594+0100: 59,013: Total time for which application threads were stopped: 0,0001028 seconds, Stopping threads took: 0,0000136 seconds
2016-09-22T15:44:19.594+0100: 59,013: Total time for which application threads were stopped: 0,0001006 seconds, Stopping threads took: 0,0000155 seconds
2016-09-22T15:44:19.594+0100: 59,014: Total time for which application threads were stopped: 0,0000902 seconds, Stopping threads took: 0,0000131 seconds
2016-09-22T15:44:19.594+0100: 59,014: Total time for which application threads were stopped: 0,0000883 seconds, Stopping threads took: 0,0000127 seconds
2016-09-22T15:44:19.595+0100: 59,014: Total time for which application threads were stopped: 0,0001039 seconds, Stopping threads took: 0,0000321 seconds
2016-09-22T15:44:19.595+0100: 59,014: Total time for which application threads were stopped: 0,0000790 seconds, Stopping threads took: 0,0000101 seconds
2016-09-22T15:44:19.595+0100: 59,014: Total time for which application threads were stopped: 0,0000930 seconds, Stopping threads took: 0,0000225 seconds
2016-09-22T15:44:19.595+0100: 59,014: Total time for which application threads were stopped: 0,0000810 seconds, Stopping threads took: 0,0000119 seconds
2016-09-22T15:44:19.595+0100: 59,014: Total time for which application threads were stopped: 0,0000765 seconds, Stopping threads took: 0,0000103 seconds
2016-09-22T15:44:19.595+0100: 59,014: Total time for which application threads were stopped: 0,0000760 seconds, Stopping threads took: 0,0000111 seconds
2016-09-22T15:44:19.595+0100: 59,015: Total time for which application threads were stopped: 0,0001189 seconds, Stopping threads took: 0,0000524 seconds
2016-09-22T15:44:19.595+0100: 59,015: Total time for which application threads were stopped: 0,0000813 seconds, Stopping threads took: 0,0000168 seconds
2016-09-22T15:44:19.595+0100: 59,015: Total time for which application threads were stopped: 0,0000839 seconds, Stopping threads took: 0,0000173 seconds
2016-09-22T15:44:19.596+0100: 59,015: Total time for which application threads were stopped: 0,0000802 seconds, Stopping threads took: 0,0000157 seconds
2016-09-22T15:44:19.596+0100: 59,015: Total time for which application threads were stopped: 0,0003265 seconds, Stopping threads took: 0,0000112 seconds
{Heap before GC invocations=6 (full 1):
 par new generation   total 109248K, used 108364K [0x00000000e0000000, 0x00000000e8000000, 0x00000000e8000000)
  eden space 87424K, 100% used [0x00000000e0000000, 0x00000000e5560000, 0x00000000e5560000)
  from space 21824K,  95% used [0x00000000e5560000, 0x00000000e69d33c0, 0x00000000e6ab0000)
  to   space 21824K,   0% used [0x00000000e6ab0000, 0x00000000e6ab0000, 0x00000000e8000000)
 concurrent mark-sweep generation total 393216K, used 13K [0x00000000e8000000, 0x0000000100000000, 0x0000000100000000)
 Metaspace       used 32976K, capacity 33406K, committed 33792K, reserved 1079296K
  class space    used 3889K, capacity 4036K, committed 4096K, reserved 1048576K
2016-09-22T15:44:19.677+0100: 59,097: [GC (Allocation Failure) 2016-09-22T15:44:19.677+0100: 59,097: [ParNew
Desired survivor size 20112992 bytes, new threshold 8 (max 8)
- age   1:     986960 bytes,     986960 total
- age   2:    2948416 bytes,    3935376 total
- age   3:    3932424 bytes,    7867800 total
- age   4:     462208 bytes,    8330008 total
- age   5:    4171064 bytes,   12501072 total
- age   6:     432224 bytes,   12933296 total
- age   7:    5450024 bytes,   18383320 total
: 108364K->21210K(109248K), 0,0100102 secs] 108378K->21224K(502464K), 0,0100719 secs] [Times: user=0,04 sys=0,00, real=0,00 secs] 
Heap after GC invocations=7 (full 1):
 par new generation   total 109248K, used 21210K [0x00000000e0000000, 0x00000000e8000000, 0x00000000e8000000)
  eden space 87424K,   0% used [0x00000000e0000000, 0x00000000e0000000, 0x00000000e5560000)
  from space 21824K,  97% used [0x00000000e6ab0000, 0x00000000e7f66bc0, 0x00000000e8000000)
  to   space 21824K,   0% used [0x00000000e5560000, 0x00000000e5560000, 0x00000000e6ab0000)
 concurrent mark-sweep generation total 393216K, used 13K [0x00000000e8000000, 0x0000000100000000, 0x0000000100000000)
 Metaspace       used 32976K, capacity 33406K, committed 33792K, reserved 1079296K
  class space    used 3889K, capacity 4036K, committed 4096K, reserved 1048576K
}
2016-09-22T15:44:19.687+0100: 59,107: Total time for which application threads were stopped: 0,0103361 seconds, Stopping threads took: 0,0000348 seconds
2016-09-22T15:44:19.688+0100: 59,107: Total time for which application threads were stopped: 0,0002001 seconds, Stopping threads took: 0,0000340 seconds
2016-09-22T15:44:19.767+0100: 59,187: Total time for which application threads were stopped: 0,0001633 seconds, Stopping threads took: 0,0000274 seconds
2016-09-22T15:44:19.777+0100: 59,197: Total time for which application threads were stopped: 0,0001788 seconds, Stopping threads took: 0,0000498 seconds
2016-09-22T15:44:19.780+0100: 59,199: Total time for which application threads were stopped: 0,0001316 seconds, Stopping threads took: 0,0000277 seconds
2016-09-22T15:44:19.781+0100: 59,200: Total time for which application threads were stopped: 0,0001226 seconds, Stopping threads took: 0,0000231 seconds
2016-09-22T15:44:19.782+0100: 59,201: Total time for which application threads were stopped: 0,0001095 seconds, Stopping threads took: 0,0000304 seconds
2016-09-22T15:44:19.782+0100: 59,201: Total time for which application threads were stopped: 0,0000774 seconds, Stopping threads took: 0,0000119 seconds
2016-09-22T15:44:19.782+0100: 59,202: Total time for which application threads were stopped: 0,0000729 seconds, Stopping threads took: 0,0000138 seconds
2016-09-22T15:44:19.783+0100: 59,202: Total time for which application threads were stopped: 0,0000786 seconds, Stopping threads took: 0,0000131 seconds
2016-09-22T15:44:19.784+0100: 59,203: Total time for which application threads were stopped: 0,0000749 seconds, Stopping threads took: 0,0000158 seconds
2016-09-22T15:44:19.784+0100: 59,203: Total time for which application threads were stopped: 0,0000937 seconds, Stopping threads took: 0,0000217 seconds
2016-09-22T15:44:19.786+0100: 59,205: Total time for which application threads were stopped: 0,0001482 seconds, Stopping threads took: 0,0000636 seconds
2016-09-22T15:44:19.833+0100: 59,252: Total time for which application threads were stopped: 0,0001665 seconds, Stopping threads took: 0,0000458 seconds
2016-09-22T15:44:19.850+0100: 59,269: Total time for which application threads were stopped: 0,0001548 seconds, Stopping threads took: 0,0000387 seconds
2016-09-22T15:44:19.883+0100: 59,302: Total time for which application threads were stopped: 0,0001532 seconds, Stopping threads took: 0,0000400 seconds
2016-09-22T15:44:20.883+0100: 60,303: Total time for which application threads were stopped: 0,0001719 seconds, Stopping threads took: 0,0000304 seconds
2016-09-22T15:44:21.232+0100: 60,651: Total time for which application threads were stopped: 0,0001633 seconds, Stopping threads took: 0,0000485 seconds
2016-09-22T15:44:21.245+0100: 60,665: Total time for which application threads were stopped: 0,0001308 seconds, Stopping threads took: 0,0000267 seconds
2016-09-22T15:44:21.246+0100: 60,665: Total time for which application threads were stopped: 0,0000487 seconds, Stopping threads took: 0,0000071 seconds
2016-09-22T15:44:21.246+0100: 60,665: Total time for which application threads were stopped: 0,0000508 seconds, Stopping threads took: 0,0000090 seconds
2016-09-22T15:44:21.267+0100: 60,686: Total time for which application threads were stopped: 0,0002167 seconds, Stopping threads took: 0,0001071 seconds
2016-09-22T15:44:21.267+0100: 60,687: Total time for which application threads were stopped: 0,0001868 seconds, Stopping threads took: 0,0000260 seconds
2016-09-22T15:44:21.278+0100: 60,697: Total time for which application threads were stopped: 0,0001944 seconds, Stopping threads took: 0,0000416 seconds
2016-09-22T15:44:21.285+0100: 60,704: Total time for which application threads were stopped: 0,0005189 seconds, Stopping threads took: 0,0000244 seconds
2016-09-22T15:44:21.298+0100: 60,717: Total time for which application threads were stopped: 0,0004731 seconds, Stopping threads took: 0,0000231 seconds
2016-09-22T15:44:21.301+0100: 60,720: Total time for which application threads were stopped: 0,0001511 seconds, Stopping threads took: 0,0000518 seconds
2016-09-22T15:44:21.302+0100: 60,722: Total time for which application threads were stopped: 0,0001195 seconds, Stopping threads took: 0,0000236 seconds
2016-09-22T15:44:21.304+0100: 60,723: Total time for which application threads were stopped: 0,0001406 seconds, Stopping threads took: 0,0000178 seconds
2016-09-22T15:44:21.305+0100: 60,725: Total time for which application threads were stopped: 0,0001043 seconds, Stopping threads took: 0,0000225 seconds
2016-09-22T15:44:21.307+0100: 60,726: Total time for which application threads were stopped: 0,0001108 seconds, Stopping threads took: 0,0000200 seconds
2016-09-22T15:44:21.308+0100: 60,728: Total time for which application threads were stopped: 0,0001936 seconds, Stopping threads took: 0,0001127 seconds
2016-09-22T15:44:21.310+0100: 60,729: Total time for which application threads were stopped: 0,0001679 seconds, Stopping threads took: 0,0000745 seconds
2016-09-22T15:44:21.311+0100: 60,730: Total time for which application threads were stopped: 0,0001452 seconds, Stopping threads took: 0,0000472 seconds
2016-09-22T15:44:21.312+0100: 60,731: Total time for which application threads were stopped: 0,0000850 seconds, Stopping threads took: 0,0000316 seconds
2016-09-22T15:44:21.323+0100: 60,742: Total time for which application threads were stopped: 0,0002587 seconds, Stopping threads took: 0,0000645 seconds
2016-09-22T15:44:21.324+0100: 60,743: Total time for which application threads were stopped: 0,0001246 seconds, Stopping threads took: 0,0000332 seconds
2016-09-22T15:44:21.324+0100: 60,743: Total time for which application threads were stopped: 0,0000533 seconds, Stopping threads took: 0,0000176 seconds
2016-09-22T15:44:21.324+0100: 60,743: Total time for which application threads were stopped: 0,0000520 seconds, Stopping threads took: 0,0000062 seconds
2016-09-22T15:44:21.324+0100: 60,744: Total time for which application threads were stopped: 0,0000551 seconds, Stopping threads took: 0,0000107 seconds
2016-09-22T15:44:21.324+0100: 60,744: Total time for which application threads were stopped: 0,0000532 seconds, Stopping threads took: 0,0000103 seconds
2016-09-22T15:44:21.325+0100: 60,744: Total time for which application threads were stopped: 0,0000511 seconds, Stopping threads took: 0,0000087 seconds
2016-09-22T15:44:21.341+0100: 60,760: Total time for which application threads were stopped: 0,0001507 seconds, Stopping threads took: 0,0000293 seconds
2016-09-22T15:44:21.348+0100: 60,767: Total time for which application threads were stopped: 0,0001450 seconds, Stopping threads took: 0,0000322 seconds
2016-09-22T15:44:21.348+0100: 60,768: Total time for which application threads were stopped: 0,0001191 seconds, Stopping threads took: 0,0000413 seconds
2016-09-22T15:44:21.349+0100: 60,768: Total time for which application threads were stopped: 0,0001027 seconds, Stopping threads took: 0,0000195 seconds
2016-09-22T15:44:21.349+0100: 60,768: Total time for which application threads were stopped: 0,0000827 seconds, Stopping threads took: 0,0000146 seconds
2016-09-22T15:44:21.349+0100: 60,769: Total time for which application threads were stopped: 0,0001303 seconds, Stopping threads took: 0,0000774 seconds
2016-09-22T15:44:21.350+0100: 60,769: Total time for which application threads were stopped: 0,0000688 seconds, Stopping threads took: 0,0000133 seconds
2016-09-22T15:44:21.351+0100: 60,770: Total time for which application threads were stopped: 0,0000727 seconds, Stopping threads took: 0,0000145 seconds
2016-09-22T15:44:21.352+0100: 60,771: Total time for which application threads were stopped: 0,0001185 seconds, Stopping threads took: 0,0000371 seconds
2016-09-22T15:44:21.353+0100: 60,772: Total time for which application threads were stopped: 0,0001337 seconds, Stopping threads took: 0,0000301 seconds
2016-09-22T15:44:21.354+0100: 60,774: Total time for which application threads were stopped: 0,0001790 seconds, Stopping threads took: 0,0000381 seconds
2016-09-22T15:44:21.356+0100: 60,775: Total time for which application threads were stopped: 0,0001042 seconds, Stopping threads took: 0,0000287 seconds
2016-09-22T15:44:21.357+0100: 60,776: Total time for which application threads were stopped: 0,0003137 seconds, Stopping threads took: 0,0000261 seconds
2016-09-22T15:44:21.359+0100: 60,778: Total time for which application threads were stopped: 0,0001073 seconds, Stopping threads took: 0,0000265 seconds
2016-09-22T15:44:21.359+0100: 60,778: Total time for which application threads were stopped: 0,0000619 seconds, Stopping threads took: 0,0000217 seconds
2016-09-22T15:44:21.498+0100: 60,918: Total time for which application threads were stopped: 0,0002374 seconds, Stopping threads took: 0,0000467 seconds
2016-09-22T15:44:21.618+0100: 61,037: Total time for which application threads were stopped: 0,0001617 seconds, Stopping threads took: 0,0000336 seconds
2016-09-22T15:44:22.301+0100: 61,721: Total time for which application threads were stopped: 0,0001626 seconds, Stopping threads took: 0,0000381 seconds
2016-09-22T15:44:22.302+0100: 61,721: Total time for which application threads were stopped: 0,0000796 seconds, Stopping threads took: 0,0000117 seconds
2016-09-22T15:44:22.302+0100: 61,721: Total time for which application threads were stopped: 0,0000949 seconds, Stopping threads took: 0,0000116 seconds
2016-09-22T15:44:22.308+0100: 61,727: Total time for which application threads were stopped: 0,0001252 seconds, Stopping threads took: 0,0000316 seconds
2016-09-22T15:44:22.310+0100: 61,730: Total time for which application threads were stopped: 0,0001177 seconds, Stopping threads took: 0,0000358 seconds
2016-09-22T15:44:22.341+0100: 61,760: Total time for which application threads were stopped: 0,0002180 seconds, Stopping threads took: 0,0000447 seconds
2016-09-22T15:44:22.804+0100: 62,223: Total time for which application threads were stopped: 0,0001876 seconds, Stopping threads took: 0,0000361 seconds
2016-09-22T15:44:22.804+0100: 62,224: Total time for which application threads were stopped: 0,0001102 seconds, Stopping threads took: 0,0000187 seconds
2016-09-22T15:44:22.805+0100: 62,224: Total time for which application threads were stopped: 0,0000885 seconds, Stopping threads took: 0,0000111 seconds
2016-09-22T15:44:22.807+0100: 62,226: Total time for which application threads were stopped: 0,0004685 seconds, Stopping threads took: 0,0000092 seconds
2016-09-22T15:44:22.811+0100: 62,231: Total time for which application threads were stopped: 0,0003892 seconds, Stopping threads took: 0,0000155 seconds
2016-09-22T15:44:22.814+0100: 62,234: Total time for which application threads were stopped: 0,0001169 seconds, Stopping threads took: 0,0000362 seconds
{Heap before GC invocations=7 (full 1):
 par new generation   total 109248K, used 108619K [0x00000000e0000000, 0x00000000e8000000, 0x00000000e8000000)
  eden space 87424K,  99% used [0x00000000e0000000, 0x00000000e555c398, 0x00000000e5560000)
  from space 21824K,  97% used [0x00000000e6ab0000, 0x00000000e7f66bc0, 0x00000000e8000000)
  to   space 21824K,   0% used [0x00000000e5560000, 0x00000000e5560000, 0x00000000e6ab0000)
 concurrent mark-sweep generation total 393216K, used 13K [0x00000000e8000000, 0x0000000100000000, 0x0000000100000000)
 Metaspace       used 35171K, capacity 35672K, committed 36096K, reserved 1081344K
  class space    used 4080K, capacity 4215K, committed 4224K, reserved 1048576K
2016-09-22T15:44:22.896+0100: 62,315: [GC (Allocation Failure) 2016-09-22T15:44:22.896+0100: 62,315: [ParNew
Desired survivor size 20112992 bytes, new threshold 8 (max 8)
- age   1:    6477616 bytes,    6477616 total
- age   2:     262872 bytes,    6740488 total
- age   3:    1572080 bytes,    8312568 total
- age   4:    3554632 bytes,   11867200 total
- age   5:     406608 bytes,   12273808 total
- age   6:    4168856 bytes,   16442664 total
- age   7:     431104 bytes,   16873768 total
- age   8:    5449472 bytes,   22323240 total
: 108619K->21824K(109248K), 0,0213817 secs] 108633K->25099K(502464K), 0,0214760 secs] [Times: user=0,08 sys=0,00, real=0,03 secs] 
Heap after GC invocations=8 (full 1):
 par new generation   total 109248K, used 21824K [0x00000000e0000000, 0x00000000e8000000, 0x00000000e8000000)
  eden space 87424K,   0% used [0x00000000e0000000, 0x00000000e0000000, 0x00000000e5560000)
  from space 21824K, 100% used [0x00000000e5560000, 0x00000000e6ab0000, 0x00000000e6ab0000)
  to   space 21824K,   0% used [0x00000000e6ab0000, 0x00000000e6ab0000, 0x00000000e8000000)
 concurrent mark-sweep generation total 393216K, used 3275K [0x00000000e8000000, 0x0000000100000000, 0x0000000100000000)
 Metaspace       used 35171K, capacity 35672K, committed 36096K, reserved 1081344K
  class space    used 4080K, capacity 4215K, committed 4224K, reserved 1048576K
}
2016-09-22T15:44:22.918+0100: 62,337: Total time for which application threads were stopped: 0,0217266 seconds, Stopping threads took: 0,0000392 seconds
2016-09-22T15:44:22.918+0100: 62,337: [GC (CMS Initial Mark) [1 CMS-initial-mark: 3275K(393216K)] 25704K(502464K), 0,0050101 secs] [Times: user=0,01 sys=0,00, real=0,00 secs] 
2016-09-22T15:44:22.923+0100: 62,342: Total time for which application threads were stopped: 0,0051986 seconds, Stopping threads took: 0,0000444 seconds
2016-09-22T15:44:22.923+0100: 62,342: [CMS-concurrent-mark-start]
2016-09-22T15:44:22.924+0100: 62,344: Total time for which application threads were stopped: 0,0001238 seconds, Stopping threads took: 0,0000240 seconds
2016-09-22T15:44:22.924+0100: 62,344: Total time for which application threads were stopped: 0,0001032 seconds, Stopping threads took: 0,0000351 seconds
2016-09-22T15:44:22.926+0100: 62,345: [CMS-concurrent-mark: 0,002/0,003 secs] [Times: user=0,02 sys=0,00, real=0,00 secs] 
2016-09-22T15:44:22.926+0100: 62,345: [CMS-concurrent-preclean-start]
2016-09-22T15:44:22.927+0100: 62,346: [CMS-concurrent-preclean: 0,001/0,001 secs] [Times: user=0,00 sys=0,00, real=0,00 secs] 
2016-09-22T15:44:22.927+0100: 62,346: [CMS-concurrent-abortable-preclean-start]
2016-09-22T15:44:23.013+0100: 62,433: Total time for which application threads were stopped: 0,0002508 seconds, Stopping threads took: 0,0000909 seconds
2016-09-22T15:44:23.022+0100: 62,441: Total time for which application threads were stopped: 0,0001911 seconds, Stopping threads took: 0,0000504 seconds
2016-09-22T15:44:23.022+0100: 62,441: [CMS-concurrent-abortable-preclean: 0,087/0,095 secs] [Times: user=0,21 sys=0,00, real=0,10 secs] 
2016-09-22T15:44:23.022+0100: 62,441: [GC (CMS Final Remark) [YG occupancy: 73973 K (109248 K)]{Heap before GC invocations=8 (full 2):
 par new generation   total 109248K, used 73973K [0x00000000e0000000, 0x00000000e8000000, 0x00000000e8000000)
  eden space 87424K,  59% used [0x00000000e0000000, 0x00000000e32ed7e8, 0x00000000e5560000)
  from space 21824K, 100% used [0x00000000e5560000, 0x00000000e6ab0000, 0x00000000e6ab0000)
  to   space 21824K,   0% used [0x00000000e6ab0000, 0x00000000e6ab0000, 0x00000000e8000000)
 concurrent mark-sweep generation total 393216K, used 3275K [0x00000000e8000000, 0x0000000100000000, 0x0000000100000000)
 Metaspace       used 35253K, capacity 35732K, committed 36172K, reserved 1081344K
  class space    used 4086K, capacity 4225K, committed 4300K, reserved 1048576K
2016-09-22T15:44:23.022+0100: 62,441: [GC (CMS Final Remark) 2016-09-22T15:44:23.022+0100: 62,441: [ParNew
Desired survivor size 20112992 bytes, new threshold 8 (max 8)
- age   1:     425072 bytes,     425072 total
- age   2:    5922608 bytes,    6347680 total
- age   3:     262832 bytes,    6610512 total
- age   4:    1572080 bytes,    8182592 total
- age   5:    3554400 bytes,   11736992 total
- age   6:     405984 bytes,   12142976 total
- age   7:    4168856 bytes,   16311832 total
- age   8:     431104 bytes,   16742936 total
: 73973K->19144K(109248K), 0,0167928 secs] 77249K->27950K(502464K), 0,0168551 secs] [Times: user=0,05 sys=0,00, real=0,02 secs] 
Heap after GC invocations=9 (full 2):
 par new generation   total 109248K, used 19144K [0x00000000e0000000, 0x00000000e8000000, 0x00000000e8000000)
  eden space 87424K,   0% used [0x00000000e0000000, 0x00000000e0000000, 0x00000000e5560000)
  from space 21824K,  87% used [0x00000000e6ab0000, 0x00000000e7d62240, 0x00000000e8000000)
  to   space 21824K,   0% used [0x00000000e5560000, 0x00000000e5560000, 0x00000000e6ab0000)
 concurrent mark-sweep generation total 393216K, used 8806K [0x00000000e8000000, 0x0000000100000000, 0x0000000100000000)
 Metaspace       used 35253K, capacity 35732K, committed 36172K, reserved 1081344K
  class space    used 4086K, capacity 4225K, committed 4300K, reserved 1048576K
}
2016-09-22T15:44:23.039+0100: 62,458: [Rescan (parallel) , 0,0051043 secs]2016-09-22T15:44:23.044+0100: 62,463: [weak refs processing, 0,0003487 secs]2016-09-22T15:44:23.044+0100: 62,464: [class unloading, 0,0046174 secs]2016-09-22T15:44:23.049+0100: 62,468: [scrub symbol table, 0,0026521 secs]2016-09-22T15:44:23.052+0100: 62,471: [scrub string table, 0,0005247 secs][1 CMS-remark: 8806K(393216K)] 27950K(502464K), 0,0313877 secs] [Times: user=0,08 sys=0,01, real=0,03 secs] 
2016-09-22T15:44:23.053+0100: 62,473: Total time for which application threads were stopped: 0,0315725 seconds, Stopping threads took: 0,0000328 seconds
2016-09-22T15:44:23.053+0100: 62,473: [CMS-concurrent-sweep-start]
2016-09-22T15:44:23.056+0100: 62,475: [CMS-concurrent-sweep: 0,003/0,003 secs] [Times: user=0,01 sys=0,00, real=0,00 secs] 
2016-09-22T15:44:23.056+0100: 62,475: [CMS-concurrent-reset-start]
2016-09-22T15:44:23.056+0100: 62,476: [CMS-concurrent-reset: 0,000/0,000 secs] [Times: user=0,00 sys=0,00, real=0,01 secs] 
2016-09-22T15:44:24.054+0100: 63,473: Total time for which application threads were stopped: 0,0001953 seconds, Stopping threads took: 0,0000372 seconds
2016-09-22T15:44:24.400+0100: 63,819: Total time for which application threads were stopped: 0,0001364 seconds, Stopping threads took: 0,0000279 seconds
2016-09-22T15:44:24.401+0100: 63,820: Total time for which application threads were stopped: 0,0000727 seconds, Stopping threads took: 0,0000126 seconds
2016-09-22T15:44:24.401+0100: 63,820: Total time for which application threads were stopped: 0,0000601 seconds, Stopping threads took: 0,0000089 seconds
2016-09-22T15:44:24.401+0100: 63,820: Total time for which application threads were stopped: 0,0000429 seconds, Stopping threads took: 0,0000068 seconds
2016-09-22T15:44:24.401+0100: 63,820: Total time for which application threads were stopped: 0,0000559 seconds, Stopping threads took: 0,0000090 seconds
2016-09-22T15:44:24.401+0100: 63,820: Total time for which application threads were stopped: 0,0000491 seconds, Stopping threads took: 0,0000081 seconds
2016-09-22T15:44:24.401+0100: 63,821: Total time for which application threads were stopped: 0,0000484 seconds, Stopping threads took: 0,0000089 seconds
2016-09-22T15:44:24.407+0100: 63,827: Total time for which application threads were stopped: 0,0040831 seconds, Stopping threads took: 0,0039659 seconds
2016-09-22T15:44:24.408+0100: 63,827: Total time for which application threads were stopped: 0,0001106 seconds, Stopping threads took: 0,0000165 seconds
2016-09-22T15:44:24.409+0100: 63,828: Total time for which application threads were stopped: 0,0000958 seconds, Stopping threads took: 0,0000146 seconds
2016-09-22T15:44:24.409+0100: 63,828: Total time for which application threads were stopped: 0,0001048 seconds, Stopping threads took: 0,0000351 seconds
2016-09-22T15:44:24.409+0100: 63,829: Total time for which application threads were stopped: 0,0000726 seconds, Stopping threads took: 0,0000125 seconds
2016-09-22T15:44:24.410+0100: 63,829: Total time for which application threads were stopped: 0,0000706 seconds, Stopping threads took: 0,0000131 seconds
2016-09-22T15:44:24.410+0100: 63,830: Total time for which application threads were stopped: 0,0001292 seconds, Stopping threads took: 0,0000730 seconds
2016-09-22T15:44:24.411+0100: 63,830: Total time for which application threads were stopped: 0,0000948 seconds, Stopping threads took: 0,0000439 seconds
2016-09-22T15:44:24.411+0100: 63,830: Total time for which application threads were stopped: 0,0001198 seconds, Stopping threads took: 0,0000418 seconds
2016-09-22T15:44:24.416+0100: 63,836: Total time for which application threads were stopped: 0,0001839 seconds, Stopping threads took: 0,0000507 seconds
2016-09-22T15:44:24.417+0100: 63,836: Total time for which application threads were stopped: 0,0002095 seconds, Stopping threads took: 0,0000648 seconds
2016-09-22T15:44:24.417+0100: 63,837: Total time for which application threads were stopped: 0,0000766 seconds, Stopping threads took: 0,0000218 seconds
2016-09-22T15:44:24.417+0100: 63,837: Total time for which application threads were stopped: 0,0000508 seconds, Stopping threads took: 0,0000115 seconds
2016-09-22T15:44:24.418+0100: 63,837: Total time for which application threads were stopped: 0,0000615 seconds, Stopping threads took: 0,0000123 seconds
2016-09-22T15:44:24.418+0100: 63,838: Total time for which application threads were stopped: 0,0000820 seconds, Stopping threads took: 0,0000263 seconds
2016-09-22T15:44:24.419+0100: 63,838: Total time for which application threads were stopped: 0,0002222 seconds, Stopping threads took: 0,0000541 seconds
2016-09-22T15:44:24.420+0100: 63,839: Total time for which application threads were stopped: 0,0001307 seconds, Stopping threads took: 0,0000407 seconds
2016-09-22T15:44:24.421+0100: 63,840: Total time for which application threads were stopped: 0,0001499 seconds, Stopping threads took: 0,0000285 seconds
2016-09-22T15:44:24.421+0100: 63,841: Total time for which application threads were stopped: 0,0000986 seconds, Stopping threads took: 0,0000204 seconds
2016-09-22T15:44:24.422+0100: 63,841: Total time for which application threads were stopped: 0,0000614 seconds, Stopping threads took: 0,0000117 seconds
2016-09-22T15:44:24.422+0100: 63,842: Total time for which application threads were stopped: 0,0000996 seconds, Stopping threads took: 0,0000296 seconds
2016-09-22T15:44:24.423+0100: 63,843: Total time for which application threads were stopped: 0,0003280 seconds, Stopping threads took: 0,0000121 seconds
2016-09-22T15:44:24.424+0100: 63,843: Total time for which application threads were stopped: 0,0000734 seconds, Stopping threads took: 0,0000143 seconds
2016-09-22T15:44:24.424+0100: 63,843: Total time for which application threads were stopped: 0,0000632 seconds, Stopping threads took: 0,0000165 seconds
2016-09-22T15:44:24.647+0100: 64,066: Total time for which application threads were stopped: 0,0001808 seconds, Stopping threads took: 0,0000460 seconds
2016-09-22T15:44:25.036+0100: 64,455: Total time for which application threads were stopped: 0,0002567 seconds, Stopping threads took: 0,0000590 seconds
2016-09-22T15:44:25.403+0100: 64,823: Total time for which application threads were stopped: 0,0001527 seconds, Stopping threads took: 0,0000302 seconds
2016-09-22T15:44:25.404+0100: 64,823: Total time for which application threads were stopped: 0,0000539 seconds, Stopping threads took: 0,0000107 seconds
2016-09-22T15:44:25.404+0100: 64,823: Total time for which application threads were stopped: 0,0000463 seconds, Stopping threads took: 0,0000062 seconds
2016-09-22T15:44:25.404+0100: 64,823: Total time for which application threads were stopped: 0,0000456 seconds, Stopping threads took: 0,0000063 seconds
2016-09-22T15:44:25.406+0100: 64,825: Total time for which application threads were stopped: 0,0001589 seconds, Stopping threads took: 0,0000774 seconds
2016-09-22T15:44:25.408+0100: 64,828: Total time for which application threads were stopped: 0,0001943 seconds, Stopping threads took: 0,0000568 seconds
2016-09-22T15:44:25.433+0100: 64,852: Total time for which application threads were stopped: 0,0002942 seconds, Stopping threads took: 0,0001069 seconds
2016-09-22T15:44:25.932+0100: 65,352: Total time for which application threads were stopped: 0,0001910 seconds, Stopping threads took: 0,0000572 seconds
2016-09-22T15:44:25.933+0100: 65,352: Total time for which application threads were stopped: 0,0001206 seconds, Stopping threads took: 0,0000467 seconds
2016-09-22T15:44:25.933+0100: 65,352: Total time for which application threads were stopped: 0,0000731 seconds, Stopping threads took: 0,0000320 seconds
{Heap before GC invocations=9 (full 2):
 par new generation   total 109248K, used 106568K [0x00000000e0000000, 0x00000000e8000000, 0x00000000e8000000)
  eden space 87424K, 100% used [0x00000000e0000000, 0x00000000e5560000, 0x00000000e5560000)
  from space 21824K,  87% used [0x00000000e6ab0000, 0x00000000e7d62240, 0x00000000e8000000)
  to   space 21824K,   0% used [0x00000000e5560000, 0x00000000e5560000, 0x00000000e6ab0000)
 concurrent mark-sweep generation total 393216K, used 8794K [0x00000000e8000000, 0x0000000100000000, 0x0000000100000000)
 Metaspace       used 35780K, capacity 36278K, committed 36684K, reserved 1081344K
  class space    used 4088K, capacity 4228K, committed 4300K, reserved 1048576K
2016-09-22T15:44:26.219+0100: 65,638: [GC (Allocation Failure) 2016-09-22T15:44:26.219+0100: 65,639: [ParNew
Desired survivor size 20112992 bytes, new threshold 8 (max 8)
- age   1:    3534360 bytes,    3534360 total
- age   2:     408656 bytes,    3943016 total
- age   3:    5872576 bytes,    9815592 total
- age   4:     262816 bytes,   10078408 total
- age   5:    1571744 bytes,   11650152 total
- age   6:    3525752 bytes,   15175904 total
- age   7:     404424 bytes,   15580328 total
- age   8:    4031144 bytes,   19611472 total
: 106568K->21824K(109248K), 0,0115066 secs] 115363K->31258K(502464K), 0,0116202 secs] [Times: user=0,05 sys=0,00, real=0,01 secs] 
Heap after GC invocations=10 (full 2):
 par new generation   total 109248K, used 21824K [0x00000000e0000000, 0x00000000e8000000, 0x00000000e8000000)
  eden space 87424K,   0% used [0x00000000e0000000, 0x00000000e0000000, 0x00000000e5560000)
  from space 21824K, 100% used [0x00000000e5560000, 0x00000000e6ab0000, 0x00000000e6ab0000)
  to   space 21824K,   0% used [0x00000000e6ab0000, 0x00000000e6ab0000, 0x00000000e8000000)
 concurrent mark-sweep generation total 393216K, used 9434K [0x00000000e8000000, 0x0000000100000000, 0x0000000100000000)
 Metaspace       used 35780K, capacity 36278K, committed 36684K, reserved 1081344K
  class space    used 4088K, capacity 4228K, committed 4300K, reserved 1048576K
}
2016-09-22T15:44:26.231+0100: 65,650: Total time for which application threads were stopped: 0,0119455 seconds, Stopping threads took: 0,0000534 seconds
2016-09-22T15:44:26.231+0100: 65,650: Total time for which application threads were stopped: 0,0001687 seconds, Stopping threads took: 0,0000373 seconds
2016-09-22T15:44:26.317+0100: 65,736: Total time for which application threads were stopped: 0,0002450 seconds, Stopping threads took: 0,0000442 seconds
2016-09-22T15:44:26.325+0100: 65,744: Total time for which application threads were stopped: 0,0002479 seconds, Stopping threads took: 0,0000630 seconds
2016-09-22T15:44:27.325+0100: 66,745: Total time for which application threads were stopped: 0,0001906 seconds, Stopping threads took: 0,0000371 seconds
2016-09-22T15:44:27.800+0100: 67,219: Total time for which application threads were stopped: 0,0001436 seconds, Stopping threads took: 0,0000318 seconds
2016-09-22T15:44:27.801+0100: 67,220: Total time for which application threads were stopped: 0,0001811 seconds, Stopping threads took: 0,0000293 seconds
2016-09-22T15:44:27.801+0100: 67,221: Total time for which application threads were stopped: 0,0000896 seconds, Stopping threads took: 0,0000142 seconds
2016-09-22T15:44:27.802+0100: 67,221: Total time for which application threads were stopped: 0,0000907 seconds, Stopping threads took: 0,0000149 seconds
2016-09-22T15:44:27.802+0100: 67,221: Total time for which application threads were stopped: 0,0000724 seconds, Stopping threads took: 0,0000098 seconds
2016-09-22T15:44:27.802+0100: 67,221: Total time for which application threads were stopped: 0,0000617 seconds, Stopping threads took: 0,0000078 seconds
2016-09-22T15:44:27.811+0100: 67,230: Total time for which application threads were stopped: 0,0003069 seconds, Stopping threads took: 0,0000609 seconds
2016-09-22T15:44:27.812+0100: 67,231: Total time for which application threads were stopped: 0,0002717 seconds, Stopping threads took: 0,0000686 seconds
2016-09-22T15:44:28.804+0100: 68,223: Total time for which application threads were stopped: 0,0001925 seconds, Stopping threads took: 0,0000460 seconds
2016-09-22T15:44:28.804+0100: 68,223: Total time for which application threads were stopped: 0,0000756 seconds, Stopping threads took: 0,0000189 seconds
2016-09-22T15:44:28.804+0100: 68,224: Total time for which application threads were stopped: 0,0001442 seconds, Stopping threads took: 0,0000671 seconds
2016-09-22T15:44:28.805+0100: 68,224: Total time for which application threads were stopped: 0,0000629 seconds, Stopping threads took: 0,0000114 seconds
2016-09-22T15:44:28.805+0100: 68,224: Total time for which application threads were stopped: 0,0000601 seconds, Stopping threads took: 0,0000106 seconds
2016-09-22T15:44:28.805+0100: 68,225: Total time for which application threads were stopped: 0,0000627 seconds, Stopping threads took: 0,0000109 seconds
2016-09-22T15:44:28.806+0100: 68,225: Total time for which application threads were stopped: 0,0000600 seconds, Stopping threads took: 0,0000098 seconds
2016-09-22T15:44:28.807+0100: 68,226: Total time for which application threads were stopped: 0,0000708 seconds, Stopping threads took: 0,0000184 seconds
2016-09-22T15:44:28.813+0100: 68,233: Total time for which application threads were stopped: 0,0001008 seconds, Stopping threads took: 0,0000266 seconds
2016-09-22T15:44:28.814+0100: 68,233: Total time for which application threads were stopped: 0,0000884 seconds, Stopping threads took: 0,0000223 seconds
2016-09-22T15:44:28.814+0100: 68,233: Total time for which application threads were stopped: 0,0001024 seconds, Stopping threads took: 0,0000495 seconds
{Heap before GC invocations=10 (full 2):
 par new generation   total 109248K, used 109242K [0x00000000e0000000, 0x00000000e8000000, 0x00000000e8000000)
  eden space 87424K,  99% used [0x00000000e0000000, 0x00000000e555e998, 0x00000000e5560000)
  from space 21824K, 100% used [0x00000000e5560000, 0x00000000e6ab0000, 0x00000000e6ab0000)
  to   space 21824K,   0% used [0x00000000e6ab0000, 0x00000000e6ab0000, 0x00000000e8000000)
 concurrent mark-sweep generation total 393216K, used 9434K [0x00000000e8000000, 0x0000000100000000, 0x0000000100000000)
 Metaspace       used 35953K, capacity 36412K, committed 36684K, reserved 1081344K
  class space    used 4097K, capacity 4229K, committed 4300K, reserved 1048576K
2016-09-22T15:44:29.104+0100: 68,524: [GC (Allocation Failure) 2016-09-22T15:44:29.104+0100: 68,524: [ParNew
Desired survivor size 20112992 bytes, new threshold 8 (max 8)
- age   1:    3549512 bytes,    3549512 total
- age   2:    2849120 bytes,    6398632 total
- age   3:     408656 bytes,    6807288 total
- age   4:    5871880 bytes,   12679168 total
- age   5:     262816 bytes,   12941984 total
- age   6:    1571312 bytes,   14513296 total
- age   7:    3525672 bytes,   18038968 total
- age   8:     404424 bytes,   18443392 total
: 109242K->21824K(109248K), 0,0107279 secs] 118676K->35214K(502464K), 0,0108129 secs] [Times: user=0,03 sys=0,01, real=0,01 secs] 
Heap after GC invocations=11 (full 2):
 par new generation   total 109248K, used 21824K [0x00000000e0000000, 0x00000000e8000000, 0x00000000e8000000)
  eden space 87424K,   0% used [0x00000000e0000000, 0x00000000e0000000, 0x00000000e5560000)
  from space 21824K, 100% used [0x00000000e6ab0000, 0x00000000e8000000, 0x00000000e8000000)
  to   space 21824K,   0% used [0x00000000e5560000, 0x00000000e5560000, 0x00000000e6ab0000)
 concurrent mark-sweep generation total 393216K, used 13390K [0x00000000e8000000, 0x0000000100000000, 0x0000000100000000)
 Metaspace       used 35953K, capacity 36412K, committed 36684K, reserved 1081344K
  class space    used 4097K, capacity 4229K, committed 4300K, reserved 1048576K
}
2016-09-22T15:44:29.115+0100: 68,534: Total time for which application threads were stopped: 0,0110856 seconds, Stopping threads took: 0,0000303 seconds
2016-09-22T15:44:29.115+0100: 68,535: Total time for which application threads were stopped: 0,0001734 seconds, Stopping threads took: 0,0000399 seconds
2016-09-22T15:44:29.115+0100: 68,535: Total time for which application threads were stopped: 0,0000698 seconds, Stopping threads took: 0,0000216 seconds
2016-09-22T15:44:29.312+0100: 68,732: Total time for which application threads were stopped: 0,0001823 seconds, Stopping threads took: 0,0000577 seconds
2016-09-22T15:44:29.319+0100: 68,738: Total time for which application threads were stopped: 0,0001593 seconds, Stopping threads took: 0,0000319 seconds
2016-09-22T15:44:29.819+0100: 69,238: Total time for which application threads were stopped: 0,0002386 seconds, Stopping threads took: 0,0000540 seconds
2016-09-22T15:44:29.819+0100: 69,239: Total time for which application threads were stopped: 0,0000747 seconds, Stopping threads took: 0,0000160 seconds
2016-09-22T15:44:29.820+0100: 69,239: Total time for which application threads were stopped: 0,0000846 seconds, Stopping threads took: 0,0000204 seconds
2016-09-22T15:44:29.821+0100: 69,240: Total time for which application threads were stopped: 0,0000635 seconds, Stopping threads took: 0,0000116 seconds
2016-09-22T15:44:29.821+0100: 69,241: Total time for which application threads were stopped: 0,0000521 seconds, Stopping threads took: 0,0000080 seconds
2016-09-22T15:44:29.821+0100: 69,241: Total time for which application threads were stopped: 0,0000540 seconds, Stopping threads took: 0,0000089 seconds
2016-09-22T15:44:29.961+0100: 69,380: Total time for which application threads were stopped: 0,0001557 seconds, Stopping threads took: 0,0000296 seconds
2016-09-22T15:44:29.961+0100: 69,380: Total time for which application threads were stopped: 0,0000772 seconds, Stopping threads took: 0,0000319 seconds
2016-09-22T15:44:29.961+0100: 69,380: Total time for which application threads were stopped: 0,0000638 seconds, Stopping threads took: 0,0000178 seconds
2016-09-22T15:44:30.961+0100: 70,381: Total time for which application threads were stopped: 0,0001769 seconds, Stopping threads took: 0,0000337 seconds
2016-09-22T15:44:31.216+0100: 70,635: Total time for which application threads were stopped: 0,0001812 seconds, Stopping threads took: 0,0000528 seconds
2016-09-22T15:44:31.217+0100: 70,636: Total time for which application threads were stopped: 0,0002247 seconds, Stopping threads took: 0,0001279 seconds
2016-09-22T15:44:31.217+0100: 70,636: Total time for which application threads were stopped: 0,0000633 seconds, Stopping threads took: 0,0000136 seconds
2016-09-22T15:44:31.217+0100: 70,636: Total time for which application threads were stopped: 0,0000669 seconds, Stopping threads took: 0,0000109 seconds
2016-09-22T15:44:31.217+0100: 70,636: Total time for which application threads were stopped: 0,0000678 seconds, Stopping threads took: 0,0000212 seconds
2016-09-22T15:44:31.217+0100: 70,637: Total time for which application threads were stopped: 0,0000549 seconds, Stopping threads took: 0,0000074 seconds
2016-09-22T15:44:31.223+0100: 70,642: Total time for which application threads were stopped: 0,0001789 seconds, Stopping threads took: 0,0000361 seconds
2016-09-22T15:44:31.223+0100: 70,643: Total time for which application threads were stopped: 0,0001066 seconds, Stopping threads took: 0,0000110 seconds
2016-09-22T15:44:31.224+0100: 70,643: Total time for which application threads were stopped: 0,0001101 seconds, Stopping threads took: 0,0000383 seconds
2016-09-22T15:44:31.228+0100: 70,648: Total time for which application threads were stopped: 0,0001906 seconds, Stopping threads took: 0,0000425 seconds
2016-09-22T15:44:31.229+0100: 70,648: Total time for which application threads were stopped: 0,0001548 seconds, Stopping threads took: 0,0000597 seconds
2016-09-22T15:44:31.229+0100: 70,648: Total time for which application threads were stopped: 0,0000941 seconds, Stopping threads took: 0,0000480 seconds
2016-09-22T15:44:31.230+0100: 70,649: Total time for which application threads were stopped: 0,0000665 seconds, Stopping threads took: 0,0000109 seconds
2016-09-22T15:44:31.230+0100: 70,649: Total time for which application threads were stopped: 0,0000834 seconds, Stopping threads took: 0,0000061 seconds
2016-09-22T15:44:31.290+0100: 70,709: Total time for which application threads were stopped: 0,0002374 seconds, Stopping threads took: 0,0000436 seconds
{Heap before GC invocations=11 (full 2):
 par new generation   total 109248K, used 109248K [0x00000000e0000000, 0x00000000e8000000, 0x00000000e8000000)
  eden space 87424K, 100% used [0x00000000e0000000, 0x00000000e5560000, 0x00000000e5560000)
  from space 21824K, 100% used [0x00000000e6ab0000, 0x00000000e8000000, 0x00000000e8000000)
  to   space 21824K,   0% used [0x00000000e5560000, 0x00000000e5560000, 0x00000000e6ab0000)
 concurrent mark-sweep generation total 393216K, used 13390K [0x00000000e8000000, 0x0000000100000000, 0x0000000100000000)
 Metaspace       used 36128K, capacity 36622K, committed 36940K, reserved 1081344K
  class space    used 4098K, capacity 4232K, committed 4300K, reserved 1048576K
2016-09-22T15:44:31.423+0100: 70,843: [GC (Allocation Failure) 2016-09-22T15:44:31.423+0100: 70,843: [ParNew
Desired survivor size 20112992 bytes, new threshold 8 (max 8)
- age   1:    3338144 bytes,    3338144 total
- age   2:    2222584 bytes,    5560728 total
- age   3:    2763576 bytes,    8324304 total
- age   4:     408640 bytes,    8732944 total
- age   5:    8098512 bytes,   16831456 total
- age   6:     262816 bytes,   17094272 total
- age   7:    1566664 bytes,   18660936 total
- age   8:    3519232 bytes,   22180168 total
: 109248K->21824K(109248K), 0,0160595 secs] 122638K->36626K(502464K), 0,0161585 secs] [Times: user=0,05 sys=0,00, real=0,02 secs] 
Heap after GC invocations=12 (full 2):
 par new generation   total 109248K, used 21824K [0x00000000e0000000, 0x00000000e8000000, 0x00000000e8000000)
  eden space 87424K,   0% used [0x00000000e0000000, 0x00000000e0000000, 0x00000000e5560000)
  from space 21824K, 100% used [0x00000000e5560000, 0x00000000e6ab0000, 0x00000000e6ab0000)
  to   space 21824K,   0% used [0x00000000e6ab0000, 0x00000000e6ab0000, 0x00000000e8000000)
 concurrent mark-sweep generation total 393216K, used 14802K [0x00000000e8000000, 0x0000000100000000, 0x0000000100000000)
 Metaspace       used 36128K, capacity 36622K, committed 36940K, reserved 1081344K
  class space    used 4098K, capacity 4232K, committed 4300K, reserved 1048576K
}
2016-09-22T15:44:31.439+0100: 70,859: Total time for which application threads were stopped: 0,0164683 seconds, Stopping threads took: 0,0000396 seconds
2016-09-22T15:44:31.440+0100: 70,860: Total time for which application threads were stopped: 0,0002091 seconds, Stopping threads took: 0,0000541 seconds
2016-09-22T15:44:32.219+0100: 71,638: Total time for which application threads were stopped: 0,0002420 seconds, Stopping threads took: 0,0000504 seconds
2016-09-22T15:44:32.219+0100: 71,638: Total time for which application threads were stopped: 0,0000897 seconds, Stopping threads took: 0,0000217 seconds
2016-09-22T15:44:32.219+0100: 71,638: Total time for which application threads were stopped: 0,0000507 seconds, Stopping threads took: 0,0000091 seconds
2016-09-22T15:44:32.221+0100: 71,640: Total time for which application threads were stopped: 0,0000845 seconds, Stopping threads took: 0,0000320 seconds
2016-09-22T15:44:32.222+0100: 71,642: Total time for which application threads were stopped: 0,0000941 seconds, Stopping threads took: 0,0000150 seconds
2016-09-22T15:44:32.225+0100: 71,644: Total time for which application threads were stopped: 0,0001378 seconds, Stopping threads took: 0,0000364 seconds
2016-09-22T15:44:32.225+0100: 71,644: Total time for which application threads were stopped: 0,0001285 seconds, Stopping threads took: 0,0000577 seconds
2016-09-22T15:44:32.225+0100: 71,645: Total time for which application threads were stopped: 0,0000864 seconds, Stopping threads took: 0,0000210 seconds
2016-09-22T15:44:32.235+0100: 71,655: Total time for which application threads were stopped: 0,0002833 seconds, Stopping threads took: 0,0000820 seconds
{Heap before GC invocations=12 (full 2):
 par new generation   total 109248K, used 109248K [0x00000000e0000000, 0x00000000e8000000, 0x00000000e8000000)
  eden space 87424K, 100% used [0x00000000e0000000, 0x00000000e5560000, 0x00000000e5560000)
  from space 21824K, 100% used [0x00000000e5560000, 0x00000000e6ab0000, 0x00000000e6ab0000)
  to   space 21824K,   0% used [0x00000000e6ab0000, 0x00000000e6ab0000, 0x00000000e8000000)
 concurrent mark-sweep generation total 393216K, used 14802K [0x00000000e8000000, 0x0000000100000000, 0x0000000100000000)
 Metaspace       used 36210K, capacity 36750K, committed 37068K, reserved 1081344K
  class space    used 4099K, capacity 4232K, committed 4300K, reserved 1048576K
2016-09-22T15:44:32.878+0100: 72,297: [GC (Allocation Failure) 2016-09-22T15:44:32.878+0100: 72,297: [ParNew
Desired survivor size 20112992 bytes, new threshold 8 (max 8)
- age   1:    1637176 bytes,    1637176 total
- age   2:    2690240 bytes,    4327416 total
- age   3:    2214104 bytes,    6541520 total
- age   4:    2763376 bytes,    9304896 total
- age   5:     408640 bytes,    9713536 total
- age   6:    5870248 bytes,   15583784 total
- age   7:     262816 bytes,   15846600 total
- age   8:    1566664 bytes,   17413264 total
: 109248K->21824K(109248K), 0,0137624 secs] 124050K->40578K(502464K), 0,0138652 secs] [Times: user=0,05 sys=0,00, real=0,01 secs] 
Heap after GC invocations=13 (full 2):
 par new generation   total 109248K, used 21824K [0x00000000e0000000, 0x00000000e8000000, 0x00000000e8000000)
  eden space 87424K,   0% used [0x00000000e0000000, 0x00000000e0000000, 0x00000000e5560000)
  from space 21824K, 100% used [0x00000000e6ab0000, 0x00000000e8000000, 0x00000000e8000000)
  to   space 21824K,   0% used [0x00000000e5560000, 0x00000000e5560000, 0x00000000e6ab0000)
 concurrent mark-sweep generation total 393216K, used 18754K [0x00000000e8000000, 0x0000000100000000, 0x0000000100000000)
 Metaspace       used 36210K, capacity 36750K, committed 37068K, reserved 1081344K
  class space    used 4099K, capacity 4232K, committed 4300K, reserved 1048576K
}
2016-09-22T15:44:32.892+0100: 72,311: Total time for which application threads were stopped: 0,0141577 seconds, Stopping threads took: 0,0000348 seconds
2016-09-22T15:44:32.892+0100: 72,311: Total time for which application threads were stopped: 0,0001814 seconds, Stopping threads took: 0,0000392 seconds
2016-09-22T15:44:33.044+0100: 72,464: Total time for which application threads were stopped: 0,0002612 seconds, Stopping threads took: 0,0000629 seconds
2016-09-22T15:44:33.050+0100: 72,469: Total time for which application threads were stopped: 0,0001958 seconds, Stopping threads took: 0,0000477 seconds
2016-09-22T15:44:33.086+0100: 72,505: Total time for which application threads were stopped: 0,0001965 seconds, Stopping threads took: 0,0000436 seconds
2016-09-22T15:44:33.086+0100: 72,506: Total time for which application threads were stopped: 0,0001285 seconds, Stopping threads took: 0,0000200 seconds
2016-09-22T15:44:33.086+0100: 72,506: Total time for which application threads were stopped: 0,0000918 seconds, Stopping threads took: 0,0000124 seconds
2016-09-22T15:44:33.169+0100: 72,589: Total time for which application threads were stopped: 0,0001468 seconds, Stopping threads took: 0,0000291 seconds
2016-09-22T15:44:33.169+0100: 72,589: Total time for which application threads were stopped: 0,0000887 seconds, Stopping threads took: 0,0000308 seconds
2016-09-22T15:44:33.170+0100: 72,589: Total time for which application threads were stopped: 0,0000722 seconds, Stopping threads took: 0,0000162 seconds
2016-09-22T15:44:34.170+0100: 73,589: Total time for which application threads were stopped: 0,0001501 seconds, Stopping threads took: 0,0000323 seconds
2016-09-22T15:44:34.558+0100: 73,977: Total time for which application threads were stopped: 0,0001519 seconds, Stopping threads took: 0,0000284 seconds
2016-09-22T15:44:34.558+0100: 73,977: Total time for which application threads were stopped: 0,0000676 seconds, Stopping threads took: 0,0000110 seconds
2016-09-22T15:44:34.558+0100: 73,977: Total time for which application threads were stopped: 0,0000523 seconds, Stopping threads took: 0,0000075 seconds
2016-09-22T15:44:34.558+0100: 73,978: Total time for which application threads were stopped: 0,0000606 seconds, Stopping threads took: 0,0000082 seconds
2016-09-22T15:44:34.558+0100: 73,978: Total time for which application threads were stopped: 0,0000589 seconds, Stopping threads took: 0,0000082 seconds
2016-09-22T15:44:34.559+0100: 73,978: Total time for which application threads were stopped: 0,0000598 seconds, Stopping threads took: 0,0000081 seconds
2016-09-22T15:44:34.563+0100: 73,982: Total time for which application threads were stopped: 0,0002024 seconds, Stopping threads took: 0,0000629 seconds
2016-09-22T15:44:34.563+0100: 73,983: Total time for which application threads were stopped: 0,0000770 seconds, Stopping threads took: 0,0000170 seconds
2016-09-22T15:44:34.563+0100: 73,983: Total time for which application threads were stopped: 0,0000592 seconds, Stopping threads took: 0,0000129 seconds
2016-09-22T15:44:34.564+0100: 73,983: Total time for which application threads were stopped: 0,0001115 seconds, Stopping threads took: 0,0000211 seconds
2016-09-22T15:44:34.564+0100: 73,984: Total time for which application threads were stopped: 0,0000837 seconds, Stopping threads took: 0,0000141 seconds
2016-09-22T15:44:35.560+0100: 74,979: Total time for which application threads were stopped: 0,0002202 seconds, Stopping threads took: 0,0000418 seconds
2016-09-22T15:44:35.560+0100: 74,979: Total time for which application threads were stopped: 0,0000899 seconds, Stopping threads took: 0,0000329 seconds
2016-09-22T15:44:35.560+0100: 74,979: Total time for which application threads were stopped: 0,0000592 seconds, Stopping threads took: 0,0000097 seconds
2016-09-22T15:44:35.561+0100: 74,980: Total time for which application threads were stopped: 0,0000870 seconds, Stopping threads took: 0,0000097 seconds
2016-09-22T15:44:35.561+0100: 74,980: Total time for which application threads were stopped: 0,0000643 seconds, Stopping threads took: 0,0000087 seconds
2016-09-22T15:44:35.561+0100: 74,981: Total time for which application threads were stopped: 0,0000706 seconds, Stopping threads took: 0,0000122 seconds
2016-09-22T15:44:35.564+0100: 74,983: Total time for which application threads were stopped: 0,0001716 seconds, Stopping threads took: 0,0000343 seconds
{Heap before GC invocations=13 (full 2):
 par new generation   total 109248K, used 109248K [0x00000000e0000000, 0x00000000e8000000, 0x00000000e8000000)
  eden space 87424K, 100% used [0x00000000e0000000, 0x00000000e5560000, 0x00000000e5560000)
  from space 21824K, 100% used [0x00000000e6ab0000, 0x00000000e8000000, 0x00000000e8000000)
  to   space 21824K,   0% used [0x00000000e5560000, 0x00000000e5560000, 0x00000000e6ab0000)
 concurrent mark-sweep generation total 393216K, used 18754K [0x00000000e8000000, 0x0000000100000000, 0x0000000100000000)
 Metaspace       used 36298K, capacity 36780K, committed 37068K, reserved 1081344K
  class space    used 4102K, capacity 4237K, committed 4300K, reserved 1048576K
2016-09-22T15:44:35.896+0100: 75,316: [GC (Allocation Failure) 2016-09-22T15:44:35.896+0100: 75,316: [ParNew
Desired survivor size 20112992 bytes, new threshold 8 (max 8)
- age   1:    3688888 bytes,    3688888 total
- age   2:     742784 bytes,    4431672 total
- age   3:    2593624 bytes,    7025296 total
- age   4:    2212728 bytes,    9238024 total
- age   5:    2763304 bytes,   12001328 total
- age   6:     408640 bytes,   12409968 total
- age   7:    5612048 bytes,   18022016 total
- age   8:     262816 bytes,   18284832 total
: 109248K->21824K(109248K), 0,0152531 secs] 128002K->42651K(502464K), 0,0153447 secs] [Times: user=0,06 sys=0,00, real=0,01 secs] 
Heap after GC invocations=14 (full 2):
 par new generation   total 109248K, used 21824K [0x00000000e0000000, 0x00000000e8000000, 0x00000000e8000000)
  eden space 87424K,   0% used [0x00000000e0000000, 0x00000000e0000000, 0x00000000e5560000)
  from space 21824K, 100% used [0x00000000e5560000, 0x00000000e6ab0000, 0x00000000e6ab0000)
  to   space 21824K,   0% used [0x00000000e6ab0000, 0x00000000e6ab0000, 0x00000000e8000000)
 concurrent mark-sweep generation total 393216K, used 20827K [0x00000000e8000000, 0x0000000100000000, 0x0000000100000000)
 Metaspace       used 36298K, capacity 36780K, committed 37068K, reserved 1081344K
  class space    used 4102K, capacity 4237K, committed 4300K, reserved 1048576K
}
2016-09-22T15:44:35.912+0100: 75,331: Total time for which application threads were stopped: 0,0157394 seconds, Stopping threads took: 0,0000936 seconds
2016-09-22T15:44:35.912+0100: 75,331: Total time for which application threads were stopped: 0,0002427 seconds, Stopping threads took: 0,0000383 seconds
2016-09-22T15:44:36.048+0100: 75,467: Total time for which application threads were stopped: 0,0003148 seconds, Stopping threads took: 0,0001319 seconds
2016-09-22T15:44:36.054+0100: 75,474: Total time for which application threads were stopped: 0,0004586 seconds, Stopping threads took: 0,0000293 seconds
2016-09-22T15:44:36.064+0100: 75,483: Total time for which application threads were stopped: 0,0002289 seconds, Stopping threads took: 0,0000455 seconds
2016-09-22T15:44:36.064+0100: 75,483: Total time for which application threads were stopped: 0,0001634 seconds, Stopping threads took: 0,0000194 seconds
2016-09-22T15:44:36.064+0100: 75,484: Total time for which application threads were stopped: 0,0001170 seconds, Stopping threads took: 0,0000148 seconds
2016-09-22T15:44:36.341+0100: 75,760: Total time for which application threads were stopped: 0,0001862 seconds, Stopping threads took: 0,0000415 seconds
2016-09-22T15:44:36.341+0100: 75,761: Total time for which application threads were stopped: 0,0000883 seconds, Stopping threads took: 0,0000325 seconds
2016-09-22T15:44:36.341+0100: 75,761: Total time for which application threads were stopped: 0,0000859 seconds, Stopping threads took: 0,0000324 seconds
2016-09-22T15:44:36.342+0100: 75,761: Total time for which application threads were stopped: 0,0000806 seconds, Stopping threads took: 0,0000319 seconds
2016-09-22T15:44:36.342+0100: 75,761: Total time for which application threads were stopped: 0,0000815 seconds, Stopping threads took: 0,0000210 seconds
2016-09-22T15:44:36.342+0100: 75,761: Total time for which application threads were stopped: 0,0000809 seconds, Stopping threads took: 0,0000211 seconds
2016-09-22T15:44:36.342+0100: 75,762: Total time for which application threads were stopped: 0,0001393 seconds, Stopping threads took: 0,0000489 seconds
2016-09-22T15:44:36.343+0100: 75,762: Total time for which application threads were stopped: 0,0000727 seconds, Stopping threads took: 0,0000212 seconds
2016-09-22T15:44:37.111+0100: 76,531: Total time for which application threads were stopped: 0,0002284 seconds, Stopping threads took: 0,0000465 seconds
2016-09-22T15:44:37.112+0100: 76,531: Total time for which application threads were stopped: 0,0001704 seconds, Stopping threads took: 0,0000298 seconds
2016-09-22T15:44:37.112+0100: 76,531: Total time for which application threads were stopped: 0,0001225 seconds, Stopping threads took: 0,0000218 seconds
2016-09-22T15:44:37.113+0100: 76,533: Total time for which application threads were stopped: 0,0001318 seconds, Stopping threads took: 0,0000268 seconds
2016-09-22T15:44:37.113+0100: 76,533: Total time for which application threads were stopped: 0,0001085 seconds, Stopping threads took: 0,0000168 seconds
2016-09-22T15:44:37.114+0100: 76,533: Total time for which application threads were stopped: 0,0001431 seconds, Stopping threads took: 0,0000518 seconds
2016-09-22T15:44:38.356+0100: 77,775: Total time for which application threads were stopped: 0,0002165 seconds, Stopping threads took: 0,0000682 seconds
2016-09-22T15:44:38.357+0100: 77,776: Total time for which application threads were stopped: 0,0000900 seconds, Stopping threads took: 0,0000116 seconds
2016-09-22T15:44:38.361+0100: 77,780: Total time for which application threads were stopped: 0,0002416 seconds, Stopping threads took: 0,0000546 seconds
2016-09-22T15:44:38.361+0100: 77,781: Total time for which application threads were stopped: 0,0002001 seconds, Stopping threads took: 0,0000384 seconds
2016-09-22T15:44:38.361+0100: 77,781: Total time for which application threads were stopped: 0,0000776 seconds, Stopping threads took: 0,0000181 seconds
2016-09-22T15:44:38.362+0100: 77,781: Total time for which application threads were stopped: 0,0001197 seconds, Stopping threads took: 0,0000548 seconds
2016-09-22T15:44:38.362+0100: 77,781: Total time for which application threads were stopped: 0,0000606 seconds, Stopping threads took: 0,0000102 seconds
2016-09-22T15:44:38.362+0100: 77,781: Total time for which application threads were stopped: 0,0000636 seconds, Stopping threads took: 0,0000115 seconds
2016-09-22T15:44:38.369+0100: 77,788: Total time for which application threads were stopped: 0,0002569 seconds, Stopping threads took: 0,0000790 seconds
2016-09-22T15:44:38.369+0100: 77,789: Total time for which application threads were stopped: 0,0001025 seconds, Stopping threads took: 0,0000123 seconds
2016-09-22T15:44:38.369+0100: 77,789: Total time for which application threads were stopped: 0,0000948 seconds, Stopping threads took: 0,0000116 seconds
2016-09-22T15:44:38.371+0100: 77,791: Total time for which application threads were stopped: 0,0001044 seconds, Stopping threads took: 0,0000349 seconds
2016-09-22T15:44:38.372+0100: 77,791: Total time for which application threads were stopped: 0,0000725 seconds, Stopping threads took: 0,0000158 seconds
2016-09-22T15:44:38.508+0100: 77,927: Total time for which application threads were stopped: 0,0002540 seconds, Stopping threads took: 0,0000515 seconds
2016-09-22T15:44:39.358+0100: 78,777: Total time for which application threads were stopped: 0,0001771 seconds, Stopping threads took: 0,0000388 seconds
2016-09-22T15:44:39.358+0100: 78,778: Total time for which application threads were stopped: 0,0000854 seconds, Stopping threads took: 0,0000124 seconds
2016-09-22T15:44:39.358+0100: 78,778: Total time for which application threads were stopped: 0,0000606 seconds, Stopping threads took: 0,0000076 seconds
2016-09-22T15:44:39.363+0100: 78,783: Total time for which application threads were stopped: 0,0001146 seconds, Stopping threads took: 0,0000202 seconds
2016-09-22T15:44:39.364+0100: 78,783: Total time for which application threads were stopped: 0,0000556 seconds, Stopping threads took: 0,0000063 seconds
2016-09-22T15:44:39.364+0100: 78,783: Total time for which application threads were stopped: 0,0000537 seconds, Stopping threads took: 0,0000060 seconds
2016-09-22T15:44:39.365+0100: 78,784: Total time for which application threads were stopped: 0,0001358 seconds, Stopping threads took: 0,0000372 seconds
2016-09-22T15:44:39.366+0100: 78,785: Total time for which application threads were stopped: 0,0003451 seconds, Stopping threads took: 0,0000391 seconds
2016-09-22T15:44:39.379+0100: 78,799: Total time for which application threads were stopped: 0,0002543 seconds, Stopping threads took: 0,0000667 seconds
{Heap before GC invocations=14 (full 2):
 par new generation   total 109248K, used 109248K [0x00000000e0000000, 0x00000000e8000000, 0x00000000e8000000)
  eden space 87424K, 100% used [0x00000000e0000000, 0x00000000e5560000, 0x00000000e5560000)
  from space 21824K, 100% used [0x00000000e5560000, 0x00000000e6ab0000, 0x00000000e6ab0000)
  to   space 21824K,   0% used [0x00000000e6ab0000, 0x00000000e6ab0000, 0x00000000e8000000)
 concurrent mark-sweep generation total 393216K, used 20827K [0x00000000e8000000, 0x0000000100000000, 0x0000000100000000)
 Metaspace       used 36543K, capacity 37094K, committed 37324K, reserved 1083392K
  class space    used 4113K, capacity 4258K, committed 4300K, reserved 1048576K
2016-09-22T15:44:39.944+0100: 79,363: [GC (Allocation Failure) 2016-09-22T15:44:39.944+0100: 79,363: [ParNew
Desired survivor size 20112992 bytes, new threshold 8 (max 8)
- age   1:    2595512 bytes,    2595512 total
- age   2:    2759184 bytes,    5354696 total
- age   3:     722456 bytes,    6077152 total
- age   4:    2550712 bytes,    8627864 total
- age   5:    2085680 bytes,   10713544 total
- age   6:    2589808 bytes,   13303352 total
- age   7:     408192 bytes,   13711544 total
- age   8:    7548392 bytes,   21259936 total
: 109248K->21824K(109248K), 0,0132927 secs] 130075K->44471K(502464K), 0,0133991 secs] [Times: user=0,06 sys=0,00, real=0,02 secs] 
Heap after GC invocations=15 (full 2):
 par new generation   total 109248K, used 21824K [0x00000000e0000000, 0x00000000e8000000, 0x00000000e8000000)
  eden space 87424K,   0% used [0x00000000e0000000, 0x00000000e0000000, 0x00000000e5560000)
  from space 21824K, 100% used [0x00000000e6ab0000, 0x00000000e8000000, 0x00000000e8000000)
  to   space 21824K,   0% used [0x00000000e5560000, 0x00000000e5560000, 0x00000000e6ab0000)
 concurrent mark-sweep generation total 393216K, used 22647K [0x00000000e8000000, 0x0000000100000000, 0x0000000100000000)
 Metaspace       used 36543K, capacity 37094K, committed 37324K, reserved 1083392K
  class space    used 4113K, capacity 4258K, committed 4300K, reserved 1048576K
}
2016-09-22T15:44:39.957+0100: 79,377: Total time for which application threads were stopped: 0,0137985 seconds, Stopping threads took: 0,0000576 seconds
2016-09-22T15:44:39.958+0100: 79,377: Total time for which application threads were stopped: 0,0006588 seconds, Stopping threads took: 0,0000285 seconds
2016-09-22T15:44:39.958+0100: 79,378: Total time for which application threads were stopped: 0,0001651 seconds, Stopping threads took: 0,0000216 seconds
{Heap before GC invocations=15 (full 2):
 par new generation   total 109248K, used 109248K [0x00000000e0000000, 0x00000000e8000000, 0x00000000e8000000)
  eden space 87424K, 100% used [0x00000000e0000000, 0x00000000e5560000, 0x00000000e5560000)
  from space 21824K, 100% used [0x00000000e6ab0000, 0x00000000e8000000, 0x00000000e8000000)
  to   space 21824K,   0% used [0x00000000e5560000, 0x00000000e5560000, 0x00000000e6ab0000)
 concurrent mark-sweep generation total 393216K, used 22647K [0x00000000e8000000, 0x0000000100000000, 0x0000000100000000)
 Metaspace       used 36553K, capacity 37100K, committed 37324K, reserved 1083392K
  class space    used 4114K, capacity 4259K, committed 4300K, reserved 1048576K
2016-09-22T15:44:40.006+0100: 79,425: [GC (Allocation Failure) 2016-09-22T15:44:40.006+0100: 79,425: [ParNew
Desired survivor size 20112992 bytes, new threshold 8 (max 8)
- age   1:     912208 bytes,     912208 total
- age   2:    2394544 bytes,    3306752 total
- age   3:    2752968 bytes,    6059720 total
- age   4:     722456 bytes,    6782176 total
- age   5:    2550712 bytes,    9332888 total
- age   6:    2085680 bytes,   11418568 total
- age   7:    2589592 bytes,   14008160 total
- age   8:     408192 bytes,   14416352 total
: 109248K->21824K(109248K), 0,0144667 secs] 131895K->50017K(502464K), 0,0145854 secs] [Times: user=0,05 sys=0,00, real=0,02 secs] 
Heap after GC invocations=16 (full 2):
 par new generation   total 109248K, used 21824K [0x00000000e0000000, 0x00000000e8000000, 0x00000000e8000000)
  eden space 87424K,   0% used [0x00000000e0000000, 0x00000000e0000000, 0x00000000e5560000)
  from space 21824K, 100% used [0x00000000e5560000, 0x00000000e6ab0000, 0x00000000e6ab0000)
  to   space 21824K,   0% used [0x00000000e6ab0000, 0x00000000e6ab0000, 0x00000000e8000000)
 concurrent mark-sweep generation total 393216K, used 28193K [0x00000000e8000000, 0x0000000100000000, 0x0000000100000000)
 Metaspace       used 36553K, capacity 37100K, committed 37324K, reserved 1083392K
  class space    used 4114K, capacity 4259K, committed 4300K, reserved 1048576K
}
2016-09-22T15:44:40.020+0100: 79,440: Total time for which application threads were stopped: 0,0148510 seconds, Stopping threads took: 0,0000442 seconds
2016-09-22T15:44:40.021+0100: 79,440: Total time for which application threads were stopped: 0,0004601 seconds, Stopping threads took: 0,0000526 seconds
2016-09-22T15:44:40.170+0100: 79,590: Total time for which application threads were stopped: 0,0001890 seconds, Stopping threads took: 0,0000294 seconds
2016-09-22T15:44:40.270+0100: 79,689: Total time for which application threads were stopped: 0,0001827 seconds, Stopping threads took: 0,0000399 seconds
2016-09-22T15:44:40.270+0100: 79,690: Total time for which application threads were stopped: 0,0001035 seconds, Stopping threads took: 0,0000160 seconds
2016-09-22T15:44:40.271+0100: 79,690: Total time for which application threads were stopped: 0,0000676 seconds, Stopping threads took: 0,0000113 seconds
2016-09-22T15:44:40.313+0100: 79,732: Total time for which application threads were stopped: 0,0001685 seconds, Stopping threads took: 0,0000331 seconds
2016-09-22T15:44:40.313+0100: 79,732: Total time for which application threads were stopped: 0,0000653 seconds, Stopping threads took: 0,0000083 seconds
2016-09-22T15:44:40.313+0100: 79,732: Total time for which application threads were stopped: 0,0000634 seconds, Stopping threads took: 0,0000093 seconds
2016-09-22T15:44:41.313+0100: 80,732: Total time for which application threads were stopped: 0,0002180 seconds, Stopping threads took: 0,0000354 seconds
2016-09-22T15:44:41.635+0100: 81,055: Total time for which application threads were stopped: 0,0001650 seconds, Stopping threads took: 0,0000323 seconds
2016-09-22T15:44:41.636+0100: 81,055: Total time for which application threads were stopped: 0,0000728 seconds, Stopping threads took: 0,0000095 seconds
2016-09-22T15:44:41.636+0100: 81,055: Total time for which application threads were stopped: 0,0000608 seconds, Stopping threads took: 0,0000081 seconds
2016-09-22T15:44:41.636+0100: 81,056: Total time for which application threads were stopped: 0,0000663 seconds, Stopping threads took: 0,0000111 seconds
2016-09-22T15:44:41.637+0100: 81,056: Total time for which application threads were stopped: 0,0000650 seconds, Stopping threads took: 0,0000099 seconds
2016-09-22T15:44:41.637+0100: 81,056: Total time for which application threads were stopped: 0,0000626 seconds, Stopping threads took: 0,0000076 seconds
2016-09-22T15:44:41.648+0100: 81,067: Total time for which application threads were stopped: 0,0002742 seconds, Stopping threads took: 0,0001249 seconds
2016-09-22T15:44:41.648+0100: 81,068: Total time for which application threads were stopped: 0,0000972 seconds, Stopping threads took: 0,0000378 seconds
2016-09-22T15:44:41.654+0100: 81,074: Total time for which application threads were stopped: 0,0002388 seconds, Stopping threads took: 0,0000552 seconds
2016-09-22T15:44:41.655+0100: 81,074: Total time for which application threads were stopped: 0,0001757 seconds, Stopping threads took: 0,0000489 seconds
2016-09-22T15:44:41.655+0100: 81,075: Total time for which application threads were stopped: 0,0001286 seconds, Stopping threads took: 0,0000319 seconds
2016-09-22T15:44:41.658+0100: 81,077: Total time for which application threads were stopped: 0,0002287 seconds, Stopping threads took: 0,0000767 seconds
2016-09-22T15:44:41.658+0100: 81,077: Total time for which application threads were stopped: 0,0002452 seconds, Stopping threads took: 0,0000867 seconds
2016-09-22T15:44:41.694+0100: 81,113: Total time for which application threads were stopped: 0,0002580 seconds, Stopping threads took: 0,0000494 seconds
2016-09-22T15:44:42.640+0100: 82,060: Total time for which application threads were stopped: 0,0002285 seconds, Stopping threads took: 0,0000347 seconds
2016-09-22T15:44:42.640+0100: 82,060: Total time for which application threads were stopped: 0,0001485 seconds, Stopping threads took: 0,0000256 seconds
2016-09-22T15:44:42.641+0100: 82,060: Total time for which application threads were stopped: 0,0001275 seconds, Stopping threads took: 0,0000201 seconds
2016-09-22T15:44:42.644+0100: 82,063: Total time for which application threads were stopped: 0,0001898 seconds, Stopping threads took: 0,0000392 seconds
2016-09-22T15:44:42.647+0100: 82,066: Total time for which application threads were stopped: 0,0001666 seconds, Stopping threads took: 0,0000281 seconds
2016-09-22T15:44:42.650+0100: 82,069: Total time for which application threads were stopped: 0,0002493 seconds, Stopping threads took: 0,0000629 seconds
2016-09-22T15:44:42.650+0100: 82,070: Total time for which application threads were stopped: 0,0002070 seconds, Stopping threads took: 0,0000573 seconds
2016-09-22T15:44:42.651+0100: 82,070: Total time for which application threads were stopped: 0,0001782 seconds, Stopping threads took: 0,0000521 seconds
2016-09-22T15:44:42.671+0100: 82,090: Total time for which application threads were stopped: 0,0001717 seconds, Stopping threads took: 0,0000415 seconds
{Heap before GC invocations=16 (full 2):
 par new generation   total 109248K, used 109248K [0x00000000e0000000, 0x00000000e8000000, 0x00000000e8000000)
  eden space 87424K, 100% used [0x00000000e0000000, 0x00000000e5560000, 0x00000000e5560000)
  from space 21824K, 100% used [0x00000000e5560000, 0x00000000e6ab0000, 0x00000000e6ab0000)
  to   space 21824K,   0% used [0x00000000e6ab0000, 0x00000000e6ab0000, 0x00000000e8000000)
 concurrent mark-sweep generation total 393216K, used 28193K [0x00000000e8000000, 0x0000000100000000, 0x0000000100000000)
 Metaspace       used 36721K, capacity 37304K, committed 37580K, reserved 1083392K
  class space    used 4114K, capacity 4259K, committed 4300K, reserved 1048576K
2016-09-22T15:44:43.399+0100: 82,819: [GC (Allocation Failure) 2016-09-22T15:44:43.400+0100: 82,819: [ParNew
Desired survivor size 20112992 bytes, new threshold 8 (max 8)
- age   1:    3873600 bytes,    3873600 total
- age   2:     247416 bytes,    4121016 total
- age   3:    2333864 bytes,    6454880 total
- age   4:    2752568 bytes,    9207448 total
- age   5:     722456 bytes,    9929904 total
- age   6:    2550224 bytes,   12480128 total
- age   7:    2085680 bytes,   14565808 total
- age   8:    2589376 bytes,   17155184 total
: 109248K->20288K(109248K), 0,0107188 secs] 137441K->48888K(502464K), 0,0108264 secs] [Times: user=0,04 sys=0,00, real=0,01 secs] 
Heap after GC invocations=17 (full 2):
 par new generation   total 109248K, used 20288K [0x00000000e0000000, 0x00000000e8000000, 0x00000000e8000000)
  eden space 87424K,   0% used [0x00000000e0000000, 0x00000000e0000000, 0x00000000e5560000)
  from space 21824K,  92% used [0x00000000e6ab0000, 0x00000000e7e803a0, 0x00000000e8000000)
  to   space 21824K,   0% used [0x00000000e5560000, 0x00000000e5560000, 0x00000000e6ab0000)
 concurrent mark-sweep generation total 393216K, used 28599K [0x00000000e8000000, 0x0000000100000000, 0x0000000100000000)
 Metaspace       used 36721K, capacity 37304K, committed 37580K, reserved 1083392K
  class space    used 4114K, capacity 4259K, committed 4300K, reserved 1048576K
}
2016-09-22T15:44:43.410+0100: 82,830: Total time for which application threads were stopped: 0,0111449 seconds, Stopping threads took: 0,0000435 seconds
2016-09-22T15:44:43.411+0100: 82,830: Total time for which application threads were stopped: 0,0003072 seconds, Stopping threads took: 0,0000900 seconds
2016-09-22T15:44:43.411+0100: 82,830: Total time for which application threads were stopped: 0,0001738 seconds, Stopping threads took: 0,0000337 seconds
2016-09-22T15:44:43.442+0100: 82,861: Total time for which application threads were stopped: 0,0002430 seconds, Stopping threads took: 0,0000579 seconds
2016-09-22T15:44:43.442+0100: 82,862: Total time for which application threads were stopped: 0,0002703 seconds, Stopping threads took: 0,0000568 seconds
2016-09-22T15:44:43.443+0100: 82,862: Total time for which application threads were stopped: 0,0001932 seconds, Stopping threads took: 0,0000462 seconds
2016-09-22T15:44:43.460+0100: 82,879: Total time for which application threads were stopped: 0,0002952 seconds, Stopping threads took: 0,0000798 seconds
2016-09-22T15:44:43.460+0100: 82,880: Total time for which application threads were stopped: 0,0001939 seconds, Stopping threads took: 0,0001088 seconds
2016-09-22T15:44:43.461+0100: 82,880: Total time for which application threads were stopped: 0,0004968 seconds, Stopping threads took: 0,0000518 seconds
2016-09-22T15:44:43.527+0100: 82,946: Total time for which application threads were stopped: 0,0003032 seconds, Stopping threads took: 0,0000523 seconds
2016-09-22T15:44:43.535+0100: 82,954: Total time for which application threads were stopped: 0,0004817 seconds, Stopping threads took: 0,0000318 seconds
2016-09-22T15:44:44.535+0100: 83,954: Total time for which application threads were stopped: 0,0001864 seconds, Stopping threads took: 0,0000359 seconds
2016-09-22T15:44:44.965+0100: 84,384: Total time for which application threads were stopped: 0,0001736 seconds, Stopping threads took: 0,0000331 seconds
2016-09-22T15:44:44.965+0100: 84,385: Total time for which application threads were stopped: 0,0000903 seconds, Stopping threads took: 0,0000223 seconds
2016-09-22T15:44:44.965+0100: 84,385: Total time for which application threads were stopped: 0,0000738 seconds, Stopping threads took: 0,0000178 seconds
2016-09-22T15:44:44.966+0100: 84,385: Total time for which application threads were stopped: 0,0000737 seconds, Stopping threads took: 0,0000134 seconds
2016-09-22T15:44:44.966+0100: 84,385: Total time for which application threads were stopped: 0,0000967 seconds, Stopping threads took: 0,0000092 seconds
2016-09-22T15:44:44.966+0100: 84,385: Total time for which application threads were stopped: 0,0000635 seconds, Stopping threads took: 0,0000076 seconds
2016-09-22T15:44:44.970+0100: 84,389: Total time for which application threads were stopped: 0,0001834 seconds, Stopping threads took: 0,0000274 seconds
2016-09-22T15:44:44.970+0100: 84,390: Total time for which application threads were stopped: 0,0001026 seconds, Stopping threads took: 0,0000203 seconds
2016-09-22T15:44:44.970+0100: 84,390: Total time for which application threads were stopped: 0,0000852 seconds, Stopping threads took: 0,0000083 seconds
2016-09-22T15:44:44.971+0100: 84,390: Total time for which application threads were stopped: 0,0000877 seconds, Stopping threads took: 0,0000084 seconds
2016-09-22T15:44:44.971+0100: 84,390: Total time for which application threads were stopped: 0,0001471 seconds, Stopping threads took: 0,0000085 seconds
{Heap before GC invocations=17 (full 2):
 par new generation   total 109248K, used 107712K [0x00000000e0000000, 0x00000000e8000000, 0x00000000e8000000)
  eden space 87424K, 100% used [0x00000000e0000000, 0x00000000e5560000, 0x00000000e5560000)
  from space 21824K,  92% used [0x00000000e6ab0000, 0x00000000e7e803a0, 0x00000000e8000000)
  to   space 21824K,   0% used [0x00000000e5560000, 0x00000000e5560000, 0x00000000e6ab0000)
 concurrent mark-sweep generation total 393216K, used 28599K [0x00000000e8000000, 0x0000000100000000, 0x0000000100000000)
 Metaspace       used 36775K, capacity 37374K, committed 37580K, reserved 1083392K
  class space    used 4115K, capacity 4260K, committed 4300K, reserved 1048576K
2016-09-22T15:44:45.025+0100: 84,445: [GC (Allocation Failure) 2016-09-22T15:44:45.025+0100: 84,445: [ParNew
Desired survivor size 20112992 bytes, new threshold 8 (max 8)
- age   1:    2865048 bytes,    2865048 total
- age   2:    3205752 bytes,    6070800 total
- age   3:     237672 bytes,    6308472 total
- age   4:    2333384 bytes,    8641856 total
- age   5:    2020304 bytes,   10662160 total
- age   6:     721792 bytes,   11383952 total
- age   7:    2550192 bytes,   13934144 total
- age   8:    2085360 bytes,   16019504 total
: 107712K->21824K(109248K), 0,0175644 secs] 136312K->53676K(502464K), 0,0177579 secs] [Times: user=0,08 sys=0,00, real=0,02 secs] 
Heap after GC invocations=18 (full 2):
 par new generation   total 109248K, used 21824K [0x00000000e0000000, 0x00000000e8000000, 0x00000000e8000000)
  eden space 87424K,   0% used [0x00000000e0000000, 0x00000000e0000000, 0x00000000e5560000)
  from space 21824K, 100% used [0x00000000e5560000, 0x00000000e6ab0000, 0x00000000e6ab0000)
  to   space 21824K,   0% used [0x00000000e6ab0000, 0x00000000e6ab0000, 0x00000000e8000000)
 concurrent mark-sweep generation total 393216K, used 31852K [0x00000000e8000000, 0x0000000100000000, 0x0000000100000000)
 Metaspace       used 36775K, capacity 37374K, committed 37580K, reserved 1083392K
  class space    used 4115K, capacity 4260K, committed 4300K, reserved 1048576K
}
2016-09-22T15:44:45.043+0100: 84,462: Total time for which application threads were stopped: 0,0181009 seconds, Stopping threads took: 0,0000551 seconds
2016-09-22T15:44:45.044+0100: 84,463: Total time for which application threads were stopped: 0,0002457 seconds, Stopping threads took: 0,0000600 seconds
2016-09-22T15:44:45.066+0100: 84,485: Total time for which application threads were stopped: 0,0002298 seconds, Stopping threads took: 0,0000458 seconds
2016-09-22T15:44:45.303+0100: 84,722: Total time for which application threads were stopped: 0,0001822 seconds, Stopping threads took: 0,0000372 seconds
2016-09-22T15:44:45.303+0100: 84,723: Total time for which application threads were stopped: 0,0001378 seconds, Stopping threads took: 0,0000220 seconds
2016-09-22T15:44:45.303+0100: 84,723: Total time for which application threads were stopped: 0,0000914 seconds, Stopping threads took: 0,0000142 seconds
2016-09-22T15:44:45.305+0100: 84,724: Total time for which application threads were stopped: 0,0002358 seconds, Stopping threads took: 0,0000486 seconds
2016-09-22T15:44:45.306+0100: 84,725: Total time for which application threads were stopped: 0,0001852 seconds, Stopping threads took: 0,0000335 seconds
2016-09-22T15:44:45.307+0100: 84,727: Total time for which application threads were stopped: 0,0002221 seconds, Stopping threads took: 0,0000504 seconds
2016-09-22T15:44:45.309+0100: 84,728: Total time for which application threads were stopped: 0,0002685 seconds, Stopping threads took: 0,0000539 seconds
2016-09-22T15:44:45.312+0100: 84,731: Total time for which application threads were stopped: 0,0002904 seconds, Stopping threads took: 0,0000931 seconds
2016-09-22T15:44:45.313+0100: 84,732: Total time for which application threads were stopped: 0,0002196 seconds, Stopping threads took: 0,0000843 seconds
2016-09-22T15:44:45.313+0100: 84,732: Total time for which application threads were stopped: 0,0001196 seconds, Stopping threads took: 0,0000484 seconds
2016-09-22T15:44:45.318+0100: 84,738: Total time for which application threads were stopped: 0,0002314 seconds, Stopping threads took: 0,0000701 seconds
2016-09-22T15:44:45.382+0100: 84,801: Total time for which application threads were stopped: 0,0002199 seconds, Stopping threads took: 0,0000393 seconds
2016-09-22T15:44:45.779+0100: 85,198: Total time for which application threads were stopped: 0,0003090 seconds, Stopping threads took: 0,0001161 seconds
2016-09-22T15:44:45.779+0100: 85,199: Total time for which application threads were stopped: 0,0000825 seconds, Stopping threads took: 0,0000134 seconds
2016-09-22T15:44:45.779+0100: 85,199: Total time for which application threads were stopped: 0,0000818 seconds, Stopping threads took: 0,0000208 seconds
2016-09-22T15:44:45.784+0100: 85,204: Total time for which application threads were stopped: 0,0002489 seconds, Stopping threads took: 0,0000840 seconds
2016-09-22T15:44:45.785+0100: 85,205: Total time for which application threads were stopped: 0,0001329 seconds, Stopping threads took: 0,0000179 seconds
2016-09-22T15:44:45.802+0100: 85,221: Total time for which application threads were stopped: 0,0006996 seconds, Stopping threads took: 0,0005564 seconds
2016-09-22T15:44:45.802+0100: 85,221: Total time for which application threads were stopped: 0,0001076 seconds, Stopping threads took: 0,0000285 seconds
2016-09-22T15:44:45.804+0100: 85,224: Total time for which application threads were stopped: 0,0003186 seconds, Stopping threads took: 0,0000538 seconds
2016-09-22T15:44:45.813+0100: 85,232: Total time for which application threads were stopped: 0,0002133 seconds, Stopping threads took: 0,0000445 seconds
2016-09-22T15:44:45.814+0100: 85,233: Total time for which application threads were stopped: 0,0000858 seconds, Stopping threads took: 0,0000129 seconds
2016-09-22T15:44:45.814+0100: 85,233: Total time for which application threads were stopped: 0,0000773 seconds, Stopping threads took: 0,0000225 seconds
2016-09-22T15:44:45.904+0100: 85,323: Total time for which application threads were stopped: 0,0002898 seconds, Stopping threads took: 0,0000504 seconds
{Heap before GC invocations=18 (full 2):
 par new generation   total 109248K, used 109248K [0x00000000e0000000, 0x00000000e8000000, 0x00000000e8000000)
  eden space 87424K, 100% used [0x00000000e0000000, 0x00000000e5560000, 0x00000000e5560000)
  from space 21824K, 100% used [0x00000000e5560000, 0x00000000e6ab0000, 0x00000000e6ab0000)
  to   space 21824K,   0% used [0x00000000e6ab0000, 0x00000000e6ab0000, 0x00000000e8000000)
 concurrent mark-sweep generation total 393216K, used 31852K [0x00000000e8000000, 0x0000000100000000, 0x0000000100000000)
 Metaspace       used 37149K, capacity 37694K, committed 37836K, reserved 1083392K
  class space    used 4115K, capacity 4260K, committed 4300K, reserved 1048576K
2016-09-22T15:44:46.640+0100: 86,059: [GC (Allocation Failure) 2016-09-22T15:44:46.640+0100: 86,059: [ParNew
Desired survivor size 20112992 bytes, new threshold 8 (max 8)
- age   1:    2640296 bytes,    2640296 total
- age   2:    2540280 bytes,    5180576 total
- age   3:    3195976 bytes,    8376552 total
- age   4:     237672 bytes,    8614224 total
- age   5:    2332936 bytes,   10947160 total
- age   6:    2019464 bytes,   12966624 total
- age   7:     721792 bytes,   13688416 total
- age   8:    2550192 bytes,   16238608 total
: 109248K->21408K(109248K), 0,0194550 secs] 141100K->55307K(502464K), 0,0195638 secs] [Times: user=0,12 sys=0,00, real=0,02 secs] 
Heap after GC invocations=19 (full 2):
 par new generation   total 109248K, used 21408K [0x00000000e0000000, 0x00000000e8000000, 0x00000000e8000000)
  eden space 87424K,   0% used [0x00000000e0000000, 0x00000000e0000000, 0x00000000e5560000)
  from space 21824K,  98% used [0x00000000e6ab0000, 0x00000000e7f98198, 0x00000000e8000000)
  to   space 21824K,   0% used [0x00000000e5560000, 0x00000000e5560000, 0x00000000e6ab0000)
 concurrent mark-sweep generation total 393216K, used 33898K [0x00000000e8000000, 0x0000000100000000, 0x0000000100000000)
 Metaspace       used 37149K, capacity 37694K, committed 37836K, reserved 1083392K
  class space    used 4115K, capacity 4260K, committed 4300K, reserved 1048576K
}
2016-09-22T15:44:46.660+0100: 86,079: Total time for which application threads were stopped: 0,0200742 seconds, Stopping threads took: 0,0000560 seconds
2016-09-22T15:44:46.830+0100: 86,249: Total time for which application threads were stopped: 0,0002148 seconds, Stopping threads took: 0,0000422 seconds
2016-09-22T15:44:46.831+0100: 86,251: Total time for which application threads were stopped: 0,0001606 seconds, Stopping threads took: 0,0000367 seconds
2016-09-22T15:44:46.856+0100: 86,275: Total time for which application threads were stopped: 0,0001799 seconds, Stopping threads took: 0,0000458 seconds
2016-09-22T15:44:46.857+0100: 86,276: Total time for which application threads were stopped: 0,0001030 seconds, Stopping threads took: 0,0000141 seconds
2016-09-22T15:44:46.857+0100: 86,276: Total time for which application threads were stopped: 0,0000603 seconds, Stopping threads took: 0,0000092 seconds
2016-09-22T15:44:46.857+0100: 86,276: Total time for which application threads were stopped: 0,0000868 seconds, Stopping threads took: 0,0000128 seconds
2016-09-22T15:44:46.862+0100: 86,281: Total time for which application threads were stopped: 0,0001896 seconds, Stopping threads took: 0,0000396 seconds
2016-09-22T15:44:46.862+0100: 86,282: Total time for which application threads were stopped: 0,0001030 seconds, Stopping threads took: 0,0000355 seconds
2016-09-22T15:44:46.862+0100: 86,282: Total time for which application threads were stopped: 0,0000796 seconds, Stopping threads took: 0,0000231 seconds
2016-09-22T15:44:47.863+0100: 87,282: Total time for which application threads were stopped: 0,0002257 seconds, Stopping threads took: 0,0000354 seconds
2016-09-22T15:44:47.928+0100: 87,347: Total time for which application threads were stopped: 0,0002007 seconds, Stopping threads took: 0,0000340 seconds
2016-09-22T15:44:47.928+0100: 87,348: Total time for which application threads were stopped: 0,0000971 seconds, Stopping threads took: 0,0000323 seconds
2016-09-22T15:44:47.929+0100: 87,348: Total time for which application threads were stopped: 0,0000898 seconds, Stopping threads took: 0,0000215 seconds
2016-09-22T15:44:47.932+0100: 87,351: Total time for which application threads were stopped: 0,0001366 seconds, Stopping threads took: 0,0000427 seconds
{Heap before GC invocations=19 (full 2):
 par new generation   total 109248K, used 108831K [0x00000000e0000000, 0x00000000e8000000, 0x00000000e8000000)
  eden space 87424K,  99% used [0x00000000e0000000, 0x00000000e555fa68, 0x00000000e5560000)
  from space 21824K,  98% used [0x00000000e6ab0000, 0x00000000e7f98198, 0x00000000e8000000)
  to   space 21824K,   0% used [0x00000000e5560000, 0x00000000e5560000, 0x00000000e6ab0000)
 concurrent mark-sweep generation total 393216K, used 33898K [0x00000000e8000000, 0x0000000100000000, 0x0000000100000000)
 Metaspace       used 37194K, capacity 37758K, committed 38092K, reserved 1083392K
  class space    used 4115K, capacity 4260K, committed 4300K, reserved 1048576K
2016-09-22T15:44:48.334+0100: 87,753: [GC (Allocation Failure) 2016-09-22T15:44:48.334+0100: 87,753: [ParNew
Desired survivor size 20112992 bytes, new threshold 8 (max 8)
- age   1:    1848632 bytes,    1848632 total
- age   2:     487576 bytes,    2336208 total
- age   3:    2468104 bytes,    4804312 total
- age   4:    3186584 bytes,    7990896 total
- age   5:     237672 bytes,    8228568 total
- age   6:    2332896 bytes,   10561464 total
- age   7:    2019464 bytes,   12580928 total
- age   8:     721576 bytes,   13302504 total
: 108831K->18732K(109248K), 0,0128693 secs] 142729K->55130K(502464K), 0,0129595 secs] [Times: user=0,04 sys=0,01, real=0,01 secs] 
Heap after GC invocations=20 (full 2):
 par new generation   total 109248K, used 18732K [0x00000000e0000000, 0x00000000e8000000, 0x00000000e8000000)
  eden space 87424K,   0% used [0x00000000e0000000, 0x00000000e0000000, 0x00000000e5560000)
  from space 21824K,  85% used [0x00000000e5560000, 0x00000000e67ab0f0, 0x00000000e6ab0000)
  to   space 21824K,   0% used [0x00000000e6ab0000, 0x00000000e6ab0000, 0x00000000e8000000)
 concurrent mark-sweep generation total 393216K, used 36398K [0x00000000e8000000, 0x0000000100000000, 0x0000000100000000)
 Metaspace       used 37194K, capacity 37758K, committed 38092K, reserved 1083392K
  class space    used 4115K, capacity 4260K, committed 4300K, reserved 1048576K
}
2016-09-22T15:44:48.347+0100: 87,766: Total time for which application threads were stopped: 0,0132454 seconds, Stopping threads took: 0,0000459 seconds
2016-09-22T15:44:48.347+0100: 87,766: Total time for which application threads were stopped: 0,0002136 seconds, Stopping threads took: 0,0000370 seconds
2016-09-22T15:44:48.466+0100: 87,885: Total time for which application threads were stopped: 0,0004972 seconds, Stopping threads took: 0,0000366 seconds
2016-09-22T15:44:48.466+0100: 87,886: Total time for which application threads were stopped: 0,0001077 seconds, Stopping threads took: 0,0000163 seconds
2016-09-22T15:44:49.467+0100: 88,886: Total time for which application threads were stopped: 0,0002015 seconds, Stopping threads took: 0,0000380 seconds
2016-09-22T15:44:49.879+0100: 89,298: Total time for which application threads were stopped: 0,0001797 seconds, Stopping threads took: 0,0000328 seconds
2016-09-22T15:44:49.879+0100: 89,298: Total time for which application threads were stopped: 0,0000800 seconds, Stopping threads took: 0,0000106 seconds
2016-09-22T15:44:49.879+0100: 89,298: Total time for which application threads were stopped: 0,0000711 seconds, Stopping threads took: 0,0000091 seconds
2016-09-22T15:44:49.879+0100: 89,299: Total time for which application threads were stopped: 0,0000701 seconds, Stopping threads took: 0,0000091 seconds
2016-09-22T15:44:49.879+0100: 89,299: Total time for which application threads were stopped: 0,0000710 seconds, Stopping threads took: 0,0000087 seconds
2016-09-22T15:44:49.880+0100: 89,299: Total time for which application threads were stopped: 0,0000779 seconds, Stopping threads took: 0,0000122 seconds
2016-09-22T15:44:49.883+0100: 89,302: Total time for which application threads were stopped: 0,0001608 seconds, Stopping threads took: 0,0000295 seconds
2016-09-22T15:44:49.883+0100: 89,302: Total time for which application threads were stopped: 0,0000855 seconds, Stopping threads took: 0,0000245 seconds
2016-09-22T15:44:49.883+0100: 89,302: Total time for which application threads were stopped: 0,0000736 seconds, Stopping threads took: 0,0000208 seconds
2016-09-22T15:44:49.883+0100: 89,303: Total time for which application threads were stopped: 0,0001008 seconds, Stopping threads took: 0,0000200 seconds
2016-09-22T15:44:49.884+0100: 89,303: Total time for which application threads were stopped: 0,0001259 seconds, Stopping threads took: 0,0000400 seconds
2016-09-22T15:44:49.948+0100: 89,367: Total time for which application threads were stopped: 0,0003590 seconds, Stopping threads took: 0,0001026 seconds
2016-09-22T15:44:50.878+0100: 90,297: Total time for which application threads were stopped: 0,0006237 seconds, Stopping threads took: 0,0000388 seconds
2016-09-22T15:44:50.879+0100: 90,298: Total time for which application threads were stopped: 0,0002389 seconds, Stopping threads took: 0,0000592 seconds
2016-09-22T15:44:50.879+0100: 90,298: Total time for which application threads were stopped: 0,0001364 seconds, Stopping threads took: 0,0000169 seconds
2016-09-22T15:44:50.881+0100: 90,300: Total time for which application threads were stopped: 0,0002460 seconds, Stopping threads took: 0,0001121 seconds
2016-09-22T15:44:50.881+0100: 90,300: Total time for which application threads were stopped: 0,0001276 seconds, Stopping threads took: 0,0000685 seconds
2016-09-22T15:44:50.881+0100: 90,300: Total time for which application threads were stopped: 0,0002118 seconds, Stopping threads took: 0,0000996 seconds
2016-09-22T15:44:50.883+0100: 90,303: Total time for which application threads were stopped: 0,0004100 seconds, Stopping threads took: 0,0000372 seconds
2016-09-22T15:44:50.890+0100: 90,310: Total time for which application threads were stopped: 0,0003065 seconds, Stopping threads took: 0,0000712 seconds
{Heap before GC invocations=20 (full 2):
 par new generation   total 109248K, used 106156K [0x00000000e0000000, 0x00000000e8000000, 0x00000000e8000000)
  eden space 87424K, 100% used [0x00000000e0000000, 0x00000000e5560000, 0x00000000e5560000)
  from space 21824K,  85% used [0x00000000e5560000, 0x00000000e67ab0f0, 0x00000000e6ab0000)
  to   space 21824K,   0% used [0x00000000e6ab0000, 0x00000000e6ab0000, 0x00000000e8000000)
 concurrent mark-sweep generation total 393216K, used 36398K [0x00000000e8000000, 0x0000000100000000, 0x0000000100000000)
 Metaspace       used 37249K, capacity 37822K, committed 38092K, reserved 1083392K
  class space    used 4115K, capacity 4260K, committed 4300K, reserved 1048576K
2016-09-22T15:44:51.427+0100: 90,846: [GC (Allocation Failure) 2016-09-22T15:44:51.427+0100: 90,846: [ParNew
Desired survivor size 20112992 bytes, new threshold 8 (max 8)
- age   1:    3729376 bytes,    3729376 total
- age   2:    1072048 bytes,    4801424 total
- age   3:     486896 bytes,    5288320 total
- age   4:    2466824 bytes,    7755144 total
- age   5:    3185896 bytes,   10941040 total
- age   6:     237672 bytes,   11178712 total
- age   7:    2332896 bytes,   13511608 total
- age   8:    2019248 bytes,   15530856 total
: 106156K->19376K(109248K), 0,0118450 secs] 142554K->56483K(502464K), 0,0119415 secs] [Times: user=0,04 sys=0,00, real=0,02 secs] 
Heap after GC invocations=21 (full 2):
 par new generation   total 109248K, used 19376K [0x00000000e0000000, 0x00000000e8000000, 0x00000000e8000000)
  eden space 87424K,   0% used [0x00000000e0000000, 0x00000000e0000000, 0x00000000e5560000)
  from space 21824K,  88% used [0x00000000e6ab0000, 0x00000000e7d9c1b0, 0x00000000e8000000)
  to   space 21824K,   0% used [0x00000000e5560000, 0x00000000e5560000, 0x00000000e6ab0000)
 concurrent mark-sweep generation total 393216K, used 37107K [0x00000000e8000000, 0x0000000100000000, 0x0000000100000000)
 Metaspace       used 37249K, capacity 37822K, committed 38092K, reserved 1083392K
  class space    used 4115K, capacity 4260K, committed 4300K, reserved 1048576K
}
2016-09-22T15:44:51.439+0100: 90,858: Total time for which application threads were stopped: 0,0122332 seconds, Stopping threads took: 0,0000385 seconds
2016-09-22T15:44:51.439+0100: 90,858: Total time for which application threads were stopped: 0,0002837 seconds, Stopping threads took: 0,0000606 seconds
2016-09-22T15:44:51.439+0100: 90,859: Total time for which application threads were stopped: 0,0001125 seconds, Stopping threads took: 0,0000302 seconds
2016-09-22T15:44:51.612+0100: 91,031: Total time for which application threads were stopped: 0,0002266 seconds, Stopping threads took: 0,0000512 seconds
2016-09-22T15:44:51.612+0100: 91,031: Total time for which application threads were stopped: 0,0000764 seconds, Stopping threads took: 0,0000127 seconds
2016-09-22T15:44:51.612+0100: 91,032: Total time for which application threads were stopped: 0,0000814 seconds, Stopping threads took: 0,0000143 seconds
2016-09-22T15:44:51.630+0100: 91,049: Total time for which application threads were stopped: 0,0002815 seconds, Stopping threads took: 0,0001070 seconds
2016-09-22T15:44:52.023+0100: 91,442: Total time for which application threads were stopped: 0,0003348 seconds, Stopping threads took: 0,0000673 seconds
2016-09-22T15:44:52.023+0100: 91,442: Total time for which application threads were stopped: 0,0002120 seconds, Stopping threads took: 0,0000665 seconds
2016-09-22T15:44:52.023+0100: 91,442: Total time for which application threads were stopped: 0,0001437 seconds, Stopping threads took: 0,0000301 seconds
2016-09-22T15:44:53.024+0100: 92,443: Total time for which application threads were stopped: 0,0002537 seconds, Stopping threads took: 0,0000433 seconds
2016-09-22T15:44:53.211+0100: 92,630: Total time for which application threads were stopped: 0,0001880 seconds, Stopping threads took: 0,0000441 seconds
2016-09-22T15:44:53.211+0100: 92,631: Total time for which application threads were stopped: 0,0000802 seconds, Stopping threads took: 0,0000096 seconds
2016-09-22T15:44:53.211+0100: 92,631: Total time for which application threads were stopped: 0,0000658 seconds, Stopping threads took: 0,0000077 seconds
2016-09-22T15:44:53.211+0100: 92,631: Total time for which application threads were stopped: 0,0000652 seconds, Stopping threads took: 0,0000079 seconds
2016-09-22T15:44:53.212+0100: 92,631: Total time for which application threads were stopped: 0,0000675 seconds, Stopping threads took: 0,0000114 seconds
2016-09-22T15:44:53.212+0100: 92,631: Total time for which application threads were stopped: 0,0000817 seconds, Stopping threads took: 0,0000088 seconds
2016-09-22T15:44:53.216+0100: 92,635: Total time for which application threads were stopped: 0,0001841 seconds, Stopping threads took: 0,0000287 seconds
2016-09-22T15:44:53.216+0100: 92,636: Total time for which application threads were stopped: 0,0000837 seconds, Stopping threads took: 0,0000188 seconds
2016-09-22T15:44:53.216+0100: 92,636: Total time for which application threads were stopped: 0,0000593 seconds, Stopping threads took: 0,0000082 seconds
2016-09-22T15:44:53.217+0100: 92,636: Total time for which application threads were stopped: 0,0000737 seconds, Stopping threads took: 0,0000179 seconds
2016-09-22T15:44:53.217+0100: 92,636: Total time for which application threads were stopped: 0,0000707 seconds, Stopping threads took: 0,0000180 seconds
{Heap before GC invocations=21 (full 2):
 par new generation   total 109248K, used 106800K [0x00000000e0000000, 0x00000000e8000000, 0x00000000e8000000)
  eden space 87424K, 100% used [0x00000000e0000000, 0x00000000e5560000, 0x00000000e5560000)
  from space 21824K,  88% used [0x00000000e6ab0000, 0x00000000e7d9c1b0, 0x00000000e8000000)
  to   space 21824K,   0% used [0x00000000e5560000, 0x00000000e5560000, 0x00000000e6ab0000)
 concurrent mark-sweep generation total 393216K, used 37107K [0x00000000e8000000, 0x0000000100000000, 0x0000000100000000)
 Metaspace       used 37282K, capacity 37888K, committed 38092K, reserved 1083392K
  class space    used 4116K, capacity 4261K, committed 4300K, reserved 1048576K
2016-09-22T15:44:53.252+0100: 92,672: [GC (Allocation Failure) 2016-09-22T15:44:53.252+0100: 92,672: [ParNew
Desired survivor size 20112992 bytes, new threshold 8 (max 8)
- age   1:    2927272 bytes,    2927272 total
- age   2:    3156112 bytes,    6083384 total
- age   3:    1061512 bytes,    7144896 total
- age   4:     486824 bytes,    7631720 total
- age   5:    2466792 bytes,   10098512 total
- age   6:    3185896 bytes,   13284408 total
- age   7:     237672 bytes,   13522080 total
- age   8:    2332832 bytes,   15854912 total
: 106800K->21824K(109248K), 0,0130096 secs] 143907K->60913K(502464K), 0,0130819 secs] [Times: user=0,05 sys=0,00, real=0,01 secs] 
Heap after GC invocations=22 (full 2):
 par new generation   total 109248K, used 21824K [0x00000000e0000000, 0x00000000e8000000, 0x00000000e8000000)
  eden space 87424K,   0% used [0x00000000e0000000, 0x00000000e0000000, 0x00000000e5560000)
  from space 21824K, 100% used [0x00000000e5560000, 0x00000000e6ab0000, 0x00000000e6ab0000)
  to   space 21824K,   0% used [0x00000000e6ab0000, 0x00000000e6ab0000, 0x00000000e8000000)
 concurrent mark-sweep generation total 393216K, used 39089K [0x00000000e8000000, 0x0000000100000000, 0x0000000100000000)
 Metaspace       used 37282K, capacity 37888K, committed 38092K, reserved 1083392K
  class space    used 4116K, capacity 4261K, committed 4300K, reserved 1048576K
}
2016-09-22T15:44:53.265+0100: 92,685: Total time for which application threads were stopped: 0,0133802 seconds, Stopping threads took: 0,0000362 seconds
2016-09-22T15:44:53.266+0100: 92,685: Total time for which application threads were stopped: 0,0005003 seconds, Stopping threads took: 0,0000344 seconds
2016-09-22T15:44:54.213+0100: 93,633: Total time for which application threads were stopped: 0,0002768 seconds, Stopping threads took: 0,0000369 seconds
2016-09-22T15:44:54.214+0100: 93,633: Total time for which application threads were stopped: 0,0000827 seconds, Stopping threads took: 0,0000094 seconds
2016-09-22T15:44:54.214+0100: 93,633: Total time for which application threads were stopped: 0,0001056 seconds, Stopping threads took: 0,0000328 seconds
2016-09-22T15:44:54.215+0100: 93,634: Total time for which application threads were stopped: 0,0000876 seconds, Stopping threads took: 0,0000131 seconds
2016-09-22T15:44:54.225+0100: 93,644: Total time for which application threads were stopped: 0,0002314 seconds, Stopping threads took: 0,0000605 seconds
2016-09-22T15:44:54.700+0100: 94,119: Total time for which application threads were stopped: 0,0003756 seconds, Stopping threads took: 0,0000553 seconds
2016-09-22T15:44:54.701+0100: 94,120: Total time for which application threads were stopped: 0,0001559 seconds, Stopping threads took: 0,0000159 seconds
2016-09-22T15:44:54.701+0100: 94,120: Total time for which application threads were stopped: 0,0000934 seconds, Stopping threads took: 0,0000096 seconds
{Heap before GC invocations=22 (full 2):
 par new generation   total 109248K, used 109248K [0x00000000e0000000, 0x00000000e8000000, 0x00000000e8000000)
  eden space 87424K, 100% used [0x00000000e0000000, 0x00000000e5560000, 0x00000000e5560000)
  from space 21824K, 100% used [0x00000000e5560000, 0x00000000e6ab0000, 0x00000000e6ab0000)
  to   space 21824K,   0% used [0x00000000e6ab0000, 0x00000000e6ab0000, 0x00000000e8000000)
 concurrent mark-sweep generation total 393216K, used 39089K [0x00000000e8000000, 0x0000000100000000, 0x0000000100000000)
 Metaspace       used 37301K, capacity 37888K, committed 38092K, reserved 1083392K
  class space    used 4116K, capacity 4261K, committed 4300K, reserved 1048576K
2016-09-22T15:44:54.786+0100: 94,206: [GC (Allocation Failure) 2016-09-22T15:44:54.786+0100: 94,206: [ParNew
Desired survivor size 20112992 bytes, new threshold 8 (max 8)
- age   1:    1435056 bytes,    1435056 total
- age   2:    2531520 bytes,    3966576 total
- age   3:    3137432 bytes,    7104008 total
- age   4:    1061024 bytes,    8165032 total
- age   5:     486824 bytes,    8651856 total
- age   6:    2466792 bytes,   11118648 total
- age   7:    3185896 bytes,   14304544 total
- age   8:     237672 bytes,   14542216 total
: 109248K->20332K(109248K), 0,0105291 secs] 148337K->61710K(502464K), 0,0106211 secs] [Times: user=0,04 sys=0,00, real=0,02 secs] 
Heap after GC invocations=23 (full 2):
 par new generation   total 109248K, used 20332K [0x00000000e0000000, 0x00000000e8000000, 0x00000000e8000000)
  eden space 87424K,   0% used [0x00000000e0000000, 0x00000000e0000000, 0x00000000e5560000)
  from space 21824K,  93% used [0x00000000e6ab0000, 0x00000000e7e8b158, 0x00000000e8000000)
  to   space 21824K,   0% used [0x00000000e5560000, 0x00000000e5560000, 0x00000000e6ab0000)
 concurrent mark-sweep generation total 393216K, used 41377K [0x00000000e8000000, 0x0000000100000000, 0x0000000100000000)
 Metaspace       used 37301K, capacity 37888K, committed 38092K, reserved 1083392K
  class space    used 4116K, capacity 4261K, committed 4300K, reserved 1048576K
}
2016-09-22T15:44:54.797+0100: 94,216: Total time for which application threads were stopped: 0,0109894 seconds, Stopping threads took: 0,0000734 seconds
2016-09-22T15:44:54.798+0100: 94,217: Total time for which application threads were stopped: 0,0005241 seconds, Stopping threads took: 0,0000365 seconds
2016-09-22T15:44:54.884+0100: 94,304: Total time for which application threads were stopped: 0,0002085 seconds, Stopping threads took: 0,0000359 seconds
2016-09-22T15:44:55.885+0100: 95,304: Total time for which application threads were stopped: 0,0002084 seconds, Stopping threads took: 0,0000390 seconds
2016-09-22T15:44:56.286+0100: 95,706: Total time for which application threads were stopped: 0,0002313 seconds, Stopping threads took: 0,0000371 seconds
2016-09-22T15:44:56.287+0100: 95,706: Total time for which application threads were stopped: 0,0001007 seconds, Stopping threads took: 0,0000110 seconds
2016-09-22T15:44:56.287+0100: 95,706: Total time for which application threads were stopped: 0,0000619 seconds, Stopping threads took: 0,0000048 seconds
2016-09-22T15:44:56.287+0100: 95,706: Total time for which application threads were stopped: 0,0000610 seconds, Stopping threads took: 0,0000050 seconds
2016-09-22T15:44:56.287+0100: 95,706: Total time for which application threads were stopped: 0,0000602 seconds, Stopping threads took: 0,0000047 seconds
2016-09-22T15:44:56.287+0100: 95,707: Total time for which application threads were stopped: 0,0000719 seconds, Stopping threads took: 0,0000137 seconds
2016-09-22T15:44:56.291+0100: 95,710: Total time for which application threads were stopped: 0,0001481 seconds, Stopping threads took: 0,0000233 seconds
2016-09-22T15:44:56.291+0100: 95,710: Total time for which application threads were stopped: 0,0004179 seconds, Stopping threads took: 0,0000093 seconds
2016-09-22T15:44:56.291+0100: 95,711: Total time for which application threads were stopped: 0,0000754 seconds, Stopping threads took: 0,0000113 seconds
2016-09-22T15:44:56.292+0100: 95,711: Total time for which application threads were stopped: 0,0002373 seconds, Stopping threads took: 0,0000092 seconds
2016-09-22T15:44:56.292+0100: 95,711: Total time for which application threads were stopped: 0,0000742 seconds, Stopping threads took: 0,0000097 seconds
2016-09-22T15:44:56.294+0100: 95,713: Total time for which application threads were stopped: 0,0001478 seconds, Stopping threads took: 0,0000433 seconds
2016-09-22T15:44:56.295+0100: 95,714: Total time for which application threads were stopped: 0,0000817 seconds, Stopping threads took: 0,0000147 seconds
2016-09-22T15:44:56.506+0100: 95,925: Total time for which application threads were stopped: 0,0002276 seconds, Stopping threads took: 0,0000512 seconds
2016-09-22T15:44:56.506+0100: 95,926: Total time for which application threads were stopped: 0,0000615 seconds, Stopping threads took: 0,0000095 seconds
2016-09-22T15:44:56.506+0100: 95,926: Total time for which application threads were stopped: 0,0000594 seconds, Stopping threads took: 0,0000074 seconds
2016-09-22T15:44:56.507+0100: 95,926: Total time for which application threads were stopped: 0,0001778 seconds, Stopping threads took: 0,0000829 seconds
2016-09-22T15:44:56.507+0100: 95,927: Total time for which application threads were stopped: 0,0001636 seconds, Stopping threads took: 0,0000784 seconds
2016-09-22T15:44:56.508+0100: 95,927: Total time for which application threads were stopped: 0,0001069 seconds, Stopping threads took: 0,0000182 seconds
2016-09-22T15:44:56.510+0100: 95,929: Total time for which application threads were stopped: 0,0002545 seconds, Stopping threads took: 0,0000874 seconds
2016-09-22T15:44:56.511+0100: 95,930: Total time for which application threads were stopped: 0,0001312 seconds, Stopping threads took: 0,0000356 seconds
2016-09-22T15:44:56.511+0100: 95,930: Total time for which application threads were stopped: 0,0001300 seconds, Stopping threads took: 0,0000349 seconds
2016-09-22T15:44:56.516+0100: 95,935: Total time for which application threads were stopped: 0,0002905 seconds, Stopping threads took: 0,0001050 seconds
{Heap before GC invocations=23 (full 2):
 par new generation   total 109248K, used 107756K [0x00000000e0000000, 0x00000000e8000000, 0x00000000e8000000)
  eden space 87424K, 100% used [0x00000000e0000000, 0x00000000e5560000, 0x00000000e5560000)
  from space 21824K,  93% used [0x00000000e6ab0000, 0x00000000e7e8b158, 0x00000000e8000000)
  to   space 21824K,   0% used [0x00000000e5560000, 0x00000000e5560000, 0x00000000e6ab0000)
 concurrent mark-sweep generation total 393216K, used 41377K [0x00000000e8000000, 0x0000000100000000, 0x0000000100000000)
 Metaspace       used 37346K, capacity 37888K, committed 38092K, reserved 1083392K
  class space    used 4116K, capacity 4261K, committed 4300K, reserved 1048576K
2016-09-22T15:44:56.741+0100: 96,160: [GC (Allocation Failure) 2016-09-22T15:44:56.741+0100: 96,160: [ParNew
Desired survivor size 20112992 bytes, new threshold 8 (max 8)
- age   1:    3885208 bytes,    3885208 total
- age   2:     738504 bytes,    4623712 total
- age   3:    2529504 bytes,    7153216 total
- age   4:    3137272 bytes,   10290488 total
- age   5:    1060536 bytes,   11351024 total
- age   6:     486824 bytes,   11837848 total
- age   7:    2466600 bytes,   14304448 total
- age   8:    3185896 bytes,   17490344 total
: 107756K->21113K(109248K), 0,0089804 secs] 149134K->62727K(502464K), 0,0090587 secs] [Times: user=0,03 sys=0,00, real=0,01 secs] 
Heap after GC invocations=24 (full 2):
 par new generation   total 109248K, used 21113K [0x00000000e0000000, 0x00000000e8000000, 0x00000000e8000000)
  eden space 87424K,   0% used [0x00000000e0000000, 0x00000000e0000000, 0x00000000e5560000)
  from space 21824K,  96% used [0x00000000e5560000, 0x00000000e69fe7a0, 0x00000000e6ab0000)
  to   space 21824K,   0% used [0x00000000e6ab0000, 0x00000000e6ab0000, 0x00000000e8000000)
 concurrent mark-sweep generation total 393216K, used 41613K [0x00000000e8000000, 0x0000000100000000, 0x0000000100000000)
 Metaspace       used 37346K, capacity 37888K, committed 38092K, reserved 1083392K
  class space    used 4116K, capacity 4261K, committed 4300K, reserved 1048576K
}
2016-09-22T15:44:56.750+0100: 96,169: Total time for which application threads were stopped: 0,0093525 seconds, Stopping threads took: 0,0000333 seconds
2016-09-22T15:44:56.750+0100: 96,169: Total time for which application threads were stopped: 0,0002015 seconds, Stopping threads took: 0,0000324 seconds
2016-09-22T15:44:57.044+0100: 96,464: Total time for which application threads were stopped: 0,0001840 seconds, Stopping threads took: 0,0000354 seconds
2016-09-22T15:44:57.045+0100: 96,464: Total time for which application threads were stopped: 0,0001171 seconds, Stopping threads took: 0,0000316 seconds
2016-09-22T15:44:57.045+0100: 96,464: Total time for which application threads were stopped: 0,0000899 seconds, Stopping threads took: 0,0000225 seconds
2016-09-22T15:44:57.049+0100: 96,468: Total time for which application threads were stopped: 0,0002496 seconds, Stopping threads took: 0,0000850 seconds
2016-09-22T15:44:57.068+0100: 96,488: Total time for which application threads were stopped: 0,0004343 seconds, Stopping threads took: 0,0001857 seconds
2016-09-22T15:44:57.073+0100: 96,492: Total time for which application threads were stopped: 0,0002709 seconds, Stopping threads took: 0,0000423 seconds
2016-09-22T15:44:57.074+0100: 96,493: Total time for which application threads were stopped: 0,0002092 seconds, Stopping threads took: 0,0000951 seconds
2016-09-22T15:44:57.074+0100: 96,493: Total time for which application threads were stopped: 0,0001574 seconds, Stopping threads took: 0,0000579 seconds
2016-09-22T15:44:58.074+0100: 97,494: Total time for which application threads were stopped: 0,0002308 seconds, Stopping threads took: 0,0000389 seconds
2016-09-22T15:44:58.391+0100: 97,810: Total time for which application threads were stopped: 0,0002725 seconds, Stopping threads took: 0,0000385 seconds
2016-09-22T15:44:58.398+0100: 97,817: Total time for which application threads were stopped: 0,0002797 seconds, Stopping threads took: 0,0000602 seconds
2016-09-22T15:44:58.942+0100: 98,361: Total time for which application threads were stopped: 0,0001949 seconds, Stopping threads took: 0,0000368 seconds
{Heap before GC invocations=24 (full 2):
 par new generation   total 109248K, used 108537K [0x00000000e0000000, 0x00000000e8000000, 0x00000000e8000000)
  eden space 87424K, 100% used [0x00000000e0000000, 0x00000000e5560000, 0x00000000e5560000)
  from space 21824K,  96% used [0x00000000e5560000, 0x00000000e69fe7a0, 0x00000000e6ab0000)
  to   space 21824K,   0% used [0x00000000e6ab0000, 0x00000000e6ab0000, 0x00000000e8000000)
 concurrent mark-sweep generation total 393216K, used 41613K [0x00000000e8000000, 0x0000000100000000, 0x0000000100000000)
 Metaspace       used 37374K, capacity 37888K, committed 38092K, reserved 1083392K
  class space    used 4116K, capacity 4261K, committed 4300K, reserved 1048576K
2016-09-22T15:44:58.976+0100: 98,395: [GC (Allocation Failure) 2016-09-22T15:44:58.976+0100: 98,395: [ParNew
Desired survivor size 20112992 bytes, new threshold 8 (max 8)
- age   1:    1487312 bytes,    1487312 total
- age   2:    2438744 bytes,    3926056 total
- age   3:     719680 bytes,    4645736 total
- age   4:    2491880 bytes,    7137616 total
- age   5:    3137200 bytes,   10274816 total
- age   6:    1060464 bytes,   11335280 total
- age   7:     486336 bytes,   11821616 total
- age   8:    2466344 bytes,   14287960 total
: 108537K->21824K(109248K), 0,0100525 secs] 150151K->66655K(502464K), 0,0101473 secs] [Times: user=0,04 sys=0,00, real=0,01 secs] 
Heap after GC invocations=25 (full 2):
 par new generation   total 109248K, used 21824K [0x00000000e0000000, 0x00000000e8000000, 0x00000000e8000000)
  eden space 87424K,   0% used [0x00000000e0000000, 0x00000000e0000000, 0x00000000e5560000)
  from space 21824K, 100% used [0x00000000e6ab0000, 0x00000000e8000000, 0x00000000e8000000)
  to   space 21824K,   0% used [0x00000000e5560000, 0x00000000e5560000, 0x00000000e6ab0000)
 concurrent mark-sweep generation total 393216K, used 44831K [0x00000000e8000000, 0x0000000100000000, 0x0000000100000000)
 Metaspace       used 37374K, capacity 37888K, committed 38092K, reserved 1083392K
  class space    used 4116K, capacity 4261K, committed 4300K, reserved 1048576K
}
2016-09-22T15:44:58.986+0100: 98,406: Total time for which application threads were stopped: 0,0104506 seconds, Stopping threads took: 0,0000487 seconds
2016-09-22T15:44:58.987+0100: 98,406: Total time for which application threads were stopped: 0,0002267 seconds, Stopping threads took: 0,0000366 seconds
2016-09-22T15:44:59.084+0100: 98,503: Total time for which application threads were stopped: 0,0002840 seconds, Stopping threads took: 0,0000952 seconds
2016-09-22T15:45:00.084+0100: 99,504: Total time for which application threads were stopped: 0,0002155 seconds, Stopping threads took: 0,0000429 seconds
2016-09-22T15:45:01.085+0100: 100,504: Total time for which application threads were stopped: 0,0002316 seconds, Stopping threads took: 0,0000397 seconds
{Heap before GC invocations=25 (full 2):
 par new generation   total 109248K, used 109248K [0x00000000e0000000, 0x00000000e8000000, 0x00000000e8000000)
  eden space 87424K, 100% used [0x00000000e0000000, 0x00000000e5560000, 0x00000000e5560000)
  from space 21824K, 100% used [0x00000000e6ab0000, 0x00000000e8000000, 0x00000000e8000000)
  to   space 21824K,   0% used [0x00000000e5560000, 0x00000000e5560000, 0x00000000e6ab0000)
 concurrent mark-sweep generation total 393216K, used 44831K [0x00000000e8000000, 0x0000000100000000, 0x0000000100000000)
 Metaspace       used 37482K, capacity 38078K, committed 38348K, reserved 1083392K
  class space    used 4128K, capacity 4282K, committed 4300K, reserved 1048576K
2016-09-22T15:45:01.764+0100: 101,183: [GC (Allocation Failure) 2016-09-22T15:45:01.764+0100: 101,183: [ParNew
Desired survivor size 20112992 bytes, new threshold 8 (max 8)
- age   1:    3361776 bytes,    3361776 total
- age   2:    1246752 bytes,    4608528 total
- age   3:    2436672 bytes,    7045200 total
- age   4:     719680 bytes,    7764880 total
- age   5:    2491880 bytes,   10256760 total
- age   6:    3137200 bytes,   13393960 total
- age   7:    1060464 bytes,   14454424 total
- age   8:     486336 bytes,   14940760 total
: 109248K->18048K(109248K), 0,0114294 secs] 154079K->65299K(502464K), 0,0115210 secs] [Times: user=0,04 sys=0,00, real=0,01 secs] 
Heap after GC invocations=26 (full 2):
 par new generation   total 109248K, used 18048K [0x00000000e0000000, 0x00000000e8000000, 0x00000000e8000000)
  eden space 87424K,   0% used [0x00000000e0000000, 0x00000000e0000000, 0x00000000e5560000)
  from space 21824K,  82% used [0x00000000e5560000, 0x00000000e67000d0, 0x00000000e6ab0000)
  to   space 21824K,   0% used [0x00000000e6ab0000, 0x00000000e6ab0000, 0x00000000e8000000)
 concurrent mark-sweep generation total 393216K, used 47251K [0x00000000e8000000, 0x0000000100000000, 0x0000000100000000)
 Metaspace       used 37482K, capacity 38078K, committed 38348K, reserved 1083392K
  class space    used 4128K, capacity 4282K, committed 4300K, reserved 1048576K
}
2016-09-22T15:45:01.775+0100: 101,195: Total time for which application threads were stopped: 0,0118268 seconds, Stopping threads took: 0,0000416 seconds
2016-09-22T15:45:01.776+0100: 101,195: Total time for which application threads were stopped: 0,0001946 seconds, Stopping threads took: 0,0000385 seconds
2016-09-22T15:45:01.776+0100: 101,195: Total time for which application threads were stopped: 0,0001136 seconds, Stopping threads took: 0,0000179 seconds
{Heap before GC invocations=26 (full 2):
 par new generation   total 109248K, used 105472K [0x00000000e0000000, 0x00000000e8000000, 0x00000000e8000000)
  eden space 87424K, 100% used [0x00000000e0000000, 0x00000000e5560000, 0x00000000e5560000)
  from space 21824K,  82% used [0x00000000e5560000, 0x00000000e67000d0, 0x00000000e6ab0000)
  to   space 21824K,   0% used [0x00000000e6ab0000, 0x00000000e6ab0000, 0x00000000e8000000)
 concurrent mark-sweep generation total 393216K, used 47251K [0x00000000e8000000, 0x0000000100000000, 0x0000000100000000)
 Metaspace       used 37486K, capacity 38078K, committed 38348K, reserved 1083392K
  class space    used 4128K, capacity 4282K, committed 4300K, reserved 1048576K
2016-09-22T15:45:01.815+0100: 101,234: [GC (Allocation Failure) 2016-09-22T15:45:01.815+0100: 101,234: [ParNew
Desired survivor size 20112992 bytes, new threshold 8 (max 8)
- age   1:     201336 bytes,     201336 total
- age   2:    3061944 bytes,    3263280 total
- age   3:    1236968 bytes,    4500248 total
- age   4:    2436672 bytes,    6936920 total
- age   5:     719680 bytes,    7656600 total
- age   6:    2491880 bytes,   10148480 total
- age   7:    3137200 bytes,   13285680 total
- age   8:    1060464 bytes,   14346144 total
: 105472K->18795K(109248K), 0,0103212 secs] 152723K->66522K(502464K), 0,0104363 secs] [Times: user=0,05 sys=0,00, real=0,01 secs] 
Heap after GC invocations=27 (full 2):
 par new generation   total 109248K, used 18795K [0x00000000e0000000, 0x00000000e8000000, 0x00000000e8000000)
  eden space 87424K,   0% used [0x00000000e0000000, 0x00000000e0000000, 0x00000000e5560000)
  from space 21824K,  86% used [0x00000000e6ab0000, 0x00000000e7d0acf0, 0x00000000e8000000)
  to   space 21824K,   0% used [0x00000000e5560000, 0x00000000e5560000, 0x00000000e6ab0000)
 concurrent mark-sweep generation total 393216K, used 47726K [0x00000000e8000000, 0x0000000100000000, 0x0000000100000000)
 Metaspace       used 37486K, capacity 38078K, committed 38348K, reserved 1083392K
  class space    used 4128K, capacity 4282K, committed 4300K, reserved 1048576K
}
2016-09-22T15:45:01.825+0100: 101,244: Total time for which application threads were stopped: 0,0108113 seconds, Stopping threads took: 0,0000462 seconds
2016-09-22T15:45:01.825+0100: 101,245: Total time for which application threads were stopped: 0,0002195 seconds, Stopping threads took: 0,0000255 seconds
2016-09-22T15:45:01.903+0100: 101,323: Total time for which application threads were stopped: 0,0003073 seconds, Stopping threads took: 0,0001296 seconds
2016-09-22T15:45:02.904+0100: 102,323: Total time for which application threads were stopped: 0,0002312 seconds, Stopping threads took: 0,0000392 seconds
2016-09-22T15:45:03.265+0100: 102,685: Total time for which application threads were stopped: 0,0002310 seconds, Stopping threads took: 0,0000435 seconds
2016-09-22T15:45:03.266+0100: 102,685: Total time for which application threads were stopped: 0,0000963 seconds, Stopping threads took: 0,0000075 seconds
2016-09-22T15:45:03.266+0100: 102,685: Total time for which application threads were stopped: 0,0000724 seconds, Stopping threads took: 0,0000086 seconds
2016-09-22T15:45:03.266+0100: 102,685: Total time for which application threads were stopped: 0,0000662 seconds, Stopping threads took: 0,0000073 seconds
2016-09-22T15:45:03.266+0100: 102,685: Total time for which application threads were stopped: 0,0000657 seconds, Stopping threads took: 0,0000095 seconds
2016-09-22T15:45:03.266+0100: 102,685: Total time for which application threads were stopped: 0,0000665 seconds, Stopping threads took: 0,0000072 seconds
2016-09-22T15:45:03.270+0100: 102,689: Total time for which application threads were stopped: 0,0001865 seconds, Stopping threads took: 0,0000345 seconds
2016-09-22T15:45:03.270+0100: 102,689: Total time for which application threads were stopped: 0,0001082 seconds, Stopping threads took: 0,0000338 seconds
2016-09-22T15:45:03.270+0100: 102,690: Total time for which application threads were stopped: 0,0000760 seconds, Stopping threads took: 0,0000092 seconds
2016-09-22T15:45:03.271+0100: 102,690: Total time for which application threads were stopped: 0,0001000 seconds, Stopping threads took: 0,0000336 seconds
2016-09-22T15:45:03.271+0100: 102,690: Total time for which application threads were stopped: 0,0000998 seconds, Stopping threads took: 0,0000333 seconds
2016-09-22T15:45:03.271+0100: 102,690: Total time for which application threads were stopped: 0,0001030 seconds, Stopping threads took: 0,0000337 seconds
2016-09-22T15:45:03.274+0100: 102,693: Total time for which application threads were stopped: 0,0001323 seconds, Stopping threads took: 0,0000283 seconds
2016-09-22T15:45:03.274+0100: 102,693: Total time for which application threads were stopped: 0,0001010 seconds, Stopping threads took: 0,0000330 seconds
2016-09-22T15:45:03.274+0100: 102,694: Total time for which application threads were stopped: 0,0001003 seconds, Stopping threads took: 0,0000336 seconds
2016-09-22T15:45:03.275+0100: 102,694: Total time for which application threads were stopped: 0,0000961 seconds, Stopping threads took: 0,0000329 seconds
2016-09-22T15:45:03.275+0100: 102,694: Total time for which application threads were stopped: 0,0000932 seconds, Stopping threads took: 0,0000223 seconds
2016-09-22T15:45:03.532+0100: 102,952: Total time for which application threads were stopped: 0,0002287 seconds, Stopping threads took: 0,0000430 seconds
2016-09-22T15:45:03.532+0100: 102,952: Total time for which application threads were stopped: 0,0000635 seconds, Stopping threads took: 0,0000088 seconds
2016-09-22T15:45:03.533+0100: 102,952: Total time for which application threads were stopped: 0,0000927 seconds, Stopping threads took: 0,0000219 seconds
2016-09-22T15:45:03.534+0100: 102,953: Total time for which application threads were stopped: 0,0001704 seconds, Stopping threads took: 0,0000634 seconds
2016-09-22T15:45:03.537+0100: 102,957: Total time for which application threads were stopped: 0,0002837 seconds, Stopping threads took: 0,0001173 seconds
2016-09-22T15:45:03.538+0100: 102,957: Total time for which application threads were stopped: 0,0001012 seconds, Stopping threads took: 0,0000234 seconds
2016-09-22T15:45:03.538+0100: 102,957: Total time for which application threads were stopped: 0,0000987 seconds, Stopping threads took: 0,0000325 seconds
2016-09-22T15:45:03.546+0100: 102,965: Total time for which application threads were stopped: 0,0002759 seconds, Stopping threads took: 0,0000549 seconds
{Heap before GC invocations=27 (full 2):
 par new generation   total 109248K, used 106219K [0x00000000e0000000, 0x00000000e8000000, 0x00000000e8000000)
  eden space 87424K, 100% used [0x00000000e0000000, 0x00000000e5560000, 0x00000000e5560000)
  from space 21824K,  86% used [0x00000000e6ab0000, 0x00000000e7d0acf0, 0x00000000e8000000)
  to   space 21824K,   0% used [0x00000000e5560000, 0x00000000e5560000, 0x00000000e6ab0000)
 concurrent mark-sweep generation total 393216K, used 47726K [0x00000000e8000000, 0x0000000100000000, 0x0000000100000000)
 Metaspace       used 37532K, capacity 38142K, committed 38348K, reserved 1083392K
  class space    used 4128K, capacity 4282K, committed 4300K, reserved 1048576K
2016-09-22T15:45:04.005+0100: 103,425: [GC (Allocation Failure) 2016-09-22T15:45:04.005+0100: 103,425: [ParNew
Desired survivor size 20112992 bytes, new threshold 8 (max 8)
- age   1:    5426312 bytes,    5426312 total
- age   2:     164096 bytes,    5590408 total
- age   3:    3003072 bytes,    8593480 total
- age   4:    1234288 bytes,    9827768 total
- age   5:    2435800 bytes,   12263568 total
- age   6:     719680 bytes,   12983248 total
- age   7:    2491880 bytes,   15475128 total
- age   8:    3137200 bytes,   18612328 total
: 106219K->21824K(109248K), 0,0173253 secs] 153946K->70599K(502464K), 0,0174268 secs] [Times: user=0,07 sys=0,00, real=0,02 secs] 
Heap after GC invocations=28 (full 2):
 par new generation   total 109248K, used 21824K [0x00000000e0000000, 0x00000000e8000000, 0x00000000e8000000)
  eden space 87424K,   0% used [0x00000000e0000000, 0x00000000e0000000, 0x00000000e5560000)
  from space 21824K, 100% used [0x00000000e5560000, 0x00000000e6ab0000, 0x00000000e6ab0000)
  to   space 21824K,   0% used [0x00000000e6ab0000, 0x00000000e6ab0000, 0x00000000e8000000)
 concurrent mark-sweep generation total 393216K, used 48775K [0x00000000e8000000, 0x0000000100000000, 0x0000000100000000)
 Metaspace       used 37532K, capacity 38142K, committed 38348K, reserved 1083392K
  class space    used 4128K, capacity 4282K, committed 4300K, reserved 1048576K
}
2016-09-22T15:45:04.023+0100: 103,442: Total time for which application threads were stopped: 0,0178215 seconds, Stopping threads took: 0,0000584 seconds
2016-09-22T15:45:04.047+0100: 103,466: Total time for which application threads were stopped: 0,0002561 seconds, Stopping threads took: 0,0000489 seconds
2016-09-22T15:45:04.049+0100: 103,468: Total time for which application threads were stopped: 0,0010003 seconds, Stopping threads took: 0,0007308 seconds
2016-09-22T15:45:04.049+0100: 103,468: Total time for which application threads were stopped: 0,0002894 seconds, Stopping threads took: 0,0001297 seconds
2016-09-22T15:45:04.050+0100: 103,469: Total time for which application threads were stopped: 0,0002402 seconds, Stopping threads took: 0,0000482 seconds
2016-09-22T15:45:04.052+0100: 103,472: Total time for which application threads were stopped: 0,0002953 seconds, Stopping threads took: 0,0000459 seconds
2016-09-22T15:45:04.057+0100: 103,476: Total time for which application threads were stopped: 0,0003011 seconds, Stopping threads took: 0,0000663 seconds
2016-09-22T15:45:04.084+0100: 103,503: Total time for which application threads were stopped: 0,0002824 seconds, Stopping threads took: 0,0001035 seconds
2016-09-22T15:45:04.092+0100: 103,512: Total time for which application threads were stopped: 0,0002663 seconds, Stopping threads took: 0,0000642 seconds
2016-09-22T15:45:04.093+0100: 103,513: Total time for which application threads were stopped: 0,0002246 seconds, Stopping threads took: 0,0000370 seconds
2016-09-22T15:45:04.094+0100: 103,513: Total time for which application threads were stopped: 0,0001621 seconds, Stopping threads took: 0,0000273 seconds
2016-09-22T15:45:04.264+0100: 103,683: Total time for which application threads were stopped: 0,0002939 seconds, Stopping threads took: 0,0000679 seconds
2016-09-22T15:45:04.272+0100: 103,691: Total time for which application threads were stopped: 0,0001992 seconds, Stopping threads took: 0,0000580 seconds
2016-09-22T15:45:04.272+0100: 103,691: Total time for which application threads were stopped: 0,0000726 seconds, Stopping threads took: 0,0000107 seconds
2016-09-22T15:45:04.272+0100: 103,691: Total time for which application threads were stopped: 0,0000880 seconds, Stopping threads took: 0,0000097 seconds
2016-09-22T15:45:04.272+0100: 103,692: Total time for which application threads were stopped: 0,0001065 seconds, Stopping threads took: 0,0000098 seconds
2016-09-22T15:45:04.273+0100: 103,692: Total time for which application threads were stopped: 0,0000730 seconds, Stopping threads took: 0,0000113 seconds
2016-09-22T15:45:04.273+0100: 103,693: Total time for which application threads were stopped: 0,0001165 seconds, Stopping threads took: 0,0000257 seconds
{Heap before GC invocations=28 (full 2):
 par new generation   total 109248K, used 109248K [0x00000000e0000000, 0x00000000e8000000, 0x00000000e8000000)
  eden space 87424K, 100% used [0x00000000e0000000, 0x00000000e5560000, 0x00000000e5560000)
  from space 21824K, 100% used [0x00000000e5560000, 0x00000000e6ab0000, 0x00000000e6ab0000)
  to   space 21824K,   0% used [0x00000000e6ab0000, 0x00000000e6ab0000, 0x00000000e8000000)
 concurrent mark-sweep generation total 393216K, used 48775K [0x00000000e8000000, 0x0000000100000000, 0x0000000100000000)
 Metaspace       used 37562K, capacity 38150K, committed 38348K, reserved 1083392K
  class space    used 4131K, capacity 4286K, committed 4300K, reserved 1048576K
2016-09-22T15:45:04.749+0100: 104,168: [GC (Allocation Failure) 2016-09-22T15:45:04.749+0100: 104,168: [ParNew
Desired survivor size 20112992 bytes, new threshold 8 (max 8)
- age   1:    4061840 bytes,    4061840 total
- age   2:    3094496 bytes,    7156336 total
- age   3:     164096 bytes,    7320432 total
- age   4:    2759520 bytes,   10079952 total
- age   5:    1232792 bytes,   11312744 total
- age   6:    2368720 bytes,   13681464 total
- age   7:     719680 bytes,   14401144 total
- age   8:    2491880 bytes,   16893024 total
: 109248K->21824K(109248K), 0,0130756 secs] 158023K->73910K(502464K), 0,0131583 secs] [Times: user=0,05 sys=0,00, real=0,01 secs] 
Heap after GC invocations=29 (full 2):
 par new generation   total 109248K, used 21824K [0x00000000e0000000, 0x00000000e8000000, 0x00000000e8000000)
  eden space 87424K,   0% used [0x00000000e0000000, 0x00000000e0000000, 0x00000000e5560000)
  from space 21824K, 100% used [0x00000000e6ab0000, 0x00000000e8000000, 0x00000000e8000000)
  to   space 21824K,   0% used [0x00000000e5560000, 0x00000000e5560000, 0x00000000e6ab0000)
 concurrent mark-sweep generation total 393216K, used 52086K [0x00000000e8000000, 0x0000000100000000, 0x0000000100000000)
 Metaspace       used 37562K, capacity 38150K, committed 38348K, reserved 1083392K
  class space    used 4131K, capacity 4286K, committed 4300K, reserved 1048576K
}
2016-09-22T15:45:04.762+0100: 104,181: Total time for which application threads were stopped: 0,0134977 seconds, Stopping threads took: 0,0000577 seconds
2016-09-22T15:45:05.277+0100: 104,696: Total time for which application threads were stopped: 0,0002149 seconds, Stopping threads took: 0,0000349 seconds
2016-09-22T15:45:05.277+0100: 104,696: Total time for which application threads were stopped: 0,0001517 seconds, Stopping threads took: 0,0000544 seconds
2016-09-22T15:45:05.277+0100: 104,696: Total time for which application threads were stopped: 0,0000883 seconds, Stopping threads took: 0,0000222 seconds
2016-09-22T15:45:05.295+0100: 104,715: Total time for which application threads were stopped: 0,0002973 seconds, Stopping threads took: 0,0000900 seconds
2016-09-22T15:45:05.296+0100: 104,715: Total time for which application threads were stopped: 0,0001170 seconds, Stopping threads took: 0,0000213 seconds
2016-09-22T15:45:05.296+0100: 104,715: Total time for which application threads were stopped: 0,0005474 seconds, Stopping threads took: 0,0000213 seconds
{Heap before GC invocations=29 (full 2):
 par new generation   total 109248K, used 109248K [0x00000000e0000000, 0x00000000e8000000, 0x00000000e8000000)
  eden space 87424K, 100% used [0x00000000e0000000, 0x00000000e5560000, 0x00000000e5560000)
  from space 21824K, 100% used [0x00000000e6ab0000, 0x00000000e8000000, 0x00000000e8000000)
  to   space 21824K,   0% used [0x00000000e5560000, 0x00000000e5560000, 0x00000000e6ab0000)
 concurrent mark-sweep generation total 393216K, used 52086K [0x00000000e8000000, 0x0000000100000000, 0x0000000100000000)
 Metaspace       used 37563K, capacity 38150K, committed 38348K, reserved 1083392K
  class space    used 4131K, capacity 4286K, committed 4300K, reserved 1048576K
2016-09-22T15:45:05.639+0100: 105,058: [GC (Allocation Failure) 2016-09-22T15:45:05.639+0100: 105,058: [ParNew
Desired survivor size 20112992 bytes, new threshold 8 (max 8)
- age   1:    5007248 bytes,    5007248 total
- age   2:    3016096 bytes,    8023344 total
- age   3:    3092928 bytes,   11116272 total
- age   4:     164096 bytes,   11280368 total
- age   5:    2758496 bytes,   14038864 total
- age   6:    1232792 bytes,   15271656 total
- age   7:    2368720 bytes,   17640376 total
- age   8:     719680 bytes,   18360056 total
: 109248K->20237K(109248K), 0,0107180 secs] 161334K->74768K(502464K), 0,0108157 secs] [Times: user=0,03 sys=0,00, real=0,01 secs] 
Heap after GC invocations=30 (full 2):
 par new generation   total 109248K, used 20237K [0x00000000e0000000, 0x00000000e8000000, 0x00000000e8000000)
  eden space 87424K,   0% used [0x00000000e0000000, 0x00000000e0000000, 0x00000000e5560000)
  from space 21824K,  92% used [0x00000000e5560000, 0x00000000e6923480, 0x00000000e6ab0000)
  to   space 21824K,   0% used [0x00000000e6ab0000, 0x00000000e6ab0000, 0x00000000e8000000)
 concurrent mark-sweep generation total 393216K, used 54531K [0x00000000e8000000, 0x0000000100000000, 0x0000000100000000)
 Metaspace       used 37563K, capacity 38150K, committed 38348K, reserved 1083392K
  class space    used 4131K, capacity 4286K, committed 4300K, reserved 1048576K
}
2016-09-22T15:45:05.650+0100: 105,069: Total time for which application threads were stopped: 0,0111579 seconds, Stopping threads took: 0,0000471 seconds
2016-09-22T15:45:05.697+0100: 105,117: Total time for which application threads were stopped: 0,0002907 seconds, Stopping threads took: 0,0000662 seconds
2016-09-22T15:45:05.738+0100: 105,157: Total time for which application threads were stopped: 0,0002910 seconds, Stopping threads took: 0,0001117 seconds
2016-09-22T15:45:05.755+0100: 105,175: Total time for which application threads were stopped: 0,0002777 seconds, Stopping threads took: 0,0000974 seconds
2016-09-22T15:45:05.759+0100: 105,178: Total time for which application threads were stopped: 0,0002224 seconds, Stopping threads took: 0,0000754 seconds
2016-09-22T15:45:05.920+0100: 105,339: Total time for which application threads were stopped: 0,0003265 seconds, Stopping threads took: 0,0001202 seconds
2016-09-22T15:45:05.922+0100: 105,341: Total time for which application threads were stopped: 0,0002159 seconds, Stopping threads took: 0,0000628 seconds
2016-09-22T15:45:05.924+0100: 105,344: Total time for which application threads were stopped: 0,0002630 seconds, Stopping threads took: 0,0000620 seconds
2016-09-22T15:45:05.925+0100: 105,344: Total time for which application threads were stopped: 0,0002280 seconds, Stopping threads took: 0,0000871 seconds
{Heap before GC invocations=30 (full 2):
 par new generation   total 109248K, used 107661K [0x00000000e0000000, 0x00000000e8000000, 0x00000000e8000000)
  eden space 87424K, 100% used [0x00000000e0000000, 0x00000000e5560000, 0x00000000e5560000)
  from space 21824K,  92% used [0x00000000e5560000, 0x00000000e6923480, 0x00000000e6ab0000)
  to   space 21824K,   0% used [0x00000000e6ab0000, 0x00000000e6ab0000, 0x00000000e8000000)
 concurrent mark-sweep generation total 393216K, used 54531K [0x00000000e8000000, 0x0000000100000000, 0x0000000100000000)
 Metaspace       used 37585K, capacity 38214K, committed 38348K, reserved 1083392K
  class space    used 4131K, capacity 4286K, committed 4300K, reserved 1048576K
2016-09-22T15:45:06.084+0100: 105,503: [GC (Allocation Failure) 2016-09-22T15:45:06.084+0100: 105,503: [ParNew
Desired survivor size 20112992 bytes, new threshold 8 (max 8)
- age   1:    1729464 bytes,    1729464 total
- age   2:    1070160 bytes,    2799624 total
- age   3:    1284736 bytes,    4084360 total
- age   4:    2618448 bytes,    6702808 total
- age   5:     164096 bytes,    6866904 total
- age   6:    2758496 bytes,    9625400 total
- age   7:    1212344 bytes,   10837744 total
- age   8:    2368720 bytes,   13206464 total
: 107661K->15976K(109248K), 0,0097483 secs] 162192K->71214K(502464K), 0,0098659 secs] [Times: user=0,05 sys=0,00, real=0,01 secs] 
Heap after GC invocations=31 (full 2):
 par new generation   total 109248K, used 15976K [0x00000000e0000000, 0x00000000e8000000, 0x00000000e8000000)
  eden space 87424K,   0% used [0x00000000e0000000, 0x00000000e0000000, 0x00000000e5560000)
  from space 21824K,  73% used [0x00000000e6ab0000, 0x00000000e7a4a3e0, 0x00000000e8000000)
  to   space 21824K,   0% used [0x00000000e5560000, 0x00000000e5560000, 0x00000000e6ab0000)
 concurrent mark-sweep generation total 393216K, used 55237K [0x00000000e8000000, 0x0000000100000000, 0x0000000100000000)
 Metaspace       used 37585K, capacity 38214K, committed 38348K, reserved 1083392K
  class space    used 4131K, capacity 4286K, committed 4300K, reserved 1048576K
}
2016-09-22T15:45:06.094+0100: 105,513: Total time for which application threads were stopped: 0,0102971 seconds, Stopping threads took: 0,0000502 seconds
{Heap before GC invocations=31 (full 2):
 par new generation   total 109248K, used 103400K [0x00000000e0000000, 0x00000000e8000000, 0x00000000e8000000)
  eden space 87424K, 100% used [0x00000000e0000000, 0x00000000e5560000, 0x00000000e5560000)
  from space 21824K,  73% used [0x00000000e6ab0000, 0x00000000e7a4a3e0, 0x00000000e8000000)
  to   space 21824K,   0% used [0x00000000e5560000, 0x00000000e5560000, 0x00000000e6ab0000)
 concurrent mark-sweep generation total 393216K, used 55237K [0x00000000e8000000, 0x0000000100000000, 0x0000000100000000)
 Metaspace       used 37589K, capacity 38214K, committed 38348K, reserved 1083392K
  class space    used 4131K, capacity 4286K, committed 4300K, reserved 1048576K
2016-09-22T15:45:06.921+0100: 106,340: [GC (Allocation Failure) 2016-09-22T15:45:06.921+0100: 106,340: [ParNew
Desired survivor size 20112992 bytes, new threshold 8 (max 8)
- age   1:    4252184 bytes,    4252184 total
- age   2:    1460200 bytes,    5712384 total
- age   3:    1063416 bytes,    6775800 total
- age   4:    1277568 bytes,    8053368 total
- age   5:    2613184 bytes,   10666552 total
- age   6:     164096 bytes,   10830648 total
- age   7:    2758496 bytes,   13589144 total
- age   8:    1212344 bytes,   14801488 total
: 103400K->20500K(109248K), 0,0108307 secs] 158638K->78059K(502464K), 0,0109087 secs] [Times: user=0,04 sys=0,00, real=0,01 secs] 
Heap after GC invocations=32 (full 2):
 par new generation   total 109248K, used 20500K [0x00000000e0000000, 0x00000000e8000000, 0x00000000e8000000)
  eden space 87424K,   0% used [0x00000000e0000000, 0x00000000e0000000, 0x00000000e5560000)
  from space 21824K,  93% used [0x00000000e5560000, 0x00000000e69651d0, 0x00000000e6ab0000)
  to   space 21824K,   0% used [0x00000000e6ab0000, 0x00000000e6ab0000, 0x00000000e8000000)
 concurrent mark-sweep generation total 393216K, used 57559K [0x00000000e8000000, 0x0000000100000000, 0x0000000100000000)
 Metaspace       used 37589K, capacity 38214K, committed 38348K, reserved 1083392K
  class space    used 4131K, capacity 4286K, committed 4300K, reserved 1048576K
}
2016-09-22T15:45:06.932+0100: 106,351: Total time for which application threads were stopped: 0,0112142 seconds, Stopping threads took: 0,0000469 seconds
2016-09-22T15:45:06.955+0100: 106,374: Total time for which application threads were stopped: 0,0001661 seconds, Stopping threads took: 0,0000348 seconds
2016-09-22T15:45:07.025+0100: 106,445: Total time for which application threads were stopped: 0,0002214 seconds, Stopping threads took: 0,0000462 seconds
2016-09-22T15:45:07.026+0100: 106,445: Total time for which application threads were stopped: 0,0001773 seconds, Stopping threads took: 0,0000431 seconds
2016-09-22T15:45:07.036+0100: 106,455: Total time for which application threads were stopped: 0,0004278 seconds, Stopping threads took: 0,0000909 seconds
2016-09-22T15:45:07.037+0100: 106,456: Total time for which application threads were stopped: 0,0001313 seconds, Stopping threads took: 0,0000193 seconds
2016-09-22T15:45:07.795+0100: 107,215: Total time for which application threads were stopped: 0,0002542 seconds, Stopping threads took: 0,0000665 seconds
2016-09-22T15:45:07.795+0100: 107,215: Total time for which application threads were stopped: 0,0001121 seconds, Stopping threads took: 0,0000225 seconds
2016-09-22T15:45:07.797+0100: 107,216: Total time for which application threads were stopped: 0,0001227 seconds, Stopping threads took: 0,0000383 seconds
2016-09-22T15:45:08.181+0100: 107,601: Total time for which application threads were stopped: 0,0003007 seconds, Stopping threads took: 0,0000538 seconds
{Heap before GC invocations=32 (full 2):
 par new generation   total 109248K, used 107924K [0x00000000e0000000, 0x00000000e8000000, 0x00000000e8000000)
  eden space 87424K, 100% used [0x00000000e0000000, 0x00000000e5560000, 0x00000000e5560000)
  from space 21824K,  93% used [0x00000000e5560000, 0x00000000e69651d0, 0x00000000e6ab0000)
  to   space 21824K,   0% used [0x00000000e6ab0000, 0x00000000e6ab0000, 0x00000000e8000000)
 concurrent mark-sweep generation total 393216K, used 57559K [0x00000000e8000000, 0x0000000100000000, 0x0000000100000000)
 Metaspace       used 37615K, capacity 38214K, committed 38348K, reserved 1083392K
  class space    used 4131K, capacity 4286K, committed 4300K, reserved 1048576K
2016-09-22T15:45:08.190+0100: 107,610: [GC (Allocation Failure) 2016-09-22T15:45:08.190+0100: 107,610: [ParNew
Desired survivor size 20112992 bytes, new threshold 8 (max 8)
- age   1:    3358344 bytes,    3358344 total
- age   2:    1073584 bytes,    4431928 total
- age   3:     547632 bytes,    4979560 total
- age   4:     263128 bytes,    5242688 total
- age   5:     646672 bytes,    5889360 total
- age   6:    2539408 bytes,    8428768 total
- age   7:     164096 bytes,    8592864 total
- age   8:    2757848 bytes,   11350712 total
: 107924K->13255K(109248K), 0,0096922 secs] 165483K->72001K(502464K), 0,0097826 secs] [Times: user=0,03 sys=0,00, real=0,01 secs] 
Heap after GC invocations=33 (full 2):
 par new generation   total 109248K, used 13255K [0x00000000e0000000, 0x00000000e8000000, 0x00000000e8000000)
  eden space 87424K,   0% used [0x00000000e0000000, 0x00000000e0000000, 0x00000000e5560000)
  from space 21824K,  60% used [0x00000000e6ab0000, 0x00000000e77a1f50, 0x00000000e8000000)
  to   space 21824K,   0% used [0x00000000e5560000, 0x00000000e5560000, 0x00000000e6ab0000)
 concurrent mark-sweep generation total 393216K, used 58745K [0x00000000e8000000, 0x0000000100000000, 0x0000000100000000)
 Metaspace       used 37615K, capacity 38214K, committed 38348K, reserved 1083392K
  class space    used 4131K, capacity 4286K, committed 4300K, reserved 1048576K
}
2016-09-22T15:45:08.200+0100: 107,619: Total time for which application threads were stopped: 0,0100854 seconds, Stopping threads took: 0,0000473 seconds
2016-09-22T15:45:08.218+0100: 107,637: Total time for which application threads were stopped: 0,0003093 seconds, Stopping threads took: 0,0000482 seconds
2016-09-22T15:45:08.715+0100: 108,134: Total time for which application threads were stopped: 0,0002269 seconds, Stopping threads took: 0,0000333 seconds
{Heap before GC invocations=33 (full 2):
 par new generation   total 109248K, used 100679K [0x00000000e0000000, 0x00000000e8000000, 0x00000000e8000000)
  eden space 87424K, 100% used [0x00000000e0000000, 0x00000000e5560000, 0x00000000e5560000)
  from space 21824K,  60% used [0x00000000e6ab0000, 0x00000000e77a1f50, 0x00000000e8000000)
  to   space 21824K,   0% used [0x00000000e5560000, 0x00000000e5560000, 0x00000000e6ab0000)
 concurrent mark-sweep generation total 393216K, used 58745K [0x00000000e8000000, 0x0000000100000000, 0x0000000100000000)
 Metaspace       used 37686K, capacity 38356K, committed 38604K, reserved 1083392K
  class space    used 4138K, capacity 4299K, committed 4300K, reserved 1048576K
2016-09-22T15:45:08.929+0100: 108,348: [GC (Allocation Failure) 2016-09-22T15:45:08.929+0100: 108,348: [ParNew
Desired survivor size 20112992 bytes, new threshold 8 (max 8)
- age   1:    1936880 bytes,    1936880 total
- age   2:    1113608 bytes,    3050488 total
- age   3:     238080 bytes,    3288568 total
- age   4:     407824 bytes,    3696392 total
- age   5:     263128 bytes,    3959520 total
- age   6:     579328 bytes,    4538848 total
- age   7:    2539384 bytes,    7078232 total
- age   8:     163920 bytes,    7242152 total
: 100679K->13153K(109248K), 0,0086635 secs] 159425K->74596K(502464K), 0,0087670 secs] [Times: user=0,02 sys=0,00, real=0,01 secs] 
Heap after GC invocations=34 (full 2):
 par new generation   total 109248K, used 13153K [0x00000000e0000000, 0x00000000e8000000, 0x00000000e8000000)
  eden space 87424K,   0% used [0x00000000e0000000, 0x00000000e0000000, 0x00000000e5560000)
  from space 21824K,  60% used [0x00000000e5560000, 0x00000000e6238638, 0x00000000e6ab0000)
  to   space 21824K,   0% used [0x00000000e6ab0000, 0x00000000e6ab0000, 0x00000000e8000000)
 concurrent mark-sweep generation total 393216K, used 61442K [0x00000000e8000000, 0x0000000100000000, 0x0000000100000000)
 Metaspace       used 37686K, capacity 38356K, committed 38604K, reserved 1083392K
  class space    used 4138K, capacity 4299K, committed 4300K, reserved 1048576K
}
2016-09-22T15:45:08.938+0100: 108,357: Total time for which application threads were stopped: 0,0091608 seconds, Stopping threads took: 0,0000482 seconds
2016-09-22T15:45:08.938+0100: 108,357: Total time for which application threads were stopped: 0,0002264 seconds, Stopping threads took: 0,0000366 seconds
2016-09-22T15:45:09.007+0100: 108,426: Total time for which application threads were stopped: 0,0002586 seconds, Stopping threads took: 0,0000666 seconds
2016-09-22T15:45:10.007+0100: 109,427: Total time for which application threads were stopped: 0,0002473 seconds, Stopping threads took: 0,0000404 seconds
2016-09-22T15:45:10.414+0100: 109,833: Total time for which application threads were stopped: 0,0002037 seconds, Stopping threads took: 0,0000372 seconds
2016-09-22T15:45:10.414+0100: 109,833: Total time for which application threads were stopped: 0,0000984 seconds, Stopping threads took: 0,0000117 seconds
2016-09-22T15:45:10.414+0100: 109,834: Total time for which application threads were stopped: 0,0000642 seconds, Stopping threads took: 0,0000072 seconds
2016-09-22T15:45:10.414+0100: 109,834: Total time for which application threads were stopped: 0,0000626 seconds, Stopping threads took: 0,0000071 seconds
2016-09-22T15:45:10.415+0100: 109,834: Total time for which application threads were stopped: 0,0000618 seconds, Stopping threads took: 0,0000067 seconds
2016-09-22T15:45:10.421+0100: 109,840: Total time for which application threads were stopped: 0,0002975 seconds, Stopping threads took: 0,0000610 seconds
2016-09-22T15:45:10.421+0100: 109,841: Total time for which application threads were stopped: 0,0001522 seconds, Stopping threads took: 0,0000228 seconds
2016-09-22T15:45:10.422+0100: 109,841: Total time for which application threads were stopped: 0,0000775 seconds, Stopping threads took: 0,0000193 seconds
2016-09-22T15:45:10.422+0100: 109,841: Total time for which application threads were stopped: 0,0000772 seconds, Stopping threads took: 0,0000185 seconds
2016-09-22T15:45:10.639+0100: 110,058: Total time for which application threads were stopped: 0,0002067 seconds, Stopping threads took: 0,0000455 seconds
2016-09-22T15:45:10.639+0100: 110,058: Total time for which application threads were stopped: 0,0001402 seconds, Stopping threads took: 0,0000307 seconds
2016-09-22T15:45:10.639+0100: 110,059: Total time for which application threads were stopped: 0,0001105 seconds, Stopping threads took: 0,0000155 seconds
2016-09-22T15:45:10.640+0100: 110,060: Total time for which application threads were stopped: 0,0002095 seconds, Stopping threads took: 0,0000387 seconds
2016-09-22T15:45:10.643+0100: 110,063: Total time for which application threads were stopped: 0,0003028 seconds, Stopping threads took: 0,0000768 seconds
2016-09-22T15:45:10.644+0100: 110,063: Total time for which application threads were stopped: 0,0002251 seconds, Stopping threads took: 0,0000654 seconds
2016-09-22T15:45:10.654+0100: 110,073: Total time for which application threads were stopped: 0,0002436 seconds, Stopping threads took: 0,0000456 seconds
{Heap before GC invocations=34 (full 2):
 par new generation   total 109248K, used 100577K [0x00000000e0000000, 0x00000000e8000000, 0x00000000e8000000)
  eden space 87424K, 100% used [0x00000000e0000000, 0x00000000e5560000, 0x00000000e5560000)
  from space 21824K,  60% used [0x00000000e5560000, 0x00000000e6238638, 0x00000000e6ab0000)
  to   space 21824K,   0% used [0x00000000e6ab0000, 0x00000000e6ab0000, 0x00000000e8000000)
 concurrent mark-sweep generation total 393216K, used 61442K [0x00000000e8000000, 0x0000000100000000, 0x0000000100000000)
 Metaspace       used 38051K, capacity 38902K, committed 38988K, reserved 1083392K
  class space    used 4188K, capacity 4390K, committed 4428K, reserved 1048576K
2016-09-22T15:45:10.792+0100: 110,211: [GC (Allocation Failure) 2016-09-22T15:45:10.792+0100: 110,211: [ParNew
Desired survivor size 20112992 bytes, new threshold 8 (max 8)
- age   1:    4284944 bytes,    4284944 total
- age   2:     961984 bytes,    5246928 total
- age   3:    1072864 bytes,    6319792 total
- age   4:     238080 bytes,    6557872 total
- age   5:     407824 bytes,    6965696 total
- age   6:     263128 bytes,    7228824 total
- age   7:     579256 bytes,    7808080 total
- age   8:    2537120 bytes,   10345200 total
: 100577K->13115K(109248K), 0,0076491 secs] 162020K->74721K(502464K), 0,0077390 secs] [Times: user=0,03 sys=0,00, real=0,01 secs] 
Heap after GC invocations=35 (full 2):
 par new generation   total 109248K, used 13115K [0x00000000e0000000, 0x00000000e8000000, 0x00000000e8000000)
  eden space 87424K,   0% used [0x00000000e0000000, 0x00000000e0000000, 0x00000000e5560000)
  from space 21824K,  60% used [0x00000000e6ab0000, 0x00000000e777ee38, 0x00000000e8000000)
  to   space 21824K,   0% used [0x00000000e5560000, 0x00000000e5560000, 0x00000000e6ab0000)
 concurrent mark-sweep generation total 393216K, used 61605K [0x00000000e8000000, 0x0000000100000000, 0x0000000100000000)
 Metaspace       used 38051K, capacity 38902K, committed 38988K, reserved 1083392K
  class space    used 4188K, capacity 4390K, committed 4428K, reserved 1048576K
}
2016-09-22T15:45:10.800+0100: 110,219: Total time for which application threads were stopped: 0,0083251 seconds, Stopping threads took: 0,0001139 seconds
2016-09-22T15:45:10.800+0100: 110,219: Total time for which application threads were stopped: 0,0003264 seconds, Stopping threads took: 0,0000603 seconds
2016-09-22T15:45:10.865+0100: 110,285: Total time for which application threads were stopped: 0,0002377 seconds, Stopping threads took: 0,0000448 seconds
2016-09-22T15:45:11.092+0100: 110,512: Total time for which application threads were stopped: 0,0002613 seconds, Stopping threads took: 0,0000698 seconds
2016-09-22T15:45:11.093+0100: 110,512: Total time for which application threads were stopped: 0,0001177 seconds, Stopping threads took: 0,0000220 seconds
2016-09-22T15:45:11.093+0100: 110,512: Total time for which application threads were stopped: 0,0001010 seconds, Stopping threads took: 0,0000234 seconds
2016-09-22T15:45:11.093+0100: 110,513: Total time for which application threads were stopped: 0,0000966 seconds, Stopping threads took: 0,0000232 seconds
2016-09-22T15:45:11.094+0100: 110,513: Total time for which application threads were stopped: 0,0000985 seconds, Stopping threads took: 0,0000221 seconds
2016-09-22T15:45:11.096+0100: 110,515: Total time for which application threads were stopped: 0,0000956 seconds, Stopping threads took: 0,0000231 seconds
2016-09-22T15:45:11.119+0100: 110,538: Total time for which application threads were stopped: 0,0002373 seconds, Stopping threads took: 0,0000447 seconds
2016-09-22T15:45:11.122+0100: 110,542: Total time for which application threads were stopped: 0,0002727 seconds, Stopping threads took: 0,0001085 seconds
2016-09-22T15:45:11.123+0100: 110,542: Total time for which application threads were stopped: 0,0001135 seconds, Stopping threads took: 0,0000432 seconds
{Heap before GC invocations=35 (full 2):
 par new generation   total 109248K, used 100539K [0x00000000e0000000, 0x00000000e8000000, 0x00000000e8000000)
  eden space 87424K, 100% used [0x00000000e0000000, 0x00000000e5560000, 0x00000000e5560000)
  from space 21824K,  60% used [0x00000000e6ab0000, 0x00000000e777ee38, 0x00000000e8000000)
  to   space 21824K,   0% used [0x00000000e5560000, 0x00000000e5560000, 0x00000000e6ab0000)
 concurrent mark-sweep generation total 393216K, used 61605K [0x00000000e8000000, 0x0000000100000000, 0x0000000100000000)
 Metaspace       used 38054K, capacity 38902K, committed 38988K, reserved 1083392K
  class space    used 4188K, capacity 4390K, committed 4428K, reserved 1048576K
2016-09-22T15:45:11.360+0100: 110,780: [GC (Allocation Failure) 2016-09-22T15:45:11.360+0100: 110,780: [ParNew
Desired survivor size 20112992 bytes, new threshold 8 (max 8)
- age   1:    2819624 bytes,    2819624 total
- age   2:    3049536 bytes,    5869160 total
- age   3:     952240 bytes,    6821400 total
- age   4:    1072864 bytes,    7894264 total
- age   5:     238080 bytes,    8132344 total
- age   6:     407824 bytes,    8540168 total
- age   7:     263128 bytes,    8803296 total
- age   8:     579256 bytes,    9382552 total
: 100539K->11704K(109248K), 0,0085906 secs] 162145K->75794K(502464K), 0,0086828 secs] [Times: user=0,03 sys=0,01, real=0,01 secs] 
Heap after GC invocations=36 (full 2):
 par new generation   total 109248K, used 11704K [0x00000000e0000000, 0x00000000e8000000, 0x00000000e8000000)
  eden space 87424K,   0% used [0x00000000e0000000, 0x00000000e0000000, 0x00000000e5560000)
  from space 21824K,  53% used [0x00000000e5560000, 0x00000000e60ce0e0, 0x00000000e6ab0000)
  to   space 21824K,   0% used [0x00000000e6ab0000, 0x00000000e6ab0000, 0x00000000e8000000)
 concurrent mark-sweep generation total 393216K, used 64090K [0x00000000e8000000, 0x0000000100000000, 0x0000000100000000)
 Metaspace       used 38054K, capacity 38902K, committed 38988K, reserved 1083392K
  class space    used 4188K, capacity 4390K, committed 4428K, reserved 1048576K
}
2016-09-22T15:45:11.369+0100: 110,788: Total time for which application threads were stopped: 0,0090523 seconds, Stopping threads took: 0,0000457 seconds
2016-09-22T15:45:11.419+0100: 110,838: Total time for which application threads were stopped: 0,0001849 seconds, Stopping threads took: 0,0000380 seconds
{Heap before GC invocations=36 (full 2):
 par new generation   total 109248K, used 99128K [0x00000000e0000000, 0x00000000e8000000, 0x00000000e8000000)
  eden space 87424K, 100% used [0x00000000e0000000, 0x00000000e5560000, 0x00000000e5560000)
  from space 21824K,  53% used [0x00000000e5560000, 0x00000000e60ce0e0, 0x00000000e6ab0000)
  to   space 21824K,   0% used [0x00000000e6ab0000, 0x00000000e6ab0000, 0x00000000e8000000)
 concurrent mark-sweep generation total 393216K, used 64090K [0x00000000e8000000, 0x0000000100000000, 0x0000000100000000)
 Metaspace       used 38058K, capacity 38902K, committed 38988K, reserved 1083392K
  class space    used 4188K, capacity 4390K, committed 4428K, reserved 1048576K
2016-09-22T15:45:12.252+0100: 111,671: [GC (Allocation Failure) 2016-09-22T15:45:12.252+0100: 111,672: [ParNew
Desired survivor size 20112992 bytes, new threshold 8 (max 8)
- age   1:    4594744 bytes,    4594744 total
- age   2:    2194992 bytes,    6789736 total
- age   3:    2831520 bytes,    9621256 total
- age   4:     951280 bytes,   10572536 total
- age   5:    1072864 bytes,   11645400 total
- age   6:     238080 bytes,   11883480 total
- age   7:     340480 bytes,   12223960 total
- age   8:     263128 bytes,   12487088 total
: 99128K->16084K(109248K), 0,0066133 secs] 163218K->80742K(502464K), 0,0067180 secs] [Times: user=0,02 sys=0,01, real=0,01 secs] 
Heap after GC invocations=37 (full 2):
 par new generation   total 109248K, used 16084K [0x00000000e0000000, 0x00000000e8000000, 0x00000000e8000000)
  eden space 87424K,   0% used [0x00000000e0000000, 0x00000000e0000000, 0x00000000e5560000)
  from space 21824K,  73% used [0x00000000e6ab0000, 0x00000000e7a65380, 0x00000000e8000000)
  to   space 21824K,   0% used [0x00000000e5560000, 0x00000000e5560000, 0x00000000e6ab0000)
 concurrent mark-sweep generation total 393216K, used 64657K [0x00000000e8000000, 0x0000000100000000, 0x0000000100000000)
 Metaspace       used 38058K, capacity 38902K, committed 38988K, reserved 1083392K
  class space    used 4188K, capacity 4390K, committed 4428K, reserved 1048576K
}
2016-09-22T15:45:12.259+0100: 111,678: Total time for which application threads were stopped: 0,0070542 seconds, Stopping threads took: 0,0000492 seconds
2016-09-22T15:45:12.562+0100: 111,982: Total time for which application threads were stopped: 0,0005021 seconds, Stopping threads took: 0,0000581 seconds
2016-09-22T15:45:12.623+0100: 112,042: Total time for which application threads were stopped: 0,0001994 seconds, Stopping threads took: 0,0000319 seconds
2016-09-22T15:45:12.626+0100: 112,046: Total time for which application threads were stopped: 0,0002805 seconds, Stopping threads took: 0,0000663 seconds
2016-09-22T15:45:12.629+0100: 112,048: Total time for which application threads were stopped: 0,0001826 seconds, Stopping threads took: 0,0000433 seconds
{Heap before GC invocations=37 (full 2):
 par new generation   total 109248K, used 103508K [0x00000000e0000000, 0x00000000e8000000, 0x00000000e8000000)
  eden space 87424K, 100% used [0x00000000e0000000, 0x00000000e5560000, 0x00000000e5560000)
  from space 21824K,  73% used [0x00000000e6ab0000, 0x00000000e7a65380, 0x00000000e8000000)
  to   space 21824K,   0% used [0x00000000e5560000, 0x00000000e5560000, 0x00000000e6ab0000)
 concurrent mark-sweep generation total 393216K, used 64657K [0x00000000e8000000, 0x0000000100000000, 0x0000000100000000)
 Metaspace       used 38060K, capacity 38902K, committed 38988K, reserved 1083392K
  class space    used 4188K, capacity 4390K, committed 4428K, reserved 1048576K
2016-09-22T15:45:12.738+0100: 112,157: [GC (Allocation Failure) 2016-09-22T15:45:12.738+0100: 112,157: [ParNew
Desired survivor size 20112992 bytes, new threshold 8 (max 8)
- age   1:    1569288 bytes,    1569288 total
- age   2:     972280 bytes,    2541568 total
- age   3:     942792 bytes,    3484360 total
- age   4:    2622808 bytes,    6107168 total
- age   5:     951088 bytes,    7058256 total
- age   6:    1072864 bytes,    8131120 total
- age   7:     238080 bytes,    8369200 total
- age   8:     340480 bytes,    8709680 total
: 103508K->11773K(109248K), 0,0056849 secs] 168166K->76687K(502464K), 0,0057691 secs] [Times: user=0,02 sys=0,00, real=0,00 secs] 
Heap after GC invocations=38 (full 2):
 par new generation   total 109248K, used 11773K [0x00000000e0000000, 0x00000000e8000000, 0x00000000e8000000)
  eden space 87424K,   0% used [0x00000000e0000000, 0x00000000e0000000, 0x00000000e5560000)
  from space 21824K,  53% used [0x00000000e5560000, 0x00000000e60df498, 0x00000000e6ab0000)
  to   space 21824K,   0% used [0x00000000e6ab0000, 0x00000000e6ab0000, 0x00000000e8000000)
 concurrent mark-sweep generation total 393216K, used 64914K [0x00000000e8000000, 0x0000000100000000, 0x0000000100000000)
 Metaspace       used 38060K, capacity 38902K, committed 38988K, reserved 1083392K
  class space    used 4188K, capacity 4390K, committed 4428K, reserved 1048576K
}
2016-09-22T15:45:12.744+0100: 112,163: Total time for which application threads were stopped: 0,0060403 seconds, Stopping threads took: 0,0000333 seconds
2016-09-22T15:45:12.759+0100: 112,178: Total time for which application threads were stopped: 0,0002768 seconds, Stopping threads took: 0,0000688 seconds
2016-09-22T15:45:12.759+0100: 112,178: Total time for which application threads were stopped: 0,0001666 seconds, Stopping threads took: 0,0000339 seconds
{Heap before GC invocations=38 (full 2):
 par new generation   total 109248K, used 99197K [0x00000000e0000000, 0x00000000e8000000, 0x00000000e8000000)
  eden space 87424K, 100% used [0x00000000e0000000, 0x00000000e5560000, 0x00000000e5560000)
  from space 21824K,  53% used [0x00000000e5560000, 0x00000000e60df498, 0x00000000e6ab0000)
  to   space 21824K,   0% used [0x00000000e6ab0000, 0x00000000e6ab0000, 0x00000000e8000000)
 concurrent mark-sweep generation total 393216K, used 64914K [0x00000000e8000000, 0x0000000100000000, 0x0000000100000000)
 Metaspace       used 38060K, capacity 38902K, committed 38988K, reserved 1083392K
  class space    used 4188K, capacity 4390K, committed 4428K, reserved 1048576K
2016-09-22T15:45:13.387+0100: 112,806: [GC (Allocation Failure) 2016-09-22T15:45:13.387+0100: 112,806: [ParNew
Desired survivor size 20112992 bytes, new threshold 8 (max 8)
- age   1:    4453192 bytes,    4453192 total
- age   2:    1287984 bytes,    5741176 total
- age   3:     962248 bytes,    6703424 total
- age   4:     940128 bytes,    7643552 total
- age   5:    2617736 bytes,   10261288 total
- age   6:     913760 bytes,   11175048 total
- age   7:    1072336 bytes,   12247384 total
- age   8:     238080 bytes,   12485464 total
: 99197K->15401K(109248K), 0,0067027 secs] 164111K->80650K(502464K), 0,0067783 secs] [Times: user=0,02 sys=0,01, real=0,01 secs] 
Heap after GC invocations=39 (full 2):
 par new generation   total 109248K, used 15401K [0x00000000e0000000, 0x00000000e8000000, 0x00000000e8000000)
  eden space 87424K,   0% used [0x00000000e0000000, 0x00000000e0000000, 0x00000000e5560000)
  from space 21824K,  70% used [0x00000000e6ab0000, 0x00000000e79ba560, 0x00000000e8000000)
  to   space 21824K,   0% used [0x00000000e5560000, 0x00000000e5560000, 0x00000000e6ab0000)
 concurrent mark-sweep generation total 393216K, used 65248K [0x00000000e8000000, 0x0000000100000000, 0x0000000100000000)
 Metaspace       used 38060K, capacity 38902K, committed 38988K, reserved 1083392K
  class space    used 4188K, capacity 4390K, committed 4428K, reserved 1048576K
}
2016-09-22T15:45:13.394+0100: 112,813: Total time for which application threads were stopped: 0,0070368 seconds, Stopping threads took: 0,0000340 seconds
2016-09-22T15:45:13.706+0100: 113,125: Total time for which application threads were stopped: 0,0002824 seconds, Stopping threads took: 0,0001139 seconds
2016-09-22T15:45:13.712+0100: 113,132: Total time for which application threads were stopped: 0,0002175 seconds, Stopping threads took: 0,0000728 seconds
2016-09-22T15:45:13.713+0100: 113,132: Total time for which application threads were stopped: 0,0001789 seconds, Stopping threads took: 0,0000844 seconds
{Heap before GC invocations=39 (full 2):
 par new generation   total 109248K, used 102825K [0x00000000e0000000, 0x00000000e8000000, 0x00000000e8000000)
  eden space 87424K, 100% used [0x00000000e0000000, 0x00000000e5560000, 0x00000000e5560000)
  from space 21824K,  70% used [0x00000000e6ab0000, 0x00000000e79ba560, 0x00000000e8000000)
  to   space 21824K,   0% used [0x00000000e5560000, 0x00000000e5560000, 0x00000000e6ab0000)
 concurrent mark-sweep generation total 393216K, used 65248K [0x00000000e8000000, 0x0000000100000000, 0x0000000100000000)
 Metaspace       used 38068K, capacity 38902K, committed 38988K, reserved 1083392K
  class space    used 4188K, capacity 4390K, committed 4428K, reserved 1048576K
2016-09-22T15:45:13.854+0100: 113,273: [GC (Allocation Failure) 2016-09-22T15:45:13.854+0100: 113,273: [ParNew
Desired survivor size 20112992 bytes, new threshold 8 (max 8)
- age   1:    1826912 bytes,    1826912 total
- age   2:     994024 bytes,    2820936 total
- age   3:     419424 bytes,    3240360 total
- age   4:     235560 bytes,    3475920 total
- age   5:     679224 bytes,    4155144 total
- age   6:    2548608 bytes,    6703752 total
- age   7:     913760 bytes,    7617512 total
- age   8:    1072336 bytes,    8689848 total
: 102825K->12911K(109248K), 0,0065193 secs] 168074K->78392K(502464K), 0,0065932 secs] [Times: user=0,02 sys=0,00, real=0,01 secs] 
Heap after GC invocations=40 (full 2):
 par new generation   total 109248K, used 12911K [0x00000000e0000000, 0x00000000e8000000, 0x00000000e8000000)
  eden space 87424K,   0% used [0x00000000e0000000, 0x00000000e0000000, 0x00000000e5560000)
  from space 21824K,  59% used [0x00000000e5560000, 0x00000000e61fbee0, 0x00000000e6ab0000)
  to   space 21824K,   0% used [0x00000000e6ab0000, 0x00000000e6ab0000, 0x00000000e8000000)
 concurrent mark-sweep generation total 393216K, used 65481K [0x00000000e8000000, 0x0000000100000000, 0x0000000100000000)
 Metaspace       used 38068K, capacity 38902K, committed 38988K, reserved 1083392K
  class space    used 4188K, capacity 4390K, committed 4428K, reserved 1048576K
}
2016-09-22T15:45:13.860+0100: 113,280: Total time for which application threads were stopped: 0,0068534 seconds, Stopping threads took: 0,0000435 seconds
2016-09-22T15:45:14.861+0100: 114,280: Total time for which application threads were stopped: 0,0002913 seconds, Stopping threads took: 0,0000588 seconds
2016-09-22T15:45:14.917+0100: 114,336: Total time for which application threads were stopped: 0,0002128 seconds, Stopping threads took: 0,0000420 seconds
2016-09-22T15:45:15.444+0100: 114,863: Total time for which application threads were stopped: 0,0003478 seconds, Stopping threads took: 0,0000903 seconds
{Heap before GC invocations=40 (full 2):
 par new generation   total 109248K, used 100335K [0x00000000e0000000, 0x00000000e8000000, 0x00000000e8000000)
  eden space 87424K, 100% used [0x00000000e0000000, 0x00000000e5560000, 0x00000000e5560000)
  from space 21824K,  59% used [0x00000000e5560000, 0x00000000e61fbee0, 0x00000000e6ab0000)
  to   space 21824K,   0% used [0x00000000e6ab0000, 0x00000000e6ab0000, 0x00000000e8000000)
 concurrent mark-sweep generation total 393216K, used 65481K [0x00000000e8000000, 0x0000000100000000, 0x0000000100000000)
 Metaspace       used 38072K, capacity 38902K, committed 38988K, reserved 1083392K
  class space    used 4188K, capacity 4390K, committed 4428K, reserved 1048576K
2016-09-22T15:45:15.719+0100: 115,138: [GC (Allocation Failure) 2016-09-22T15:45:15.719+0100: 115,138: [ParNew
Desired survivor size 20112992 bytes, new threshold 8 (max 8)
- age   1:    1775488 bytes,    1775488 total
- age   2:     319960 bytes,    2095448 total
- age   3:     258864 bytes,    2354312 total
- age   4:     308864 bytes,    2663176 total
- age   5:     232768 bytes,    2895944 total
- age   6:     610080 bytes,    3506024 total
- age   7:    2542712 bytes,    6048736 total
- age   8:     906128 bytes,    6954864 total
: 100335K->9663K(109248K), 0,0053474 secs] 165816K->76190K(502464K), 0,0054316 secs] [Times: user=0,02 sys=0,00, real=0,00 secs] 
Heap after GC invocations=41 (full 2):
 par new generation   total 109248K, used 9663K [0x00000000e0000000, 0x00000000e8000000, 0x00000000e8000000)
  eden space 87424K,   0% used [0x00000000e0000000, 0x00000000e0000000, 0x00000000e5560000)
  from space 21824K,  44% used [0x00000000e6ab0000, 0x00000000e741ff10, 0x00000000e8000000)
  to   space 21824K,   0% used [0x00000000e5560000, 0x00000000e5560000, 0x00000000e6ab0000)
 concurrent mark-sweep generation total 393216K, used 66526K [0x00000000e8000000, 0x0000000100000000, 0x0000000100000000)
 Metaspace       used 38072K, capacity 38902K, committed 38988K, reserved 1083392K
  class space    used 4188K, capacity 4390K, committed 4428K, reserved 1048576K
}
2016-09-22T15:45:15.724+0100: 115,144: Total time for which application threads were stopped: 0,0057135 seconds, Stopping threads took: 0,0000329 seconds
2016-09-22T15:45:15.725+0100: 115,144: Total time for which application threads were stopped: 0,0002481 seconds, Stopping threads took: 0,0000353 seconds
{Heap before GC invocations=41 (full 2):
 par new generation   total 109248K, used 97087K [0x00000000e0000000, 0x00000000e8000000, 0x00000000e8000000)
  eden space 87424K, 100% used [0x00000000e0000000, 0x00000000e5560000, 0x00000000e5560000)
  from space 21824K,  44% used [0x00000000e6ab0000, 0x00000000e741ff10, 0x00000000e8000000)
  to   space 21824K,   0% used [0x00000000e5560000, 0x00000000e5560000, 0x00000000e6ab0000)
 concurrent mark-sweep generation total 393216K, used 66526K [0x00000000e8000000, 0x0000000100000000, 0x0000000100000000)
 Metaspace       used 38072K, capacity 38902K, committed 38988K, reserved 1083392K
  class space    used 4188K, capacity 4390K, committed 4428K, reserved 1048576K
2016-09-22T15:45:15.761+0100: 115,180: [GC (Allocation Failure) 2016-09-22T15:45:15.761+0100: 115,181: [ParNew
Desired survivor size 20112992 bytes, new threshold 8 (max 8)
- age   1:     628080 bytes,     628080 total
- age   2:    1414168 bytes,    2042248 total
- age   3:     319960 bytes,    2362208 total
- age   4:     258864 bytes,    2621072 total
- age   5:     308864 bytes,    2929936 total
- age   6:     232768 bytes,    3162704 total
- age   7:     610080 bytes,    3772784 total
- age   8:    2542712 bytes,    6315496 total
: 97087K->8160K(109248K), 0,0064903 secs] 163614K->75576K(502464K), 0,0066101 secs] [Times: user=0,03 sys=0,00, real=0,00 secs] 
Heap after GC invocations=42 (full 2):
 par new generation   total 109248K, used 8160K [0x00000000e0000000, 0x00000000e8000000, 0x00000000e8000000)
  eden space 87424K,   0% used [0x00000000e0000000, 0x00000000e0000000, 0x00000000e5560000)
  from space 21824K,  37% used [0x00000000e5560000, 0x00000000e5d58228, 0x00000000e6ab0000)
  to   space 21824K,   0% used [0x00000000e6ab0000, 0x00000000e6ab0000, 0x00000000e8000000)
 concurrent mark-sweep generation total 393216K, used 67415K [0x00000000e8000000, 0x0000000100000000, 0x0000000100000000)
 Metaspace       used 38072K, capacity 38902K, committed 38988K, reserved 1083392K
  class space    used 4188K, capacity 4390K, committed 4428K, reserved 1048576K
}
2016-09-22T15:45:15.768+0100: 115,187: Total time for which application threads were stopped: 0,0069460 seconds, Stopping threads took: 0,0000551 seconds
2016-09-22T15:45:15.768+0100: 115,187: Total time for which application threads were stopped: 0,0002148 seconds, Stopping threads took: 0,0000388 seconds
2016-09-22T15:45:15.878+0100: 115,297: Total time for which application threads were stopped: 0,0002770 seconds, Stopping threads took: 0,0000997 seconds
2016-09-22T15:45:16.878+0100: 116,297: Total time for which application threads were stopped: 0,0002003 seconds, Stopping threads took: 0,0000373 seconds
{Heap before GC invocations=42 (full 2):
 par new generation   total 109248K, used 95584K [0x00000000e0000000, 0x00000000e8000000, 0x00000000e8000000)
  eden space 87424K, 100% used [0x00000000e0000000, 0x00000000e5560000, 0x00000000e5560000)
  from space 21824K,  37% used [0x00000000e5560000, 0x00000000e5d58228, 0x00000000e6ab0000)
  to   space 21824K,   0% used [0x00000000e6ab0000, 0x00000000e6ab0000, 0x00000000e8000000)
 concurrent mark-sweep generation total 393216K, used 67415K [0x00000000e8000000, 0x0000000100000000, 0x0000000100000000)
 Metaspace       used 38087K, capacity 38908K, committed 38988K, reserved 1083392K
  class space    used 4189K, capacity 4391K, committed 4428K, reserved 1048576K
2016-09-22T15:45:18.650+0100: 118,070: [GC (Allocation Failure) 2016-09-22T15:45:18.651+0100: 118,070: [ParNew
Desired survivor size 20112992 bytes, new threshold 8 (max 8)
- age   1:    4068224 bytes,    4068224 total
- age   2:     112968 bytes,    4181192 total
- age   3:    1355864 bytes,    5537056 total
- age   4:     319472 bytes,    5856528 total
- age   5:     258864 bytes,    6115392 total
- age   6:     308864 bytes,    6424256 total
- age   7:     232752 bytes,    6657008 total
- age   8:     610080 bytes,    7267088 total
: 95584K->8048K(109248K), 0,0084229 secs] 163000K->77957K(502464K), 0,0085387 secs] [Times: user=0,03 sys=0,00, real=0,01 secs] 
Heap after GC invocations=43 (full 2):
 par new generation   total 109248K, used 8048K [0x00000000e0000000, 0x00000000e8000000, 0x00000000e8000000)
  eden space 87424K,   0% used [0x00000000e0000000, 0x00000000e0000000, 0x00000000e5560000)
  from space 21824K,  36% used [0x00000000e6ab0000, 0x00000000e728c350, 0x00000000e8000000)
  to   space 21824K,   0% used [0x00000000e5560000, 0x00000000e5560000, 0x00000000e6ab0000)
 concurrent mark-sweep generation total 393216K, used 69909K [0x00000000e8000000, 0x0000000100000000, 0x0000000100000000)
 Metaspace       used 38087K, capacity 38908K, committed 38988K, reserved 1083392K
  class space    used 4189K, capacity 4391K, committed 4428K, reserved 1048576K
}
2016-09-22T15:45:18.659+0100: 118,078: Total time for which application threads were stopped: 0,0088519 seconds, Stopping threads took: 0,0000403 seconds
2016-09-22T15:45:18.660+0100: 118,079: Total time for which application threads were stopped: 0,0003869 seconds, Stopping threads took: 0,0000769 seconds
2016-09-22T15:45:18.730+0100: 118,149: Total time for which application threads were stopped: 0,0001934 seconds, Stopping threads took: 0,0000319 seconds
2016-09-22T15:45:19.730+0100: 119,149: Total time for which application threads were stopped: 0,0001854 seconds, Stopping threads took: 0,0000349 seconds
2016-09-22T15:45:20.154+0100: 119,573: Total time for which application threads were stopped: 0,0001913 seconds, Stopping threads took: 0,0000305 seconds
2016-09-22T15:45:20.154+0100: 119,573: Total time for which application threads were stopped: 0,0001613 seconds, Stopping threads took: 0,0000240 seconds
2016-09-22T15:45:20.154+0100: 119,573: Total time for which application threads were stopped: 0,0001260 seconds, Stopping threads took: 0,0000156 seconds
2016-09-22T15:45:20.154+0100: 119,574: Total time for which application threads were stopped: 0,0001255 seconds, Stopping threads took: 0,0000244 seconds
2016-09-22T15:45:20.155+0100: 119,574: Total time for which application threads were stopped: 0,0001779 seconds, Stopping threads took: 0,0000292 seconds
2016-09-22T15:45:20.160+0100: 119,580: Total time for which application threads were stopped: 0,0002144 seconds, Stopping threads took: 0,0000663 seconds
2016-09-22T15:45:20.160+0100: 119,580: Total time for which application threads were stopped: 0,0000889 seconds, Stopping threads took: 0,0000328 seconds
2016-09-22T15:45:20.161+0100: 119,580: Total time for which application threads were stopped: 0,0000883 seconds, Stopping threads took: 0,0000326 seconds
2016-09-22T15:45:20.161+0100: 119,580: Total time for which application threads were stopped: 0,0000642 seconds, Stopping threads took: 0,0000085 seconds
2016-09-22T15:45:20.162+0100: 119,582: Total time for which application threads were stopped: 0,0006485 seconds, Stopping threads took: 0,0000211 seconds
2016-09-22T15:45:20.165+0100: 119,584: Total time for which application threads were stopped: 0,0001344 seconds, Stopping threads took: 0,0000290 seconds
2016-09-22T15:45:20.165+0100: 119,585: Total time for which application threads were stopped: 0,0000951 seconds, Stopping threads took: 0,0000320 seconds
2016-09-22T15:45:20.166+0100: 119,585: Total time for which application threads were stopped: 0,0000947 seconds, Stopping threads took: 0,0000323 seconds
2016-09-22T15:45:20.166+0100: 119,585: Total time for which application threads were stopped: 0,0000929 seconds, Stopping threads took: 0,0000326 seconds
2016-09-22T15:45:20.166+0100: 119,585: Total time for which application threads were stopped: 0,0000925 seconds, Stopping threads took: 0,0000321 seconds
2016-09-22T15:45:20.166+0100: 119,585: Total time for which application threads were stopped: 0,0000868 seconds, Stopping threads took: 0,0000208 seconds
2016-09-22T15:45:20.166+0100: 119,586: Total time for which application threads were stopped: 0,0000850 seconds, Stopping threads took: 0,0000189 seconds
2016-09-22T15:45:20.167+0100: 119,587: Total time for which application threads were stopped: 0,0000583 seconds, Stopping threads took: 0,0000068 seconds
2016-09-22T15:45:20.168+0100: 119,587: Total time for which application threads were stopped: 0,0001154 seconds, Stopping threads took: 0,0000538 seconds
2016-09-22T15:45:20.715+0100: 120,134: Total time for which application threads were stopped: 0,0002422 seconds, Stopping threads took: 0,0000414 seconds
2016-09-22T15:45:20.715+0100: 120,135: Total time for which application threads were stopped: 0,0000925 seconds, Stopping threads took: 0,0000328 seconds
2016-09-22T15:45:20.715+0100: 120,135: Total time for which application threads were stopped: 0,0000620 seconds, Stopping threads took: 0,0000080 seconds
2016-09-22T15:45:20.716+0100: 120,135: Total time for which application threads were stopped: 0,0000982 seconds, Stopping threads took: 0,0000316 seconds
2016-09-22T15:45:20.721+0100: 120,140: Total time for which application threads were stopped: 0,0002221 seconds, Stopping threads took: 0,0000326 seconds
2016-09-22T15:45:20.721+0100: 120,140: Total time for which application threads were stopped: 0,0001103 seconds, Stopping threads took: 0,0000145 seconds
2016-09-22T15:45:20.721+0100: 120,140: Total time for which application threads were stopped: 0,0000650 seconds, Stopping threads took: 0,0000077 seconds
2016-09-22T15:45:20.721+0100: 120,140: Total time for which application threads were stopped: 0,0000622 seconds, Stopping threads took: 0,0000083 seconds
2016-09-22T15:45:20.723+0100: 120,142: Total time for which application threads were stopped: 0,0001916 seconds, Stopping threads took: 0,0000418 seconds
2016-09-22T15:45:20.723+0100: 120,143: Total time for which application threads were stopped: 0,0000977 seconds, Stopping threads took: 0,0000187 seconds
2016-09-22T15:45:20.724+0100: 120,143: Total time for which application threads were stopped: 0,0000740 seconds, Stopping threads took: 0,0000125 seconds
2016-09-22T15:45:20.724+0100: 120,143: Total time for which application threads were stopped: 0,0000722 seconds, Stopping threads took: 0,0000125 seconds
2016-09-22T15:45:20.724+0100: 120,143: Total time for which application threads were stopped: 0,0000770 seconds, Stopping threads took: 0,0000115 seconds
2016-09-22T15:45:20.724+0100: 120,143: Total time for which application threads were stopped: 0,0001223 seconds, Stopping threads took: 0,0000594 seconds
2016-09-22T15:45:20.724+0100: 120,143: Total time for which application threads were stopped: 0,0000671 seconds, Stopping threads took: 0,0000135 seconds
2016-09-22T15:45:20.724+0100: 120,144: Total time for which application threads were stopped: 0,0000670 seconds, Stopping threads took: 0,0000153 seconds
2016-09-22T15:45:20.726+0100: 120,145: Total time for which application threads were stopped: 0,0001119 seconds, Stopping threads took: 0,0000292 seconds
2016-09-22T15:45:21.109+0100: 120,528: Total time for which application threads were stopped: 0,0002206 seconds, Stopping threads took: 0,0000584 seconds
2016-09-22T15:45:21.109+0100: 120,529: Total time for which application threads were stopped: 0,0001191 seconds, Stopping threads took: 0,0000524 seconds
2016-09-22T15:45:21.110+0100: 120,529: Total time for which application threads were stopped: 0,0000727 seconds, Stopping threads took: 0,0000119 seconds
2016-09-22T15:45:21.111+0100: 120,530: Total time for which application threads were stopped: 0,0001111 seconds, Stopping threads took: 0,0000407 seconds
2016-09-22T15:45:21.111+0100: 120,530: Total time for which application threads were stopped: 0,0000947 seconds, Stopping threads took: 0,0000225 seconds
2016-09-22T15:45:21.114+0100: 120,533: Total time for which application threads were stopped: 0,0004131 seconds, Stopping threads took: 0,0000445 seconds
2016-09-22T15:45:21.114+0100: 120,533: Total time for which application threads were stopped: 0,0001091 seconds, Stopping threads took: 0,0000482 seconds
2016-09-22T15:45:21.114+0100: 120,534: Total time for which application threads were stopped: 0,0000763 seconds, Stopping threads took: 0,0000194 seconds
2016-09-22T15:45:21.114+0100: 120,534: Total time for which application threads were stopped: 0,0000907 seconds, Stopping threads took: 0,0000339 seconds
2016-09-22T15:45:21.119+0100: 120,539: Total time for which application threads were stopped: 0,0001814 seconds, Stopping threads took: 0,0000400 seconds
2016-09-22T15:45:21.120+0100: 120,539: Total time for which application threads were stopped: 0,0000916 seconds, Stopping threads took: 0,0000213 seconds
2016-09-22T15:45:21.120+0100: 120,539: Total time for which application threads were stopped: 0,0000614 seconds, Stopping threads took: 0,0000052 seconds
2016-09-22T15:45:21.120+0100: 120,539: Total time for which application threads were stopped: 0,0000782 seconds, Stopping threads took: 0,0000043 seconds
2016-09-22T15:45:21.122+0100: 120,542: Total time for which application threads were stopped: 0,0001836 seconds, Stopping threads took: 0,0000433 seconds
2016-09-22T15:45:21.123+0100: 120,542: Total time for which application threads were stopped: 0,0000982 seconds, Stopping threads took: 0,0000199 seconds
2016-09-22T15:45:21.123+0100: 120,542: Total time for which application threads were stopped: 0,0000928 seconds, Stopping threads took: 0,0000189 seconds
2016-09-22T15:45:21.123+0100: 120,542: Total time for which application threads were stopped: 0,0000795 seconds, Stopping threads took: 0,0000258 seconds
2016-09-22T15:45:21.123+0100: 120,542: Total time for which application threads were stopped: 0,0000646 seconds, Stopping threads took: 0,0000099 seconds
2016-09-22T15:45:21.123+0100: 120,543: Total time for which application threads were stopped: 0,0000872 seconds, Stopping threads took: 0,0000125 seconds
2016-09-22T15:45:21.123+0100: 120,543: Total time for which application threads were stopped: 0,0000852 seconds, Stopping threads took: 0,0000118 seconds
2016-09-22T15:45:21.123+0100: 120,543: Total time for which application threads were stopped: 0,0000625 seconds, Stopping threads took: 0,0000090 seconds
2016-09-22T15:45:21.126+0100: 120,546: Total time for which application threads were stopped: 0,0001193 seconds, Stopping threads took: 0,0000212 seconds
2016-09-22T15:45:21.127+0100: 120,546: Total time for which application threads were stopped: 0,0000660 seconds, Stopping threads took: 0,0000094 seconds
2016-09-22T15:45:21.127+0100: 120,546: Total time for which application threads were stopped: 0,0000616 seconds, Stopping threads took: 0,0000073 seconds
2016-09-22T15:45:21.127+0100: 120,546: Total time for which application threads were stopped: 0,0000801 seconds, Stopping threads took: 0,0000141 seconds
2016-09-22T15:45:21.127+0100: 120,546: Total time for which application threads were stopped: 0,0000627 seconds, Stopping threads took: 0,0000086 seconds
2016-09-22T15:45:21.127+0100: 120,546: Total time for which application threads were stopped: 0,0000861 seconds, Stopping threads took: 0,0000255 seconds
2016-09-22T15:45:21.127+0100: 120,546: Total time for which application threads were stopped: 0,0000859 seconds, Stopping threads took: 0,0000256 seconds
2016-09-22T15:45:21.127+0100: 120,547: Total time for which application threads were stopped: 0,0000856 seconds, Stopping threads took: 0,0000253 seconds
2016-09-22T15:45:21.127+0100: 120,547: Total time for which application threads were stopped: 0,0000709 seconds, Stopping threads took: 0,0000106 seconds
2016-09-22T15:45:21.128+0100: 120,547: Total time for which application threads were stopped: 0,0000587 seconds, Stopping threads took: 0,0000059 seconds
2016-09-22T15:45:21.128+0100: 120,547: Total time for which application threads were stopped: 0,0000571 seconds, Stopping threads took: 0,0000056 seconds
2016-09-22T15:45:21.128+0100: 120,547: Total time for which application threads were stopped: 0,0000554 seconds, Stopping threads took: 0,0000054 seconds
2016-09-22T15:45:21.128+0100: 120,547: Total time for which application threads were stopped: 0,0000725 seconds, Stopping threads took: 0,0000068 seconds
2016-09-22T15:45:21.156+0100: 120,575: Total time for which application threads were stopped: 0,0003184 seconds, Stopping threads took: 0,0000723 seconds
2016-09-22T15:45:21.156+0100: 120,575: Total time for which application threads were stopped: 0,0002280 seconds, Stopping threads took: 0,0000333 seconds
2016-09-22T15:45:21.156+0100: 120,576: Total time for which application threads were stopped: 0,0001573 seconds, Stopping threads took: 0,0000331 seconds
2016-09-22T15:45:21.158+0100: 120,577: Total time for which application threads were stopped: 0,0002512 seconds, Stopping threads took: 0,0000675 seconds
{Heap before GC invocations=43 (full 2):
 par new generation   total 109248K, used 95462K [0x00000000e0000000, 0x00000000e8000000, 0x00000000e8000000)
  eden space 87424K,  99% used [0x00000000e0000000, 0x00000000e555d4e8, 0x00000000e5560000)
  from space 21824K,  36% used [0x00000000e6ab0000, 0x00000000e728c350, 0x00000000e8000000)
  to   space 21824K,   0% used [0x00000000e5560000, 0x00000000e5560000, 0x00000000e6ab0000)
 concurrent mark-sweep generation total 393216K, used 69909K [0x00000000e8000000, 0x0000000100000000, 0x0000000100000000)
 Metaspace       used 38377K, capacity 39272K, committed 39500K, reserved 1085440K
  class space    used 4220K, capacity 4425K, committed 4428K, reserved 1048576K
2016-09-22T15:45:21.245+0100: 120,665: [GC (Allocation Failure) 2016-09-22T15:45:21.245+0100: 120,665: [ParNew
Desired survivor size 20112992 bytes, new threshold 8 (max 8)
- age   1:    5166432 bytes,    5166432 total
- age   2:    2982936 bytes,    8149368 total
- age   3:     112968 bytes,    8262336 total
- age   4:    1352648 bytes,    9614984 total
- age   5:     319472 bytes,    9934456 total
- age   6:     227944 bytes,   10162400 total
- age   7:     241032 bytes,   10403432 total
- age   8:     232576 bytes,   10636008 total
: 95462K->15318K(109248K), 0,0069945 secs] 165371K->85823K(502464K), 0,0070866 secs] [Times: user=0,04 sys=0,00, real=0,01 secs] 
Heap after GC invocations=44 (full 2):
 par new generation   total 109248K, used 15318K [0x00000000e0000000, 0x00000000e8000000, 0x00000000e8000000)
  eden space 87424K,   0% used [0x00000000e0000000, 0x00000000e0000000, 0x00000000e5560000)
  from space 21824K,  70% used [0x00000000e5560000, 0x00000000e6455ab0, 0x00000000e6ab0000)
  to   space 21824K,   0% used [0x00000000e6ab0000, 0x00000000e6ab0000, 0x00000000e8000000)
 concurrent mark-sweep generation total 393216K, used 70505K [0x00000000e8000000, 0x0000000100000000, 0x0000000100000000)
 Metaspace       used 38377K, capacity 39272K, committed 39500K, reserved 1085440K
  class space    used 4220K, capacity 4425K, committed 4428K, reserved 1048576K
}
2016-09-22T15:45:21.253+0100: 120,672: Total time for which application threads were stopped: 0,0074222 seconds, Stopping threads took: 0,0000387 seconds
2016-09-22T15:45:21.253+0100: 120,672: Total time for which application threads were stopped: 0,0002705 seconds, Stopping threads took: 0,0000471 seconds
2016-09-22T15:45:22.230+0100: 121,649: Total time for which application threads were stopped: 0,0002095 seconds, Stopping threads took: 0,0000341 seconds
2016-09-22T15:45:22.230+0100: 121,649: Total time for which application threads were stopped: 0,0000688 seconds, Stopping threads took: 0,0000089 seconds
2016-09-22T15:45:22.230+0100: 121,649: Total time for which application threads were stopped: 0,0000644 seconds, Stopping threads took: 0,0000076 seconds
2016-09-22T15:45:22.231+0100: 121,650: Total time for which application threads were stopped: 0,0000841 seconds, Stopping threads took: 0,0000084 seconds
2016-09-22T15:45:22.231+0100: 121,650: Total time for which application threads were stopped: 0,0000701 seconds, Stopping threads took: 0,0000083 seconds
2016-09-22T15:45:22.306+0100: 121,725: Total time for which application threads were stopped: 0,0002415 seconds, Stopping threads took: 0,0000405 seconds
2016-09-22T15:45:22.306+0100: 121,725: Total time for which application threads were stopped: 0,0002006 seconds, Stopping threads took: 0,0000299 seconds
2016-09-22T15:45:22.306+0100: 121,725: Total time for which application threads were stopped: 0,0001708 seconds, Stopping threads took: 0,0000382 seconds
2016-09-22T15:45:22.306+0100: 121,726: Total time for which application threads were stopped: 0,0001491 seconds, Stopping threads took: 0,0000327 seconds
2016-09-22T15:45:22.311+0100: 121,730: Total time for which application threads were stopped: 0,0001750 seconds, Stopping threads took: 0,0000484 seconds
2016-09-22T15:45:22.311+0100: 121,731: Total time for which application threads were stopped: 0,0001574 seconds, Stopping threads took: 0,0000414 seconds
2016-09-22T15:45:22.312+0100: 121,731: Total time for which application threads were stopped: 0,0003528 seconds, Stopping threads took: 0,0000237 seconds
2016-09-22T15:45:22.312+0100: 121,731: Total time for which application threads were stopped: 0,0000925 seconds, Stopping threads took: 0,0000218 seconds
2016-09-22T15:45:22.317+0100: 121,736: Total time for which application threads were stopped: 0,0001730 seconds, Stopping threads took: 0,0000303 seconds
2016-09-22T15:45:22.317+0100: 121,736: Total time for which application threads were stopped: 0,0001326 seconds, Stopping threads took: 0,0000180 seconds
2016-09-22T15:45:22.317+0100: 121,736: Total time for which application threads were stopped: 0,0001085 seconds, Stopping threads took: 0,0000147 seconds
2016-09-22T15:45:22.319+0100: 121,739: Total time for which application threads were stopped: 0,0002224 seconds, Stopping threads took: 0,0000465 seconds
2016-09-22T15:45:22.320+0100: 121,739: Total time for which application threads were stopped: 0,0001471 seconds, Stopping threads took: 0,0000176 seconds
2016-09-22T15:45:22.320+0100: 121,739: Total time for which application threads were stopped: 0,0001409 seconds, Stopping threads took: 0,0000152 seconds
2016-09-22T15:45:22.320+0100: 121,739: Total time for which application threads were stopped: 0,0001475 seconds, Stopping threads took: 0,0000306 seconds
2016-09-22T15:45:22.320+0100: 121,739: Total time for which application threads were stopped: 0,0001207 seconds, Stopping threads took: 0,0000207 seconds
2016-09-22T15:45:22.320+0100: 121,740: Total time for which application threads were stopped: 0,0000786 seconds, Stopping threads took: 0,0000084 seconds
2016-09-22T15:45:22.324+0100: 121,743: Total time for which application threads were stopped: 0,0001695 seconds, Stopping threads took: 0,0000336 seconds
2016-09-22T15:45:22.324+0100: 121,743: Total time for which application threads were stopped: 0,0000733 seconds, Stopping threads took: 0,0000105 seconds
2016-09-22T15:45:22.324+0100: 121,743: Total time for which application threads were stopped: 0,0000692 seconds, Stopping threads took: 0,0000114 seconds
2016-09-22T15:45:22.324+0100: 121,744: Total time for which application threads were stopped: 0,0000784 seconds, Stopping threads took: 0,0000105 seconds
2016-09-22T15:45:22.325+0100: 121,744: Total time for which application threads were stopped: 0,0000793 seconds, Stopping threads took: 0,0000093 seconds
2016-09-22T15:45:22.325+0100: 121,744: Total time for which application threads were stopped: 0,0000700 seconds, Stopping threads took: 0,0000088 seconds
2016-09-22T15:45:22.325+0100: 121,744: Total time for which application threads were stopped: 0,0000692 seconds, Stopping threads took: 0,0000086 seconds
2016-09-22T15:45:22.325+0100: 121,744: Total time for which application threads were stopped: 0,0000685 seconds, Stopping threads took: 0,0000088 seconds
2016-09-22T15:45:22.325+0100: 121,744: Total time for which application threads were stopped: 0,0000697 seconds, Stopping threads took: 0,0000084 seconds
2016-09-22T15:45:22.325+0100: 121,744: Total time for which application threads were stopped: 0,0000672 seconds, Stopping threads took: 0,0000086 seconds
2016-09-22T15:45:22.325+0100: 121,744: Total time for which application threads were stopped: 0,0000639 seconds, Stopping threads took: 0,0000072 seconds
2016-09-22T15:45:22.867+0100: 122,287: Total time for which application threads were stopped: 0,0002002 seconds, Stopping threads took: 0,0000374 seconds
2016-09-22T15:45:22.868+0100: 122,287: Total time for which application threads were stopped: 0,0001407 seconds, Stopping threads took: 0,0000595 seconds
2016-09-22T15:45:22.892+0100: 122,311: Total time for which application threads were stopped: 0,0001974 seconds, Stopping threads took: 0,0000378 seconds
2016-09-22T15:45:22.892+0100: 122,311: Total time for which application threads were stopped: 0,0000676 seconds, Stopping threads took: 0,0000108 seconds
2016-09-22T15:45:22.892+0100: 122,311: Total time for which application threads were stopped: 0,0000954 seconds, Stopping threads took: 0,0000087 seconds
2016-09-22T15:45:22.893+0100: 122,312: Total time for which application threads were stopped: 0,0001099 seconds, Stopping threads took: 0,0000100 seconds
2016-09-22T15:45:22.893+0100: 122,312: Total time for which application threads were stopped: 0,0001049 seconds, Stopping threads took: 0,0000083 seconds
2016-09-22T15:45:22.893+0100: 122,312: Total time for which application threads were stopped: 0,0001030 seconds, Stopping threads took: 0,0000095 seconds
2016-09-22T15:45:23.371+0100: 122,790: Total time for which application threads were stopped: 0,0002204 seconds, Stopping threads took: 0,0000445 seconds
2016-09-22T15:45:23.376+0100: 122,796: Total time for which application threads were stopped: 0,0001662 seconds, Stopping threads took: 0,0000285 seconds
2016-09-22T15:45:23.377+0100: 122,796: Total time for which application threads were stopped: 0,0000967 seconds, Stopping threads took: 0,0000329 seconds
2016-09-22T15:45:23.377+0100: 122,796: Total time for which application threads were stopped: 0,0000699 seconds, Stopping threads took: 0,0000088 seconds
2016-09-22T15:45:23.377+0100: 122,796: Total time for which application threads were stopped: 0,0000931 seconds, Stopping threads took: 0,0000328 seconds
2016-09-22T15:45:23.377+0100: 122,796: Total time for which application threads were stopped: 0,0000738 seconds, Stopping threads took: 0,0000112 seconds
2016-09-22T15:45:23.377+0100: 122,796: Total time for which application threads were stopped: 0,0000725 seconds, Stopping threads took: 0,0000110 seconds
2016-09-22T15:45:23.377+0100: 122,796: Total time for which application threads were stopped: 0,0000643 seconds, Stopping threads took: 0,0000090 seconds
2016-09-22T15:45:23.377+0100: 122,797: Total time for which application threads were stopped: 0,0000930 seconds, Stopping threads took: 0,0000322 seconds
2016-09-22T15:45:23.377+0100: 122,797: Total time for which application threads were stopped: 0,0000670 seconds, Stopping threads took: 0,0000141 seconds
2016-09-22T15:45:23.378+0100: 122,797: Total time for which application threads were stopped: 0,0000995 seconds, Stopping threads took: 0,0000218 seconds
2016-09-22T15:45:23.378+0100: 122,797: Total time for which application threads were stopped: 0,0000997 seconds, Stopping threads took: 0,0000416 seconds
2016-09-22T15:45:23.378+0100: 122,797: Total time for which application threads were stopped: 0,0000748 seconds, Stopping threads took: 0,0000187 seconds
2016-09-22T15:45:23.378+0100: 122,797: Total time for which application threads were stopped: 0,0000829 seconds, Stopping threads took: 0,0000149 seconds
{Heap before GC invocations=44 (full 2):
 par new generation   total 109248K, used 102742K [0x00000000e0000000, 0x00000000e8000000, 0x00000000e8000000)
  eden space 87424K, 100% used [0x00000000e0000000, 0x00000000e5560000, 0x00000000e5560000)
  from space 21824K,  70% used [0x00000000e5560000, 0x00000000e6455ab0, 0x00000000e6ab0000)
  to   space 21824K,   0% used [0x00000000e6ab0000, 0x00000000e6ab0000, 0x00000000e8000000)
 concurrent mark-sweep generation total 393216K, used 70505K [0x00000000e8000000, 0x0000000100000000, 0x0000000100000000)
 Metaspace       used 38409K, capacity 39278K, committed 39500K, reserved 1085440K
  class space    used 4222K, capacity 4426K, committed 4428K, reserved 1048576K
2016-09-22T15:45:23.455+0100: 122,874: [GC (Allocation Failure) 2016-09-22T15:45:23.455+0100: 122,874: [ParNew
Desired survivor size 20112992 bytes, new threshold 8 (max 8)
- age   1:    2639000 bytes,    2639000 total
- age   2:    2731712 bytes,    5370712 total
- age   3:    2972408 bytes,    8343120 total
- age   4:     112968 bytes,    8456088 total
- age   5:    1315104 bytes,    9771192 total
- age   6:     318896 bytes,   10090088 total
- age   7:     217832 bytes,   10307920 total
- age   8:     240936 bytes,   10548856 total
: 102742K->12210K(109248K), 0,0068354 secs] 173247K->82922K(502464K), 0,0069436 secs] [Times: user=0,02 sys=0,00, real=0,01 secs] 
Heap after GC invocations=45 (full 2):
 par new generation   total 109248K, used 12210K [0x00000000e0000000, 0x00000000e8000000, 0x00000000e8000000)
  eden space 87424K,   0% used [0x00000000e0000000, 0x00000000e0000000, 0x00000000e5560000)
  from space 21824K,  55% used [0x00000000e6ab0000, 0x00000000e769c9e0, 0x00000000e8000000)
  to   space 21824K,   0% used [0x00000000e5560000, 0x00000000e5560000, 0x00000000e6ab0000)
 concurrent mark-sweep generation total 393216K, used 70712K [0x00000000e8000000, 0x0000000100000000, 0x0000000100000000)
 Metaspace       used 38409K, capacity 39278K, committed 39500K, reserved 1085440K
  class space    used 4222K, capacity 4426K, committed 4428K, reserved 1048576K
}
2016-09-22T15:45:23.462+0100: 122,881: Total time for which application threads were stopped: 0,0072778 seconds, Stopping threads took: 0,0000461 seconds
2016-09-22T15:45:24.014+0100: 123,434: Total time for which application threads were stopped: 0,0001901 seconds, Stopping threads took: 0,0000350 seconds
2016-09-22T15:45:24.015+0100: 123,434: Total time for which application threads were stopped: 0,0003874 seconds, Stopping threads took: 0,0000751 seconds
2016-09-22T15:45:24.015+0100: 123,434: Total time for which application threads were stopped: 0,0001792 seconds, Stopping threads took: 0,0000945 seconds
2016-09-22T15:45:24.023+0100: 123,442: Total time for which application threads were stopped: 0,0002731 seconds, Stopping threads took: 0,0000549 seconds
2016-09-22T15:45:24.024+0100: 123,443: Total time for which application threads were stopped: 0,0001074 seconds, Stopping threads took: 0,0000319 seconds
2016-09-22T15:45:24.024+0100: 123,443: Total time for which application threads were stopped: 0,0000910 seconds, Stopping threads took: 0,0000323 seconds
2016-09-22T15:45:24.024+0100: 123,444: Total time for which application threads were stopped: 0,0001382 seconds, Stopping threads took: 0,0000275 seconds
2016-09-22T15:45:24.025+0100: 123,444: Total time for which application threads were stopped: 0,0000768 seconds, Stopping threads took: 0,0000102 seconds
2016-09-22T15:45:24.025+0100: 123,444: Total time for which application threads were stopped: 0,0003707 seconds, Stopping threads took: 0,0000091 seconds
2016-09-22T15:45:24.553+0100: 123,972: Total time for which application threads were stopped: 0,0002146 seconds, Stopping threads took: 0,0000343 seconds
2016-09-22T15:45:24.556+0100: 123,975: Total time for which application threads were stopped: 0,0002512 seconds, Stopping threads took: 0,0000470 seconds
2016-09-22T15:45:24.556+0100: 123,975: Total time for which application threads were stopped: 0,0000974 seconds, Stopping threads took: 0,0000204 seconds
2016-09-22T15:45:24.556+0100: 123,976: Total time for which application threads were stopped: 0,0000739 seconds, Stopping threads took: 0,0000090 seconds
2016-09-22T15:45:24.561+0100: 123,980: Total time for which application threads were stopped: 0,0001760 seconds, Stopping threads took: 0,0000407 seconds
2016-09-22T15:45:24.561+0100: 123,980: Total time for which application threads were stopped: 0,0000896 seconds, Stopping threads took: 0,0000201 seconds
2016-09-22T15:45:24.561+0100: 123,981: Total time for which application threads were stopped: 0,0001557 seconds, Stopping threads took: 0,0000886 seconds
2016-09-22T15:45:24.562+0100: 123,981: Total time for which application threads were stopped: 0,0000916 seconds, Stopping threads took: 0,0000185 seconds
2016-09-22T15:45:25.064+0100: 124,483: Total time for which application threads were stopped: 0,0001899 seconds, Stopping threads took: 0,0000408 seconds
2016-09-22T15:45:25.064+0100: 124,483: Total time for which application threads were stopped: 0,0000746 seconds, Stopping threads took: 0,0000113 seconds
2016-09-22T15:45:25.064+0100: 124,484: Total time for which application threads were stopped: 0,0000913 seconds, Stopping threads took: 0,0000328 seconds
2016-09-22T15:45:25.069+0100: 124,488: Total time for which application threads were stopped: 0,0002064 seconds, Stopping threads took: 0,0000388 seconds
2016-09-22T15:45:25.069+0100: 124,489: Total time for which application threads were stopped: 0,0001136 seconds, Stopping threads took: 0,0000294 seconds
2016-09-22T15:45:25.070+0100: 124,489: Total time for which application threads were stopped: 0,0001422 seconds, Stopping threads took: 0,0000787 seconds
2016-09-22T15:45:25.070+0100: 124,489: Total time for which application threads were stopped: 0,0001742 seconds, Stopping threads took: 0,0000761 seconds
2016-09-22T15:45:25.513+0100: 124,932: Total time for which application threads were stopped: 0,0001704 seconds, Stopping threads took: 0,0000304 seconds
2016-09-22T15:45:26.513+0100: 125,932: Total time for which application threads were stopped: 0,0001898 seconds, Stopping threads took: 0,0000355 seconds
2016-09-22T15:45:27.513+0100: 126,932: Total time for which application threads were stopped: 0,0001726 seconds, Stopping threads took: 0,0000373 seconds
2016-09-22T15:45:43.515+0100: 142,934: Total time for which application threads were stopped: 0,0002393 seconds, Stopping threads took: 0,0000520 seconds
2016-09-22T15:48:40.530+0100: 319,950: Total time for which application threads were stopped: 0,0002841 seconds, Stopping threads took: 0,0000699 seconds
2016-09-22T15:48:44.531+0100: 323,950: Total time for which application threads were stopped: 0,0001629 seconds, Stopping threads took: 0,0000340 seconds
2016-09-22T15:49:03.493+0100: 342,912: Total time for which application threads were stopped: 0,0005458 seconds, Stopping threads took: 0,0001125 seconds
2016-09-22T15:49:03.500+0100: 342,920: Total time for which application threads were stopped: 0,0027693 seconds, Stopping threads took: 0,0025247 seconds
2016-09-22T15:49:03.501+0100: 342,921: Total time for which application threads were stopped: 0,0003094 seconds, Stopping threads took: 0,0001518 seconds
2016-09-22T15:49:03.502+0100: 342,921: Total time for which application threads were stopped: 0,0001495 seconds, Stopping threads took: 0,0000358 seconds
2016-09-22T15:49:03.502+0100: 342,921: Total time for which application threads were stopped: 0,0001082 seconds, Stopping threads took: 0,0000334 seconds
2016-09-22T15:49:03.502+0100: 342,921: Total time for which application threads were stopped: 0,0001053 seconds, Stopping threads took: 0,0000395 seconds
2016-09-22T15:49:03.502+0100: 342,922: Total time for which application threads were stopped: 0,0000751 seconds, Stopping threads took: 0,0000187 seconds
2016-09-22T15:49:03.503+0100: 342,922: Total time for which application threads were stopped: 0,0000890 seconds, Stopping threads took: 0,0000282 seconds
2016-09-22T15:49:03.503+0100: 342,922: Total time for which application threads were stopped: 0,0001103 seconds, Stopping threads took: 0,0000487 seconds
2016-09-22T15:49:03.503+0100: 342,922: Total time for which application threads were stopped: 0,0001641 seconds, Stopping threads took: 0,0000904 seconds
2016-09-22T15:49:03.504+0100: 342,923: Total time for which application threads were stopped: 0,0001455 seconds, Stopping threads took: 0,0000672 seconds
2016-09-22T15:49:03.506+0100: 342,925: Total time for which application threads were stopped: 0,0017014 seconds, Stopping threads took: 0,0013006 seconds
2016-09-22T15:49:03.506+0100: 342,925: Total time for which application threads were stopped: 0,0001356 seconds, Stopping threads took: 0,0000600 seconds
2016-09-22T15:49:03.508+0100: 342,928: Total time for which application threads were stopped: 0,0002354 seconds, Stopping threads took: 0,0000717 seconds
2016-09-22T15:49:03.509+0100: 342,928: Total time for which application threads were stopped: 0,0001501 seconds, Stopping threads took: 0,0000711 seconds
2016-09-22T15:49:03.509+0100: 342,928: Total time for which application threads were stopped: 0,0000877 seconds, Stopping threads took: 0,0000264 seconds
2016-09-22T15:49:03.509+0100: 342,928: Total time for which application threads were stopped: 0,0000714 seconds, Stopping threads took: 0,0000174 seconds
2016-09-22T15:49:03.509+0100: 342,928: Total time for which application threads were stopped: 0,0000674 seconds, Stopping threads took: 0,0000142 seconds
2016-09-22T15:49:03.509+0100: 342,929: Total time for which application threads were stopped: 0,0000820 seconds, Stopping threads took: 0,0000190 seconds
2016-09-22T15:49:03.510+0100: 342,929: Total time for which application threads were stopped: 0,0001210 seconds, Stopping threads took: 0,0000457 seconds
2016-09-22T15:49:03.511+0100: 342,930: Total time for which application threads were stopped: 0,0001657 seconds, Stopping threads took: 0,0000812 seconds
2016-09-22T15:49:03.511+0100: 342,930: Total time for which application threads were stopped: 0,0000938 seconds, Stopping threads took: 0,0000332 seconds
2016-09-22T15:49:03.511+0100: 342,931: Total time for which application threads were stopped: 0,0000923 seconds, Stopping threads took: 0,0000239 seconds
2016-09-22T15:49:03.512+0100: 342,931: Total time for which application threads were stopped: 0,0001086 seconds, Stopping threads took: 0,0000449 seconds
2016-09-22T15:49:03.512+0100: 342,932: Total time for which application threads were stopped: 0,0001210 seconds, Stopping threads took: 0,0000536 seconds
2016-09-22T15:49:03.513+0100: 342,932: Total time for which application threads were stopped: 0,0000993 seconds, Stopping threads took: 0,0000309 seconds
2016-09-22T15:49:03.513+0100: 342,933: Total time for which application threads were stopped: 0,0001101 seconds, Stopping threads took: 0,0000423 seconds
2016-09-22T15:49:03.514+0100: 342,933: Total time for which application threads were stopped: 0,0001467 seconds, Stopping threads took: 0,0000888 seconds
2016-09-22T15:49:03.514+0100: 342,933: Total time for which application threads were stopped: 0,0000878 seconds, Stopping threads took: 0,0000259 seconds
2016-09-22T15:49:03.514+0100: 342,933: Total time for which application threads were stopped: 0,0000956 seconds, Stopping threads took: 0,0000278 seconds
2016-09-22T15:49:03.537+0100: 342,956: Total time for which application threads were stopped: 0,0001594 seconds, Stopping threads took: 0,0000275 seconds
2016-09-22T15:49:03.545+0100: 342,965: Total time for which application threads were stopped: 0,0000860 seconds, Stopping threads took: 0,0000178 seconds
Heap
 par new generation   total 109248K, used 95805K [0x00000000e0000000, 0x00000000e8000000, 0x00000000e8000000)
  eden space 87424K,  95% used [0x00000000e0000000, 0x00000000e51a2ae8, 0x00000000e5560000)
  from space 21824K,  55% used [0x00000000e6ab0000, 0x00000000e769c9e0, 0x00000000e8000000)
  to   space 21824K,   0% used [0x00000000e5560000, 0x00000000e5560000, 0x00000000e6ab0000)
 concurrent mark-sweep generation total 393216K, used 70712K [0x00000000e8000000, 0x0000000100000000, 0x0000000100000000)
 Metaspace       used 38566K, capacity 39450K, committed 39628K, reserved 1085440K
  class space    used 4239K, capacity 4460K, committed 4556K, reserved 1048576K
