Java HotSpot(TM) 64-Bit Server VM (25.65-b01) for bsd-amd64 JRE (1.8.0_65-b17), built on Oct  6 2015 15:36:46 by "java_re" with gcc 4.2.1 (Based on Apple Inc. build 5658) (LLVM build 2336.11.00)
Memory: 4k page, physical 16777216k(1340504k free)

/proc/meminfo:

CommandLine flags: -XX:CMSInitiatingOccupancyFraction=50 -XX:CMSMaxAbortablePrecleanTime=6000 -XX:+CMSParallelRemarkEnabled -XX:+CMSScavengeBeforeRemark -XX:ConcGCThreads=4 -XX:InitialHeapSize=536870912 -XX:MaxHeapSize=536870912 -XX:MaxTenuringThreshold=8 -XX:NewRatio=3 -XX:OldPLABSize=16 -XX:OnOutOfMemoryError=/Users/Chalkos/dbvtk_dev/sandbox/solr-6.1.0/bin/oom_solr.sh 8983 /Users/Chalkos/dbvtk_dev/sandbox/solr-6.1.0/server/logs -XX:ParallelGCThreads=4 -XX:+ParallelRefProcEnabled -XX:PretenureSizeThreshold=67108864 -XX:+PrintGC -XX:+PrintGCApplicationStoppedTime -XX:+PrintGCDateStamps -XX:+PrintGCDetails -XX:+PrintGCTimeStamps -XX:+PrintHeapAtGC -XX:+PrintTenuringDistribution -XX:SurvivorRatio=4 -XX:TargetSurvivorRatio=90 -XX:ThreadStackSize=256 -XX:+UseCMSInitiatingOccupancyOnly -XX:+UseCompressedClassPointers -XX:+UseCompressedOops -XX:+UseConcMarkSweepGC -XX:+UseParNewGC 
2016-10-05T13:41:35.136-0100: 0.125: Total time for which application threads were stopped: 0.0000783 seconds, Stopping threads took: 0.0000085 seconds
2016-10-05T13:41:35.148-0100: 0.137: Total time for which application threads were stopped: 0.0000606 seconds, Stopping threads took: 0.0000085 seconds
2016-10-05T13:41:35.224-0100: 0.213: Total time for which application threads were stopped: 0.0001004 seconds, Stopping threads took: 0.0000122 seconds
2016-10-05T13:41:35.238-0100: 0.227: Total time for which application threads were stopped: 0.0000786 seconds, Stopping threads took: 0.0000094 seconds
2016-10-05T13:41:35.513-0100: 0.502: Total time for which application threads were stopped: 0.0001864 seconds, Stopping threads took: 0.0000147 seconds
2016-10-05T13:41:35.565-0100: 0.554: Total time for which application threads were stopped: 0.0002234 seconds, Stopping threads took: 0.0000169 seconds
2016-10-05T13:41:35.595-0100: 0.584: Total time for which application threads were stopped: 0.0002339 seconds, Stopping threads took: 0.0000199 seconds
2016-10-05T13:41:35.756-0100: 0.745: Total time for which application threads were stopped: 0.0001934 seconds, Stopping threads took: 0.0000122 seconds
2016-10-05T13:41:35.902-0100: 0.891: Total time for which application threads were stopped: 0.0001984 seconds, Stopping threads took: 0.0000114 seconds
2016-10-05T13:41:35.903-0100: 0.892: Total time for which application threads were stopped: 0.0001924 seconds, Stopping threads took: 0.0000080 seconds
2016-10-05T13:41:35.906-0100: 0.895: Total time for which application threads were stopped: 0.0001628 seconds, Stopping threads took: 0.0000096 seconds
2016-10-05T13:41:35.912-0100: 0.901: Total time for which application threads were stopped: 0.0001693 seconds, Stopping threads took: 0.0000119 seconds
2016-10-05T13:41:36.917-0100: 1.906: Total time for which application threads were stopped: 0.0001823 seconds, Stopping threads took: 0.0000318 seconds
2016-10-05T13:41:39.114-0100: 4.103: Total time for which application threads were stopped: 0.0002826 seconds, Stopping threads took: 0.0000241 seconds
2016-10-05T13:41:40.721-0100: 5.710: Total time for which application threads were stopped: 0.0001026 seconds, Stopping threads took: 0.0000203 seconds
2016-10-05T13:41:40.728-0100: 5.717: Total time for which application threads were stopped: 0.0000806 seconds, Stopping threads took: 0.0000310 seconds
2016-10-05T13:41:40.738-0100: 5.726: Total time for which application threads were stopped: 0.0000997 seconds, Stopping threads took: 0.0000481 seconds
2016-10-05T13:41:40.739-0100: 5.728: Total time for which application threads were stopped: 0.0000537 seconds, Stopping threads took: 0.0000094 seconds
2016-10-05T13:41:40.739-0100: 5.728: Total time for which application threads were stopped: 0.0000333 seconds, Stopping threads took: 0.0000078 seconds
2016-10-05T13:41:40.739-0100: 5.728: Total time for which application threads were stopped: 0.0000253 seconds, Stopping threads took: 0.0000054 seconds
2016-10-05T13:41:40.740-0100: 5.729: Total time for which application threads were stopped: 0.0000831 seconds, Stopping threads took: 0.0000337 seconds
2016-10-05T13:41:40.741-0100: 5.729: Total time for which application threads were stopped: 0.0000558 seconds, Stopping threads took: 0.0000108 seconds
2016-10-05T13:41:40.741-0100: 5.730: Total time for which application threads were stopped: 0.0001127 seconds, Stopping threads took: 0.0000529 seconds
2016-10-05T13:41:40.744-0100: 5.733: Total time for which application threads were stopped: 0.0000809 seconds, Stopping threads took: 0.0000335 seconds
2016-10-05T13:41:40.744-0100: 5.733: Total time for which application threads were stopped: 0.0001570 seconds, Stopping threads took: 0.0001253 seconds
{Heap before GC invocations=0 (full 0):
 par new generation   total 109248K, used 87424K [0x00000007a0000000, 0x00000007a8000000, 0x00000007a8000000)
  eden space 87424K, 100% used [0x00000007a0000000, 0x00000007a5560000, 0x00000007a5560000)
  from space 21824K,   0% used [0x00000007a5560000, 0x00000007a5560000, 0x00000007a6ab0000)
  to   space 21824K,   0% used [0x00000007a6ab0000, 0x00000007a6ab0000, 0x00000007a8000000)
 concurrent mark-sweep generation total 393216K, used 0K [0x00000007a8000000, 0x00000007c0000000, 0x00000007c0000000)
 Metaspace       used 17726K, capacity 17982K, committed 18176K, reserved 1064960K
  class space    used 2074K, capacity 2200K, committed 2304K, reserved 1048576K
2016-10-05T13:41:40.770-0100: 5.759: [GC (Allocation Failure) 2016-10-05T13:41:40.771-0100: 5.759: [ParNew
Desired survivor size 20112992 bytes, new threshold 8 (max 8)
- age   1:   11212264 bytes,   11212264 total
: 87424K->11042K(109248K), 0.0116594 secs] 87424K->11042K(502464K), 0.0117381 secs] [Times: user=0.03 sys=0.01, real=0.01 secs] 
Heap after GC invocations=1 (full 0):
 par new generation   total 109248K, used 11042K [0x00000007a0000000, 0x00000007a8000000, 0x00000007a8000000)
  eden space 87424K,   0% used [0x00000007a0000000, 0x00000007a0000000, 0x00000007a5560000)
  from space 21824K,  50% used [0x00000007a6ab0000, 0x00000007a75788c0, 0x00000007a8000000)
  to   space 21824K,   0% used [0x00000007a5560000, 0x00000007a5560000, 0x00000007a6ab0000)
 concurrent mark-sweep generation total 393216K, used 0K [0x00000007a8000000, 0x00000007c0000000, 0x00000007c0000000)
 Metaspace       used 17726K, capacity 17982K, committed 18176K, reserved 1064960K
  class space    used 2074K, capacity 2200K, committed 2304K, reserved 1048576K
}
2016-10-05T13:41:40.782-0100: 5.771: Total time for which application threads were stopped: 0.0118971 seconds, Stopping threads took: 0.0000150 seconds
2016-10-05T13:41:40.833-0100: 5.822: Total time for which application threads were stopped: 0.0006651 seconds, Stopping threads took: 0.0005489 seconds
2016-10-05T13:41:41.838-0100: 6.827: Total time for which application threads were stopped: 0.0001295 seconds, Stopping threads took: 0.0000271 seconds
2016-10-05T13:41:42.672-0100: 7.661: Total time for which application threads were stopped: 0.0000537 seconds, Stopping threads took: 0.0000150 seconds
2016-10-05T13:41:42.687-0100: 7.676: Total time for which application threads were stopped: 0.0000553 seconds, Stopping threads took: 0.0000133 seconds
2016-10-05T13:41:42.688-0100: 7.677: Total time for which application threads were stopped: 0.0000430 seconds, Stopping threads took: 0.0000094 seconds
2016-10-05T13:41:42.689-0100: 7.677: Total time for which application threads were stopped: 0.0000470 seconds, Stopping threads took: 0.0000085 seconds
2016-10-05T13:41:42.689-0100: 7.678: Total time for which application threads were stopped: 0.0000330 seconds, Stopping threads took: 0.0000061 seconds
2016-10-05T13:41:42.689-0100: 7.678: Total time for which application threads were stopped: 0.0000277 seconds, Stopping threads took: 0.0000048 seconds
2016-10-05T13:41:42.689-0100: 7.678: Total time for which application threads were stopped: 0.0000420 seconds, Stopping threads took: 0.0000066 seconds
2016-10-05T13:41:42.689-0100: 7.678: Total time for which application threads were stopped: 0.0000532 seconds, Stopping threads took: 0.0000069 seconds
2016-10-05T13:41:42.690-0100: 7.678: Total time for which application threads were stopped: 0.0000356 seconds, Stopping threads took: 0.0000070 seconds
2016-10-05T13:41:42.690-0100: 7.679: Total time for which application threads were stopped: 0.0000295 seconds, Stopping threads took: 0.0000056 seconds
2016-10-05T13:41:42.690-0100: 7.679: Total time for which application threads were stopped: 0.0000269 seconds, Stopping threads took: 0.0000054 seconds
2016-10-05T13:41:42.690-0100: 7.679: Total time for which application threads were stopped: 0.0000675 seconds, Stopping threads took: 0.0000457 seconds
2016-10-05T13:41:42.690-0100: 7.679: Total time for which application threads were stopped: 0.0000546 seconds, Stopping threads took: 0.0000255 seconds
2016-10-05T13:41:42.691-0100: 7.680: Total time for which application threads were stopped: 0.0000592 seconds, Stopping threads took: 0.0000212 seconds
2016-10-05T13:41:42.694-0100: 7.683: Total time for which application threads were stopped: 0.0000586 seconds, Stopping threads took: 0.0000137 seconds
2016-10-05T13:41:42.696-0100: 7.685: Total time for which application threads were stopped: 0.0000569 seconds, Stopping threads took: 0.0000129 seconds
2016-10-05T13:41:42.698-0100: 7.687: Total time for which application threads were stopped: 0.0000343 seconds, Stopping threads took: 0.0000071 seconds
2016-10-05T13:41:42.698-0100: 7.687: Total time for which application threads were stopped: 0.0000257 seconds, Stopping threads took: 0.0000049 seconds
2016-10-05T13:41:42.698-0100: 7.687: Total time for which application threads were stopped: 0.0000320 seconds, Stopping threads took: 0.0000048 seconds
2016-10-05T13:41:42.698-0100: 7.687: Total time for which application threads were stopped: 0.0000312 seconds, Stopping threads took: 0.0000064 seconds
2016-10-05T13:41:42.698-0100: 7.687: Total time for which application threads were stopped: 0.0000249 seconds, Stopping threads took: 0.0000046 seconds
2016-10-05T13:41:42.699-0100: 7.687: Total time for which application threads were stopped: 0.0000254 seconds, Stopping threads took: 0.0000049 seconds
2016-10-05T13:41:42.699-0100: 7.688: Total time for which application threads were stopped: 0.0000308 seconds, Stopping threads took: 0.0000063 seconds
2016-10-05T13:41:42.703-0100: 7.692: Total time for which application threads were stopped: 0.0000835 seconds, Stopping threads took: 0.0000287 seconds
2016-10-05T13:41:42.707-0100: 7.696: Total time for which application threads were stopped: 0.0000688 seconds, Stopping threads took: 0.0000162 seconds
2016-10-05T13:41:42.716-0100: 7.705: Total time for which application threads were stopped: 0.0000934 seconds, Stopping threads took: 0.0000148 seconds
2016-10-05T13:41:42.720-0100: 7.709: Total time for which application threads were stopped: 0.0000914 seconds, Stopping threads took: 0.0000359 seconds
2016-10-05T13:41:42.721-0100: 7.710: Total time for which application threads were stopped: 0.0000982 seconds, Stopping threads took: 0.0000330 seconds
2016-10-05T13:41:42.725-0100: 7.714: Total time for which application threads were stopped: 0.0001621 seconds, Stopping threads took: 0.0000569 seconds
2016-10-05T13:41:42.726-0100: 7.715: Total time for which application threads were stopped: 0.0000468 seconds, Stopping threads took: 0.0000113 seconds
2016-10-05T13:41:42.728-0100: 7.717: Total time for which application threads were stopped: 0.0000698 seconds, Stopping threads took: 0.0000176 seconds
2016-10-05T13:41:42.730-0100: 7.719: Total time for which application threads were stopped: 0.0000787 seconds, Stopping threads took: 0.0000199 seconds
2016-10-05T13:41:42.731-0100: 7.719: Total time for which application threads were stopped: 0.0000764 seconds, Stopping threads took: 0.0000389 seconds
2016-10-05T13:41:42.731-0100: 7.720: Total time for which application threads were stopped: 0.0000554 seconds, Stopping threads took: 0.0000219 seconds
2016-10-05T13:41:42.731-0100: 7.720: Total time for which application threads were stopped: 0.0000572 seconds, Stopping threads took: 0.0000266 seconds
2016-10-05T13:41:42.745-0100: 7.734: Total time for which application threads were stopped: 0.0000581 seconds, Stopping threads took: 0.0000157 seconds
2016-10-05T13:41:42.746-0100: 7.735: Total time for which application threads were stopped: 0.0000476 seconds, Stopping threads took: 0.0000125 seconds
2016-10-05T13:41:42.747-0100: 7.736: Total time for which application threads were stopped: 0.0000554 seconds, Stopping threads took: 0.0000122 seconds
2016-10-05T13:41:42.756-0100: 7.745: Total time for which application threads were stopped: 0.0001617 seconds, Stopping threads took: 0.0000393 seconds
2016-10-05T13:41:42.758-0100: 7.747: Total time for which application threads were stopped: 0.0000622 seconds, Stopping threads took: 0.0000213 seconds
2016-10-05T13:41:42.785-0100: 7.774: Total time for which application threads were stopped: 0.0000846 seconds, Stopping threads took: 0.0000166 seconds
2016-10-05T13:41:42.785-0100: 7.774: Total time for which application threads were stopped: 0.0000467 seconds, Stopping threads took: 0.0000115 seconds
2016-10-05T13:41:42.785-0100: 7.774: Total time for which application threads were stopped: 0.0000581 seconds, Stopping threads took: 0.0000116 seconds
2016-10-05T13:41:42.785-0100: 7.774: Total time for which application threads were stopped: 0.0000576 seconds, Stopping threads took: 0.0000214 seconds
2016-10-05T13:41:42.800-0100: 7.789: Total time for which application threads were stopped: 0.0000814 seconds, Stopping threads took: 0.0000194 seconds
2016-10-05T13:41:42.801-0100: 7.789: Total time for which application threads were stopped: 0.0000788 seconds, Stopping threads took: 0.0000227 seconds
2016-10-05T13:41:42.801-0100: 7.790: Total time for which application threads were stopped: 0.0000689 seconds, Stopping threads took: 0.0000262 seconds
2016-10-05T13:41:42.802-0100: 7.791: Total time for which application threads were stopped: 0.0001391 seconds, Stopping threads took: 0.0000782 seconds
2016-10-05T13:41:42.803-0100: 7.792: Total time for which application threads were stopped: 0.0001032 seconds, Stopping threads took: 0.0000391 seconds
2016-10-05T13:41:42.803-0100: 7.792: Total time for which application threads were stopped: 0.0001163 seconds, Stopping threads took: 0.0000606 seconds
2016-10-05T13:41:42.804-0100: 7.793: Total time for which application threads were stopped: 0.0002224 seconds, Stopping threads took: 0.0001270 seconds
2016-10-05T13:41:42.806-0100: 7.795: Total time for which application threads were stopped: 0.0002416 seconds, Stopping threads took: 0.0001289 seconds
2016-10-05T13:41:42.807-0100: 7.796: Total time for which application threads were stopped: 0.0000988 seconds, Stopping threads took: 0.0000339 seconds
2016-10-05T13:41:42.807-0100: 7.796: Total time for which application threads were stopped: 0.0000670 seconds, Stopping threads took: 0.0000097 seconds
2016-10-05T13:41:42.807-0100: 7.796: Total time for which application threads were stopped: 0.0000506 seconds, Stopping threads took: 0.0000152 seconds
2016-10-05T13:41:42.808-0100: 7.797: Total time for which application threads were stopped: 0.0000969 seconds, Stopping threads took: 0.0000446 seconds
2016-10-05T13:41:42.809-0100: 7.798: Total time for which application threads were stopped: 0.0002392 seconds, Stopping threads took: 0.0001986 seconds
2016-10-05T13:41:42.810-0100: 7.799: Total time for which application threads were stopped: 0.0000773 seconds, Stopping threads took: 0.0000301 seconds
2016-10-05T13:41:42.811-0100: 7.800: Total time for which application threads were stopped: 0.0001133 seconds, Stopping threads took: 0.0000580 seconds
2016-10-05T13:41:42.811-0100: 7.800: Total time for which application threads were stopped: 0.0000670 seconds, Stopping threads took: 0.0000203 seconds
2016-10-05T13:41:42.812-0100: 7.801: Total time for which application threads were stopped: 0.0001203 seconds, Stopping threads took: 0.0000769 seconds
2016-10-05T13:41:42.812-0100: 7.801: Total time for which application threads were stopped: 0.0001036 seconds, Stopping threads took: 0.0000485 seconds
2016-10-05T13:41:42.813-0100: 7.802: Total time for which application threads were stopped: 0.0001314 seconds, Stopping threads took: 0.0000869 seconds
2016-10-05T13:41:42.815-0100: 7.803: Total time for which application threads were stopped: 0.0000948 seconds, Stopping threads took: 0.0000464 seconds
2016-10-05T13:41:42.815-0100: 7.804: Total time for which application threads were stopped: 0.0001010 seconds, Stopping threads took: 0.0000298 seconds
2016-10-05T13:41:42.816-0100: 7.805: Total time for which application threads were stopped: 0.0000770 seconds, Stopping threads took: 0.0000300 seconds
2016-10-05T13:41:42.818-0100: 7.807: Total time for which application threads were stopped: 0.0002740 seconds, Stopping threads took: 0.0002059 seconds
2016-10-05T13:41:42.818-0100: 7.807: Total time for which application threads were stopped: 0.0000743 seconds, Stopping threads took: 0.0000270 seconds
2016-10-05T13:41:42.819-0100: 7.808: Total time for which application threads were stopped: 0.0000707 seconds, Stopping threads took: 0.0000285 seconds
2016-10-05T13:41:42.820-0100: 7.809: Total time for which application threads were stopped: 0.0001538 seconds, Stopping threads took: 0.0001012 seconds
2016-10-05T13:41:42.824-0100: 7.813: Total time for which application threads were stopped: 0.0033151 seconds, Stopping threads took: 0.0032501 seconds
2016-10-05T13:41:42.825-0100: 7.814: Total time for which application threads were stopped: 0.0001877 seconds, Stopping threads took: 0.0000569 seconds
2016-10-05T13:41:42.845-0100: 7.834: Total time for which application threads were stopped: 0.0001390 seconds, Stopping threads took: 0.0000610 seconds
2016-10-05T13:41:42.852-0100: 7.841: Total time for which application threads were stopped: 0.0001361 seconds, Stopping threads took: 0.0000460 seconds
2016-10-05T13:41:42.857-0100: 7.846: Total time for which application threads were stopped: 0.0006967 seconds, Stopping threads took: 0.0006186 seconds
2016-10-05T13:41:42.864-0100: 7.853: Total time for which application threads were stopped: 0.0000988 seconds, Stopping threads took: 0.0000393 seconds
2016-10-05T13:41:42.874-0100: 7.863: Total time for which application threads were stopped: 0.0004242 seconds, Stopping threads took: 0.0003560 seconds
2016-10-05T13:41:42.886-0100: 7.875: Total time for which application threads were stopped: 0.0001352 seconds, Stopping threads took: 0.0000791 seconds
2016-10-05T13:41:42.894-0100: 7.883: Total time for which application threads were stopped: 0.0003458 seconds, Stopping threads took: 0.0000514 seconds
2016-10-05T13:41:42.894-0100: 7.883: Total time for which application threads were stopped: 0.0000707 seconds, Stopping threads took: 0.0000378 seconds
2016-10-05T13:41:42.899-0100: 7.888: Total time for which application threads were stopped: 0.0001497 seconds, Stopping threads took: 0.0000822 seconds
2016-10-05T13:41:42.905-0100: 7.894: Total time for which application threads were stopped: 0.0002146 seconds, Stopping threads took: 0.0001419 seconds
2016-10-05T13:41:42.912-0100: 7.901: Total time for which application threads were stopped: 0.0000778 seconds, Stopping threads took: 0.0000184 seconds
2016-10-05T13:41:42.915-0100: 7.903: Total time for which application threads were stopped: 0.0001889 seconds, Stopping threads took: 0.0001207 seconds
2016-10-05T13:41:42.919-0100: 7.908: Total time for which application threads were stopped: 0.0000894 seconds, Stopping threads took: 0.0000196 seconds
2016-10-05T13:41:42.922-0100: 7.911: Total time for which application threads were stopped: 0.0000794 seconds, Stopping threads took: 0.0000286 seconds
2016-10-05T13:41:42.927-0100: 7.916: Total time for which application threads were stopped: 0.0003700 seconds, Stopping threads took: 0.0002969 seconds
2016-10-05T13:41:42.930-0100: 7.919: Total time for which application threads were stopped: 0.0001684 seconds, Stopping threads took: 0.0000516 seconds
2016-10-05T13:41:42.930-0100: 7.919: Total time for which application threads were stopped: 0.0002523 seconds, Stopping threads took: 0.0001750 seconds
2016-10-05T13:41:42.935-0100: 7.923: Total time for which application threads were stopped: 0.0001093 seconds, Stopping threads took: 0.0000201 seconds
2016-10-05T13:41:42.938-0100: 7.927: Total time for which application threads were stopped: 0.0001491 seconds, Stopping threads took: 0.0000833 seconds
2016-10-05T13:41:42.940-0100: 7.929: Total time for which application threads were stopped: 0.0001267 seconds, Stopping threads took: 0.0000395 seconds
2016-10-05T13:41:42.943-0100: 7.932: Total time for which application threads were stopped: 0.0001436 seconds, Stopping threads took: 0.0000743 seconds
2016-10-05T13:41:42.945-0100: 7.934: Total time for which application threads were stopped: 0.0000997 seconds, Stopping threads took: 0.0000416 seconds
2016-10-05T13:41:42.949-0100: 7.937: Total time for which application threads were stopped: 0.0001172 seconds, Stopping threads took: 0.0000432 seconds
2016-10-05T13:41:42.952-0100: 7.940: Total time for which application threads were stopped: 0.0001761 seconds, Stopping threads took: 0.0001243 seconds
2016-10-05T13:41:42.953-0100: 7.942: Total time for which application threads were stopped: 0.0000837 seconds, Stopping threads took: 0.0000197 seconds
2016-10-05T13:41:42.955-0100: 7.944: Total time for which application threads were stopped: 0.0000976 seconds, Stopping threads took: 0.0000457 seconds
2016-10-05T13:41:42.958-0100: 7.946: Total time for which application threads were stopped: 0.0001262 seconds, Stopping threads took: 0.0000249 seconds
2016-10-05T13:41:42.962-0100: 7.951: Total time for which application threads were stopped: 0.0001196 seconds, Stopping threads took: 0.0000467 seconds
2016-10-05T13:41:42.966-0100: 7.955: Total time for which application threads were stopped: 0.0001935 seconds, Stopping threads took: 0.0000179 seconds
2016-10-05T13:41:42.982-0100: 7.971: Total time for which application threads were stopped: 0.0001045 seconds, Stopping threads took: 0.0000331 seconds
2016-10-05T13:41:42.984-0100: 7.973: Total time for which application threads were stopped: 0.0002273 seconds, Stopping threads took: 0.0001423 seconds
2016-10-05T13:41:42.985-0100: 7.974: Total time for which application threads were stopped: 0.0001704 seconds, Stopping threads took: 0.0000264 seconds
2016-10-05T13:41:43.002-0100: 7.991: Total time for which application threads were stopped: 0.0001244 seconds, Stopping threads took: 0.0000366 seconds
2016-10-05T13:41:43.003-0100: 7.992: Total time for which application threads were stopped: 0.0001248 seconds, Stopping threads took: 0.0000406 seconds
2016-10-05T13:41:43.005-0100: 7.994: Total time for which application threads were stopped: 0.0009795 seconds, Stopping threads took: 0.0007892 seconds
2016-10-05T13:41:43.005-0100: 7.994: Total time for which application threads were stopped: 0.0001093 seconds, Stopping threads took: 0.0000347 seconds
2016-10-05T13:41:43.006-0100: 7.995: Total time for which application threads were stopped: 0.0008517 seconds, Stopping threads took: 0.0007787 seconds
2016-10-05T13:41:43.007-0100: 7.996: Total time for which application threads were stopped: 0.0001527 seconds, Stopping threads took: 0.0000465 seconds
2016-10-05T13:41:43.008-0100: 7.997: Total time for which application threads were stopped: 0.0001336 seconds, Stopping threads took: 0.0000777 seconds
2016-10-05T13:41:43.008-0100: 7.997: Total time for which application threads were stopped: 0.0001250 seconds, Stopping threads took: 0.0000765 seconds
2016-10-05T13:41:43.008-0100: 7.997: Total time for which application threads were stopped: 0.0001428 seconds, Stopping threads took: 0.0000518 seconds
2016-10-05T13:41:43.009-0100: 7.998: Total time for which application threads were stopped: 0.0001563 seconds, Stopping threads took: 0.0000614 seconds
2016-10-05T13:41:43.009-0100: 7.998: Total time for which application threads were stopped: 0.0001252 seconds, Stopping threads took: 0.0000286 seconds
2016-10-05T13:41:43.010-0100: 7.999: Total time for which application threads were stopped: 0.0001127 seconds, Stopping threads took: 0.0000457 seconds
2016-10-05T13:41:43.013-0100: 8.002: Total time for which application threads were stopped: 0.0001575 seconds, Stopping threads took: 0.0000768 seconds
2016-10-05T13:41:43.013-0100: 8.002: Total time for which application threads were stopped: 0.0001330 seconds, Stopping threads took: 0.0000693 seconds
2016-10-05T13:41:43.015-0100: 8.004: Total time for which application threads were stopped: 0.0001166 seconds, Stopping threads took: 0.0000317 seconds
2016-10-05T13:41:43.017-0100: 8.006: Total time for which application threads were stopped: 0.0001512 seconds, Stopping threads took: 0.0000754 seconds
2016-10-05T13:41:43.017-0100: 8.006: Total time for which application threads were stopped: 0.0000602 seconds, Stopping threads took: 0.0000228 seconds
2016-10-05T13:41:43.019-0100: 8.008: Total time for which application threads were stopped: 0.0001328 seconds, Stopping threads took: 0.0000498 seconds
2016-10-05T13:41:43.019-0100: 8.008: Total time for which application threads were stopped: 0.0001131 seconds, Stopping threads took: 0.0000559 seconds
2016-10-05T13:41:43.020-0100: 8.009: Total time for which application threads were stopped: 0.0001234 seconds, Stopping threads took: 0.0000527 seconds
2016-10-05T13:41:43.028-0100: 8.017: Total time for which application threads were stopped: 0.0001673 seconds, Stopping threads took: 0.0000534 seconds
2016-10-05T13:41:43.030-0100: 8.019: Total time for which application threads were stopped: 0.0008147 seconds, Stopping threads took: 0.0007280 seconds
2016-10-05T13:41:43.033-0100: 8.022: Total time for which application threads were stopped: 0.0007940 seconds, Stopping threads took: 0.0004835 seconds
2016-10-05T13:41:43.062-0100: 8.051: Total time for which application threads were stopped: 0.0002950 seconds, Stopping threads took: 0.0001106 seconds
2016-10-05T13:41:43.083-0100: 8.072: Total time for which application threads were stopped: 0.0001966 seconds, Stopping threads took: 0.0000783 seconds
2016-10-05T13:41:43.088-0100: 8.077: Total time for which application threads were stopped: 0.0002028 seconds, Stopping threads took: 0.0000994 seconds
2016-10-05T13:41:43.089-0100: 8.077: Total time for which application threads were stopped: 0.0001604 seconds, Stopping threads took: 0.0000886 seconds
2016-10-05T13:41:43.098-0100: 8.087: Total time for which application threads were stopped: 0.0001351 seconds, Stopping threads took: 0.0000433 seconds
2016-10-05T13:41:43.099-0100: 8.087: Total time for which application threads were stopped: 0.0001071 seconds, Stopping threads took: 0.0000417 seconds
2016-10-05T13:41:43.100-0100: 8.089: Total time for which application threads were stopped: 0.0005184 seconds, Stopping threads took: 0.0004110 seconds
2016-10-05T13:41:43.101-0100: 8.089: Total time for which application threads were stopped: 0.0001530 seconds, Stopping threads took: 0.0000720 seconds
2016-10-05T13:41:43.101-0100: 8.090: Total time for which application threads were stopped: 0.0002116 seconds, Stopping threads took: 0.0001123 seconds
2016-10-05T13:41:43.104-0100: 8.093: Total time for which application threads were stopped: 0.0001408 seconds, Stopping threads took: 0.0000412 seconds
2016-10-05T13:41:43.105-0100: 8.094: Total time for which application threads were stopped: 0.0001222 seconds, Stopping threads took: 0.0000579 seconds
2016-10-05T13:41:43.105-0100: 8.094: Total time for which application threads were stopped: 0.0001161 seconds, Stopping threads took: 0.0000275 seconds
2016-10-05T13:41:43.110-0100: 8.099: Total time for which application threads were stopped: 0.0001723 seconds, Stopping threads took: 0.0000383 seconds
2016-10-05T13:41:43.111-0100: 8.100: Total time for which application threads were stopped: 0.0001119 seconds, Stopping threads took: 0.0000137 seconds
2016-10-05T13:41:43.115-0100: 8.104: Total time for which application threads were stopped: 0.0007519 seconds, Stopping threads took: 0.0006761 seconds
2016-10-05T13:41:43.116-0100: 8.105: Total time for which application threads were stopped: 0.0001418 seconds, Stopping threads took: 0.0000692 seconds
2016-10-05T13:41:43.117-0100: 8.106: Total time for which application threads were stopped: 0.0006692 seconds, Stopping threads took: 0.0005145 seconds
2016-10-05T13:41:43.119-0100: 8.108: Total time for which application threads were stopped: 0.0002009 seconds, Stopping threads took: 0.0001094 seconds
2016-10-05T13:41:43.124-0100: 8.113: Total time for which application threads were stopped: 0.0001499 seconds, Stopping threads took: 0.0000512 seconds
2016-10-05T13:41:43.157-0100: 8.146: Total time for which application threads were stopped: 0.0004492 seconds, Stopping threads took: 0.0003018 seconds
2016-10-05T13:41:43.179-0100: 8.168: Total time for which application threads were stopped: 0.0014385 seconds, Stopping threads took: 0.0013290 seconds
2016-10-05T13:41:43.179-0100: 8.168: Total time for which application threads were stopped: 0.0002119 seconds, Stopping threads took: 0.0000851 seconds
2016-10-05T13:41:43.180-0100: 8.169: Total time for which application threads were stopped: 0.0001254 seconds, Stopping threads took: 0.0000380 seconds
2016-10-05T13:41:43.180-0100: 8.169: Total time for which application threads were stopped: 0.0000977 seconds, Stopping threads took: 0.0000267 seconds
2016-10-05T13:41:43.180-0100: 8.169: Total time for which application threads were stopped: 0.0001061 seconds, Stopping threads took: 0.0000266 seconds
2016-10-05T13:41:43.180-0100: 8.169: Total time for which application threads were stopped: 0.0000739 seconds, Stopping threads took: 0.0000070 seconds
2016-10-05T13:41:43.180-0100: 8.169: Total time for which application threads were stopped: 0.0000953 seconds, Stopping threads took: 0.0000333 seconds
2016-10-05T13:41:43.180-0100: 8.169: Total time for which application threads were stopped: 0.0001167 seconds, Stopping threads took: 0.0000278 seconds
2016-10-05T13:41:43.188-0100: 8.176: Total time for which application threads were stopped: 0.0002096 seconds, Stopping threads took: 0.0000721 seconds
2016-10-05T13:41:43.206-0100: 8.195: Total time for which application threads were stopped: 0.0007322 seconds, Stopping threads took: 0.0001285 seconds
2016-10-05T13:41:43.235-0100: 8.223: Total time for which application threads were stopped: 0.0018862 seconds, Stopping threads took: 0.0009751 seconds
2016-10-05T13:41:43.244-0100: 8.232: Total time for which application threads were stopped: 0.0002653 seconds, Stopping threads took: 0.0001034 seconds
2016-10-05T13:41:43.245-0100: 8.234: Total time for which application threads were stopped: 0.0005697 seconds, Stopping threads took: 0.0004018 seconds
2016-10-05T13:41:43.246-0100: 8.235: Total time for which application threads were stopped: 0.0001819 seconds, Stopping threads took: 0.0000474 seconds
2016-10-05T13:41:43.247-0100: 8.236: Total time for which application threads were stopped: 0.0005780 seconds, Stopping threads took: 0.0000713 seconds
2016-10-05T13:41:43.260-0100: 8.249: Total time for which application threads were stopped: 0.0003189 seconds, Stopping threads took: 0.0001223 seconds
2016-10-05T13:41:43.261-0100: 8.249: Total time for which application threads were stopped: 0.0001494 seconds, Stopping threads took: 0.0000377 seconds
2016-10-05T13:41:43.261-0100: 8.250: Total time for which application threads were stopped: 0.0001800 seconds, Stopping threads took: 0.0000372 seconds
2016-10-05T13:41:43.271-0100: 8.260: Total time for which application threads were stopped: 0.0002395 seconds, Stopping threads took: 0.0000578 seconds
2016-10-05T13:41:43.277-0100: 8.266: Total time for which application threads were stopped: 0.0002483 seconds, Stopping threads took: 0.0000642 seconds
2016-10-05T13:41:43.289-0100: 8.277: Total time for which application threads were stopped: 0.0002081 seconds, Stopping threads took: 0.0000426 seconds
2016-10-05T13:41:43.291-0100: 8.280: Total time for which application threads were stopped: 0.0002337 seconds, Stopping threads took: 0.0000496 seconds
2016-10-05T13:41:43.291-0100: 8.280: Total time for which application threads were stopped: 0.0001578 seconds, Stopping threads took: 0.0000276 seconds
2016-10-05T13:41:43.331-0100: 8.320: Total time for which application threads were stopped: 0.0002733 seconds, Stopping threads took: 0.0000811 seconds
{Heap before GC invocations=1 (full 0):
 par new generation   total 109248K, used 98466K [0x00000007a0000000, 0x00000007a8000000, 0x00000007a8000000)
  eden space 87424K, 100% used [0x00000007a0000000, 0x00000007a5560000, 0x00000007a5560000)
  from space 21824K,  50% used [0x00000007a6ab0000, 0x00000007a75788c0, 0x00000007a8000000)
  to   space 21824K,   0% used [0x00000007a5560000, 0x00000007a5560000, 0x00000007a6ab0000)
 concurrent mark-sweep generation total 393216K, used 0K [0x00000007a8000000, 0x00000007c0000000, 0x00000007c0000000)
 Metaspace       used 22228K, capacity 22564K, committed 22880K, reserved 1069056K
  class space    used 2538K, capacity 2645K, committed 2684K, reserved 1048576K
2016-10-05T13:41:43.361-0100: 8.350: [GC (Allocation Failure) 2016-10-05T13:41:43.361-0100: 8.350: [ParNew
Desired survivor size 20112992 bytes, new threshold 2 (max 8)
- age   1:   15224296 bytes,   15224296 total
- age   2:    5360928 bytes,   20585224 total
: 98466K->21824K(109248K), 0.0240199 secs] 98466K->22193K(502464K), 0.0241202 secs] [Times: user=0.07 sys=0.01, real=0.02 secs] 
Heap after GC invocations=2 (full 0):
 par new generation   total 109248K, used 21824K [0x00000007a0000000, 0x00000007a8000000, 0x00000007a8000000)
  eden space 87424K,   0% used [0x00000007a0000000, 0x00000007a0000000, 0x00000007a5560000)
  from space 21824K, 100% used [0x00000007a5560000, 0x00000007a6ab0000, 0x00000007a6ab0000)
  to   space 21824K,   0% used [0x00000007a6ab0000, 0x00000007a6ab0000, 0x00000007a8000000)
 concurrent mark-sweep generation total 393216K, used 369K [0x00000007a8000000, 0x00000007c0000000, 0x00000007c0000000)
 Metaspace       used 22228K, capacity 22564K, committed 22880K, reserved 1069056K
  class space    used 2538K, capacity 2645K, committed 2684K, reserved 1048576K
}
2016-10-05T13:41:43.385-0100: 8.374: Total time for which application threads were stopped: 0.0244444 seconds, Stopping threads took: 0.0000605 seconds
2016-10-05T13:41:43.385-0100: 8.374: [GC (CMS Initial Mark) [1 CMS-initial-mark: 369K(393216K)] 22376K(502464K), 0.0038685 secs] [Times: user=0.01 sys=0.00, real=0.00 secs] 
2016-10-05T13:41:43.389-0100: 8.378: Total time for which application threads were stopped: 0.0040655 seconds, Stopping threads took: 0.0000287 seconds
2016-10-05T13:41:43.389-0100: 8.378: [CMS-concurrent-mark-start]
2016-10-05T13:41:43.399-0100: 8.388: [CMS-concurrent-mark: 0.010/0.010 secs] [Times: user=0.04 sys=0.00, real=0.01 secs] 
2016-10-05T13:41:43.399-0100: 8.388: [CMS-concurrent-preclean-start]
2016-10-05T13:41:43.400-0100: 8.389: [CMS-concurrent-preclean: 0.001/0.001 secs] [Times: user=0.00 sys=0.01, real=0.01 secs] 
2016-10-05T13:41:43.400-0100: 8.389: [CMS-concurrent-abortable-preclean-start]
2016-10-05T13:41:43.412-0100: 8.401: Total time for which application threads were stopped: 0.0002574 seconds, Stopping threads took: 0.0001346 seconds
2016-10-05T13:41:43.414-0100: 8.403: Total time for which application threads were stopped: 0.0002089 seconds, Stopping threads took: 0.0000751 seconds
2016-10-05T13:41:43.432-0100: 8.420: Total time for which application threads were stopped: 0.0001821 seconds, Stopping threads took: 0.0000834 seconds
2016-10-05T13:41:43.432-0100: 8.421: Total time for which application threads were stopped: 0.0000799 seconds, Stopping threads took: 0.0000215 seconds
2016-10-05T13:41:43.432-0100: 8.421: Total time for which application threads were stopped: 0.0000557 seconds, Stopping threads took: 0.0000063 seconds
2016-10-05T13:41:43.510-0100: 8.499: Total time for which application threads were stopped: 0.0001665 seconds, Stopping threads took: 0.0000368 seconds
2016-10-05T13:41:43.517-0100: 8.506: Total time for which application threads were stopped: 0.0002285 seconds, Stopping threads took: 0.0000817 seconds
2016-10-05T13:41:43.518-0100: 8.507: Total time for which application threads were stopped: 0.0001849 seconds, Stopping threads took: 0.0000270 seconds
2016-10-05T13:41:43.527-0100: 8.516: Total time for which application threads were stopped: 0.0001753 seconds, Stopping threads took: 0.0000637 seconds
2016-10-05T13:41:43.530-0100: 8.519: Total time for which application threads were stopped: 0.0002759 seconds, Stopping threads took: 0.0001716 seconds
2016-10-05T13:41:43.534-0100: 8.523: Total time for which application threads were stopped: 0.0001538 seconds, Stopping threads took: 0.0000337 seconds
2016-10-05T13:41:43.534-0100: 8.523: [CMS-concurrent-abortable-preclean: 0.121/0.134 secs] [Times: user=0.44 sys=0.04, real=0.13 secs] 
2016-10-05T13:41:43.542-0100: 8.531: [GC (CMS Final Remark) [YG occupancy: 68805 K (109248 K)]{Heap before GC invocations=2 (full 1):
 par new generation   total 109248K, used 68805K [0x00000007a0000000, 0x00000007a8000000, 0x00000007a8000000)
  eden space 87424K,  53% used [0x00000007a0000000, 0x00000007a2de14b0, 0x00000007a5560000)
  from space 21824K, 100% used [0x00000007a5560000, 0x00000007a6ab0000, 0x00000007a6ab0000)
  to   space 21824K,   0% used [0x00000007a6ab0000, 0x00000007a6ab0000, 0x00000007a8000000)
 concurrent mark-sweep generation total 393216K, used 369K [0x00000007a8000000, 0x00000007c0000000, 0x00000007c0000000)
 Metaspace       used 22864K, capacity 23252K, committed 23416K, reserved 1071104K
  class space    used 2602K, capacity 2701K, committed 2812K, reserved 1048576K
2016-10-05T13:41:43.542-0100: 8.531: [GC (CMS Final Remark) 2016-10-05T13:41:43.542-0100: 8.531: [ParNew
Desired survivor size 20112992 bytes, new threshold 8 (max 8)
- age   1:    6647608 bytes,    6647608 total
- age   2:   11336128 bytes,   17983736 total
: 68805K->21824K(109248K), 0.0510176 secs] 69174K->28984K(502464K), 0.0510721 secs] [Times: user=0.09 sys=0.01, real=0.05 secs] 
Heap after GC invocations=3 (full 1):
 par new generation   total 109248K, used 21824K [0x00000007a0000000, 0x00000007a8000000, 0x00000007a8000000)
  eden space 87424K,   0% used [0x00000007a0000000, 0x00000007a0000000, 0x00000007a5560000)
  from space 21824K, 100% used [0x00000007a6ab0000, 0x00000007a8000000, 0x00000007a8000000)
  to   space 21824K,   0% used [0x00000007a5560000, 0x00000007a5560000, 0x00000007a6ab0000)
 concurrent mark-sweep generation total 393216K, used 7160K [0x00000007a8000000, 0x00000007c0000000, 0x00000007c0000000)
 Metaspace       used 22864K, capacity 23252K, committed 23416K, reserved 1071104K
  class space    used 2602K, capacity 2701K, committed 2812K, reserved 1048576K
}
2016-10-05T13:41:43.593-0100: 8.582: [Rescan (parallel) , 0.0070201 secs]2016-10-05T13:41:43.600-0100: 8.589: [weak refs processing, 0.0008483 secs]2016-10-05T13:41:43.601-0100: 8.590: [class unloading, 0.0032474 secs]2016-10-05T13:41:43.604-0100: 8.593: [scrub symbol table, 0.0023661 secs]2016-10-05T13:41:43.607-0100: 8.596: [scrub string table, 0.0003096 secs][1 CMS-remark: 7160K(393216K)] 28984K(502464K), 0.0658833 secs] [Times: user=0.12 sys=0.01, real=0.06 secs] 
2016-10-05T13:41:43.608-0100: 8.597: Total time for which application threads were stopped: 0.0660613 seconds, Stopping threads took: 0.0000251 seconds
2016-10-05T13:41:43.608-0100: 8.597: [CMS-concurrent-sweep-start]
2016-10-05T13:41:43.608-0100: 8.597: Total time for which application threads were stopped: 0.0001080 seconds, Stopping threads took: 0.0000252 seconds
2016-10-05T13:41:43.609-0100: 8.598: Total time for which application threads were stopped: 0.0002799 seconds, Stopping threads took: 0.0002112 seconds
2016-10-05T13:41:43.609-0100: 8.598: Total time for which application threads were stopped: 0.0001049 seconds, Stopping threads took: 0.0000320 seconds
2016-10-05T13:41:43.611-0100: 8.600: Total time for which application threads were stopped: 0.0001304 seconds, Stopping threads took: 0.0000404 seconds
2016-10-05T13:41:43.611-0100: 8.600: Total time for which application threads were stopped: 0.0000911 seconds, Stopping threads took: 0.0000366 seconds
2016-10-05T13:41:43.612-0100: 8.601: Total time for which application threads were stopped: 0.0001540 seconds, Stopping threads took: 0.0000505 seconds
2016-10-05T13:41:43.613-0100: 8.601: Total time for which application threads were stopped: 0.0000805 seconds, Stopping threads took: 0.0000302 seconds
2016-10-05T13:41:43.613-0100: 8.602: Total time for which application threads were stopped: 0.0000568 seconds, Stopping threads took: 0.0000087 seconds
2016-10-05T13:41:43.613-0100: 8.602: Total time for which application threads were stopped: 0.0000510 seconds, Stopping threads took: 0.0000080 seconds
2016-10-05T13:41:43.614-0100: 8.603: [CMS-concurrent-sweep: 0.005/0.006 secs] [Times: user=0.01 sys=0.00, real=0.01 secs] 
2016-10-05T13:41:43.615-0100: 8.603: [CMS-concurrent-reset-start]
2016-10-05T13:41:43.618-0100: 8.607: Total time for which application threads were stopped: 0.0002519 seconds, Stopping threads took: 0.0001538 seconds
2016-10-05T13:41:43.619-0100: 8.607: [CMS-concurrent-reset: 0.004/0.004 secs] [Times: user=0.01 sys=0.00, real=0.00 secs] 
2016-10-05T13:41:43.619-0100: 8.608: Total time for which application threads were stopped: 0.0000809 seconds, Stopping threads took: 0.0000226 seconds
2016-10-05T13:41:43.619-0100: 8.608: Total time for which application threads were stopped: 0.0001113 seconds, Stopping threads took: 0.0000575 seconds
2016-10-05T13:41:43.619-0100: 8.608: Total time for which application threads were stopped: 0.0000902 seconds, Stopping threads took: 0.0000303 seconds
2016-10-05T13:41:43.619-0100: 8.608: Total time for which application threads were stopped: 0.0000875 seconds, Stopping threads took: 0.0000391 seconds
2016-10-05T13:41:43.619-0100: 8.608: Total time for which application threads were stopped: 0.0000651 seconds, Stopping threads took: 0.0000192 seconds
2016-10-05T13:41:43.619-0100: 8.608: Total time for which application threads were stopped: 0.0000700 seconds, Stopping threads took: 0.0000247 seconds
2016-10-05T13:41:43.651-0100: 8.640: Total time for which application threads were stopped: 0.0003530 seconds, Stopping threads took: 0.0001196 seconds
2016-10-05T13:41:43.653-0100: 8.642: Total time for which application threads were stopped: 0.0002238 seconds, Stopping threads took: 0.0000808 seconds
2016-10-05T13:41:43.657-0100: 8.646: Total time for which application threads were stopped: 0.0006129 seconds, Stopping threads took: 0.0000488 seconds
2016-10-05T13:41:43.659-0100: 8.647: Total time for which application threads were stopped: 0.0001334 seconds, Stopping threads took: 0.0000279 seconds
2016-10-05T13:41:43.666-0100: 8.655: Total time for which application threads were stopped: 0.0002055 seconds, Stopping threads took: 0.0000440 seconds
2016-10-05T13:41:43.685-0100: 8.674: Total time for which application threads were stopped: 0.0002034 seconds, Stopping threads took: 0.0000531 seconds
2016-10-05T13:41:43.693-0100: 8.682: Total time for which application threads were stopped: 0.0001769 seconds, Stopping threads took: 0.0000288 seconds
2016-10-05T13:41:43.694-0100: 8.683: Total time for which application threads were stopped: 0.0001416 seconds, Stopping threads took: 0.0000445 seconds
2016-10-05T13:41:43.733-0100: 8.722: Total time for which application threads were stopped: 0.0003922 seconds, Stopping threads took: 0.0001929 seconds
{Heap before GC invocations=3 (full 1):
 par new generation   total 109248K, used 109248K [0x00000007a0000000, 0x00000007a8000000, 0x00000007a8000000)
  eden space 87424K, 100% used [0x00000007a0000000, 0x00000007a5560000, 0x00000007a5560000)
  from space 21824K, 100% used [0x00000007a6ab0000, 0x00000007a8000000, 0x00000007a8000000)
  to   space 21824K,   0% used [0x00000007a5560000, 0x00000007a5560000, 0x00000007a6ab0000)
 concurrent mark-sweep generation total 393216K, used 7160K [0x00000007a8000000, 0x00000007c0000000, 0x00000007c0000000)
 Metaspace       used 23545K, capacity 23990K, committed 24184K, reserved 1071104K
  class space    used 2721K, capacity 2808K, committed 2812K, reserved 1048576K
2016-10-05T13:41:43.781-0100: 8.770: [GC (Allocation Failure) 2016-10-05T13:41:43.781-0100: 8.770: [ParNew
Desired survivor size 20112992 bytes, new threshold 8 (max 8)
- age   1:    3397344 bytes,    3397344 total
- age   2:    3499552 bytes,    6896896 total
- age   3:    9414376 bytes,   16311272 total
: 109248K->21824K(109248K), 0.0169029 secs] 116408K->29854K(502464K), 0.0170127 secs] [Times: user=0.07 sys=0.00, real=0.01 secs] 
Heap after GC invocations=4 (full 1):
 par new generation   total 109248K, used 21824K [0x00000007a0000000, 0x00000007a8000000, 0x00000007a8000000)
  eden space 87424K,   0% used [0x00000007a0000000, 0x00000007a0000000, 0x00000007a5560000)
  from space 21824K, 100% used [0x00000007a5560000, 0x00000007a6ab0000, 0x00000007a6ab0000)
  to   space 21824K,   0% used [0x00000007a6ab0000, 0x00000007a6ab0000, 0x00000007a8000000)
 concurrent mark-sweep generation total 393216K, used 8030K [0x00000007a8000000, 0x00000007c0000000, 0x00000007c0000000)
 Metaspace       used 23545K, capacity 23990K, committed 24184K, reserved 1071104K
  class space    used 2721K, capacity 2808K, committed 2812K, reserved 1048576K
}
2016-10-05T13:41:43.798-0100: 8.787: Total time for which application threads were stopped: 0.0173926 seconds, Stopping threads took: 0.0001116 seconds
{Heap before GC invocations=4 (full 1):
 par new generation   total 109248K, used 109248K [0x00000007a0000000, 0x00000007a8000000, 0x00000007a8000000)
  eden space 87424K, 100% used [0x00000007a0000000, 0x00000007a5560000, 0x00000007a5560000)
  from space 21824K, 100% used [0x00000007a5560000, 0x00000007a6ab0000, 0x00000007a6ab0000)
  to   space 21824K,   0% used [0x00000007a6ab0000, 0x00000007a6ab0000, 0x00000007a8000000)
 concurrent mark-sweep generation total 393216K, used 8030K [0x00000007a8000000, 0x00000007c0000000, 0x00000007c0000000)
 Metaspace       used 23588K, capacity 23990K, committed 24184K, reserved 1071104K
  class space    used 2725K, capacity 2808K, committed 2812K, reserved 1048576K
2016-10-05T13:41:43.894-0100: 8.883: [GC (Allocation Failure) 2016-10-05T13:41:43.895-0100: 8.883: [ParNew
Desired survivor size 20112992 bytes, new threshold 8 (max 8)
- age   1:    2485608 bytes,    2485608 total
- age   2:     726200 bytes,    3211808 total
- age   3:    3431344 bytes,    6643152 total
- age   4:    9404552 bytes,   16047704 total
: 109248K->21824K(109248K), 0.0162891 secs] 117278K->29854K(502464K), 0.0163611 secs] [Times: user=0.04 sys=0.00, real=0.02 secs] 
Heap after GC invocations=5 (full 1):
 par new generation   total 109248K, used 21824K [0x00000007a0000000, 0x00000007a8000000, 0x00000007a8000000)
  eden space 87424K,   0% used [0x00000007a0000000, 0x00000007a0000000, 0x00000007a5560000)
  from space 21824K, 100% used [0x00000007a6ab0000, 0x00000007a8000000, 0x00000007a8000000)
  to   space 21824K,   0% used [0x00000007a5560000, 0x00000007a5560000, 0x00000007a6ab0000)
 concurrent mark-sweep generation total 393216K, used 8030K [0x00000007a8000000, 0x00000007c0000000, 0x00000007c0000000)
 Metaspace       used 23588K, capacity 23990K, committed 24184K, reserved 1071104K
  class space    used 2725K, capacity 2808K, committed 2812K, reserved 1048576K
}
2016-10-05T13:41:43.911-0100: 8.900: Total time for which application threads were stopped: 0.0169516 seconds, Stopping threads took: 0.0003880 seconds
2016-10-05T13:41:44.006-0100: 8.995: Total time for which application threads were stopped: 0.0004444 seconds, Stopping threads took: 0.0002525 seconds
{Heap before GC invocations=5 (full 1):
 par new generation   total 109248K, used 109238K [0x00000007a0000000, 0x00000007a8000000, 0x00000007a8000000)
  eden space 87424K,  99% used [0x00000007a0000000, 0x00000007a555dbb8, 0x00000007a5560000)
  from space 21824K, 100% used [0x00000007a6ab0000, 0x00000007a8000000, 0x00000007a8000000)
  to   space 21824K,   0% used [0x00000007a5560000, 0x00000007a5560000, 0x00000007a6ab0000)
 concurrent mark-sweep generation total 393216K, used 8030K [0x00000007a8000000, 0x00000007c0000000, 0x00000007c0000000)
 Metaspace       used 23837K, capacity 24284K, committed 24568K, reserved 1071104K
  class space    used 2745K, capacity 2841K, committed 2940K, reserved 1048576K
2016-10-05T13:41:44.031-0100: 9.020: [GC (Allocation Failure) 2016-10-05T13:41:44.031-0100: 9.020: [ParNew
Desired survivor size 20112992 bytes, new threshold 8 (max 8)
- age   1:     364544 bytes,     364544 total
- age   2:      69184 bytes,     433728 total
- age   3:     725768 bytes,    1159496 total
- age   4:    3431416 bytes,    4590912 total
- age   5:    9404296 bytes,   13995208 total
: 109238K->19024K(109248K), 0.0122211 secs] 117269K->27054K(502464K), 0.0123293 secs] [Times: user=0.05 sys=0.00, real=0.01 secs] 
Heap after GC invocations=6 (full 1):
 par new generation   total 109248K, used 19024K [0x00000007a0000000, 0x00000007a8000000, 0x00000007a8000000)
  eden space 87424K,   0% used [0x00000007a0000000, 0x00000007a0000000, 0x00000007a5560000)
  from space 21824K,  87% used [0x00000007a5560000, 0x00000007a67f40f8, 0x00000007a6ab0000)
  to   space 21824K,   0% used [0x00000007a6ab0000, 0x00000007a6ab0000, 0x00000007a8000000)
 concurrent mark-sweep generation total 393216K, used 8030K [0x00000007a8000000, 0x00000007c0000000, 0x00000007c0000000)
 Metaspace       used 23837K, capacity 24284K, committed 24568K, reserved 1071104K
  class space    used 2745K, capacity 2841K, committed 2940K, reserved 1048576K
}
2016-10-05T13:41:44.043-0100: 9.032: Total time for which application threads were stopped: 0.0126618 seconds, Stopping threads took: 0.0000886 seconds
2016-10-05T13:41:44.056-0100: 9.045: Total time for which application threads were stopped: 0.0001629 seconds, Stopping threads took: 0.0000290 seconds
2016-10-05T13:41:44.057-0100: 9.046: Total time for which application threads were stopped: 0.0001920 seconds, Stopping threads took: 0.0000526 seconds
2016-10-05T13:41:44.060-0100: 9.049: Total time for which application threads were stopped: 0.0008287 seconds, Stopping threads took: 0.0002963 seconds
2016-10-05T13:41:44.131-0100: 9.120: Total time for which application threads were stopped: 0.0008268 seconds, Stopping threads took: 0.0002549 seconds
{Heap before GC invocations=6 (full 1):
 par new generation   total 109248K, used 106448K [0x00000007a0000000, 0x00000007a8000000, 0x00000007a8000000)
  eden space 87424K, 100% used [0x00000007a0000000, 0x00000007a5560000, 0x00000007a5560000)
  from space 21824K,  87% used [0x00000007a5560000, 0x00000007a67f40f8, 0x00000007a6ab0000)
  to   space 21824K,   0% used [0x00000007a6ab0000, 0x00000007a6ab0000, 0x00000007a8000000)
 concurrent mark-sweep generation total 393216K, used 8030K [0x00000007a8000000, 0x00000007c0000000, 0x00000007c0000000)
 Metaspace       used 24019K, capacity 24480K, committed 24568K, reserved 1071104K
  class space    used 2771K, capacity 2907K, committed 2940K, reserved 1048576K
2016-10-05T13:41:44.156-0100: 9.144: [GC (Allocation Failure) 2016-10-05T13:41:44.156-0100: 9.144: [ParNew
Desired survivor size 20112992 bytes, new threshold 8 (max 8)
- age   1:    3234416 bytes,    3234416 total
- age   2:      63832 bytes,    3298248 total
- age   3:      69184 bytes,    3367432 total
- age   4:     725768 bytes,    4093200 total
- age   5:    3431344 bytes,    7524544 total
- age   6:    9402936 bytes,   16927480 total
: 106448K->19907K(109248K), 0.0122381 secs] 114478K->27937K(502464K), 0.0123207 secs] [Times: user=0.04 sys=0.00, real=0.01 secs] 
Heap after GC invocations=7 (full 1):
 par new generation   total 109248K, used 19907K [0x00000007a0000000, 0x00000007a8000000, 0x00000007a8000000)
  eden space 87424K,   0% used [0x00000007a0000000, 0x00000007a0000000, 0x00000007a5560000)
  from space 21824K,  91% used [0x00000007a6ab0000, 0x00000007a7e20d00, 0x00000007a8000000)
  to   space 21824K,   0% used [0x00000007a5560000, 0x00000007a5560000, 0x00000007a6ab0000)
 concurrent mark-sweep generation total 393216K, used 8030K [0x00000007a8000000, 0x00000007c0000000, 0x00000007c0000000)
 Metaspace       used 24019K, capacity 24480K, committed 24568K, reserved 1071104K
  class space    used 2771K, capacity 2907K, committed 2940K, reserved 1048576K
}
2016-10-05T13:41:44.168-0100: 9.157: Total time for which application threads were stopped: 0.0126721 seconds, Stopping threads took: 0.0001006 seconds
{Heap before GC invocations=7 (full 1):
 par new generation   total 109248K, used 107329K [0x00000007a0000000, 0x00000007a8000000, 0x00000007a8000000)
  eden space 87424K,  99% used [0x00000007a0000000, 0x00000007a555f7c0, 0x00000007a5560000)
  from space 21824K,  91% used [0x00000007a6ab0000, 0x00000007a7e20d00, 0x00000007a8000000)
  to   space 21824K,   0% used [0x00000007a5560000, 0x00000007a5560000, 0x00000007a6ab0000)
 concurrent mark-sweep generation total 393216K, used 8030K [0x00000007a8000000, 0x00000007c0000000, 0x00000007c0000000)
 Metaspace       used 24055K, capacity 24480K, committed 24568K, reserved 1071104K
  class space    used 2771K, capacity 2907K, committed 2940K, reserved 1048576K
2016-10-05T13:41:44.262-0100: 9.250: [GC (Allocation Failure) 2016-10-05T13:41:44.262-0100: 9.251: [ParNew
Desired survivor size 20112992 bytes, new threshold 8 (max 8)
- age   1:    2819536 bytes,    2819536 total
- age   2:     140776 bytes,    2960312 total
- age   3:      63832 bytes,    3024144 total
- age   4:      69184 bytes,    3093328 total
- age   5:     725768 bytes,    3819096 total
- age   6:    3431344 bytes,    7250440 total
- age   7:    9402936 bytes,   16653376 total
: 107329K->21311K(109248K), 0.0146163 secs] 115359K->29342K(502464K), 0.0147373 secs] [Times: user=0.04 sys=0.00, real=0.01 secs] 
Heap after GC invocations=8 (full 1):
 par new generation   total 109248K, used 21311K [0x00000007a0000000, 0x00000007a8000000, 0x00000007a8000000)
  eden space 87424K,   0% used [0x00000007a0000000, 0x00000007a0000000, 0x00000007a5560000)
  from space 21824K,  97% used [0x00000007a5560000, 0x00000007a6a2fee0, 0x00000007a6ab0000)
  to   space 21824K,   0% used [0x00000007a6ab0000, 0x00000007a6ab0000, 0x00000007a8000000)
 concurrent mark-sweep generation total 393216K, used 8030K [0x00000007a8000000, 0x00000007c0000000, 0x00000007c0000000)
 Metaspace       used 24055K, capacity 24480K, committed 24568K, reserved 1071104K
  class space    used 2771K, capacity 2907K, committed 2940K, reserved 1048576K
}
2016-10-05T13:41:44.276-0100: 9.265: Total time for which application threads were stopped: 0.0152962 seconds, Stopping threads took: 0.0002395 seconds
{Heap before GC invocations=8 (full 1):
 par new generation   total 109248K, used 108735K [0x00000007a0000000, 0x00000007a8000000, 0x00000007a8000000)
  eden space 87424K, 100% used [0x00000007a0000000, 0x00000007a5560000, 0x00000007a5560000)
  from space 21824K,  97% used [0x00000007a5560000, 0x00000007a6a2fee0, 0x00000007a6ab0000)
  to   space 21824K,   0% used [0x00000007a6ab0000, 0x00000007a6ab0000, 0x00000007a8000000)
 concurrent mark-sweep generation total 393216K, used 8030K [0x00000007a8000000, 0x00000007c0000000, 0x00000007c0000000)
 Metaspace       used 24092K, capacity 24544K, committed 24824K, reserved 1071104K
  class space    used 2772K, capacity 2907K, committed 2940K, reserved 1048576K
2016-10-05T13:41:44.358-0100: 9.347: [GC (Allocation Failure) 2016-10-05T13:41:44.358-0100: 9.347: [ParNew
Desired survivor size 20112992 bytes, new threshold 8 (max 8)
- age   1:    1921720 bytes,    1921720 total
- age   2:     271792 bytes,    2193512 total
- age   3:     140648 bytes,    2334160 total
- age   4:      63832 bytes,    2397992 total
- age   5:      69184 bytes,    2467176 total
- age   6:     725768 bytes,    3192944 total
- age   7:    3431344 bytes,    6624288 total
- age   8:    9402904 bytes,   16027192 total
: 108735K->21713K(109248K), 0.0119843 secs] 116766K->29744K(502464K), 0.0120784 secs] [Times: user=0.03 sys=0.00, real=0.02 secs] 
Heap after GC invocations=9 (full 1):
 par new generation   total 109248K, used 21713K [0x00000007a0000000, 0x00000007a8000000, 0x00000007a8000000)
  eden space 87424K,   0% used [0x00000007a0000000, 0x00000007a0000000, 0x00000007a5560000)
  from space 21824K,  99% used [0x00000007a6ab0000, 0x00000007a7fe4758, 0x00000007a8000000)
  to   space 21824K,   0% used [0x00000007a5560000, 0x00000007a5560000, 0x00000007a6ab0000)
 concurrent mark-sweep generation total 393216K, used 8030K [0x00000007a8000000, 0x00000007c0000000, 0x00000007c0000000)
 Metaspace       used 24092K, capacity 24544K, committed 24824K, reserved 1071104K
  class space    used 2772K, capacity 2907K, committed 2940K, reserved 1048576K
}
2016-10-05T13:41:44.371-0100: 9.359: Total time for which application threads were stopped: 0.0126464 seconds, Stopping threads took: 0.0002841 seconds
2016-10-05T13:41:44.396-0100: 9.385: Total time for which application threads were stopped: 0.0006966 seconds, Stopping threads took: 0.0001278 seconds
2016-10-05T13:41:44.528-0100: 9.517: Total time for which application threads were stopped: 0.0002146 seconds, Stopping threads took: 0.0000427 seconds
2016-10-05T13:41:44.558-0100: 9.546: Total time for which application threads were stopped: 0.0003185 seconds, Stopping threads took: 0.0000956 seconds
{Heap before GC invocations=9 (full 1):
 par new generation   total 109248K, used 109137K [0x00000007a0000000, 0x00000007a8000000, 0x00000007a8000000)
  eden space 87424K, 100% used [0x00000007a0000000, 0x00000007a5560000, 0x00000007a5560000)
  from space 21824K,  99% used [0x00000007a6ab0000, 0x00000007a7fe4758, 0x00000007a8000000)
  to   space 21824K,   0% used [0x00000007a5560000, 0x00000007a5560000, 0x00000007a6ab0000)
 concurrent mark-sweep generation total 393216K, used 8030K [0x00000007a8000000, 0x00000007c0000000, 0x00000007c0000000)
 Metaspace       used 24544K, capacity 25016K, committed 25208K, reserved 1071104K
  class space    used 2831K, capacity 2975K, committed 3068K, reserved 1048576K
2016-10-05T13:41:44.579-0100: 9.568: [GC (Allocation Failure) 2016-10-05T13:41:44.579-0100: 9.568: [ParNew
Desired survivor size 20112992 bytes, new threshold 8 (max 8)
- age   1:    9722536 bytes,    9722536 total
- age   2:      30504 bytes,    9753040 total
- age   3:     253608 bytes,   10006648 total
- age   4:     140040 bytes,   10146688 total
- age   5:      63576 bytes,   10210264 total
- age   6:      69152 bytes,   10279416 total
- age   7:     722616 bytes,   11002032 total
- age   8:    3430744 bytes,   14432776 total
: 109137K->18634K(109248K), 0.0438980 secs] 117168K->36140K(502464K), 0.0440168 secs] [Times: user=0.08 sys=0.01, real=0.05 secs] 
Heap after GC invocations=10 (full 1):
 par new generation   total 109248K, used 18634K [0x00000007a0000000, 0x00000007a8000000, 0x00000007a8000000)
  eden space 87424K,   0% used [0x00000007a0000000, 0x00000007a0000000, 0x00000007a5560000)
  from space 21824K,  85% used [0x00000007a5560000, 0x00000007a67929b8, 0x00000007a6ab0000)
  to   space 21824K,   0% used [0x00000007a6ab0000, 0x00000007a6ab0000, 0x00000007a8000000)
 concurrent mark-sweep generation total 393216K, used 17506K [0x00000007a8000000, 0x00000007c0000000, 0x00000007c0000000)
 Metaspace       used 24544K, capacity 25016K, committed 25208K, reserved 1071104K
  class space    used 2831K, capacity 2975K, committed 3068K, reserved 1048576K
}
2016-10-05T13:41:44.623-0100: 9.612: Total time for which application threads were stopped: 0.0444376 seconds, Stopping threads took: 0.0001257 seconds
{Heap before GC invocations=10 (full 1):
 par new generation   total 109248K, used 106058K [0x00000007a0000000, 0x00000007a8000000, 0x00000007a8000000)
  eden space 87424K, 100% used [0x00000007a0000000, 0x00000007a5560000, 0x00000007a5560000)
  from space 21824K,  85% used [0x00000007a5560000, 0x00000007a67929b8, 0x00000007a6ab0000)
  to   space 21824K,   0% used [0x00000007a6ab0000, 0x00000007a6ab0000, 0x00000007a8000000)
 concurrent mark-sweep generation total 393216K, used 17506K [0x00000007a8000000, 0x00000007c0000000, 0x00000007c0000000)
 Metaspace       used 24651K, capacity 25160K, committed 25464K, reserved 1071104K
  class space    used 2851K, capacity 3015K, committed 3068K, reserved 1048576K
2016-10-05T13:41:44.681-0100: 9.670: [GC (Allocation Failure) 2016-10-05T13:41:44.681-0100: 9.670: [ParNew
Desired survivor size 20112992 bytes, new threshold 8 (max 8)
- age   1:     632912 bytes,     632912 total
- age   2:    8890888 bytes,    9523800 total
- age   3:      30504 bytes,    9554304 total
- age   4:     253608 bytes,    9807912 total
- age   5:     140040 bytes,    9947952 total
- age   6:      63544 bytes,   10011496 total
- age   7:      69120 bytes,   10080616 total
- age   8:     722616 bytes,   10803232 total
: 106058K->14711K(109248K), 0.0203938 secs] 123564K->35614K(502464K), 0.0204831 secs] [Times: user=0.05 sys=0.00, real=0.02 secs] 
Heap after GC invocations=11 (full 1):
 par new generation   total 109248K, used 14711K [0x00000007a0000000, 0x00000007a8000000, 0x00000007a8000000)
  eden space 87424K,   0% used [0x00000007a0000000, 0x00000007a0000000, 0x00000007a5560000)
  from space 21824K,  67% used [0x00000007a6ab0000, 0x00000007a790df80, 0x00000007a8000000)
  to   space 21824K,   0% used [0x00000007a5560000, 0x00000007a5560000, 0x00000007a6ab0000)
 concurrent mark-sweep generation total 393216K, used 20902K [0x00000007a8000000, 0x00000007c0000000, 0x00000007c0000000)
 Metaspace       used 24651K, capacity 25160K, committed 25464K, reserved 1071104K
  class space    used 2851K, capacity 3015K, committed 3068K, reserved 1048576K
}
2016-10-05T13:41:44.702-0100: 9.690: Total time for which application threads were stopped: 0.0209596 seconds, Stopping threads took: 0.0001737 seconds
{Heap before GC invocations=11 (full 1):
 par new generation   total 109248K, used 102108K [0x00000007a0000000, 0x00000007a8000000, 0x00000007a8000000)
  eden space 87424K,  99% used [0x00000007a0000000, 0x00000007a55590d0, 0x00000007a5560000)
  from space 21824K,  67% used [0x00000007a6ab0000, 0x00000007a790df80, 0x00000007a8000000)
  to   space 21824K,   0% used [0x00000007a5560000, 0x00000007a5560000, 0x00000007a6ab0000)
 concurrent mark-sweep generation total 393216K, used 20902K [0x00000007a8000000, 0x00000007c0000000, 0x00000007c0000000)
 Metaspace       used 24664K, capacity 25172K, committed 25464K, reserved 1071104K
  class space    used 2854K, capacity 3017K, committed 3068K, reserved 1048576K
2016-10-05T13:41:44.733-0100: 9.722: [GC (Allocation Failure) 2016-10-05T13:41:44.733-0100: 9.722: [ParNew
Desired survivor size 20112992 bytes, new threshold 8 (max 8)
- age   1:    1210072 bytes,    1210072 total
- age   2:      81880 bytes,    1291952 total
- age   3:    8890888 bytes,   10182840 total
- age   4:      30504 bytes,   10213344 total
- age   5:     253608 bytes,   10466952 total
- age   6:     140040 bytes,   10606992 total
- age   7:      63544 bytes,   10670536 total
- age   8:      69120 bytes,   10739656 total
: 102108K->13039K(109248K), 0.0101927 secs] 123010K->34670K(502464K), 0.0102883 secs] [Times: user=0.03 sys=0.00, real=0.01 secs] 
Heap after GC invocations=12 (full 1):
 par new generation   total 109248K, used 13039K [0x00000007a0000000, 0x00000007a8000000, 0x00000007a8000000)
  eden space 87424K,   0% used [0x00000007a0000000, 0x00000007a0000000, 0x00000007a5560000)
  from space 21824K,  59% used [0x00000007a5560000, 0x00000007a621bd40, 0x00000007a6ab0000)
  to   space 21824K,   0% used [0x00000007a6ab0000, 0x00000007a6ab0000, 0x00000007a8000000)
 concurrent mark-sweep generation total 393216K, used 21630K [0x00000007a8000000, 0x00000007c0000000, 0x00000007c0000000)
 Metaspace       used 24664K, capacity 25172K, committed 25464K, reserved 1071104K
  class space    used 2854K, capacity 3017K, committed 3068K, reserved 1048576K
}
2016-10-05T13:41:44.744-0100: 9.733: Total time for which application threads were stopped: 0.0107125 seconds, Stopping threads took: 0.0001344 seconds
{Heap before GC invocations=12 (full 1):
 par new generation   total 109248K, used 100463K [0x00000007a0000000, 0x00000007a8000000, 0x00000007a8000000)
  eden space 87424K, 100% used [0x00000007a0000000, 0x00000007a5560000, 0x00000007a5560000)
  from space 21824K,  59% used [0x00000007a5560000, 0x00000007a621bd40, 0x00000007a6ab0000)
  to   space 21824K,   0% used [0x00000007a6ab0000, 0x00000007a6ab0000, 0x00000007a8000000)
 concurrent mark-sweep generation total 393216K, used 21630K [0x00000007a8000000, 0x00000007c0000000, 0x00000007c0000000)
 Metaspace       used 24760K, capacity 25248K, committed 25464K, reserved 1071104K
  class space    used 2873K, capacity 3019K, committed 3068K, reserved 1048576K
2016-10-05T13:41:44.789-0100: 9.778: [GC (Allocation Failure) 2016-10-05T13:41:44.789-0100: 9.778: [ParNew
Desired survivor size 20112992 bytes, new threshold 8 (max 8)
- age   1:    2970720 bytes,    2970720 total
- age   2:     266424 bytes,    3237144 total
- age   3:      81304 bytes,    3318448 total
- age   4:    8890032 bytes,   12208480 total
- age   5:      30504 bytes,   12238984 total
- age   6:     253608 bytes,   12492592 total
- age   7:     140040 bytes,   12632632 total
- age   8:      63544 bytes,   12696176 total
: 100463K->18629K(109248K), 0.0141233 secs] 122094K->40328K(502464K), 0.0142149 secs] [Times: user=0.05 sys=0.00, real=0.02 secs] 
Heap after GC invocations=13 (full 1):
 par new generation   total 109248K, used 18629K [0x00000007a0000000, 0x00000007a8000000, 0x00000007a8000000)
  eden space 87424K,   0% used [0x00000007a0000000, 0x00000007a0000000, 0x00000007a5560000)
  from space 21824K,  85% used [0x00000007a6ab0000, 0x00000007a7ce1680, 0x00000007a8000000)
  to   space 21824K,   0% used [0x00000007a5560000, 0x00000007a5560000, 0x00000007a6ab0000)
 concurrent mark-sweep generation total 393216K, used 21699K [0x00000007a8000000, 0x00000007c0000000, 0x00000007c0000000)
 Metaspace       used 24760K, capacity 25248K, committed 25464K, reserved 1071104K
  class space    used 2873K, capacity 3019K, committed 3068K, reserved 1048576K
}
2016-10-05T13:41:44.803-0100: 9.792: Total time for which application threads were stopped: 0.0157425 seconds, Stopping threads took: 0.0012834 seconds
{Heap before GC invocations=13 (full 1):
 par new generation   total 109248K, used 106030K [0x00000007a0000000, 0x00000007a8000000, 0x00000007a8000000)
  eden space 87424K,  99% used [0x00000007a0000000, 0x00000007a555a240, 0x00000007a5560000)
  from space 21824K,  85% used [0x00000007a6ab0000, 0x00000007a7ce1680, 0x00000007a8000000)
  to   space 21824K,   0% used [0x00000007a5560000, 0x00000007a5560000, 0x00000007a6ab0000)
 concurrent mark-sweep generation total 393216K, used 21699K [0x00000007a8000000, 0x00000007c0000000, 0x00000007c0000000)
 Metaspace       used 24809K, capacity 25272K, committed 25464K, reserved 1071104K
  class space    used 2879K, capacity 3023K, committed 3068K, reserved 1048576K
2016-10-05T13:41:44.847-0100: 9.836: [GC (Allocation Failure) 2016-10-05T13:41:44.847-0100: 9.836: [ParNew
Desired survivor size 20112992 bytes, new threshold 8 (max 8)
- age   1:    4265328 bytes,    4265328 total
- age   2:     970960 bytes,    5236288 total
- age   3:      40616 bytes,    5276904 total
- age   4:      80456 bytes,    5357360 total
- age   5:    8889704 bytes,   14247064 total
- age   6:      30504 bytes,   14277568 total
- age   7:     253608 bytes,   14531176 total
- age   8:     140040 bytes,   14671216 total
: 106030K->17642K(109248K), 0.0098625 secs] 127729K->39404K(502464K), 0.0099530 secs] [Times: user=0.04 sys=0.00, real=0.01 secs] 
Heap after GC invocations=14 (full 1):
 par new generation   total 109248K, used 17642K [0x00000007a0000000, 0x00000007a8000000, 0x00000007a8000000)
  eden space 87424K,   0% used [0x00000007a0000000, 0x00000007a0000000, 0x00000007a5560000)
  from space 21824K,  80% used [0x00000007a5560000, 0x00000007a669a878, 0x00000007a6ab0000)
  to   space 21824K,   0% used [0x00000007a6ab0000, 0x00000007a6ab0000, 0x00000007a8000000)
 concurrent mark-sweep generation total 393216K, used 21762K [0x00000007a8000000, 0x00000007c0000000, 0x00000007c0000000)
 Metaspace       used 24809K, capacity 25272K, committed 25464K, reserved 1071104K
  class space    used 2879K, capacity 3023K, committed 3068K, reserved 1048576K
}
2016-10-05T13:41:44.857-0100: 9.846: Total time for which application threads were stopped: 0.0104698 seconds, Stopping threads took: 0.0002086 seconds
{Heap before GC invocations=14 (full 1):
 par new generation   total 109248K, used 105066K [0x00000007a0000000, 0x00000007a8000000, 0x00000007a8000000)
  eden space 87424K, 100% used [0x00000007a0000000, 0x00000007a5560000, 0x00000007a5560000)
  from space 21824K,  80% used [0x00000007a5560000, 0x00000007a669a878, 0x00000007a6ab0000)
  to   space 21824K,   0% used [0x00000007a6ab0000, 0x00000007a6ab0000, 0x00000007a8000000)
 concurrent mark-sweep generation total 393216K, used 21762K [0x00000007a8000000, 0x00000007c0000000, 0x00000007c0000000)
 Metaspace       used 24903K, capacity 25390K, committed 25464K, reserved 1071104K
  class space    used 2889K, capacity 3032K, committed 3068K, reserved 1048576K
2016-10-05T13:41:44.913-0100: 9.901: [GC (Allocation Failure) 2016-10-05T13:41:44.913-0100: 9.902: [ParNew
Desired survivor size 20112992 bytes, new threshold 8 (max 8)
- age   1:    4281584 bytes,    4281584 total
- age   2:    1520344 bytes,    5801928 total
- age   3:      70080 bytes,    5872008 total
- age   4:      40584 bytes,    5912592 total
- age   5:      80456 bytes,    5993048 total
- age   6:    8889560 bytes,   14882608 total
- age   7:      30504 bytes,   14913112 total
- age   8:     253608 bytes,   15166720 total
: 105066K->18153K(109248K), 0.0145439 secs] 126828K->40056K(502464K), 0.0147226 secs] [Times: user=0.04 sys=0.01, real=0.01 secs] 
Heap after GC invocations=15 (full 1):
 par new generation   total 109248K, used 18153K [0x00000007a0000000, 0x00000007a8000000, 0x00000007a8000000)
  eden space 87424K,   0% used [0x00000007a0000000, 0x00000007a0000000, 0x00000007a5560000)
  from space 21824K,  83% used [0x00000007a6ab0000, 0x00000007a7c6a790, 0x00000007a8000000)
  to   space 21824K,   0% used [0x00000007a5560000, 0x00000007a5560000, 0x00000007a6ab0000)
 concurrent mark-sweep generation total 393216K, used 21903K [0x00000007a8000000, 0x00000007c0000000, 0x00000007c0000000)
 Metaspace       used 24903K, capacity 25390K, committed 25464K, reserved 1071104K
  class space    used 2889K, capacity 3032K, committed 3068K, reserved 1048576K
}
2016-10-05T13:41:44.927-0100: 9.916: Total time for which application threads were stopped: 0.0172425 seconds, Stopping threads took: 0.0021727 seconds
{Heap before GC invocations=15 (full 1):
 par new generation   total 109248K, used 105577K [0x00000007a0000000, 0x00000007a8000000, 0x00000007a8000000)
  eden space 87424K, 100% used [0x00000007a0000000, 0x00000007a5560000, 0x00000007a5560000)
  from space 21824K,  83% used [0x00000007a6ab0000, 0x00000007a7c6a790, 0x00000007a8000000)
  to   space 21824K,   0% used [0x00000007a5560000, 0x00000007a5560000, 0x00000007a6ab0000)
 concurrent mark-sweep generation total 393216K, used 21903K [0x00000007a8000000, 0x00000007c0000000, 0x00000007c0000000)
 Metaspace       used 24987K, capacity 25544K, committed 25596K, reserved 1071104K
  class space    used 2897K, capacity 3047K, committed 3068K, reserved 1048576K
2016-10-05T13:41:44.986-0100: 9.975: [GC (Allocation Failure) 2016-10-05T13:41:44.986-0100: 9.975: [ParNew
Desired survivor size 20112992 bytes, new threshold 8 (max 8)
- age   1:    3525784 bytes,    3525784 total
- age   2:    1069360 bytes,    4595144 total
- age   3:    1377888 bytes,    5973032 total
- age   4:      69832 bytes,    6042864 total
- age   5:      40584 bytes,    6083448 total
- age   6:      80456 bytes,    6163904 total
- age   7:    8889560 bytes,   15053464 total
- age   8:      30504 bytes,   15083968 total
: 105577K->21201K(109248K), 0.0136801 secs] 127480K->43357K(502464K), 0.0137545 secs] [Times: user=0.04 sys=0.00, real=0.02 secs] 
Heap after GC invocations=16 (full 1):
 par new generation   total 109248K, used 21201K [0x00000007a0000000, 0x00000007a8000000, 0x00000007a8000000)
  eden space 87424K,   0% used [0x00000007a0000000, 0x00000007a0000000, 0x00000007a5560000)
  from space 21824K,  97% used [0x00000007a5560000, 0x00000007a6a144c0, 0x00000007a6ab0000)
  to   space 21824K,   0% used [0x00000007a6ab0000, 0x00000007a6ab0000, 0x00000007a8000000)
 concurrent mark-sweep generation total 393216K, used 22156K [0x00000007a8000000, 0x00000007c0000000, 0x00000007c0000000)
 Metaspace       used 24987K, capacity 25544K, committed 25596K, reserved 1071104K
  class space    used 2897K, capacity 3047K, committed 3068K, reserved 1048576K
}
2016-10-05T13:41:45.000-0100: 9.989: Total time for which application threads were stopped: 0.0149656 seconds, Stopping threads took: 0.0009177 seconds
{Heap before GC invocations=16 (full 1):
 par new generation   total 109248K, used 108625K [0x00000007a0000000, 0x00000007a8000000, 0x00000007a8000000)
  eden space 87424K, 100% used [0x00000007a0000000, 0x00000007a5560000, 0x00000007a5560000)
  from space 21824K,  97% used [0x00000007a5560000, 0x00000007a6a144c0, 0x00000007a6ab0000)
  to   space 21824K,   0% used [0x00000007a6ab0000, 0x00000007a6ab0000, 0x00000007a8000000)
 concurrent mark-sweep generation total 393216K, used 22156K [0x00000007a8000000, 0x00000007c0000000, 0x00000007c0000000)
 Metaspace       used 25004K, capacity 25562K, committed 25596K, reserved 1071104K
  class space    used 2900K, capacity 3050K, committed 3068K, reserved 1048576K
2016-10-05T13:41:45.073-0100: 10.062: [GC (Allocation Failure) 2016-10-05T13:41:45.073-0100: 10.062: [ParNew
Desired survivor size 20112992 bytes, new threshold 8 (max 8)
- age   1:    7055160 bytes,    7055160 total
- age   2:     548168 bytes,    7603328 total
- age   3:     629744 bytes,    8233072 total
- age   4:      68912 bytes,    8301984 total
- age   5:      69320 bytes,    8371304 total
- age   6:      40584 bytes,    8411888 total
- age   7:      80456 bytes,    8492344 total
- age   8:    8889560 bytes,   17381904 total
: 108625K->21824K(109248K), 0.0470570 secs] 130781K->44010K(502464K), 0.0471546 secs] [Times: user=0.06 sys=0.01, real=0.05 secs] 
Heap after GC invocations=17 (full 1):
 par new generation   total 109248K, used 21824K [0x00000007a0000000, 0x00000007a8000000, 0x00000007a8000000)
  eden space 87424K,   0% used [0x00000007a0000000, 0x00000007a0000000, 0x00000007a5560000)
  from space 21824K, 100% used [0x00000007a6ab0000, 0x00000007a8000000, 0x00000007a8000000)
  to   space 21824K,   0% used [0x00000007a5560000, 0x00000007a5560000, 0x00000007a6ab0000)
 concurrent mark-sweep generation total 393216K, used 22186K [0x00000007a8000000, 0x00000007c0000000, 0x00000007c0000000)
 Metaspace       used 25004K, capacity 25562K, committed 25596K, reserved 1071104K
  class space    used 2900K, capacity 3050K, committed 3068K, reserved 1048576K
}
2016-10-05T13:41:45.120-0100: 10.109: Total time for which application threads were stopped: 0.0588974 seconds, Stopping threads took: 0.0114391 seconds
2016-10-05T13:41:45.185-0100: 10.174: Total time for which application threads were stopped: 0.0014238 seconds, Stopping threads took: 0.0012119 seconds
{Heap before GC invocations=17 (full 1):
 par new generation   total 109248K, used 109248K [0x00000007a0000000, 0x00000007a8000000, 0x00000007a8000000)
  eden space 87424K, 100% used [0x00000007a0000000, 0x00000007a5560000, 0x00000007a5560000)
  from space 21824K, 100% used [0x00000007a6ab0000, 0x00000007a8000000, 0x00000007a8000000)
  to   space 21824K,   0% used [0x00000007a5560000, 0x00000007a5560000, 0x00000007a6ab0000)
 concurrent mark-sweep generation total 393216K, used 24046K [0x00000007a8000000, 0x00000007c0000000, 0x00000007c0000000)
 Metaspace       used 25052K, capacity 25586K, committed 25852K, reserved 1073152K
  class space    used 2904K, capacity 3054K, committed 3068K, reserved 1048576K
2016-10-05T13:41:45.189-0100: 10.177: [GC (Allocation Failure) 2016-10-05T13:41:45.189-0100: 10.177: [ParNew
Desired survivor size 20112992 bytes, new threshold 8 (max 8)
- age   1:    5215872 bytes,    5215872 total
- age   2:     158888 bytes,    5374760 total
- age   3:     176320 bytes,    5551080 total
- age   4:     153888 bytes,    5704968 total
- age   5:      68696 bytes,    5773664 total
- age   6:      69288 bytes,    5842952 total
- age   7:      40584 bytes,    5883536 total
- age   8:      80328 bytes,    5963864 total
: 109248K->14995K(109248K), 0.0414452 secs] 133294K->47728K(502464K), 0.0415460 secs] [Times: user=0.11 sys=0.01, real=0.05 secs] 
Heap after GC invocations=18 (full 1):
 par new generation   total 109248K, used 14995K [0x00000007a0000000, 0x00000007a8000000, 0x00000007a8000000)
  eden space 87424K,   0% used [0x00000007a0000000, 0x00000007a0000000, 0x00000007a5560000)
  from space 21824K,  68% used [0x00000007a5560000, 0x00000007a6404d20, 0x00000007a6ab0000)
  to   space 21824K,   0% used [0x00000007a6ab0000, 0x00000007a6ab0000, 0x00000007a8000000)
 concurrent mark-sweep generation total 393216K, used 32733K [0x00000007a8000000, 0x00000007c0000000, 0x00000007c0000000)
 Metaspace       used 25052K, capacity 25586K, committed 25852K, reserved 1073152K
  class space    used 2904K, capacity 3054K, committed 3068K, reserved 1048576K
}
2016-10-05T13:41:45.230-0100: 10.219: Total time for which application threads were stopped: 0.0419363 seconds, Stopping threads took: 0.0000442 seconds
{Heap before GC invocations=18 (full 1):
 par new generation   total 109248K, used 15533K [0x00000007a0000000, 0x00000007a8000000, 0x00000007a8000000)
  eden space 87424K,   0% used [0x00000007a0000000, 0x00000007a0086900, 0x00000007a5560000)
  from space 21824K,  68% used [0x00000007a5560000, 0x00000007a6404d20, 0x00000007a6ab0000)
  to   space 21824K,   0% used [0x00000007a6ab0000, 0x00000007a6ab0000, 0x00000007a8000000)
 concurrent mark-sweep generation total 393216K, used 32733K [0x00000007a8000000, 0x00000007c0000000, 0x00000007c0000000)
 Metaspace       used 25057K, capacity 25592K, committed 25852K, reserved 1073152K
  class space    used 2904K, capacity 3055K, committed 3068K, reserved 1048576K
2016-10-05T13:41:45.231-0100: 10.220: [GC (GCLocker Initiated GC) 2016-10-05T13:41:45.231-0100: 10.220: [ParNew
Desired survivor size 20112992 bytes, new threshold 8 (max 8)
- age   1:     171240 bytes,     171240 total
- age   2:    5206896 bytes,    5378136 total
- age   3:     158888 bytes,    5537024 total
- age   4:     176320 bytes,    5713344 total
- age   5:     153888 bytes,    5867232 total
- age   6:      68696 bytes,    5935928 total
- age   7:      69288 bytes,    6005216 total
- age   8:      40584 bytes,    6045800 total
: 15533K->9244K(109248K), 0.0072150 secs] 48266K->42061K(502464K), 0.0072762 secs] [Times: user=0.02 sys=0.00, real=0.00 secs] 
Heap after GC invocations=19 (full 1):
 par new generation   total 109248K, used 9244K [0x00000007a0000000, 0x00000007a8000000, 0x00000007a8000000)
  eden space 87424K,   0% used [0x00000007a0000000, 0x00000007a0000000, 0x00000007a5560000)
  from space 21824K,  42% used [0x00000007a6ab0000, 0x00000007a73b7340, 0x00000007a8000000)
  to   space 21824K,   0% used [0x00000007a5560000, 0x00000007a5560000, 0x00000007a6ab0000)
 concurrent mark-sweep generation total 393216K, used 32816K [0x00000007a8000000, 0x00000007c0000000, 0x00000007c0000000)
 Metaspace       used 25057K, capacity 25592K, committed 25852K, reserved 1073152K
  class space    used 2904K, capacity 3055K, committed 3068K, reserved 1048576K
}
2016-10-05T13:41:45.238-0100: 10.227: Total time for which application threads were stopped: 0.0076244 seconds, Stopping threads took: 0.0000887 seconds
{Heap before GC invocations=19 (full 1):
 par new generation   total 109248K, used 96659K [0x00000007a0000000, 0x00000007a8000000, 0x00000007a8000000)
  eden space 87424K,  99% used [0x00000007a0000000, 0x00000007a555dbd8, 0x00000007a5560000)
  from space 21824K,  42% used [0x00000007a6ab0000, 0x00000007a73b7340, 0x00000007a8000000)
  to   space 21824K,   0% used [0x00000007a5560000, 0x00000007a5560000, 0x00000007a6ab0000)
 concurrent mark-sweep generation total 393216K, used 32816K [0x00000007a8000000, 0x00000007c0000000, 0x00000007c0000000)
 Metaspace       used 25119K, capacity 25706K, committed 25980K, reserved 1073152K
  class space    used 2913K, capacity 3090K, committed 3196K, reserved 1048576K
2016-10-05T13:41:45.315-0100: 10.304: [GC (Allocation Failure) 2016-10-05T13:41:45.315-0100: 10.304: [ParNew
Desired survivor size 20112992 bytes, new threshold 8 (max 8)
- age   1:    4616088 bytes,    4616088 total
- age   2:      27208 bytes,    4643296 total
- age   3:     363376 bytes,    5006672 total
- age   4:     158680 bytes,    5165352 total
- age   5:     176112 bytes,    5341464 total
- age   6:     152744 bytes,    5494208 total
- age   7:      68200 bytes,    5562408 total
- age   8:      68856 bytes,    5631264 total
: 96659K->7236K(109248K), 0.0123032 secs] 129475K->40095K(502464K), 0.0124184 secs] [Times: user=0.04 sys=0.00, real=0.01 secs] 
Heap after GC invocations=20 (full 1):
 par new generation   total 109248K, used 7236K [0x00000007a0000000, 0x00000007a8000000, 0x00000007a8000000)
  eden space 87424K,   0% used [0x00000007a0000000, 0x00000007a0000000, 0x00000007a5560000)
  from space 21824K,  33% used [0x00000007a5560000, 0x00000007a5c713e0, 0x00000007a6ab0000)
  to   space 21824K,   0% used [0x00000007a6ab0000, 0x00000007a6ab0000, 0x00000007a8000000)
 concurrent mark-sweep generation total 393216K, used 32858K [0x00000007a8000000, 0x00000007c0000000, 0x00000007c0000000)
 Metaspace       used 25119K, capacity 25706K, committed 25980K, reserved 1073152K
  class space    used 2913K, capacity 3090K, committed 3196K, reserved 1048576K
}
2016-10-05T13:41:45.327-0100: 10.316: Total time for which application threads were stopped: 0.0130436 seconds, Stopping threads took: 0.0002677 seconds
{Heap before GC invocations=20 (full 1):
 par new generation   total 109248K, used 94660K [0x00000007a0000000, 0x00000007a8000000, 0x00000007a8000000)
  eden space 87424K, 100% used [0x00000007a0000000, 0x00000007a5560000, 0x00000007a5560000)
  from space 21824K,  33% used [0x00000007a5560000, 0x00000007a5c713e0, 0x00000007a6ab0000)
  to   space 21824K,   0% used [0x00000007a6ab0000, 0x00000007a6ab0000, 0x00000007a8000000)
 concurrent mark-sweep generation total 393216K, used 32858K [0x00000007a8000000, 0x00000007c0000000, 0x00000007c0000000)
 Metaspace       used 25123K, capacity 25712K, committed 25980K, reserved 1073152K
  class space    used 2913K, capacity 3091K, committed 3196K, reserved 1048576K
2016-10-05T13:41:45.385-0100: 10.374: [GC (Allocation Failure) 2016-10-05T13:41:45.385-0100: 10.374: [ParNew
Desired survivor size 20112992 bytes, new threshold 8 (max 8)
- age   1:    1931880 bytes,    1931880 total
- age   2:    1601248 bytes,    3533128 total
- age   3:      27208 bytes,    3560336 total
- age   4:     359144 bytes,    3919480 total
- age   5:     158576 bytes,    4078056 total
- age   6:     176112 bytes,    4254168 total
- age   7:     152600 bytes,    4406768 total
- age   8:      67336 bytes,    4474104 total
: 94660K->6120K(109248K), 0.0081297 secs] 127519K->39049K(502464K), 0.0082237 secs] [Times: user=0.03 sys=0.00, real=0.01 secs] 
Heap after GC invocations=21 (full 1):
 par new generation   total 109248K, used 6120K [0x00000007a0000000, 0x00000007a8000000, 0x00000007a8000000)
  eden space 87424K,   0% used [0x00000007a0000000, 0x00000007a0000000, 0x00000007a5560000)
  from space 21824K,  28% used [0x00000007a6ab0000, 0x00000007a70aa120, 0x00000007a8000000)
  to   space 21824K,   0% used [0x00000007a5560000, 0x00000007a5560000, 0x00000007a6ab0000)
 concurrent mark-sweep generation total 393216K, used 32929K [0x00000007a8000000, 0x00000007c0000000, 0x00000007c0000000)
 Metaspace       used 25123K, capacity 25712K, committed 25980K, reserved 1073152K
  class space    used 2913K, capacity 3091K, committed 3196K, reserved 1048576K
}
2016-10-05T13:41:45.394-0100: 10.382: Total time for which application threads were stopped: 0.0086857 seconds, Stopping threads took: 0.0001604 seconds
{Heap before GC invocations=21 (full 1):
 par new generation   total 109248K, used 93544K [0x00000007a0000000, 0x00000007a8000000, 0x00000007a8000000)
  eden space 87424K, 100% used [0x00000007a0000000, 0x00000007a5560000, 0x00000007a5560000)
  from space 21824K,  28% used [0x00000007a6ab0000, 0x00000007a70aa120, 0x00000007a8000000)
  to   space 21824K,   0% used [0x00000007a5560000, 0x00000007a5560000, 0x00000007a6ab0000)
 concurrent mark-sweep generation total 393216K, used 32929K [0x00000007a8000000, 0x00000007c0000000, 0x00000007c0000000)
 Metaspace       used 25215K, capacity 25800K, committed 25980K, reserved 1073152K
  class space    used 2919K, capacity 3095K, committed 3196K, reserved 1048576K
2016-10-05T13:41:45.466-0100: 10.455: [GC (Allocation Failure) 2016-10-05T13:41:45.466-0100: 10.455: [ParNew
Desired survivor size 20112992 bytes, new threshold 8 (max 8)
- age   1:     508472 bytes,     508472 total
- age   2:      56848 bytes,     565320 total
- age   3:     159672 bytes,     724992 total
- age   4:      27208 bytes,     752200 total
- age   5:     359144 bytes,    1111344 total
- age   6:     158544 bytes,    1269888 total
- age   7:     176112 bytes,    1446000 total
- age   8:     152600 bytes,    1598600 total
: 93544K->2898K(109248K), 0.0048289 secs] 126473K->35895K(502464K), 0.0049298 secs] [Times: user=0.01 sys=0.00, real=0.01 secs] 
Heap after GC invocations=22 (full 1):
 par new generation   total 109248K, used 2898K [0x00000007a0000000, 0x00000007a8000000, 0x00000007a8000000)
  eden space 87424K,   0% used [0x00000007a0000000, 0x00000007a0000000, 0x00000007a5560000)
  from space 21824K,  13% used [0x00000007a5560000, 0x00000007a5834880, 0x00000007a6ab0000)
  to   space 21824K,   0% used [0x00000007a6ab0000, 0x00000007a6ab0000, 0x00000007a8000000)
 concurrent mark-sweep generation total 393216K, used 32997K [0x00000007a8000000, 0x00000007c0000000, 0x00000007c0000000)
 Metaspace       used 25215K, capacity 25800K, committed 25980K, reserved 1073152K
  class space    used 2919K, capacity 3095K, committed 3196K, reserved 1048576K
}
2016-10-05T13:41:45.471-0100: 10.460: Total time for which application threads were stopped: 0.0053316 seconds, Stopping threads took: 0.0001023 seconds
2016-10-05T13:41:45.479-0100: 10.468: Total time for which application threads were stopped: 0.0003642 seconds, Stopping threads took: 0.0001320 seconds
2016-10-05T13:41:45.486-0100: 10.474: Total time for which application threads were stopped: 0.0003615 seconds, Stopping threads took: 0.0001286 seconds
{Heap before GC invocations=22 (full 1):
 par new generation   total 109248K, used 90312K [0x00000007a0000000, 0x00000007a8000000, 0x00000007a8000000)
  eden space 87424K,  99% used [0x00000007a0000000, 0x00000007a555d9f8, 0x00000007a5560000)
  from space 21824K,  13% used [0x00000007a5560000, 0x00000007a5834880, 0x00000007a6ab0000)
  to   space 21824K,   0% used [0x00000007a6ab0000, 0x00000007a6ab0000, 0x00000007a8000000)
 concurrent mark-sweep generation total 393216K, used 32997K [0x00000007a8000000, 0x00000007c0000000, 0x00000007c0000000)
 Metaspace       used 25387K, capacity 25940K, committed 26236K, reserved 1073152K
  class space    used 2938K, capacity 3097K, committed 3196K, reserved 1048576K
2016-10-05T13:41:45.541-0100: 10.530: [GC (Allocation Failure) 2016-10-05T13:41:45.541-0100: 10.530: [ParNew
Desired survivor size 20112992 bytes, new threshold 8 (max 8)
- age   1:    1080128 bytes,    1080128 total
- age   2:      68768 bytes,    1148896 total
- age   3:      56848 bytes,    1205744 total
- age   4:     155056 bytes,    1360800 total
- age   5:      27208 bytes,    1388008 total
- age   6:     359144 bytes,    1747152 total
- age   7:     158544 bytes,    1905696 total
- age   8:     176112 bytes,    2081808 total
: 90312K->2835K(109248K), 0.0100706 secs] 123310K->35985K(502464K), 0.0101760 secs] [Times: user=0.02 sys=0.00, real=0.01 secs] 
Heap after GC invocations=23 (full 1):
 par new generation   total 109248K, used 2835K [0x00000007a0000000, 0x00000007a8000000, 0x00000007a8000000)
  eden space 87424K,   0% used [0x00000007a0000000, 0x00000007a0000000, 0x00000007a5560000)
  from space 21824K,  12% used [0x00000007a6ab0000, 0x00000007a6d74c10, 0x00000007a8000000)
  to   space 21824K,   0% used [0x00000007a5560000, 0x00000007a5560000, 0x00000007a6ab0000)
 concurrent mark-sweep generation total 393216K, used 33150K [0x00000007a8000000, 0x00000007c0000000, 0x00000007c0000000)
 Metaspace       used 25387K, capacity 25940K, committed 26236K, reserved 1073152K
  class space    used 2938K, capacity 3097K, committed 3196K, reserved 1048576K
}
2016-10-05T13:41:45.552-0100: 10.540: Total time for which application threads were stopped: 0.0105761 seconds, Stopping threads took: 0.0001204 seconds
2016-10-05T13:41:45.579-0100: 10.568: Total time for which application threads were stopped: 0.0003679 seconds, Stopping threads took: 0.0001208 seconds
2016-10-05T13:41:45.580-0100: 10.569: Total time for which application threads were stopped: 0.0002559 seconds, Stopping threads took: 0.0000860 seconds
2016-10-05T13:41:45.679-0100: 10.668: Total time for which application threads were stopped: 0.0002262 seconds, Stopping threads took: 0.0000424 seconds
{Heap before GC invocations=23 (full 1):
 par new generation   total 109248K, used 90259K [0x00000007a0000000, 0x00000007a8000000, 0x00000007a8000000)
  eden space 87424K, 100% used [0x00000007a0000000, 0x00000007a5560000, 0x00000007a5560000)
  from space 21824K,  12% used [0x00000007a6ab0000, 0x00000007a6d74c10, 0x00000007a8000000)
  to   space 21824K,   0% used [0x00000007a5560000, 0x00000007a5560000, 0x00000007a6ab0000)
 concurrent mark-sweep generation total 393216K, used 33150K [0x00000007a8000000, 0x00000007c0000000, 0x00000007c0000000)
 Metaspace       used 26027K, capacity 26720K, committed 26748K, reserved 1073152K
  class space    used 3016K, capacity 3195K, committed 3196K, reserved 1048576K
2016-10-05T13:41:45.680-0100: 10.669: [GC (Allocation Failure) 2016-10-05T13:41:45.680-0100: 10.669: [ParNew
Desired survivor size 20112992 bytes, new threshold 8 (max 8)
- age   1:    1179856 bytes,    1179856 total
- age   2:     225696 bytes,    1405552 total
- age   3:      68768 bytes,    1474320 total
- age   4:      56696 bytes,    1531016 total
- age   5:     152472 bytes,    1683488 total
- age   6:      27208 bytes,    1710696 total
- age   7:     359144 bytes,    2069840 total
- age   8:     158544 bytes,    2228384 total
: 90259K->2451K(109248K), 0.0115117 secs] 123409K->35776K(502464K), 0.0116304 secs] [Times: user=0.03 sys=0.00, real=0.01 secs] 
Heap after GC invocations=24 (full 1):
 par new generation   total 109248K, used 2451K [0x00000007a0000000, 0x00000007a8000000, 0x00000007a8000000)
  eden space 87424K,   0% used [0x00000007a0000000, 0x00000007a0000000, 0x00000007a5560000)
  from space 21824K,  11% used [0x00000007a5560000, 0x00000007a57c4cb0, 0x00000007a6ab0000)
  to   space 21824K,   0% used [0x00000007a6ab0000, 0x00000007a6ab0000, 0x00000007a8000000)
 concurrent mark-sweep generation total 393216K, used 33325K [0x00000007a8000000, 0x00000007c0000000, 0x00000007c0000000)
 Metaspace       used 26027K, capacity 26720K, committed 26748K, reserved 1073152K
  class space    used 3016K, capacity 3195K, committed 3196K, reserved 1048576K
}
2016-10-05T13:41:45.692-0100: 10.680: Total time for which application threads were stopped: 0.0120648 seconds, Stopping threads took: 0.0001461 seconds
2016-10-05T13:41:45.697-0100: 10.686: Total time for which application threads were stopped: 0.0002601 seconds, Stopping threads took: 0.0000593 seconds
2016-10-05T13:41:45.708-0100: 10.697: Total time for which application threads were stopped: 0.0002785 seconds, Stopping threads took: 0.0000778 seconds
2016-10-05T13:41:45.708-0100: 10.697: Total time for which application threads were stopped: 0.0001485 seconds, Stopping threads took: 0.0000307 seconds
2016-10-05T13:41:45.721-0100: 10.710: Total time for which application threads were stopped: 0.0006441 seconds, Stopping threads took: 0.0000448 seconds
2016-10-05T13:41:45.734-0100: 10.722: Total time for which application threads were stopped: 0.0002867 seconds, Stopping threads took: 0.0000928 seconds
2016-10-05T13:41:45.830-0100: 10.819: Total time for which application threads were stopped: 0.0002875 seconds, Stopping threads took: 0.0000599 seconds
2016-10-05T13:41:45.895-0100: 10.884: Total time for which application threads were stopped: 0.0003192 seconds, Stopping threads took: 0.0000843 seconds
2016-10-05T13:41:45.924-0100: 10.913: Total time for which application threads were stopped: 0.0003191 seconds, Stopping threads took: 0.0001188 seconds
2016-10-05T13:41:45.943-0100: 10.931: Total time for which application threads were stopped: 0.0007968 seconds, Stopping threads took: 0.0001105 seconds
2016-10-05T13:41:45.944-0100: 10.933: Total time for which application threads were stopped: 0.0002085 seconds, Stopping threads took: 0.0000622 seconds
2016-10-05T13:41:45.946-0100: 10.934: Total time for which application threads were stopped: 0.0002164 seconds, Stopping threads took: 0.0000438 seconds
2016-10-05T13:41:45.962-0100: 10.951: Total time for which application threads were stopped: 0.0002565 seconds, Stopping threads took: 0.0000710 seconds
2016-10-05T13:41:45.964-0100: 10.953: Total time for which application threads were stopped: 0.0002182 seconds, Stopping threads took: 0.0000564 seconds
2016-10-05T13:41:45.964-0100: 10.953: Total time for which application threads were stopped: 0.0004666 seconds, Stopping threads took: 0.0000301 seconds
2016-10-05T13:41:45.965-0100: 10.954: Total time for which application threads were stopped: 0.0001797 seconds, Stopping threads took: 0.0000349 seconds
2016-10-05T13:41:45.965-0100: 10.954: Total time for which application threads were stopped: 0.0001088 seconds, Stopping threads took: 0.0000196 seconds
2016-10-05T13:41:45.966-0100: 10.954: Total time for which application threads were stopped: 0.0001075 seconds, Stopping threads took: 0.0000171 seconds
2016-10-05T13:41:45.967-0100: 10.956: Total time for which application threads were stopped: 0.0001916 seconds, Stopping threads took: 0.0000404 seconds
2016-10-05T13:41:45.967-0100: 10.956: Total time for which application threads were stopped: 0.0001278 seconds, Stopping threads took: 0.0000238 seconds
2016-10-05T13:41:45.976-0100: 10.965: Total time for which application threads were stopped: 0.0002263 seconds, Stopping threads took: 0.0000524 seconds
2016-10-05T13:41:45.987-0100: 10.975: Total time for which application threads were stopped: 0.0006447 seconds, Stopping threads took: 0.0000414 seconds
2016-10-05T13:41:46.023-0100: 11.012: Total time for which application threads were stopped: 0.0025061 seconds, Stopping threads took: 0.0022206 seconds
2016-10-05T13:41:46.049-0100: 11.038: Total time for which application threads were stopped: 0.0002516 seconds, Stopping threads took: 0.0000469 seconds
2016-10-05T13:41:46.051-0100: 11.040: Total time for which application threads were stopped: 0.0002345 seconds, Stopping threads took: 0.0000492 seconds
2016-10-05T13:41:46.080-0100: 11.069: Total time for which application threads were stopped: 0.0004149 seconds, Stopping threads took: 0.0000635 seconds
2016-10-05T13:41:46.084-0100: 11.072: Total time for which application threads were stopped: 0.0002708 seconds, Stopping threads took: 0.0000486 seconds
2016-10-05T13:41:46.090-0100: 11.078: Total time for which application threads were stopped: 0.0001550 seconds, Stopping threads took: 0.0000399 seconds
2016-10-05T13:41:46.098-0100: 11.087: Total time for which application threads were stopped: 0.0002600 seconds, Stopping threads took: 0.0000980 seconds
{Heap before GC invocations=24 (full 1):
 par new generation   total 109248K, used 89875K [0x00000007a0000000, 0x00000007a8000000, 0x00000007a8000000)
  eden space 87424K, 100% used [0x00000007a0000000, 0x00000007a5560000, 0x00000007a5560000)
  from space 21824K,  11% used [0x00000007a5560000, 0x00000007a57c4cb0, 0x00000007a6ab0000)
  to   space 21824K,   0% used [0x00000007a6ab0000, 0x00000007a6ab0000, 0x00000007a8000000)
 concurrent mark-sweep generation total 393216K, used 33325K [0x00000007a8000000, 0x00000007c0000000, 0x00000007c0000000)
 Metaspace       used 28340K, capacity 29124K, committed 29308K, reserved 1075200K
  class space    used 3351K, capacity 3587K, committed 3708K, reserved 1048576K
2016-10-05T13:41:46.172-0100: 11.160: [GC (Allocation Failure) 2016-10-05T13:41:46.172-0100: 11.160: [ParNew
Desired survivor size 20112992 bytes, new threshold 8 (max 8)
- age   1:    6005240 bytes,    6005240 total
- age   2:     582912 bytes,    6588152 total
- age   3:     225728 bytes,    6813880 total
- age   4:      68736 bytes,    6882616 total
- age   5:      56696 bytes,    6939312 total
- age   6:     152472 bytes,    7091784 total
- age   7:      27208 bytes,    7118992 total
- age   8:     359112 bytes,    7478104 total
: 89875K->8447K(109248K), 0.0072757 secs] 123200K->41930K(502464K), 0.0073798 secs] [Times: user=0.02 sys=0.00, real=0.00 secs] 
Heap after GC invocations=25 (full 1):
 par new generation   total 109248K, used 8447K [0x00000007a0000000, 0x00000007a8000000, 0x00000007a8000000)
  eden space 87424K,   0% used [0x00000007a0000000, 0x00000007a0000000, 0x00000007a5560000)
  from space 21824K,  38% used [0x00000007a6ab0000, 0x00000007a72eff10, 0x00000007a8000000)
  to   space 21824K,   0% used [0x00000007a5560000, 0x00000007a5560000, 0x00000007a6ab0000)
 concurrent mark-sweep generation total 393216K, used 33482K [0x00000007a8000000, 0x00000007c0000000, 0x00000007c0000000)
 Metaspace       used 28340K, capacity 29124K, committed 29308K, reserved 1075200K
  class space    used 3351K, capacity 3587K, committed 3708K, reserved 1048576K
}
2016-10-05T13:41:46.179-0100: 11.168: Total time for which application threads were stopped: 0.0077076 seconds, Stopping threads took: 0.0000553 seconds
2016-10-05T13:41:46.307-0100: 11.296: Total time for which application threads were stopped: 0.0003027 seconds, Stopping threads took: 0.0001004 seconds
2016-10-05T13:41:46.310-0100: 11.298: Total time for which application threads were stopped: 0.0002182 seconds, Stopping threads took: 0.0000482 seconds
2016-10-05T13:41:46.314-0100: 11.303: Total time for which application threads were stopped: 0.0001751 seconds, Stopping threads took: 0.0000366 seconds
2016-10-05T13:41:46.315-0100: 11.304: Total time for which application threads were stopped: 0.0002244 seconds, Stopping threads took: 0.0000761 seconds
2016-10-05T13:41:46.332-0100: 11.321: Total time for which application threads were stopped: 0.0002638 seconds, Stopping threads took: 0.0001053 seconds
2016-10-05T13:41:46.334-0100: 11.322: Total time for which application threads were stopped: 0.0002209 seconds, Stopping threads took: 0.0000477 seconds
2016-10-05T13:41:46.336-0100: 11.325: Total time for which application threads were stopped: 0.0001943 seconds, Stopping threads took: 0.0000450 seconds
2016-10-05T13:41:46.337-0100: 11.326: Total time for which application threads were stopped: 0.0001239 seconds, Stopping threads took: 0.0000398 seconds
2016-10-05T13:41:46.419-0100: 11.408: Total time for which application threads were stopped: 0.0002610 seconds, Stopping threads took: 0.0001003 seconds
{Heap before GC invocations=25 (full 1):
 par new generation   total 109248K, used 95871K [0x00000007a0000000, 0x00000007a8000000, 0x00000007a8000000)
  eden space 87424K, 100% used [0x00000007a0000000, 0x00000007a5560000, 0x00000007a5560000)
  from space 21824K,  38% used [0x00000007a6ab0000, 0x00000007a72eff10, 0x00000007a8000000)
  to   space 21824K,   0% used [0x00000007a5560000, 0x00000007a5560000, 0x00000007a6ab0000)
 concurrent mark-sweep generation total 393216K, used 33482K [0x00000007a8000000, 0x00000007c0000000, 0x00000007c0000000)
 Metaspace       used 29880K, capacity 30784K, committed 30972K, reserved 1077248K
  class space    used 3527K, capacity 3775K, committed 3836K, reserved 1048576K
2016-10-05T13:41:46.423-0100: 11.412: [GC (Allocation Failure) 2016-10-05T13:41:46.423-0100: 11.412: [ParNew
Desired survivor size 20112992 bytes, new threshold 8 (max 8)
- age   1:    3027616 bytes,    3027616 total
- age   2:    4326400 bytes,    7354016 total
- age   3:     581904 bytes,    7935920 total
- age   4:     225696 bytes,    8161616 total
- age   5:      68736 bytes,    8230352 total
- age   6:      56696 bytes,    8287048 total
- age   7:     152440 bytes,    8439488 total
- age   8:      27208 bytes,    8466696 total
: 95871K->10406K(109248K), 0.0089878 secs] 129354K->44242K(502464K), 0.0090650 secs] [Times: user=0.03 sys=0.01, real=0.01 secs] 
Heap after GC invocations=26 (full 1):
 par new generation   total 109248K, used 10406K [0x00000007a0000000, 0x00000007a8000000, 0x00000007a8000000)
  eden space 87424K,   0% used [0x00000007a0000000, 0x00000007a0000000, 0x00000007a5560000)
  from space 21824K,  47% used [0x00000007a5560000, 0x00000007a5f89910, 0x00000007a6ab0000)
  to   space 21824K,   0% used [0x00000007a6ab0000, 0x00000007a6ab0000, 0x00000007a8000000)
 concurrent mark-sweep generation total 393216K, used 33836K [0x00000007a8000000, 0x00000007c0000000, 0x00000007c0000000)
 Metaspace       used 29880K, capacity 30784K, committed 30972K, reserved 1077248K
  class space    used 3527K, capacity 3775K, committed 3836K, reserved 1048576K
}
2016-10-05T13:41:46.432-0100: 11.421: Total time for which application threads were stopped: 0.0093428 seconds, Stopping threads took: 0.0000500 seconds
2016-10-05T13:41:46.526-0100: 11.515: Total time for which application threads were stopped: 0.0002869 seconds, Stopping threads took: 0.0001011 seconds
2016-10-05T13:41:46.535-0100: 11.524: Total time for which application threads were stopped: 0.0003595 seconds, Stopping threads took: 0.0001304 seconds
{Heap before GC invocations=26 (full 1):
 par new generation   total 109248K, used 97830K [0x00000007a0000000, 0x00000007a8000000, 0x00000007a8000000)
  eden space 87424K, 100% used [0x00000007a0000000, 0x00000007a5560000, 0x00000007a5560000)
  from space 21824K,  47% used [0x00000007a5560000, 0x00000007a5f89910, 0x00000007a6ab0000)
  to   space 21824K,   0% used [0x00000007a6ab0000, 0x00000007a6ab0000, 0x00000007a8000000)
 concurrent mark-sweep generation total 393216K, used 33836K [0x00000007a8000000, 0x00000007c0000000, 0x00000007c0000000)
 Metaspace       used 30214K, capacity 31162K, committed 31228K, reserved 1077248K
  class space    used 3557K, capacity 3822K, committed 3836K, reserved 1048576K
2016-10-05T13:41:46.539-0100: 11.528: [GC (Allocation Failure) 2016-10-05T13:41:46.539-0100: 11.528: [ParNew
Desired survivor size 20112992 bytes, new threshold 8 (max 8)
- age   1:    1406560 bytes,    1406560 total
- age   2:    1657544 bytes,    3064104 total
- age   3:    4323528 bytes,    7387632 total
- age   4:     580848 bytes,    7968480 total
- age   5:     225408 bytes,    8193888 total
- age   6:      68352 bytes,    8262240 total
- age   7:      56312 bytes,    8318552 total
- age   8:     152408 bytes,    8470960 total
: 97830K->13453K(109248K), 0.0086990 secs] 131666K->47316K(502464K), 0.0087828 secs] [Times: user=0.03 sys=0.00, real=0.01 secs] 
Heap after GC invocations=27 (full 1):
 par new generation   total 109248K, used 13453K [0x00000007a0000000, 0x00000007a8000000, 0x00000007a8000000)
  eden space 87424K,   0% used [0x00000007a0000000, 0x00000007a0000000, 0x00000007a5560000)
  from space 21824K,  61% used [0x00000007a6ab0000, 0x00000007a77d3480, 0x00000007a8000000)
  to   space 21824K,   0% used [0x00000007a5560000, 0x00000007a5560000, 0x00000007a6ab0000)
 concurrent mark-sweep generation total 393216K, used 33862K [0x00000007a8000000, 0x00000007c0000000, 0x00000007c0000000)
 Metaspace       used 30214K, capacity 31162K, committed 31228K, reserved 1077248K
  class space    used 3557K, capacity 3822K, committed 3836K, reserved 1048576K
}
2016-10-05T13:41:46.548-0100: 11.537: Total time for which application threads were stopped: 0.0093454 seconds, Stopping threads took: 0.0003104 seconds
2016-10-05T13:41:46.548-0100: 11.537: Total time for which application threads were stopped: 0.0002126 seconds, Stopping threads took: 0.0000435 seconds
2016-10-05T13:41:46.550-0100: 11.539: Total time for which application threads were stopped: 0.0009304 seconds, Stopping threads took: 0.0007994 seconds
2016-10-05T13:41:46.554-0100: 11.543: Total time for which application threads were stopped: 0.0002448 seconds, Stopping threads took: 0.0000562 seconds
2016-10-05T13:41:46.555-0100: 11.543: Total time for which application threads were stopped: 0.0004496 seconds, Stopping threads took: 0.0000322 seconds
2016-10-05T13:41:46.557-0100: 11.546: Total time for which application threads were stopped: 0.0003594 seconds, Stopping threads took: 0.0001179 seconds
2016-10-05T13:41:46.560-0100: 11.549: Total time for which application threads were stopped: 0.0005418 seconds, Stopping threads took: 0.0000683 seconds
2016-10-05T13:41:46.562-0100: 11.551: Total time for which application threads were stopped: 0.0002914 seconds, Stopping threads took: 0.0000592 seconds
2016-10-05T13:41:46.565-0100: 11.553: Total time for which application threads were stopped: 0.0002456 seconds, Stopping threads took: 0.0000593 seconds
2016-10-05T13:41:46.570-0100: 11.559: Total time for which application threads were stopped: 0.0003091 seconds, Stopping threads took: 0.0001387 seconds
2016-10-05T13:41:46.592-0100: 11.581: Total time for which application threads were stopped: 0.0005335 seconds, Stopping threads took: 0.0003239 seconds
2016-10-05T13:41:46.593-0100: 11.582: Total time for which application threads were stopped: 0.0001779 seconds, Stopping threads took: 0.0000375 seconds
2016-10-05T13:41:46.601-0100: 11.590: Total time for which application threads were stopped: 0.0006377 seconds, Stopping threads took: 0.0000625 seconds
2016-10-05T13:41:46.612-0100: 11.600: Total time for which application threads were stopped: 0.0002605 seconds, Stopping threads took: 0.0000674 seconds
2016-10-05T13:41:46.631-0100: 11.619: Total time for which application threads were stopped: 0.0003146 seconds, Stopping threads took: 0.0001333 seconds
2016-10-05T13:41:46.651-0100: 11.640: Total time for which application threads were stopped: 0.0003178 seconds, Stopping threads took: 0.0001361 seconds
2016-10-05T13:41:46.653-0100: 11.641: Total time for which application threads were stopped: 0.0005701 seconds, Stopping threads took: 0.0000389 seconds
2016-10-05T13:41:46.663-0100: 11.651: Total time for which application threads were stopped: 0.0003157 seconds, Stopping threads took: 0.0000549 seconds
2016-10-05T13:41:46.680-0100: 11.669: Total time for which application threads were stopped: 0.0003134 seconds, Stopping threads took: 0.0000704 seconds
2016-10-05T13:41:46.691-0100: 11.679: Total time for which application threads were stopped: 0.0008415 seconds, Stopping threads took: 0.0001888 seconds
2016-10-05T13:41:46.708-0100: 11.697: Total time for which application threads were stopped: 0.0007724 seconds, Stopping threads took: 0.0001082 seconds
2016-10-05T13:41:46.720-0100: 11.709: Total time for which application threads were stopped: 0.0002118 seconds, Stopping threads took: 0.0000518 seconds
2016-10-05T13:41:46.725-0100: 11.713: Total time for which application threads were stopped: 0.0007354 seconds, Stopping threads took: 0.0005046 seconds
2016-10-05T13:41:46.727-0100: 11.715: Total time for which application threads were stopped: 0.0001985 seconds, Stopping threads took: 0.0000574 seconds
2016-10-05T13:41:46.740-0100: 11.729: Total time for which application threads were stopped: 0.0002398 seconds, Stopping threads took: 0.0000681 seconds
2016-10-05T13:41:46.740-0100: 11.729: Total time for which application threads were stopped: 0.0001278 seconds, Stopping threads took: 0.0000264 seconds
2016-10-05T13:41:46.745-0100: 11.734: Total time for which application threads were stopped: 0.0002351 seconds, Stopping threads took: 0.0000989 seconds
2016-10-05T13:41:46.748-0100: 11.737: Total time for which application threads were stopped: 0.0002205 seconds, Stopping threads took: 0.0000504 seconds
2016-10-05T13:41:46.754-0100: 11.742: Total time for which application threads were stopped: 0.0002334 seconds, Stopping threads took: 0.0000303 seconds
2016-10-05T13:41:46.766-0100: 11.754: Total time for which application threads were stopped: 0.0002386 seconds, Stopping threads took: 0.0000684 seconds
2016-10-05T13:41:46.771-0100: 11.760: Total time for which application threads were stopped: 0.0002493 seconds, Stopping threads took: 0.0000873 seconds
2016-10-05T13:41:46.791-0100: 11.780: Total time for which application threads were stopped: 0.0002710 seconds, Stopping threads took: 0.0000630 seconds
2016-10-05T13:41:46.809-0100: 11.798: Total time for which application threads were stopped: 0.0003783 seconds, Stopping threads took: 0.0000987 seconds
2016-10-05T13:41:46.809-0100: 11.798: Total time for which application threads were stopped: 0.0001661 seconds, Stopping threads took: 0.0000360 seconds
2016-10-05T13:41:46.812-0100: 11.801: Total time for which application threads were stopped: 0.0002770 seconds, Stopping threads took: 0.0000823 seconds
2016-10-05T13:41:46.815-0100: 11.804: Total time for which application threads were stopped: 0.0003218 seconds, Stopping threads took: 0.0001190 seconds
2016-10-05T13:41:46.820-0100: 11.809: Total time for which application threads were stopped: 0.0003088 seconds, Stopping threads took: 0.0001454 seconds
2016-10-05T13:41:46.837-0100: 11.826: Total time for which application threads were stopped: 0.0002848 seconds, Stopping threads took: 0.0001129 seconds
2016-10-05T13:41:46.838-0100: 11.826: Total time for which application threads were stopped: 0.0002021 seconds, Stopping threads took: 0.0000349 seconds
2016-10-05T13:41:46.850-0100: 11.839: Total time for which application threads were stopped: 0.0002791 seconds, Stopping threads took: 0.0001135 seconds
2016-10-05T13:41:46.854-0100: 11.842: Total time for which application threads were stopped: 0.0020275 seconds, Stopping threads took: 0.0018344 seconds
2016-10-05T13:41:46.865-0100: 11.853: Total time for which application threads were stopped: 0.0002770 seconds, Stopping threads took: 0.0001105 seconds
2016-10-05T13:41:46.870-0100: 11.859: Total time for which application threads were stopped: 0.0002554 seconds, Stopping threads took: 0.0000854 seconds
2016-10-05T13:41:46.870-0100: 11.859: Total time for which application threads were stopped: 0.0001480 seconds, Stopping threads took: 0.0000387 seconds
2016-10-05T13:41:46.871-0100: 11.859: Total time for which application threads were stopped: 0.0001529 seconds, Stopping threads took: 0.0000380 seconds
2016-10-05T13:41:46.872-0100: 11.861: Total time for which application threads were stopped: 0.0004964 seconds, Stopping threads took: 0.0000429 seconds
{Heap before GC invocations=27 (full 1):
 par new generation   total 109248K, used 100877K [0x00000007a0000000, 0x00000007a8000000, 0x00000007a8000000)
  eden space 87424K, 100% used [0x00000007a0000000, 0x00000007a5560000, 0x00000007a5560000)
  from space 21824K,  61% used [0x00000007a6ab0000, 0x00000007a77d3480, 0x00000007a8000000)
  to   space 21824K,   0% used [0x00000007a5560000, 0x00000007a5560000, 0x00000007a6ab0000)
 concurrent mark-sweep generation total 393216K, used 33862K [0x00000007a8000000, 0x00000007c0000000, 0x00000007c0000000)
 Metaspace       used 31991K, capacity 32996K, committed 33276K, reserved 1079296K
  class space    used 3747K, capacity 4019K, committed 4092K, reserved 1048576K
2016-10-05T13:41:46.889-0100: 11.878: [GC (Allocation Failure) 2016-10-05T13:41:46.889-0100: 11.878: [ParNew
Desired survivor size 20112992 bytes, new threshold 1 (max 8)
- age   1:   20966784 bytes,   20966784 total
- age   2:     214480 bytes,   21181264 total
- age   3:     525088 bytes,   21706352 total
- age   4:     335872 bytes,   22042224 total
- age   5:      69264 bytes,   22111488 total
- age   6:      62680 bytes,   22174168 total
- age   7:       5648 bytes,   22179816 total
- age   8:       1016 bytes,   22180832 total
: 100877K->21824K(109248K), 0.1567981 secs] 134740K->83478K(502464K), 0.1568840 secs] [Times: user=0.24 sys=0.02, real=0.16 secs] 
Heap after GC invocations=28 (full 1):
 par new generation   total 109248K, used 21824K [0x00000007a0000000, 0x00000007a8000000, 0x00000007a8000000)
  eden space 87424K,   0% used [0x00000007a0000000, 0x00000007a0000000, 0x00000007a5560000)
  from space 21824K, 100% used [0x00000007a5560000, 0x00000007a6ab0000, 0x00000007a6ab0000)
  to   space 21824K,   0% used [0x00000007a6ab0000, 0x00000007a6ab0000, 0x00000007a8000000)
 concurrent mark-sweep generation total 393216K, used 61654K [0x00000007a8000000, 0x00000007c0000000, 0x00000007c0000000)
 Metaspace       used 31991K, capacity 32996K, committed 33276K, reserved 1079296K
  class space    used 3747K, capacity 4019K, committed 4092K, reserved 1048576K
}
2016-10-05T13:41:47.046-0100: 12.035: Total time for which application threads were stopped: 0.1572649 seconds, Stopping threads took: 0.0000575 seconds
2016-10-05T13:41:47.047-0100: 12.035: Total time for which application threads were stopped: 0.0005695 seconds, Stopping threads took: 0.0000541 seconds
2016-10-05T13:41:47.051-0100: 12.040: Total time for which application threads were stopped: 0.0003907 seconds, Stopping threads took: 0.0001059 seconds
2016-10-05T13:41:47.052-0100: 12.040: Total time for which application threads were stopped: 0.0001680 seconds, Stopping threads took: 0.0000419 seconds
2016-10-05T13:41:47.064-0100: 12.053: Total time for which application threads were stopped: 0.0005971 seconds, Stopping threads took: 0.0000748 seconds
2016-10-05T13:41:47.089-0100: 12.078: Total time for which application threads were stopped: 0.0002427 seconds, Stopping threads took: 0.0000632 seconds
2016-10-05T13:41:47.090-0100: 12.078: Total time for which application threads were stopped: 0.0001568 seconds, Stopping threads took: 0.0000673 seconds
2016-10-05T13:41:47.090-0100: 12.079: Total time for which application threads were stopped: 0.0001450 seconds, Stopping threads took: 0.0000644 seconds
2016-10-05T13:41:47.090-0100: 12.079: Total time for which application threads were stopped: 0.0000947 seconds, Stopping threads took: 0.0000262 seconds
2016-10-05T13:41:47.092-0100: 12.081: Total time for which application threads were stopped: 0.0002838 seconds, Stopping threads took: 0.0000707 seconds
2016-10-05T13:41:47.092-0100: 12.081: Total time for which application threads were stopped: 0.0001721 seconds, Stopping threads took: 0.0000259 seconds
2016-10-05T13:41:47.093-0100: 12.081: Total time for which application threads were stopped: 0.0001744 seconds, Stopping threads took: 0.0000273 seconds
2016-10-05T13:41:47.093-0100: 12.082: Total time for which application threads were stopped: 0.0001832 seconds, Stopping threads took: 0.0000366 seconds
2016-10-05T13:41:47.094-0100: 12.082: Total time for which application threads were stopped: 0.0002062 seconds, Stopping threads took: 0.0000617 seconds
2016-10-05T13:41:47.094-0100: 12.082: Total time for which application threads were stopped: 0.0001590 seconds, Stopping threads took: 0.0000154 seconds
2016-10-05T13:41:47.095-0100: 12.084: Total time for which application threads were stopped: 0.0007946 seconds, Stopping threads took: 0.0006311 seconds
2016-10-05T13:41:47.095-0100: 12.084: Total time for which application threads were stopped: 0.0001838 seconds, Stopping threads took: 0.0000299 seconds
2016-10-05T13:41:47.096-0100: 12.084: Total time for which application threads were stopped: 0.0002030 seconds, Stopping threads took: 0.0000797 seconds
2016-10-05T13:41:47.096-0100: 12.085: Total time for which application threads were stopped: 0.0002927 seconds, Stopping threads took: 0.0001958 seconds
2016-10-05T13:41:47.096-0100: 12.085: Total time for which application threads were stopped: 0.0001811 seconds, Stopping threads took: 0.0000811 seconds
2016-10-05T13:41:47.097-0100: 12.085: Total time for which application threads were stopped: 0.0001340 seconds, Stopping threads took: 0.0000412 seconds
2016-10-05T13:41:47.111-0100: 12.100: Total time for which application threads were stopped: 0.0001811 seconds, Stopping threads took: 0.0000645 seconds
2016-10-05T13:41:47.111-0100: 12.100: Total time for which application threads were stopped: 0.0001280 seconds, Stopping threads took: 0.0000308 seconds
2016-10-05T13:41:47.112-0100: 12.101: Total time for which application threads were stopped: 0.0001270 seconds, Stopping threads took: 0.0000261 seconds
2016-10-05T13:41:47.112-0100: 12.101: Total time for which application threads were stopped: 0.0001021 seconds, Stopping threads took: 0.0000372 seconds
2016-10-05T13:41:47.115-0100: 12.104: Total time for which application threads were stopped: 0.0002350 seconds, Stopping threads took: 0.0000579 seconds
2016-10-05T13:41:47.117-0100: 12.106: Total time for which application threads were stopped: 0.0018161 seconds, Stopping threads took: 0.0016018 seconds
2016-10-05T13:41:47.118-0100: 12.106: Total time for which application threads were stopped: 0.0001606 seconds, Stopping threads took: 0.0000592 seconds
2016-10-05T13:41:47.118-0100: 12.107: Total time for which application threads were stopped: 0.0001258 seconds, Stopping threads took: 0.0000224 seconds
2016-10-05T13:41:47.119-0100: 12.108: Total time for which application threads were stopped: 0.0003409 seconds, Stopping threads took: 0.0002169 seconds
2016-10-05T13:41:47.119-0100: 12.108: Total time for which application threads were stopped: 0.0001160 seconds, Stopping threads took: 0.0000286 seconds
2016-10-05T13:41:47.119-0100: 12.108: Total time for which application threads were stopped: 0.0001011 seconds, Stopping threads took: 0.0000383 seconds
2016-10-05T13:41:47.119-0100: 12.108: Total time for which application threads were stopped: 0.0000749 seconds, Stopping threads took: 0.0000137 seconds
2016-10-05T13:41:47.120-0100: 12.109: Total time for which application threads were stopped: 0.0001240 seconds, Stopping threads took: 0.0000190 seconds
2016-10-05T13:41:47.120-0100: 12.109: Total time for which application threads were stopped: 0.0001373 seconds, Stopping threads took: 0.0000310 seconds
2016-10-05T13:41:47.120-0100: 12.109: Total time for which application threads were stopped: 0.0003465 seconds, Stopping threads took: 0.0000498 seconds
2016-10-05T13:41:47.121-0100: 12.110: Total time for which application threads were stopped: 0.0002342 seconds, Stopping threads took: 0.0000225 seconds
2016-10-05T13:41:48.123-0100: 13.112: Total time for which application threads were stopped: 0.0002732 seconds, Stopping threads took: 0.0000348 seconds
2016-10-05T13:41:51.134-0100: 16.123: Total time for which application threads were stopped: 0.0002628 seconds, Stopping threads took: 0.0000483 seconds
2016-10-05T13:41:55.144-0100: 20.132: Total time for which application threads were stopped: 0.0002209 seconds, Stopping threads took: 0.0000448 seconds
2016-10-05T13:41:59.163-0100: 24.152: Total time for which application threads were stopped: 0.0001984 seconds, Stopping threads took: 0.0000403 seconds
2016-10-05T13:42:03.177-0100: 28.165: Total time for which application threads were stopped: 0.0002875 seconds, Stopping threads took: 0.0000569 seconds
2016-10-05T13:42:05.185-0100: 30.174: Total time for which application threads were stopped: 0.0002769 seconds, Stopping threads took: 0.0000500 seconds
2016-10-05T13:42:06.187-0100: 31.175: Total time for which application threads were stopped: 0.0001569 seconds, Stopping threads took: 0.0000330 seconds
2016-10-05T13:42:07.192-0100: 32.180: Total time for which application threads were stopped: 0.0002708 seconds, Stopping threads took: 0.0000496 seconds
2016-10-05T13:42:37.274-0100: 62.262: Total time for which application threads were stopped: 0.0001716 seconds, Stopping threads took: 0.0000439 seconds
2016-10-05T13:42:39.278-0100: 64.266: Total time for which application threads were stopped: 0.0001549 seconds, Stopping threads took: 0.0000364 seconds
2016-10-05T13:42:43.291-0100: 68.278: Total time for which application threads were stopped: 0.0002849 seconds, Stopping threads took: 0.0000686 seconds
2016-10-05T13:42:48.306-0100: 73.293: Total time for which application threads were stopped: 0.0002182 seconds, Stopping threads took: 0.0000425 seconds
2016-10-05T13:43:01.342-0100: 86.328: Total time for which application threads were stopped: 0.0002419 seconds, Stopping threads took: 0.0000499 seconds
2016-10-05T13:43:03.352-0100: 88.338: Total time for which application threads were stopped: 0.0002313 seconds, Stopping threads took: 0.0000425 seconds
2016-10-05T13:43:05.356-0100: 90.343: Total time for which application threads were stopped: 0.0001827 seconds, Stopping threads took: 0.0000394 seconds
2016-10-05T13:43:11.375-0100: 96.361: Total time for which application threads were stopped: 0.0001456 seconds, Stopping threads took: 0.0000326 seconds
2016-10-05T13:43:13.380-0100: 98.367: Total time for which application threads were stopped: 0.0002401 seconds, Stopping threads took: 0.0000455 seconds
2016-10-05T13:43:25.416-0100: 110.402: Total time for which application threads were stopped: 0.0002349 seconds, Stopping threads took: 0.0000504 seconds
2016-10-05T13:43:26.420-0100: 111.406: Total time for which application threads were stopped: 0.0001844 seconds, Stopping threads took: 0.0000400 seconds
2016-10-05T13:43:27.420-0100: 112.407: Total time for which application threads were stopped: 0.0002216 seconds, Stopping threads took: 0.0000438 seconds
2016-10-05T13:43:29.426-0100: 114.412: Total time for which application threads were stopped: 0.0002229 seconds, Stopping threads took: 0.0000422 seconds
2016-10-05T13:43:31.435-0100: 116.421: Total time for which application threads were stopped: 0.0002714 seconds, Stopping threads took: 0.0000614 seconds
2016-10-05T13:43:34.443-0100: 119.429: Total time for which application threads were stopped: 0.0002274 seconds, Stopping threads took: 0.0000395 seconds
2016-10-05T13:43:35.445-0100: 120.431: Total time for which application threads were stopped: 0.0002141 seconds, Stopping threads took: 0.0000415 seconds
2016-10-05T13:43:51.497-0100: 136.483: Total time for which application threads were stopped: 0.0002291 seconds, Stopping threads took: 0.0000407 seconds
2016-10-05T13:43:53.507-0100: 138.493: Total time for which application threads were stopped: 0.0002311 seconds, Stopping threads took: 0.0000485 seconds
2016-10-05T13:43:55.509-0100: 140.494: Total time for which application threads were stopped: 0.0002131 seconds, Stopping threads took: 0.0000477 seconds
2016-10-05T13:43:59.521-0100: 144.507: Total time for which application threads were stopped: 0.0002409 seconds, Stopping threads took: 0.0000388 seconds
2016-10-05T13:44:03.532-0100: 148.517: Total time for which application threads were stopped: 0.0002952 seconds, Stopping threads took: 0.0000492 seconds
2016-10-05T13:44:11.547-0100: 156.532: Total time for which application threads were stopped: 0.0001456 seconds, Stopping threads took: 0.0000320 seconds
2016-10-05T13:44:13.552-0100: 158.537: Total time for which application threads were stopped: 0.0002308 seconds, Stopping threads took: 0.0000533 seconds
2016-10-05T13:44:23.586-0100: 168.571: Total time for which application threads were stopped: 0.0001894 seconds, Stopping threads took: 0.0000429 seconds
2016-10-05T13:44:36.618-0100: 181.602: Total time for which application threads were stopped: 0.0001984 seconds, Stopping threads took: 0.0000429 seconds
2016-10-05T13:44:37.620-0100: 182.605: Total time for which application threads were stopped: 0.0004820 seconds, Stopping threads took: 0.0001561 seconds
2016-10-05T13:44:45.644-0100: 190.628: Total time for which application threads were stopped: 0.0003006 seconds, Stopping threads took: 0.0000361 seconds
2016-10-05T13:44:47.650-0100: 192.634: Total time for which application threads were stopped: 0.0011178 seconds, Stopping threads took: 0.0001402 seconds
2016-10-05T13:44:52.663-0100: 197.647: Total time for which application threads were stopped: 0.0002814 seconds, Stopping threads took: 0.0000511 seconds
2016-10-05T13:44:53.669-0100: 198.652: Total time for which application threads were stopped: 0.0003542 seconds, Stopping threads took: 0.0001602 seconds
2016-10-05T13:45:07.701-0100: 212.685: Total time for which application threads were stopped: 0.0002013 seconds, Stopping threads took: 0.0000341 seconds
2016-10-05T13:45:21.738-0100: 226.722: Total time for which application threads were stopped: 0.0002144 seconds, Stopping threads took: 0.0000435 seconds
2016-10-05T13:45:39.800-0100: 244.782: Total time for which application threads were stopped: 0.0002457 seconds, Stopping threads took: 0.0000315 seconds
2016-10-05T13:45:39.800-0100: 244.783: Total time for which application threads were stopped: 0.0002073 seconds, Stopping threads took: 0.0000260 seconds
2016-10-05T13:45:39.800-0100: 244.783: Total time for which application threads were stopped: 0.0001720 seconds, Stopping threads took: 0.0000212 seconds
2016-10-05T13:45:39.801-0100: 244.783: Total time for which application threads were stopped: 0.0001518 seconds, Stopping threads took: 0.0000160 seconds
2016-10-05T13:45:39.801-0100: 244.783: Total time for which application threads were stopped: 0.0002293 seconds, Stopping threads took: 0.0000702 seconds
2016-10-05T13:45:39.841-0100: 244.824: Total time for which application threads were stopped: 0.0006811 seconds, Stopping threads took: 0.0000267 seconds
2016-10-05T13:45:39.924-0100: 244.907: Total time for which application threads were stopped: 0.0002089 seconds, Stopping threads took: 0.0000269 seconds
2016-10-05T13:45:39.938-0100: 244.921: Total time for which application threads were stopped: 0.0001644 seconds, Stopping threads took: 0.0000465 seconds
2016-10-05T13:45:40.943-0100: 245.925: Total time for which application threads were stopped: 0.0001833 seconds, Stopping threads took: 0.0000369 seconds
2016-10-05T13:45:41.946-0100: 246.928: Total time for which application threads were stopped: 0.0002468 seconds, Stopping threads took: 0.0000449 seconds
2016-10-05T13:45:47.522-0100: 252.505: Total time for which application threads were stopped: 0.0002135 seconds, Stopping threads took: 0.0000481 seconds
2016-10-05T13:45:48.527-0100: 253.509: Total time for which application threads were stopped: 0.0001867 seconds, Stopping threads took: 0.0000399 seconds
2016-10-05T13:45:50.463-0100: 255.445: Total time for which application threads were stopped: 0.0001523 seconds, Stopping threads took: 0.0000262 seconds
2016-10-05T13:45:52.555-0100: 257.537: Total time for which application threads were stopped: 0.0002200 seconds, Stopping threads took: 0.0000283 seconds
2016-10-05T13:45:52.566-0100: 257.548: Total time for which application threads were stopped: 0.0001703 seconds, Stopping threads took: 0.0000264 seconds
2016-10-05T13:45:53.569-0100: 258.552: Total time for which application threads were stopped: 0.0001868 seconds, Stopping threads took: 0.0000408 seconds
2016-10-05T13:45:54.178-0100: 259.161: Total time for which application threads were stopped: 0.0001527 seconds, Stopping threads took: 0.0000253 seconds
2016-10-05T13:45:55.183-0100: 260.165: Total time for which application threads were stopped: 0.0002318 seconds, Stopping threads took: 0.0000360 seconds
2016-10-05T13:46:02.203-0100: 267.185: Total time for which application threads were stopped: 0.0001925 seconds, Stopping threads took: 0.0000429 seconds
2016-10-05T13:46:11.023-0100: 276.005: Total time for which application threads were stopped: 0.0001878 seconds, Stopping threads took: 0.0000370 seconds
2016-10-05T13:46:11.057-0100: 276.038: Total time for which application threads were stopped: 0.0002069 seconds, Stopping threads took: 0.0000405 seconds
2016-10-05T13:46:12.061-0100: 277.042: Total time for which application threads were stopped: 0.0002521 seconds, Stopping threads took: 0.0000412 seconds
2016-10-05T13:46:21.935-0100: 286.916: Total time for which application threads were stopped: 0.0002539 seconds, Stopping threads took: 0.0000466 seconds
2016-10-05T13:46:21.955-0100: 286.937: Total time for which application threads were stopped: 0.0005609 seconds, Stopping threads took: 0.0000319 seconds
2016-10-05T13:46:21.959-0100: 286.941: Total time for which application threads were stopped: 0.0002280 seconds, Stopping threads took: 0.0000344 seconds
2016-10-05T13:46:21.960-0100: 286.941: Total time for which application threads were stopped: 0.0002117 seconds, Stopping threads took: 0.0000253 seconds
2016-10-05T13:46:21.963-0100: 286.944: Total time for which application threads were stopped: 0.0001868 seconds, Stopping threads took: 0.0000344 seconds
2016-10-05T13:46:21.999-0100: 286.981: Total time for which application threads were stopped: 0.0001659 seconds, Stopping threads took: 0.0000312 seconds
2016-10-05T13:46:22.008-0100: 286.990: Total time for which application threads were stopped: 0.0005837 seconds, Stopping threads took: 0.0000420 seconds
2016-10-05T13:46:22.013-0100: 286.994: Total time for which application threads were stopped: 0.0002058 seconds, Stopping threads took: 0.0000362 seconds
2016-10-05T13:46:22.013-0100: 286.995: Total time for which application threads were stopped: 0.0001392 seconds, Stopping threads took: 0.0000158 seconds
2016-10-05T13:46:22.013-0100: 286.995: Total time for which application threads were stopped: 0.0001197 seconds, Stopping threads took: 0.0000115 seconds
2016-10-05T13:46:22.043-0100: 287.024: Total time for which application threads were stopped: 0.0001569 seconds, Stopping threads took: 0.0000285 seconds
2016-10-05T13:46:22.043-0100: 287.024: Total time for which application threads were stopped: 0.0000918 seconds, Stopping threads took: 0.0000237 seconds
2016-10-05T13:46:22.062-0100: 287.043: Total time for which application threads were stopped: 0.0008367 seconds, Stopping threads took: 0.0000323 seconds
2016-10-05T13:46:22.077-0100: 287.059: Total time for which application threads were stopped: 0.0001511 seconds, Stopping threads took: 0.0000331 seconds
2016-10-05T13:46:22.077-0100: 287.059: Total time for which application threads were stopped: 0.0000791 seconds, Stopping threads took: 0.0000091 seconds
2016-10-05T13:46:22.078-0100: 287.059: Total time for which application threads were stopped: 0.0000653 seconds, Stopping threads took: 0.0000070 seconds
2016-10-05T13:46:22.078-0100: 287.059: Total time for which application threads were stopped: 0.0000666 seconds, Stopping threads took: 0.0000073 seconds
2016-10-05T13:46:22.080-0100: 287.062: Total time for which application threads were stopped: 0.0001326 seconds, Stopping threads took: 0.0000220 seconds
2016-10-05T13:46:22.080-0100: 287.062: Total time for which application threads were stopped: 0.0000851 seconds, Stopping threads took: 0.0000090 seconds
2016-10-05T13:46:22.083-0100: 287.064: Total time for which application threads were stopped: 0.0001754 seconds, Stopping threads took: 0.0000530 seconds
2016-10-05T13:46:22.083-0100: 287.064: Total time for which application threads were stopped: 0.0001082 seconds, Stopping threads took: 0.0000208 seconds
2016-10-05T13:46:22.095-0100: 287.077: Total time for which application threads were stopped: 0.0001689 seconds, Stopping threads took: 0.0000278 seconds
2016-10-05T13:46:22.130-0100: 287.112: Total time for which application threads were stopped: 0.0002752 seconds, Stopping threads took: 0.0000399 seconds
2016-10-05T13:46:23.136-0100: 288.117: Total time for which application threads were stopped: 0.0003085 seconds, Stopping threads took: 0.0000747 seconds
2016-10-05T13:46:27.068-0100: 292.049: Total time for which application threads were stopped: 0.0003216 seconds, Stopping threads took: 0.0000647 seconds
2016-10-05T13:46:27.069-0100: 292.050: Total time for which application threads were stopped: 0.0002665 seconds, Stopping threads took: 0.0000199 seconds
2016-10-05T13:46:27.069-0100: 292.051: Total time for which application threads were stopped: 0.0002067 seconds, Stopping threads took: 0.0000268 seconds
2016-10-05T13:46:27.069-0100: 292.051: Total time for which application threads were stopped: 0.0000904 seconds, Stopping threads took: 0.0000192 seconds
2016-10-05T13:46:27.073-0100: 292.054: Total time for which application threads were stopped: 0.0001540 seconds, Stopping threads took: 0.0000259 seconds
2016-10-05T13:46:27.073-0100: 292.054: Total time for which application threads were stopped: 0.0000860 seconds, Stopping threads took: 0.0000096 seconds
2016-10-05T13:46:27.073-0100: 292.055: Total time for which application threads were stopped: 0.0001047 seconds, Stopping threads took: 0.0000135 seconds
2016-10-05T13:46:27.074-0100: 292.055: Total time for which application threads were stopped: 0.0001282 seconds, Stopping threads took: 0.0000211 seconds
2016-10-05T13:46:27.075-0100: 292.056: Total time for which application threads were stopped: 0.0001928 seconds, Stopping threads took: 0.0000146 seconds
2016-10-05T13:46:27.076-0100: 292.057: Total time for which application threads were stopped: 0.0001618 seconds, Stopping threads took: 0.0000290 seconds
2016-10-05T13:46:27.077-0100: 292.058: Total time for which application threads were stopped: 0.0002988 seconds, Stopping threads took: 0.0000738 seconds
2016-10-05T13:46:27.078-0100: 292.059: Total time for which application threads were stopped: 0.0002636 seconds, Stopping threads took: 0.0000555 seconds
2016-10-05T13:46:27.081-0100: 292.062: Total time for which application threads were stopped: 0.0002410 seconds, Stopping threads took: 0.0000401 seconds
2016-10-05T13:46:27.083-0100: 292.064: Total time for which application threads were stopped: 0.0002314 seconds, Stopping threads took: 0.0000349 seconds
2016-10-05T13:46:27.083-0100: 292.065: Total time for which application threads were stopped: 0.0002014 seconds, Stopping threads took: 0.0000316 seconds
2016-10-05T13:46:27.085-0100: 292.066: Total time for which application threads were stopped: 0.0003895 seconds, Stopping threads took: 0.0002099 seconds
2016-10-05T13:46:27.085-0100: 292.066: Total time for which application threads were stopped: 0.0001710 seconds, Stopping threads took: 0.0000320 seconds
2016-10-05T13:46:27.085-0100: 292.067: Total time for which application threads were stopped: 0.0002110 seconds, Stopping threads took: 0.0000433 seconds
2016-10-05T13:46:27.276-0100: 292.257: Total time for which application threads were stopped: 0.0002552 seconds, Stopping threads took: 0.0000571 seconds
2016-10-05T13:46:27.290-0100: 292.272: Total time for which application threads were stopped: 0.0002776 seconds, Stopping threads took: 0.0000566 seconds
2016-10-05T13:46:27.291-0100: 292.272: Total time for which application threads were stopped: 0.0001955 seconds, Stopping threads took: 0.0000340 seconds
2016-10-05T13:46:27.292-0100: 292.273: Total time for which application threads were stopped: 0.0002456 seconds, Stopping threads took: 0.0000274 seconds
2016-10-05T13:46:27.292-0100: 292.274: Total time for which application threads were stopped: 0.0002024 seconds, Stopping threads took: 0.0000251 seconds
2016-10-05T13:46:27.293-0100: 292.274: Total time for which application threads were stopped: 0.0001556 seconds, Stopping threads took: 0.0000199 seconds
2016-10-05T13:46:27.300-0100: 292.281: Total time for which application threads were stopped: 0.0005081 seconds, Stopping threads took: 0.0000824 seconds
2016-10-05T13:46:27.302-0100: 292.283: Total time for which application threads were stopped: 0.0005838 seconds, Stopping threads took: 0.0000739 seconds
2016-10-05T13:46:27.302-0100: 292.283: Total time for which application threads were stopped: 0.0003780 seconds, Stopping threads took: 0.0000546 seconds
2016-10-05T13:46:27.312-0100: 292.294: Total time for which application threads were stopped: 0.0002830 seconds, Stopping threads took: 0.0000622 seconds
2016-10-05T13:46:27.319-0100: 292.300: Total time for which application threads were stopped: 0.0002635 seconds, Stopping threads took: 0.0000415 seconds
2016-10-05T13:46:27.319-0100: 292.300: Total time for which application threads were stopped: 0.0002314 seconds, Stopping threads took: 0.0000489 seconds
2016-10-05T13:46:27.319-0100: 292.300: Total time for which application threads were stopped: 0.0002050 seconds, Stopping threads took: 0.0000428 seconds
2016-10-05T13:46:27.321-0100: 292.302: Total time for which application threads were stopped: 0.0003107 seconds, Stopping threads took: 0.0000579 seconds
2016-10-05T13:46:27.321-0100: 292.302: Total time for which application threads were stopped: 0.0002363 seconds, Stopping threads took: 0.0000309 seconds
2016-10-05T13:46:27.321-0100: 292.303: Total time for which application threads were stopped: 0.0002016 seconds, Stopping threads took: 0.0000251 seconds
2016-10-05T13:46:27.322-0100: 292.303: Total time for which application threads were stopped: 0.0001850 seconds, Stopping threads took: 0.0000200 seconds
2016-10-05T13:46:27.322-0100: 292.303: Total time for which application threads were stopped: 0.0001774 seconds, Stopping threads took: 0.0000183 seconds
2016-10-05T13:46:27.322-0100: 292.303: Total time for which application threads were stopped: 0.0001892 seconds, Stopping threads took: 0.0000326 seconds
2016-10-05T13:46:27.361-0100: 292.343: Total time for which application threads were stopped: 0.0003976 seconds, Stopping threads took: 0.0000455 seconds
2016-10-05T13:46:27.655-0100: 292.636: Total time for which application threads were stopped: 0.0002201 seconds, Stopping threads took: 0.0000405 seconds
2016-10-05T13:46:28.658-0100: 293.639: Total time for which application threads were stopped: 0.0002234 seconds, Stopping threads took: 0.0000348 seconds
2016-10-05T13:46:32.094-0100: 297.076: Total time for which application threads were stopped: 0.0002867 seconds, Stopping threads took: 0.0000433 seconds
2016-10-05T13:46:34.095-0100: 299.076: Total time for which application threads were stopped: 0.0003059 seconds, Stopping threads took: 0.0000427 seconds
2016-10-05T13:46:37.101-0100: 302.082: Total time for which application threads were stopped: 0.0002211 seconds, Stopping threads took: 0.0000488 seconds
2016-10-05T13:46:38.106-0100: 303.087: Total time for which application threads were stopped: 0.0002951 seconds, Stopping threads took: 0.0000516 seconds
2016-10-05T13:46:43.113-0100: 308.093: Total time for which application threads were stopped: 0.0004298 seconds, Stopping threads took: 0.0000401 seconds
2016-10-05T13:46:51.132-0100: 316.112: Total time for which application threads were stopped: 0.0003683 seconds, Stopping threads took: 0.0000481 seconds
2016-10-05T13:46:52.135-0100: 317.115: Total time for which application threads were stopped: 0.0002963 seconds, Stopping threads took: 0.0000478 seconds
2016-10-05T13:46:57.151-0100: 322.132: Total time for which application threads were stopped: 0.0011177 seconds, Stopping threads took: 0.0001686 seconds
2016-10-05T13:47:04.166-0100: 329.146: Total time for which application threads were stopped: 0.0006958 seconds, Stopping threads took: 0.0001843 seconds
2016-10-05T13:47:26.211-0100: 351.191: Total time for which application threads were stopped: 0.0002150 seconds, Stopping threads took: 0.0000394 seconds
2016-10-05T13:48:48.425-0100: 433.402: Total time for which application threads were stopped: 0.0003295 seconds, Stopping threads took: 0.0000549 seconds
2016-10-05T13:49:22.489-0100: 467.465: Total time for which application threads were stopped: 0.0001594 seconds, Stopping threads took: 0.0000323 seconds
2016-10-05T13:49:27.497-0100: 472.474: Total time for which application threads were stopped: 0.0002657 seconds, Stopping threads took: 0.0000464 seconds
2016-10-05T13:49:54.537-0100: 499.513: Total time for which application threads were stopped: 0.0002656 seconds, Stopping threads took: 0.0000613 seconds
2016-10-05T13:49:56.541-0100: 501.517: Total time for which application threads were stopped: 0.0001686 seconds, Stopping threads took: 0.0000370 seconds
2016-10-05T13:50:07.580-0100: 512.556: Total time for which application threads were stopped: 0.0002261 seconds, Stopping threads took: 0.0000372 seconds
2016-10-05T13:50:08.585-0100: 513.560: Total time for which application threads were stopped: 0.0001769 seconds, Stopping threads took: 0.0000311 seconds
2016-10-05T13:50:10.587-0100: 515.562: Total time for which application threads were stopped: 0.0004900 seconds, Stopping threads took: 0.0000896 seconds
2016-10-05T13:50:12.587-0100: 517.563: Total time for which application threads were stopped: 0.0002398 seconds, Stopping threads took: 0.0000383 seconds
2016-10-05T13:50:24.605-0100: 529.580: Total time for which application threads were stopped: 0.0003159 seconds, Stopping threads took: 0.0000837 seconds
2016-10-05T13:50:26.612-0100: 531.587: Total time for which application threads were stopped: 0.0002089 seconds, Stopping threads took: 0.0000359 seconds
2016-10-05T13:51:54.829-0100: 619.802: Total time for which application threads were stopped: 0.0002749 seconds, Stopping threads took: 0.0000437 seconds
2016-10-05T13:52:22.901-0100: 647.873: Total time for which application threads were stopped: 0.0002875 seconds, Stopping threads took: 0.0000405 seconds
2016-10-05T13:53:13.034-0100: 698.005: Total time for which application threads were stopped: 0.0002405 seconds, Stopping threads took: 0.0000439 seconds
2016-10-05T13:53:21.059-0100: 706.029: Total time for which application threads were stopped: 0.0001889 seconds, Stopping threads took: 0.0000398 seconds
2016-10-05T13:54:13.257-0100: 758.225: Total time for which application threads were stopped: 0.0001633 seconds, Stopping threads took: 0.0000434 seconds
2016-10-05T13:54:13.257-0100: 758.226: Total time for which application threads were stopped: 0.0000850 seconds, Stopping threads took: 0.0000230 seconds
2016-10-05T13:54:13.257-0100: 758.226: Total time for which application threads were stopped: 0.0000994 seconds, Stopping threads took: 0.0000333 seconds
2016-10-05T13:54:13.257-0100: 758.226: Total time for which application threads were stopped: 0.0000728 seconds, Stopping threads took: 0.0000221 seconds
2016-10-05T13:54:13.257-0100: 758.226: Total time for which application threads were stopped: 0.0000749 seconds, Stopping threads took: 0.0000176 seconds
2016-10-05T13:54:32.311-0100: 777.280: Total time for which application threads were stopped: 0.0001273 seconds, Stopping threads took: 0.0000248 seconds
2016-10-05T13:54:58.848-0100: 803.816: Total time for which application threads were stopped: 0.0007356 seconds, Stopping threads took: 0.0000227 seconds
2016-10-05T13:54:58.951-0100: 803.919: Total time for which application threads were stopped: 0.0001537 seconds, Stopping threads took: 0.0000500 seconds
2016-10-05T13:54:58.955-0100: 803.923: Total time for which application threads were stopped: 0.0002308 seconds, Stopping threads took: 0.0000670 seconds
2016-10-05T13:54:58.956-0100: 803.924: Total time for which application threads were stopped: 0.0001959 seconds, Stopping threads took: 0.0000680 seconds
2016-10-05T13:54:58.967-0100: 803.934: Total time for which application threads were stopped: 0.0003536 seconds, Stopping threads took: 0.0000786 seconds
2016-10-05T13:54:58.967-0100: 803.935: Total time for which application threads were stopped: 0.0002118 seconds, Stopping threads took: 0.0000282 seconds
2016-10-05T13:54:58.976-0100: 803.943: Total time for which application threads were stopped: 0.0002431 seconds, Stopping threads took: 0.0000268 seconds
2016-10-05T13:54:58.976-0100: 803.944: Total time for which application threads were stopped: 0.0002438 seconds, Stopping threads took: 0.0000503 seconds
2016-10-05T13:54:58.980-0100: 803.948: Total time for which application threads were stopped: 0.0002756 seconds, Stopping threads took: 0.0000387 seconds
2016-10-05T13:54:58.986-0100: 803.954: Total time for which application threads were stopped: 0.0007019 seconds, Stopping threads took: 0.0000309 seconds
2016-10-05T13:54:58.987-0100: 803.954: Total time for which application threads were stopped: 0.0001847 seconds, Stopping threads took: 0.0000277 seconds
2016-10-05T13:54:58.987-0100: 803.955: Total time for which application threads were stopped: 0.0002021 seconds, Stopping threads took: 0.0000181 seconds
2016-10-05T13:54:58.988-0100: 803.955: Total time for which application threads were stopped: 0.0002002 seconds, Stopping threads took: 0.0000179 seconds
2016-10-05T13:54:58.989-0100: 803.957: Total time for which application threads were stopped: 0.0002579 seconds, Stopping threads took: 0.0000414 seconds
2016-10-05T13:54:58.990-0100: 803.958: Total time for which application threads were stopped: 0.0001987 seconds, Stopping threads took: 0.0000481 seconds
2016-10-05T13:54:58.991-0100: 803.958: Total time for which application threads were stopped: 0.0002053 seconds, Stopping threads took: 0.0000282 seconds
2016-10-05T13:54:58.991-0100: 803.959: Total time for which application threads were stopped: 0.0001900 seconds, Stopping threads took: 0.0000234 seconds
2016-10-05T13:54:58.991-0100: 803.959: Total time for which application threads were stopped: 0.0001277 seconds, Stopping threads took: 0.0000254 seconds
2016-10-05T13:54:58.992-0100: 803.959: Total time for which application threads were stopped: 0.0001307 seconds, Stopping threads took: 0.0000158 seconds
2016-10-05T13:54:58.992-0100: 803.960: Total time for which application threads were stopped: 0.0001696 seconds, Stopping threads took: 0.0000571 seconds
2016-10-05T13:54:58.993-0100: 803.960: Total time for which application threads were stopped: 0.0001543 seconds, Stopping threads took: 0.0000147 seconds
2016-10-05T13:54:58.993-0100: 803.961: Total time for which application threads were stopped: 0.0001911 seconds, Stopping threads took: 0.0000797 seconds
2016-10-05T13:54:58.993-0100: 803.961: Total time for which application threads were stopped: 0.0001783 seconds, Stopping threads took: 0.0000475 seconds
2016-10-05T13:54:58.994-0100: 803.961: Total time for which application threads were stopped: 0.0001844 seconds, Stopping threads took: 0.0000523 seconds
2016-10-05T13:54:58.994-0100: 803.962: Total time for which application threads were stopped: 0.0002194 seconds, Stopping threads took: 0.0000873 seconds
2016-10-05T13:54:58.995-0100: 803.963: Total time for which application threads were stopped: 0.0001920 seconds, Stopping threads took: 0.0000694 seconds
2016-10-05T13:54:58.996-0100: 803.964: Total time for which application threads were stopped: 0.0002127 seconds, Stopping threads took: 0.0000798 seconds
2016-10-05T13:54:58.997-0100: 803.965: Total time for which application threads were stopped: 0.0001983 seconds, Stopping threads took: 0.0000462 seconds
2016-10-05T13:54:59.001-0100: 803.968: Total time for which application threads were stopped: 0.0002646 seconds, Stopping threads took: 0.0000549 seconds
2016-10-05T13:54:59.002-0100: 803.970: Total time for which application threads were stopped: 0.0002532 seconds, Stopping threads took: 0.0000291 seconds
2016-10-05T13:54:59.004-0100: 803.972: Total time for which application threads were stopped: 0.0002705 seconds, Stopping threads took: 0.0000445 seconds
2016-10-05T13:54:59.006-0100: 803.973: Total time for which application threads were stopped: 0.0002506 seconds, Stopping threads took: 0.0000961 seconds
2016-10-05T13:54:59.008-0100: 803.975: Total time for which application threads were stopped: 0.0004206 seconds, Stopping threads took: 0.0000430 seconds
2016-10-05T13:54:59.011-0100: 803.979: Total time for which application threads were stopped: 0.0002003 seconds, Stopping threads took: 0.0000548 seconds
2016-10-05T13:54:59.013-0100: 803.981: Total time for which application threads were stopped: 0.0001952 seconds, Stopping threads took: 0.0000242 seconds
2016-10-05T13:54:59.015-0100: 803.982: Total time for which application threads were stopped: 0.0002000 seconds, Stopping threads took: 0.0000482 seconds
2016-10-05T13:54:59.081-0100: 804.048: Total time for which application threads were stopped: 0.0001570 seconds, Stopping threads took: 0.0000234 seconds
2016-10-05T13:54:59.081-0100: 804.049: Total time for which application threads were stopped: 0.0001102 seconds, Stopping threads took: 0.0000345 seconds
2016-10-05T13:54:59.081-0100: 804.049: Total time for which application threads were stopped: 0.0000799 seconds, Stopping threads took: 0.0000159 seconds
2016-10-05T13:54:59.081-0100: 804.049: Total time for which application threads were stopped: 0.0000948 seconds, Stopping threads took: 0.0000229 seconds
2016-10-05T13:54:59.082-0100: 804.050: Total time for which application threads were stopped: 0.0001572 seconds, Stopping threads took: 0.0000259 seconds
2016-10-05T13:54:59.082-0100: 804.050: Total time for which application threads were stopped: 0.0001372 seconds, Stopping threads took: 0.0000340 seconds
2016-10-05T13:54:59.083-0100: 804.051: Total time for which application threads were stopped: 0.0004281 seconds, Stopping threads took: 0.0003762 seconds
2016-10-05T13:54:59.085-0100: 804.052: Total time for which application threads were stopped: 0.0001798 seconds, Stopping threads took: 0.0000379 seconds
2016-10-05T13:55:00.085-0100: 805.053: Total time for which application threads were stopped: 0.0001576 seconds, Stopping threads took: 0.0000270 seconds
2016-10-05T13:55:00.593-0100: 805.560: Total time for which application threads were stopped: 0.0001552 seconds, Stopping threads took: 0.0000516 seconds
2016-10-05T13:55:00.593-0100: 805.560: Total time for which application threads were stopped: 0.0000782 seconds, Stopping threads took: 0.0000283 seconds
2016-10-05T13:55:00.593-0100: 805.560: Total time for which application threads were stopped: 0.0000607 seconds, Stopping threads took: 0.0000170 seconds
2016-10-05T13:55:00.595-0100: 805.562: Total time for which application threads were stopped: 0.0001060 seconds, Stopping threads took: 0.0000334 seconds
2016-10-05T13:55:00.595-0100: 805.562: Total time for which application threads were stopped: 0.0000976 seconds, Stopping threads took: 0.0000551 seconds
2016-10-05T13:55:00.595-0100: 805.563: Total time for which application threads were stopped: 0.0000583 seconds, Stopping threads took: 0.0000305 seconds
Heap
 par new generation   total 109248K, used 103085K [0x00000007a0000000, 0x00000007a8000000, 0x00000007a8000000)
  eden space 87424K,  92% used [0x00000007a0000000, 0x00000007a4f5b7d0, 0x00000007a5560000)
  from space 21824K, 100% used [0x00000007a5560000, 0x00000007a6ab0000, 0x00000007a6ab0000)
  to   space 21824K,   0% used [0x00000007a6ab0000, 0x00000007a6ab0000, 0x00000007a8000000)
 concurrent mark-sweep generation total 393216K, used 61654K [0x00000007a8000000, 0x00000007c0000000, 0x00000007c0000000)
 Metaspace       used 36143K, capacity 37244K, committed 37500K, reserved 1083392K
  class space    used 4206K, capacity 4475K, committed 4476K, reserved 1048576K
