Java HotSpot(TM) 64-Bit Server VM (25.65-b01) for bsd-amd64 JRE (1.8.0_65-b17), built on Oct  6 2015 15:36:46 by "java_re" with gcc 4.2.1 (Based on Apple Inc. build 5658) (LLVM build 2336.11.00)
Memory: 4k page, physical 16777216k(830324k free)

/proc/meminfo:

CommandLine flags: -XX:CMSInitiatingOccupancyFraction=50 -XX:CMSMaxAbortablePrecleanTime=6000 -XX:+CMSParallelRemarkEnabled -XX:+CMSScavengeBeforeRemark -XX:ConcGCThreads=4 -XX:InitialHeapSize=536870912 -XX:MaxHeapSize=536870912 -XX:MaxTenuringThreshold=8 -XX:NewRatio=3 -XX:OldPLABSize=16 -XX:OnOutOfMemoryError=/Users/Chalkos/dbvtk_dev/sandbox/solr-6.1.0/bin/oom_solr.sh 8983 /Users/Chalkos/dbvtk_dev/sandbox/solr-6.1.0/server/logs -XX:ParallelGCThreads=4 -XX:+ParallelRefProcEnabled -XX:PretenureSizeThreshold=67108864 -XX:+PrintGC -XX:+PrintGCApplicationStoppedTime -XX:+PrintGCDateStamps -XX:+PrintGCDetails -XX:+PrintGCTimeStamps -XX:+PrintHeapAtGC -XX:+PrintTenuringDistribution -XX:SurvivorRatio=4 -XX:TargetSurvivorRatio=90 -XX:ThreadStackSize=256 -XX:+UseCMSInitiatingOccupancyOnly -XX:+UseCompressedClassPointers -XX:+UseCompressedOops -XX:+UseConcMarkSweepGC -XX:+UseParNewGC 
2016-10-05T13:24:52.337-0100: 0.138: Total time for which application threads were stopped: 0.0000798 seconds, Stopping threads took: 0.0000099 seconds
2016-10-05T13:24:52.402-0100: 0.203: Total time for which application threads were stopped: 0.0001120 seconds, Stopping threads took: 0.0000118 seconds
2016-10-05T13:24:52.415-0100: 0.217: Total time for which application threads were stopped: 0.0000845 seconds, Stopping threads took: 0.0000109 seconds
2016-10-05T13:24:52.559-0100: 0.360: Total time for which application threads were stopped: 0.0001428 seconds, Stopping threads took: 0.0000221 seconds
2016-10-05T13:24:52.747-0100: 0.548: Total time for which application threads were stopped: 0.0001701 seconds, Stopping threads took: 0.0000310 seconds
2016-10-05T13:24:52.798-0100: 0.599: Total time for which application threads were stopped: 0.0001425 seconds, Stopping threads took: 0.0000133 seconds
2016-10-05T13:24:52.815-0100: 0.616: Total time for which application threads were stopped: 0.0001703 seconds, Stopping threads took: 0.0000208 seconds
2016-10-05T13:24:52.977-0100: 0.778: Total time for which application threads were stopped: 0.0001703 seconds, Stopping threads took: 0.0000128 seconds
2016-10-05T13:24:53.128-0100: 0.929: Total time for which application threads were stopped: 0.0002707 seconds, Stopping threads took: 0.0000638 seconds
2016-10-05T13:24:53.129-0100: 0.930: Total time for which application threads were stopped: 0.0001166 seconds, Stopping threads took: 0.0000080 seconds
2016-10-05T13:24:53.132-0100: 0.933: Total time for which application threads were stopped: 0.0002087 seconds, Stopping threads took: 0.0000137 seconds
2016-10-05T13:24:53.138-0100: 0.939: Total time for which application threads were stopped: 0.0001807 seconds, Stopping threads took: 0.0000127 seconds
{Heap before GC invocations=0 (full 0):
 par new generation   total 109248K, used 87424K [0x00000007a0000000, 0x00000007a8000000, 0x00000007a8000000)
  eden space 87424K, 100% used [0x00000007a0000000, 0x00000007a5560000, 0x00000007a5560000)
  from space 21824K,   0% used [0x00000007a5560000, 0x00000007a5560000, 0x00000007a6ab0000)
  to   space 21824K,   0% used [0x00000007a6ab0000, 0x00000007a6ab0000, 0x00000007a8000000)
 concurrent mark-sweep generation total 393216K, used 0K [0x00000007a8000000, 0x00000007c0000000, 0x00000007c0000000)
 Metaspace       used 19118K, capacity 19440K, committed 19840K, reserved 1067008K
  class space    used 2254K, capacity 2365K, committed 2432K, reserved 1048576K
2016-10-05T13:24:53.899-0100: 1.700: [GC (Allocation Failure) 2016-10-05T13:24:53.899-0100: 1.700: [ParNew
Desired survivor size 20112992 bytes, new threshold 8 (max 8)
- age   1:   11105392 bytes,   11105392 total
: 87424K->10948K(109248K), 0.0124495 secs] 87424K->10948K(502464K), 0.0125265 secs] [Times: user=0.03 sys=0.01, real=0.02 secs] 
Heap after GC invocations=1 (full 0):
 par new generation   total 109248K, used 10948K [0x00000007a0000000, 0x00000007a8000000, 0x00000007a8000000)
  eden space 87424K,   0% used [0x00000007a0000000, 0x00000007a0000000, 0x00000007a5560000)
  from space 21824K,  50% used [0x00000007a6ab0000, 0x00000007a7561038, 0x00000007a8000000)
  to   space 21824K,   0% used [0x00000007a5560000, 0x00000007a5560000, 0x00000007a6ab0000)
 concurrent mark-sweep generation total 393216K, used 0K [0x00000007a8000000, 0x00000007c0000000, 0x00000007c0000000)
 Metaspace       used 19118K, capacity 19440K, committed 19840K, reserved 1067008K
  class space    used 2254K, capacity 2365K, committed 2432K, reserved 1048576K
}
2016-10-05T13:24:53.911-0100: 1.712: Total time for which application threads were stopped: 0.0127184 seconds, Stopping threads took: 0.0000144 seconds
2016-10-05T13:24:54.069-0100: 1.870: Total time for which application threads were stopped: 0.0004234 seconds, Stopping threads took: 0.0000249 seconds
2016-10-05T13:24:54.126-0100: 1.927: Total time for which application threads were stopped: 0.0001007 seconds, Stopping threads took: 0.0000208 seconds
2016-10-05T13:24:55.127-0100: 2.928: Total time for which application threads were stopped: 0.0001705 seconds, Stopping threads took: 0.0000442 seconds
2016-10-05T13:24:55.912-0100: 3.713: [GC (CMS Initial Mark) [1 CMS-initial-mark: 0K(393216K)] 36236K(502464K), 0.0048088 secs] [Times: user=0.02 sys=0.00, real=0.00 secs] 
2016-10-05T13:24:55.916-0100: 3.717: Total time for which application threads were stopped: 0.0049506 seconds, Stopping threads took: 0.0000219 seconds
2016-10-05T13:24:55.917-0100: 3.717: [CMS-concurrent-mark-start]
2016-10-05T13:24:55.917-0100: 3.718: [CMS-concurrent-mark: 0.000/0.000 secs] [Times: user=0.00 sys=0.00, real=0.00 secs] 
2016-10-05T13:24:55.917-0100: 3.718: [CMS-concurrent-preclean-start]
2016-10-05T13:24:55.917-0100: 3.718: [CMS-concurrent-preclean: 0.001/0.001 secs] [Times: user=0.00 sys=0.00, real=0.00 secs] 
2016-10-05T13:24:55.918-0100: 3.718: [CMS-concurrent-abortable-preclean-start]
2016-10-05T13:24:56.304-0100: 4.105: Total time for which application threads were stopped: 0.0005395 seconds, Stopping threads took: 0.0000332 seconds
2016-10-05T13:24:58.221-0100: 6.022: Total time for which application threads were stopped: 0.0001358 seconds, Stopping threads took: 0.0000277 seconds
2016-10-05T13:24:58.222-0100: 6.022: Total time for which application threads were stopped: 0.0000557 seconds, Stopping threads took: 0.0000083 seconds
2016-10-05T13:24:58.284-0100: 6.085: Total time for which application threads were stopped: 0.0001021 seconds, Stopping threads took: 0.0000252 seconds
2016-10-05T13:24:58.286-0100: 6.087: Total time for which application threads were stopped: 0.0000950 seconds, Stopping threads took: 0.0000216 seconds
2016-10-05T13:24:58.300-0100: 6.101: Total time for which application threads were stopped: 0.0000744 seconds, Stopping threads took: 0.0000187 seconds
2016-10-05T13:24:58.477-0100: 6.278: Total time for which application threads were stopped: 0.0001398 seconds, Stopping threads took: 0.0000222 seconds
2016-10-05T13:24:58.477-0100: 6.278: Total time for which application threads were stopped: 0.0000830 seconds, Stopping threads took: 0.0000165 seconds
2016-10-05T13:24:58.948-0100: 6.748: Total time for which application threads were stopped: 0.0001124 seconds, Stopping threads took: 0.0000269 seconds
2016-10-05T13:24:58.948-0100: 6.749: Total time for which application threads were stopped: 0.0000926 seconds, Stopping threads took: 0.0000191 seconds
2016-10-05T13:24:59.028-0100: 6.829: Total time for which application threads were stopped: 0.0001033 seconds, Stopping threads took: 0.0000232 seconds
2016-10-05T13:24:59.042-0100: 6.843: Total time for which application threads were stopped: 0.0001103 seconds, Stopping threads took: 0.0000246 seconds
2016-10-05T13:24:59.233-0100: 7.034: Total time for which application threads were stopped: 0.0001379 seconds, Stopping threads took: 0.0000237 seconds
2016-10-05T13:24:59.234-0100: 7.034: Total time for which application threads were stopped: 0.0000882 seconds, Stopping threads took: 0.0000165 seconds
2016-10-05T13:24:59.752-0100: 7.552: Total time for which application threads were stopped: 0.0001008 seconds, Stopping threads took: 0.0000240 seconds
2016-10-05T13:24:59.752-0100: 7.553: Total time for which application threads were stopped: 0.0000582 seconds, Stopping threads took: 0.0000087 seconds
2016-10-05T13:24:59.829-0100: 7.630: Total time for which application threads were stopped: 0.0000911 seconds, Stopping threads took: 0.0000180 seconds
2016-10-05T13:24:59.842-0100: 7.643: Total time for which application threads were stopped: 0.0000959 seconds, Stopping threads took: 0.0000218 seconds
2016-10-05T13:24:59.989-0100: 7.790: Total time for which application threads were stopped: 0.0001430 seconds, Stopping threads took: 0.0000386 seconds
2016-10-05T13:24:59.989-0100: 7.790: Total time for which application threads were stopped: 0.0000836 seconds, Stopping threads took: 0.0000166 seconds
2016-10-05T13:25:00.991-0100: 8.792: Total time for which application threads were stopped: 0.0001140 seconds, Stopping threads took: 0.0000284 seconds
 CMS: abort preclean due to time 2016-10-05T13:25:01.974-0100: 9.774: [CMS-concurrent-abortable-preclean: 1.787/6.056 secs] [Times: user=2.13 sys=0.09, real=6.06 secs] 
2016-10-05T13:25:01.974-0100: 9.775: [GC (CMS Final Remark) [YG occupancy: 48851 K (109248 K)]{Heap before GC invocations=1 (full 1):
 par new generation   total 109248K, used 48851K [0x00000007a0000000, 0x00000007a8000000, 0x00000007a8000000)
  eden space 87424K,  43% used [0x00000007a0000000, 0x00000007a2503be8, 0x00000007a5560000)
  from space 21824K,  50% used [0x00000007a6ab0000, 0x00000007a7561038, 0x00000007a8000000)
  to   space 21824K,   0% used [0x00000007a5560000, 0x00000007a5560000, 0x00000007a6ab0000)
 concurrent mark-sweep generation total 393216K, used 0K [0x00000007a8000000, 0x00000007c0000000, 0x00000007c0000000)
 Metaspace       used 21112K, capacity 21436K, committed 21628K, reserved 1069056K
  class space    used 2451K, capacity 2537K, committed 2560K, reserved 1048576K
2016-10-05T13:25:01.974-0100: 9.775: [GC (CMS Final Remark) 2016-10-05T13:25:01.974-0100: 9.775: [ParNew
Desired survivor size 20112992 bytes, new threshold 8 (max 8)
- age   1:    4126832 bytes,    4126832 total
- age   2:    5349552 bytes,    9476384 total
: 48851K->13842K(109248K), 0.0106759 secs] 48851K->13842K(502464K), 0.0107429 secs] [Times: user=0.03 sys=0.01, real=0.01 secs] 
Heap after GC invocations=2 (full 1):
 par new generation   total 109248K, used 13842K [0x00000007a0000000, 0x00000007a8000000, 0x00000007a8000000)
  eden space 87424K,   0% used [0x00000007a0000000, 0x00000007a0000000, 0x00000007a5560000)
  from space 21824K,  63% used [0x00000007a5560000, 0x00000007a62e4800, 0x00000007a6ab0000)
  to   space 21824K,   0% used [0x00000007a6ab0000, 0x00000007a6ab0000, 0x00000007a8000000)
 concurrent mark-sweep generation total 393216K, used 0K [0x00000007a8000000, 0x00000007c0000000, 0x00000007c0000000)
 Metaspace       used 21112K, capacity 21436K, committed 21628K, reserved 1069056K
  class space    used 2451K, capacity 2537K, committed 2560K, reserved 1048576K
}
2016-10-05T13:25:01.985-0100: 9.786: [Rescan (parallel) , 0.0029826 secs]2016-10-05T13:25:01.988-0100: 9.789: [weak refs processing, 0.0017895 secs]2016-10-05T13:25:01.990-0100: 9.790: [class unloading, 0.0031417 secs]2016-10-05T13:25:01.993-0100: 9.794: [scrub symbol table, 0.0027496 secs]2016-10-05T13:25:01.995-0100: 9.796: [scrub string table, 0.0002686 secs][1 CMS-remark: 0K(393216K)] 13842K(502464K), 0.0227130 secs] [Times: user=0.04 sys=0.01, real=0.02 secs] 
2016-10-05T13:25:01.997-0100: 9.797: Total time for which application threads were stopped: 0.0228599 seconds, Stopping threads took: 0.0000262 seconds
2016-10-05T13:25:01.997-0100: 9.797: [CMS-concurrent-sweep-start]
2016-10-05T13:25:01.997-0100: 9.798: [CMS-concurrent-sweep: 0.000/0.000 secs] [Times: user=0.00 sys=0.00, real=0.00 secs] 
2016-10-05T13:25:01.997-0100: 9.798: [CMS-concurrent-reset-start]
2016-10-05T13:25:02.000-0100: 9.800: [CMS-concurrent-reset: 0.003/0.003 secs] [Times: user=0.01 sys=0.00, real=0.01 secs] 
2016-10-05T13:25:03.002-0100: 10.803: Total time for which application threads were stopped: 0.0001853 seconds, Stopping threads took: 0.0000480 seconds
2016-10-05T13:25:09.016-0100: 16.816: Total time for which application threads were stopped: 0.0001123 seconds, Stopping threads took: 0.0000314 seconds
2016-10-05T13:25:10.045-0100: 17.846: Total time for which application threads were stopped: 0.0002198 seconds, Stopping threads took: 0.0000247 seconds
2016-10-05T13:25:12.055-0100: 19.856: Total time for which application threads were stopped: 0.0001649 seconds, Stopping threads took: 0.0000384 seconds
2016-10-05T13:25:14.060-0100: 21.861: Total time for which application threads were stopped: 0.0001028 seconds, Stopping threads took: 0.0000287 seconds
2016-10-05T13:25:15.065-0100: 22.866: Total time for which application threads were stopped: 0.0001314 seconds, Stopping threads took: 0.0000345 seconds
2016-10-05T13:25:16.069-0100: 23.870: Total time for which application threads were stopped: 0.0000919 seconds, Stopping threads took: 0.0000280 seconds
2016-10-05T13:25:18.075-0100: 25.875: Total time for which application threads were stopped: 0.0001422 seconds, Stopping threads took: 0.0000332 seconds
2016-10-05T13:25:22.083-0100: 29.883: Total time for which application threads were stopped: 0.0001672 seconds, Stopping threads took: 0.0000417 seconds
2016-10-05T13:25:24.082-0100: 31.882: Total time for which application threads were stopped: 0.0002173 seconds, Stopping threads took: 0.0000277 seconds
2016-10-05T13:25:37.111-0100: 44.911: Total time for which application threads were stopped: 0.0001116 seconds, Stopping threads took: 0.0000283 seconds
2016-10-05T13:25:38.273-0100: 46.073: Total time for which application threads were stopped: 0.0000999 seconds, Stopping threads took: 0.0000216 seconds
2016-10-05T13:25:38.278-0100: 46.078: Total time for which application threads were stopped: 0.0000906 seconds, Stopping threads took: 0.0000225 seconds
2016-10-05T13:25:38.302-0100: 46.102: Total time for which application threads were stopped: 0.0004565 seconds, Stopping threads took: 0.0000252 seconds
2016-10-05T13:25:38.363-0100: 46.163: Total time for which application threads were stopped: 0.0001100 seconds, Stopping threads took: 0.0000232 seconds
2016-10-05T13:25:38.370-0100: 46.170: Total time for which application threads were stopped: 0.0005879 seconds, Stopping threads took: 0.0000618 seconds
2016-10-05T13:25:38.418-0100: 46.218: Total time for which application threads were stopped: 0.0001426 seconds, Stopping threads took: 0.0000388 seconds
2016-10-05T13:25:38.419-0100: 46.218: Total time for which application threads were stopped: 0.0001093 seconds, Stopping threads took: 0.0000391 seconds
2016-10-05T13:25:38.419-0100: 46.219: Total time for which application threads were stopped: 0.0001164 seconds, Stopping threads took: 0.0000325 seconds
2016-10-05T13:25:38.419-0100: 46.219: Total time for which application threads were stopped: 0.0001659 seconds, Stopping threads took: 0.0000834 seconds
2016-10-05T13:25:38.423-0100: 46.222: Total time for which application threads were stopped: 0.0001359 seconds, Stopping threads took: 0.0000463 seconds
2016-10-05T13:25:38.423-0100: 46.223: Total time for which application threads were stopped: 0.0001050 seconds, Stopping threads took: 0.0000247 seconds
2016-10-05T13:25:38.429-0100: 46.229: Total time for which application threads were stopped: 0.0001110 seconds, Stopping threads took: 0.0000269 seconds
2016-10-05T13:25:38.432-0100: 46.232: Total time for which application threads were stopped: 0.0001084 seconds, Stopping threads took: 0.0000248 seconds
2016-10-05T13:25:38.449-0100: 46.249: Total time for which application threads were stopped: 0.0000910 seconds, Stopping threads took: 0.0000225 seconds
2016-10-05T13:25:38.451-0100: 46.251: Total time for which application threads were stopped: 0.0001109 seconds, Stopping threads took: 0.0000225 seconds
2016-10-05T13:25:38.453-0100: 46.253: Total time for which application threads were stopped: 0.0001226 seconds, Stopping threads took: 0.0000395 seconds
2016-10-05T13:25:38.546-0100: 46.346: Total time for which application threads were stopped: 0.0001426 seconds, Stopping threads took: 0.0000272 seconds
2016-10-05T13:25:38.557-0100: 46.356: Total time for which application threads were stopped: 0.0000908 seconds, Stopping threads took: 0.0000248 seconds
2016-10-05T13:25:38.557-0100: 46.356: Total time for which application threads were stopped: 0.0000391 seconds, Stopping threads took: 0.0000058 seconds
2016-10-05T13:25:38.598-0100: 46.398: Total time for which application threads were stopped: 0.0001549 seconds, Stopping threads took: 0.0000565 seconds
2016-10-05T13:25:38.598-0100: 46.398: Total time for which application threads were stopped: 0.0001710 seconds, Stopping threads took: 0.0000834 seconds
2016-10-05T13:25:38.602-0100: 46.402: Total time for which application threads were stopped: 0.0003356 seconds, Stopping threads took: 0.0000396 seconds
2016-10-05T13:25:38.622-0100: 46.422: Total time for which application threads were stopped: 0.0001373 seconds, Stopping threads took: 0.0000281 seconds
2016-10-05T13:25:38.629-0100: 46.428: Total time for which application threads were stopped: 0.0002103 seconds, Stopping threads took: 0.0000484 seconds
2016-10-05T13:25:38.633-0100: 46.432: Total time for which application threads were stopped: 0.0001423 seconds, Stopping threads took: 0.0000287 seconds
2016-10-05T13:25:38.738-0100: 46.538: Total time for which application threads were stopped: 0.0001269 seconds, Stopping threads took: 0.0000250 seconds
2016-10-05T13:25:38.741-0100: 46.541: Total time for which application threads were stopped: 0.0001150 seconds, Stopping threads took: 0.0000393 seconds
2016-10-05T13:25:39.640-0100: 47.440: Total time for which application threads were stopped: 0.0003487 seconds, Stopping threads took: 0.0000231 seconds
2016-10-05T13:25:39.739-0100: 47.539: Total time for which application threads were stopped: 0.0001297 seconds, Stopping threads took: 0.0000232 seconds
2016-10-05T13:25:39.739-0100: 47.539: Total time for which application threads were stopped: 0.0000559 seconds, Stopping threads took: 0.0000076 seconds
2016-10-05T13:25:39.739-0100: 47.539: Total time for which application threads were stopped: 0.0000627 seconds, Stopping threads took: 0.0000067 seconds
2016-10-05T13:25:39.739-0100: 47.539: Total time for which application threads were stopped: 0.0000449 seconds, Stopping threads took: 0.0000065 seconds
2016-10-05T13:25:39.739-0100: 47.539: Total time for which application threads were stopped: 0.0000445 seconds, Stopping threads took: 0.0000061 seconds
2016-10-05T13:25:39.739-0100: 47.539: Total time for which application threads were stopped: 0.0000456 seconds, Stopping threads took: 0.0000062 seconds
2016-10-05T13:25:39.739-0100: 47.539: Total time for which application threads were stopped: 0.0000660 seconds, Stopping threads took: 0.0000086 seconds
2016-10-05T13:25:39.740-0100: 47.539: Total time for which application threads were stopped: 0.0000489 seconds, Stopping threads took: 0.0000062 seconds
2016-10-05T13:25:39.740-0100: 47.539: Total time for which application threads were stopped: 0.0000451 seconds, Stopping threads took: 0.0000060 seconds
2016-10-05T13:25:39.740-0100: 47.539: Total time for which application threads were stopped: 0.0000438 seconds, Stopping threads took: 0.0000059 seconds
2016-10-05T13:25:39.740-0100: 47.540: Total time for which application threads were stopped: 0.0000459 seconds, Stopping threads took: 0.0000058 seconds
2016-10-05T13:25:39.740-0100: 47.540: Total time for which application threads were stopped: 0.0000438 seconds, Stopping threads took: 0.0000063 seconds
2016-10-05T13:25:39.740-0100: 47.540: Total time for which application threads were stopped: 0.0000455 seconds, Stopping threads took: 0.0000061 seconds
2016-10-05T13:25:39.740-0100: 47.540: Total time for which application threads were stopped: 0.0000436 seconds, Stopping threads took: 0.0000059 seconds
2016-10-05T13:25:39.740-0100: 47.540: Total time for which application threads were stopped: 0.0001869 seconds, Stopping threads took: 0.0000059 seconds
2016-10-05T13:25:39.867-0100: 47.667: Total time for which application threads were stopped: 0.0004794 seconds, Stopping threads took: 0.0000272 seconds
2016-10-05T13:25:39.893-0100: 47.693: Total time for which application threads were stopped: 0.0004148 seconds, Stopping threads took: 0.0000232 seconds
{Heap before GC invocations=2 (full 1):
 par new generation   total 109248K, used 101266K [0x00000007a0000000, 0x00000007a8000000, 0x00000007a8000000)
  eden space 87424K, 100% used [0x00000007a0000000, 0x00000007a5560000, 0x00000007a5560000)
  from space 21824K,  63% used [0x00000007a5560000, 0x00000007a62e4800, 0x00000007a6ab0000)
  to   space 21824K,   0% used [0x00000007a6ab0000, 0x00000007a6ab0000, 0x00000007a8000000)
 concurrent mark-sweep generation total 393216K, used 0K [0x00000007a8000000, 0x00000007c0000000, 0x00000007c0000000)
 Metaspace       used 25776K, capacity 26068K, committed 26496K, reserved 1073152K
  class space    used 3069K, capacity 3183K, committed 3200K, reserved 1048576K
2016-10-05T13:25:39.909-0100: 47.708: [GC (Allocation Failure) 2016-10-05T13:25:39.909-0100: 47.708: [ParNew
Desired survivor size 20112992 bytes, new threshold 8 (max 8)
- age   1:    5986208 bytes,    5986208 total
- age   2:    2822816 bytes,    8809024 total
- age   3:    5329656 bytes,   14138680 total
: 101266K->15601K(109248K), 0.0145025 secs] 101266K->15601K(502464K), 0.0145757 secs] [Times: user=0.05 sys=0.01, real=0.02 secs] 
Heap after GC invocations=3 (full 1):
 par new generation   total 109248K, used 15601K [0x00000007a0000000, 0x00000007a8000000, 0x00000007a8000000)
  eden space 87424K,   0% used [0x00000007a0000000, 0x00000007a0000000, 0x00000007a5560000)
  from space 21824K,  71% used [0x00000007a6ab0000, 0x00000007a79ec660, 0x00000007a8000000)
  to   space 21824K,   0% used [0x00000007a5560000, 0x00000007a5560000, 0x00000007a6ab0000)
 concurrent mark-sweep generation total 393216K, used 0K [0x00000007a8000000, 0x00000007c0000000, 0x00000007c0000000)
 Metaspace       used 25776K, capacity 26068K, committed 26496K, reserved 1073152K
  class space    used 3069K, capacity 3183K, committed 3200K, reserved 1048576K
}
2016-10-05T13:25:39.923-0100: 47.723: Total time for which application threads were stopped: 0.0147572 seconds, Stopping threads took: 0.0000276 seconds
2016-10-05T13:25:39.927-0100: 47.727: Total time for which application threads were stopped: 0.0003000 seconds, Stopping threads took: 0.0001641 seconds
2016-10-05T13:25:39.930-0100: 47.730: Total time for which application threads were stopped: 0.0001623 seconds, Stopping threads took: 0.0000666 seconds
2016-10-05T13:25:40.114-0100: 47.914: Total time for which application threads were stopped: 0.0002037 seconds, Stopping threads took: 0.0000233 seconds
2016-10-05T13:25:40.119-0100: 47.918: Total time for which application threads were stopped: 0.0002167 seconds, Stopping threads took: 0.0000310 seconds
2016-10-05T13:25:40.138-0100: 47.938: Total time for which application threads were stopped: 0.0001207 seconds, Stopping threads took: 0.0000366 seconds
2016-10-05T13:25:40.166-0100: 47.966: Total time for which application threads were stopped: 0.0005266 seconds, Stopping threads took: 0.0001763 seconds
2016-10-05T13:25:40.178-0100: 47.978: Total time for which application threads were stopped: 0.0002835 seconds, Stopping threads took: 0.0000728 seconds
2016-10-05T13:25:40.182-0100: 47.982: Total time for which application threads were stopped: 0.0002298 seconds, Stopping threads took: 0.0000508 seconds
2016-10-05T13:25:40.183-0100: 47.982: Total time for which application threads were stopped: 0.0001286 seconds, Stopping threads took: 0.0000160 seconds
2016-10-05T13:25:40.198-0100: 47.998: Total time for which application threads were stopped: 0.0001130 seconds, Stopping threads took: 0.0000242 seconds
{Heap before GC invocations=3 (full 1):
 par new generation   total 109248K, used 103025K [0x00000007a0000000, 0x00000007a8000000, 0x00000007a8000000)
  eden space 87424K, 100% used [0x00000007a0000000, 0x00000007a5560000, 0x00000007a5560000)
  from space 21824K,  71% used [0x00000007a6ab0000, 0x00000007a79ec660, 0x00000007a8000000)
  to   space 21824K,   0% used [0x00000007a5560000, 0x00000007a5560000, 0x00000007a6ab0000)
 concurrent mark-sweep generation total 393216K, used 0K [0x00000007a8000000, 0x00000007c0000000, 0x00000007c0000000)
 Metaspace       used 27924K, capacity 28266K, committed 28544K, reserved 1075200K
  class space    used 3341K, capacity 3444K, committed 3456K, reserved 1048576K
2016-10-05T13:25:40.232-0100: 48.032: [GC (Allocation Failure) 2016-10-05T13:25:40.232-0100: 48.032: [ParNew
Desired survivor size 20112992 bytes, new threshold 8 (max 8)
- age   1:    2293912 bytes,    2293912 total
- age   2:    1716864 bytes,    4010776 total
- age   3:    2822360 bytes,    6833136 total
- age   4:    5325432 bytes,   12158568 total
: 103025K->17483K(109248K), 0.0093971 secs] 103025K->17483K(502464K), 0.0094776 secs] [Times: user=0.04 sys=0.00, real=0.01 secs] 
Heap after GC invocations=4 (full 1):
 par new generation   total 109248K, used 17483K [0x00000007a0000000, 0x00000007a8000000, 0x00000007a8000000)
  eden space 87424K,   0% used [0x00000007a0000000, 0x00000007a0000000, 0x00000007a5560000)
  from space 21824K,  80% used [0x00000007a5560000, 0x00000007a6672dc0, 0x00000007a6ab0000)
  to   space 21824K,   0% used [0x00000007a6ab0000, 0x00000007a6ab0000, 0x00000007a8000000)
 concurrent mark-sweep generation total 393216K, used 0K [0x00000007a8000000, 0x00000007c0000000, 0x00000007c0000000)
 Metaspace       used 27924K, capacity 28266K, committed 28544K, reserved 1075200K
  class space    used 3341K, capacity 3444K, committed 3456K, reserved 1048576K
}
2016-10-05T13:25:40.242-0100: 48.042: Total time for which application threads were stopped: 0.0096786 seconds, Stopping threads took: 0.0000312 seconds
2016-10-05T13:25:40.246-0100: 48.046: Total time for which application threads were stopped: 0.0009794 seconds, Stopping threads took: 0.0008297 seconds
2016-10-05T13:25:40.248-0100: 48.047: Total time for which application threads were stopped: 0.0009429 seconds, Stopping threads took: 0.0007820 seconds
2016-10-05T13:25:40.248-0100: 48.048: Total time for which application threads were stopped: 0.0001478 seconds, Stopping threads took: 0.0000326 seconds
2016-10-05T13:25:40.297-0100: 48.097: Total time for which application threads were stopped: 0.0002881 seconds, Stopping threads took: 0.0001106 seconds
2016-10-05T13:25:40.313-0100: 48.113: Total time for which application threads were stopped: 0.0005945 seconds, Stopping threads took: 0.0000306 seconds
2016-10-05T13:25:40.322-0100: 48.121: Total time for which application threads were stopped: 0.0001704 seconds, Stopping threads took: 0.0000440 seconds
2016-10-05T13:25:40.334-0100: 48.134: Total time for which application threads were stopped: 0.0006743 seconds, Stopping threads took: 0.0000331 seconds
2016-10-05T13:25:40.370-0100: 48.169: Total time for which application threads were stopped: 0.0003764 seconds, Stopping threads took: 0.0000232 seconds
2016-10-05T13:25:40.431-0100: 48.231: Total time for which application threads were stopped: 0.0001623 seconds, Stopping threads took: 0.0000777 seconds
2016-10-05T13:25:40.432-0100: 48.232: Total time for which application threads were stopped: 0.0001003 seconds, Stopping threads took: 0.0000165 seconds
2016-10-05T13:25:40.435-0100: 48.235: Total time for which application threads were stopped: 0.0000881 seconds, Stopping threads took: 0.0000168 seconds
2016-10-05T13:25:40.666-0100: 48.466: Total time for which application threads were stopped: 0.0004989 seconds, Stopping threads took: 0.0001178 seconds
2016-10-05T13:25:40.700-0100: 48.500: Total time for which application threads were stopped: 0.0006351 seconds, Stopping threads took: 0.0000836 seconds
2016-10-05T13:25:40.799-0100: 48.599: Total time for which application threads were stopped: 0.0003103 seconds, Stopping threads took: 0.0001651 seconds
2016-10-05T13:25:40.799-0100: 48.599: Total time for which application threads were stopped: 0.0002471 seconds, Stopping threads took: 0.0000351 seconds
2016-10-05T13:25:40.801-0100: 48.600: Total time for which application threads were stopped: 0.0001408 seconds, Stopping threads took: 0.0000430 seconds
2016-10-05T13:25:40.801-0100: 48.601: Total time for which application threads were stopped: 0.0001274 seconds, Stopping threads took: 0.0000630 seconds
2016-10-05T13:25:40.827-0100: 48.626: Total time for which application threads were stopped: 0.0001345 seconds, Stopping threads took: 0.0000250 seconds
2016-10-05T13:25:40.827-0100: 48.627: Total time for which application threads were stopped: 0.0001077 seconds, Stopping threads took: 0.0000179 seconds
2016-10-05T13:25:40.829-0100: 48.628: Total time for which application threads were stopped: 0.0001294 seconds, Stopping threads took: 0.0000480 seconds
2016-10-05T13:25:40.853-0100: 48.653: Total time for which application threads were stopped: 0.0001605 seconds, Stopping threads took: 0.0000296 seconds
2016-10-05T13:25:40.855-0100: 48.655: Total time for which application threads were stopped: 0.0001907 seconds, Stopping threads took: 0.0000795 seconds
2016-10-05T13:25:40.864-0100: 48.664: Total time for which application threads were stopped: 0.0001433 seconds, Stopping threads took: 0.0000331 seconds
2016-10-05T13:25:40.870-0100: 48.670: Total time for which application threads were stopped: 0.0003376 seconds, Stopping threads took: 0.0000259 seconds
2016-10-05T13:25:40.874-0100: 48.674: Total time for which application threads were stopped: 0.0001490 seconds, Stopping threads took: 0.0000474 seconds
2016-10-05T13:25:40.880-0100: 48.679: Total time for which application threads were stopped: 0.0001674 seconds, Stopping threads took: 0.0000413 seconds
2016-10-05T13:25:40.989-0100: 48.789: Total time for which application threads were stopped: 0.0001467 seconds, Stopping threads took: 0.0000315 seconds
2016-10-05T13:25:41.051-0100: 48.851: Total time for which application threads were stopped: 0.0001794 seconds, Stopping threads took: 0.0000469 seconds
2016-10-05T13:25:41.064-0100: 48.864: Total time for which application threads were stopped: 0.0007864 seconds, Stopping threads took: 0.0000345 seconds
2016-10-05T13:25:41.071-0100: 48.871: Total time for which application threads were stopped: 0.0001292 seconds, Stopping threads took: 0.0000388 seconds
2016-10-05T13:25:41.073-0100: 48.873: Total time for which application threads were stopped: 0.0001150 seconds, Stopping threads took: 0.0000178 seconds
2016-10-05T13:25:41.074-0100: 48.874: Total time for which application threads were stopped: 0.0000799 seconds, Stopping threads took: 0.0000137 seconds
2016-10-05T13:25:41.075-0100: 48.875: Total time for which application threads were stopped: 0.0001072 seconds, Stopping threads took: 0.0000161 seconds
2016-10-05T13:25:41.075-0100: 48.875: Total time for which application threads were stopped: 0.0000785 seconds, Stopping threads took: 0.0000115 seconds
2016-10-05T13:25:41.076-0100: 48.875: Total time for which application threads were stopped: 0.0000604 seconds, Stopping threads took: 0.0000092 seconds
2016-10-05T13:25:41.102-0100: 48.902: Total time for which application threads were stopped: 0.0001885 seconds, Stopping threads took: 0.0000470 seconds
2016-10-05T13:25:41.159-0100: 48.959: Total time for which application threads were stopped: 0.0001603 seconds, Stopping threads took: 0.0000415 seconds
2016-10-05T13:25:42.124-0100: 49.924: Total time for which application threads were stopped: 0.0001390 seconds, Stopping threads took: 0.0000326 seconds
2016-10-05T13:25:42.439-0100: 50.239: Total time for which application threads were stopped: 0.0001269 seconds, Stopping threads took: 0.0000268 seconds
2016-10-05T13:25:42.444-0100: 50.243: Total time for which application threads were stopped: 0.0001479 seconds, Stopping threads took: 0.0000435 seconds
2016-10-05T13:25:42.450-0100: 50.250: Total time for which application threads were stopped: 0.0001222 seconds, Stopping threads took: 0.0000368 seconds
2016-10-05T13:25:42.556-0100: 50.356: Total time for which application threads were stopped: 0.0001559 seconds, Stopping threads took: 0.0000313 seconds
2016-10-05T13:25:42.559-0100: 50.359: Total time for which application threads were stopped: 0.0001374 seconds, Stopping threads took: 0.0000349 seconds
2016-10-05T13:25:42.659-0100: 50.459: Total time for which application threads were stopped: 0.0000989 seconds, Stopping threads took: 0.0000228 seconds
2016-10-05T13:25:42.660-0100: 50.460: Total time for which application threads were stopped: 0.0001021 seconds, Stopping threads took: 0.0000190 seconds
2016-10-05T13:25:42.668-0100: 50.468: Total time for which application threads were stopped: 0.0001669 seconds, Stopping threads took: 0.0000298 seconds
2016-10-05T13:25:42.777-0100: 50.577: Total time for which application threads were stopped: 0.0001464 seconds, Stopping threads took: 0.0000291 seconds
2016-10-05T13:25:42.783-0100: 50.583: Total time for which application threads were stopped: 0.0002527 seconds, Stopping threads took: 0.0000803 seconds
2016-10-05T13:25:43.706-0100: 51.506: Total time for which application threads were stopped: 0.0001755 seconds, Stopping threads took: 0.0000277 seconds
2016-10-05T13:25:43.713-0100: 51.513: Total time for which application threads were stopped: 0.0001487 seconds, Stopping threads took: 0.0000314 seconds
2016-10-05T13:25:43.713-0100: 51.513: Total time for which application threads were stopped: 0.0000983 seconds, Stopping threads took: 0.0000276 seconds
2016-10-05T13:25:43.714-0100: 51.513: Total time for which application threads were stopped: 0.0001163 seconds, Stopping threads took: 0.0000602 seconds
2016-10-05T13:25:43.714-0100: 51.513: Total time for which application threads were stopped: 0.0000713 seconds, Stopping threads took: 0.0000243 seconds
2016-10-05T13:25:43.714-0100: 51.514: Total time for which application threads were stopped: 0.0000666 seconds, Stopping threads took: 0.0000235 seconds
2016-10-05T13:25:43.714-0100: 51.514: Total time for which application threads were stopped: 0.0000660 seconds, Stopping threads took: 0.0000256 seconds
2016-10-05T13:25:43.714-0100: 51.514: Total time for which application threads were stopped: 0.0000596 seconds, Stopping threads took: 0.0000190 seconds
2016-10-05T13:25:43.714-0100: 51.514: Total time for which application threads were stopped: 0.0000600 seconds, Stopping threads took: 0.0000175 seconds
2016-10-05T13:25:43.714-0100: 51.514: Total time for which application threads were stopped: 0.0000749 seconds, Stopping threads took: 0.0000096 seconds
2016-10-05T13:25:43.714-0100: 51.514: Total time for which application threads were stopped: 0.0000746 seconds, Stopping threads took: 0.0000099 seconds
2016-10-05T13:25:43.715-0100: 51.514: Total time for which application threads were stopped: 0.0000721 seconds, Stopping threads took: 0.0000085 seconds
2016-10-05T13:25:43.715-0100: 51.515: Total time for which application threads were stopped: 0.0000707 seconds, Stopping threads took: 0.0000233 seconds
2016-10-05T13:25:43.715-0100: 51.515: Total time for which application threads were stopped: 0.0000657 seconds, Stopping threads took: 0.0000202 seconds
2016-10-05T13:25:43.715-0100: 51.515: Total time for which application threads were stopped: 0.0000709 seconds, Stopping threads took: 0.0000101 seconds
2016-10-05T13:25:43.716-0100: 51.515: Total time for which application threads were stopped: 0.0002536 seconds, Stopping threads took: 0.0000091 seconds
2016-10-05T13:25:43.716-0100: 51.515: Total time for which application threads were stopped: 0.0000739 seconds, Stopping threads took: 0.0000114 seconds
2016-10-05T13:25:43.723-0100: 51.523: Total time for which application threads were stopped: 0.0001339 seconds, Stopping threads took: 0.0000303 seconds
2016-10-05T13:25:43.724-0100: 51.524: Total time for which application threads were stopped: 0.0001346 seconds, Stopping threads took: 0.0000253 seconds
2016-10-05T13:25:43.727-0100: 51.526: Total time for which application threads were stopped: 0.0001437 seconds, Stopping threads took: 0.0000322 seconds
2016-10-05T13:25:43.728-0100: 51.528: Total time for which application threads were stopped: 0.0001545 seconds, Stopping threads took: 0.0000517 seconds
2016-10-05T13:25:43.731-0100: 51.530: Total time for which application threads were stopped: 0.0001583 seconds, Stopping threads took: 0.0000322 seconds
2016-10-05T13:25:43.731-0100: 51.531: Total time for which application threads were stopped: 0.0001013 seconds, Stopping threads took: 0.0000144 seconds
2016-10-05T13:25:43.735-0100: 51.534: Total time for which application threads were stopped: 0.0001473 seconds, Stopping threads took: 0.0000477 seconds
{Heap before GC invocations=4 (full 1):
 par new generation   total 109248K, used 104907K [0x00000007a0000000, 0x00000007a8000000, 0x00000007a8000000)
  eden space 87424K, 100% used [0x00000007a0000000, 0x00000007a5560000, 0x00000007a5560000)
  from space 21824K,  80% used [0x00000007a5560000, 0x00000007a6672dc0, 0x00000007a6ab0000)
  to   space 21824K,   0% used [0x00000007a6ab0000, 0x00000007a6ab0000, 0x00000007a8000000)
 concurrent mark-sweep generation total 393216K, used 0K [0x00000007a8000000, 0x00000007c0000000, 0x00000007c0000000)
 Metaspace       used 32543K, capacity 32984K, committed 33536K, reserved 1079296K
  class space    used 3884K, capacity 4029K, committed 4096K, reserved 1048576K
2016-10-05T13:25:43.751-0100: 51.550: [GC (Allocation Failure) 2016-10-05T13:25:43.751-0100: 51.550: [ParNew
Desired survivor size 20112992 bytes, new threshold 8 (max 8)
- age   1:    7948000 bytes,    7948000 total
- age   2:     534616 bytes,    8482616 total
- age   3:    1593960 bytes,   10076576 total
- age   4:    2817880 bytes,   12894456 total
- age   5:    5258520 bytes,   18152976 total
: 104907K->21824K(109248K), 0.0146341 secs] 104907K->21824K(502464K), 0.0147104 secs] [Times: user=0.04 sys=0.00, real=0.01 secs] 
Heap after GC invocations=5 (full 1):
 par new generation   total 109248K, used 21824K [0x00000007a0000000, 0x00000007a8000000, 0x00000007a8000000)
  eden space 87424K,   0% used [0x00000007a0000000, 0x00000007a0000000, 0x00000007a5560000)
  from space 21824K, 100% used [0x00000007a6ab0000, 0x00000007a8000000, 0x00000007a8000000)
  to   space 21824K,   0% used [0x00000007a5560000, 0x00000007a5560000, 0x00000007a6ab0000)
 concurrent mark-sweep generation total 393216K, used 0K [0x00000007a8000000, 0x00000007c0000000, 0x00000007c0000000)
 Metaspace       used 32543K, capacity 32984K, committed 33536K, reserved 1079296K
  class space    used 3884K, capacity 4029K, committed 4096K, reserved 1048576K
}
2016-10-05T13:25:43.765-0100: 51.565: Total time for which application threads were stopped: 0.0149853 seconds, Stopping threads took: 0.0000508 seconds
2016-10-05T13:25:43.766-0100: 51.566: Total time for which application threads were stopped: 0.0001777 seconds, Stopping threads took: 0.0000712 seconds
2016-10-05T13:25:43.801-0100: 51.601: Total time for which application threads were stopped: 0.0001973 seconds, Stopping threads took: 0.0000579 seconds
2016-10-05T13:25:43.855-0100: 51.655: Total time for which application threads were stopped: 0.0001495 seconds, Stopping threads took: 0.0000507 seconds
2016-10-05T13:25:43.866-0100: 51.666: Total time for which application threads were stopped: 0.0001431 seconds, Stopping threads took: 0.0000317 seconds
2016-10-05T13:25:43.887-0100: 51.686: Total time for which application threads were stopped: 0.0001201 seconds, Stopping threads took: 0.0000320 seconds
2016-10-05T13:25:43.895-0100: 51.695: Total time for which application threads were stopped: 0.0001116 seconds, Stopping threads took: 0.0000249 seconds
2016-10-05T13:25:43.896-0100: 51.696: Total time for which application threads were stopped: 0.0001472 seconds, Stopping threads took: 0.0000381 seconds
2016-10-05T13:25:43.897-0100: 51.697: Total time for which application threads were stopped: 0.0000963 seconds, Stopping threads took: 0.0000329 seconds
2016-10-05T13:25:43.897-0100: 51.697: Total time for which application threads were stopped: 0.0000868 seconds, Stopping threads took: 0.0000456 seconds
2016-10-05T13:25:43.897-0100: 51.697: Total time for which application threads were stopped: 0.0000658 seconds, Stopping threads took: 0.0000200 seconds
2016-10-05T13:25:43.897-0100: 51.697: Total time for which application threads were stopped: 0.0000702 seconds, Stopping threads took: 0.0000322 seconds
2016-10-05T13:25:43.897-0100: 51.697: Total time for which application threads were stopped: 0.0000582 seconds, Stopping threads took: 0.0000170 seconds
2016-10-05T13:25:43.897-0100: 51.697: Total time for which application threads were stopped: 0.0000724 seconds, Stopping threads took: 0.0000163 seconds
2016-10-05T13:25:43.898-0100: 51.697: Total time for which application threads were stopped: 0.0001113 seconds, Stopping threads took: 0.0000459 seconds
2016-10-05T13:25:43.898-0100: 51.698: Total time for which application threads were stopped: 0.0000669 seconds, Stopping threads took: 0.0000234 seconds
2016-10-05T13:25:43.898-0100: 51.698: Total time for which application threads were stopped: 0.0000613 seconds, Stopping threads took: 0.0000118 seconds
2016-10-05T13:25:43.898-0100: 51.698: Total time for which application threads were stopped: 0.0000880 seconds, Stopping threads took: 0.0000120 seconds
2016-10-05T13:25:43.899-0100: 51.698: Total time for which application threads were stopped: 0.0000815 seconds, Stopping threads took: 0.0000243 seconds
2016-10-05T13:25:43.900-0100: 51.699: Total time for which application threads were stopped: 0.0001273 seconds, Stopping threads took: 0.0000262 seconds
2016-10-05T13:25:43.901-0100: 51.701: Total time for which application threads were stopped: 0.0001367 seconds, Stopping threads took: 0.0000506 seconds
2016-10-05T13:25:43.901-0100: 51.701: Total time for which application threads were stopped: 0.0000810 seconds, Stopping threads took: 0.0000247 seconds
2016-10-05T13:25:43.902-0100: 51.701: Total time for which application threads were stopped: 0.0001379 seconds, Stopping threads took: 0.0000570 seconds
2016-10-05T13:25:43.902-0100: 51.701: Total time for which application threads were stopped: 0.0000900 seconds, Stopping threads took: 0.0000319 seconds
2016-10-05T13:25:43.902-0100: 51.702: Total time for which application threads were stopped: 0.0000893 seconds, Stopping threads took: 0.0000329 seconds
2016-10-05T13:25:43.903-0100: 51.702: Total time for which application threads were stopped: 0.0001715 seconds, Stopping threads took: 0.0000660 seconds
2016-10-05T13:25:43.904-0100: 51.703: Total time for which application threads were stopped: 0.0001417 seconds, Stopping threads took: 0.0000408 seconds
2016-10-05T13:25:43.906-0100: 51.705: Total time for which application threads were stopped: 0.0001965 seconds, Stopping threads took: 0.0000909 seconds
2016-10-05T13:25:43.907-0100: 51.707: Total time for which application threads were stopped: 0.0001647 seconds, Stopping threads took: 0.0000840 seconds
2016-10-05T13:25:43.907-0100: 51.707: Total time for which application threads were stopped: 0.0000809 seconds, Stopping threads took: 0.0000282 seconds
2016-10-05T13:25:43.908-0100: 51.707: Total time for which application threads were stopped: 0.0000826 seconds, Stopping threads took: 0.0000099 seconds
2016-10-05T13:25:43.908-0100: 51.708: Total time for which application threads were stopped: 0.0000887 seconds, Stopping threads took: 0.0000168 seconds
2016-10-05T13:25:43.908-0100: 51.708: Total time for which application threads were stopped: 0.0000700 seconds, Stopping threads took: 0.0000129 seconds
2016-10-05T13:25:43.908-0100: 51.708: Total time for which application threads were stopped: 0.0000543 seconds, Stopping threads took: 0.0000085 seconds
2016-10-05T13:25:43.909-0100: 51.708: Total time for which application threads were stopped: 0.0000546 seconds, Stopping threads took: 0.0000077 seconds
2016-10-05T13:25:43.909-0100: 51.708: Total time for which application threads were stopped: 0.0000798 seconds, Stopping threads took: 0.0000090 seconds
2016-10-05T13:25:43.909-0100: 51.709: Total time for which application threads were stopped: 0.0002042 seconds, Stopping threads took: 0.0000073 seconds
2016-10-05T13:25:43.915-0100: 51.714: Total time for which application threads were stopped: 0.0001025 seconds, Stopping threads took: 0.0000245 seconds
2016-10-05T13:25:43.915-0100: 51.715: Total time for which application threads were stopped: 0.0000715 seconds, Stopping threads took: 0.0000137 seconds
2016-10-05T13:25:43.916-0100: 51.715: Total time for which application threads were stopped: 0.0000932 seconds, Stopping threads took: 0.0000116 seconds
2016-10-05T13:25:43.923-0100: 51.722: Total time for which application threads were stopped: 0.0001726 seconds, Stopping threads took: 0.0000829 seconds
2016-10-05T13:25:43.923-0100: 51.723: Total time for which application threads were stopped: 0.0003458 seconds, Stopping threads took: 0.0000623 seconds
2016-10-05T13:25:43.924-0100: 51.723: Total time for which application threads were stopped: 0.0000899 seconds, Stopping threads took: 0.0000293 seconds
2016-10-05T13:25:43.924-0100: 51.724: Total time for which application threads were stopped: 0.0000806 seconds, Stopping threads took: 0.0000243 seconds
2016-10-05T13:25:43.926-0100: 51.725: Total time for which application threads were stopped: 0.0001589 seconds, Stopping threads took: 0.0000454 seconds
2016-10-05T13:25:43.927-0100: 51.727: Total time for which application threads were stopped: 0.0000913 seconds, Stopping threads took: 0.0000200 seconds
2016-10-05T13:25:43.929-0100: 51.728: Total time for which application threads were stopped: 0.0003356 seconds, Stopping threads took: 0.0000167 seconds
2016-10-05T13:25:43.942-0100: 51.742: Total time for which application threads were stopped: 0.0001310 seconds, Stopping threads took: 0.0000248 seconds
2016-10-05T13:25:43.943-0100: 51.742: Total time for which application threads were stopped: 0.0000837 seconds, Stopping threads took: 0.0000161 seconds
2016-10-05T13:25:43.943-0100: 51.743: Total time for which application threads were stopped: 0.0001289 seconds, Stopping threads took: 0.0000521 seconds
2016-10-05T13:25:43.952-0100: 51.751: Total time for which application threads were stopped: 0.0001292 seconds, Stopping threads took: 0.0000289 seconds
2016-10-05T13:25:43.958-0100: 51.758: Total time for which application threads were stopped: 0.0001308 seconds, Stopping threads took: 0.0000551 seconds
2016-10-05T13:25:43.959-0100: 51.759: Total time for which application threads were stopped: 0.0001188 seconds, Stopping threads took: 0.0000438 seconds
2016-10-05T13:25:43.965-0100: 51.765: Total time for which application threads were stopped: 0.0001460 seconds, Stopping threads took: 0.0000280 seconds
{Heap before GC invocations=5 (full 1):
 par new generation   total 109248K, used 109248K [0x00000007a0000000, 0x00000007a8000000, 0x00000007a8000000)
  eden space 87424K, 100% used [0x00000007a0000000, 0x00000007a5560000, 0x00000007a5560000)
  from space 21824K, 100% used [0x00000007a6ab0000, 0x00000007a8000000, 0x00000007a8000000)
  to   space 21824K,   0% used [0x00000007a5560000, 0x00000007a5560000, 0x00000007a6ab0000)
 concurrent mark-sweep generation total 393216K, used 0K [0x00000007a8000000, 0x00000007c0000000, 0x00000007c0000000)
 Metaspace       used 32774K, capacity 33206K, committed 33536K, reserved 1079296K
  class space    used 3887K, capacity 4034K, committed 4096K, reserved 1048576K
2016-10-05T13:25:44.013-0100: 51.813: [GC (Allocation Failure) 2016-10-05T13:25:44.013-0100: 51.813: [ParNew
Desired survivor size 20112992 bytes, new threshold 8 (max 8)
- age   1:    2385584 bytes,    2385584 total
- age   2:    3893032 bytes,    6278616 total
- age   3:     532256 bytes,    6810872 total
- age   4:    1593424 bytes,    8404296 total
- age   5:    2812872 bytes,   11217168 total
- age   6:    5258680 bytes,   16475848 total
: 109248K->21824K(109248K), 0.0154877 secs] 109248K->21887K(502464K), 0.0155700 secs] [Times: user=0.05 sys=0.00, real=0.01 secs] 
Heap after GC invocations=6 (full 1):
 par new generation   total 109248K, used 21824K [0x00000007a0000000, 0x00000007a8000000, 0x00000007a8000000)
  eden space 87424K,   0% used [0x00000007a0000000, 0x00000007a0000000, 0x00000007a5560000)
  from space 21824K, 100% used [0x00000007a5560000, 0x00000007a6ab0000, 0x00000007a6ab0000)
  to   space 21824K,   0% used [0x00000007a6ab0000, 0x00000007a6ab0000, 0x00000007a8000000)
 concurrent mark-sweep generation total 393216K, used 63K [0x00000007a8000000, 0x00000007c0000000, 0x00000007c0000000)
 Metaspace       used 32774K, capacity 33206K, committed 33536K, reserved 1079296K
  class space    used 3887K, capacity 4034K, committed 4096K, reserved 1048576K
}
2016-10-05T13:25:44.029-0100: 51.828: Total time for which application threads were stopped: 0.0158205 seconds, Stopping threads took: 0.0000349 seconds
2016-10-05T13:25:44.071-0100: 51.870: Total time for which application threads were stopped: 0.0004472 seconds, Stopping threads took: 0.0001004 seconds
2016-10-05T13:25:45.075-0100: 52.875: Total time for which application threads were stopped: 0.0002013 seconds, Stopping threads took: 0.0000441 seconds
2016-10-05T13:25:45.104-0100: 52.904: Total time for which application threads were stopped: 0.0001503 seconds, Stopping threads took: 0.0000366 seconds
2016-10-05T13:25:46.109-0100: 53.909: Total time for which application threads were stopped: 0.0002102 seconds, Stopping threads took: 0.0000428 seconds
{Heap before GC invocations=6 (full 1):
 par new generation   total 109248K, used 109248K [0x00000007a0000000, 0x00000007a8000000, 0x00000007a8000000)
  eden space 87424K, 100% used [0x00000007a0000000, 0x00000007a5560000, 0x00000007a5560000)
  from space 21824K, 100% used [0x00000007a5560000, 0x00000007a6ab0000, 0x00000007a6ab0000)
  to   space 21824K,   0% used [0x00000007a6ab0000, 0x00000007a6ab0000, 0x00000007a8000000)
 concurrent mark-sweep generation total 393216K, used 63K [0x00000007a8000000, 0x00000007c0000000, 0x00000007c0000000)
 Metaspace       used 32869K, capacity 33280K, committed 33792K, reserved 1079296K
  class space    used 3889K, capacity 4035K, committed 4096K, reserved 1048576K
2016-10-05T13:25:46.442-0100: 54.241: [GC (Allocation Failure) 2016-10-05T13:25:46.442-0100: 54.242: [ParNew
Desired survivor size 20112992 bytes, new threshold 8 (max 8)
- age   1:    1816488 bytes,    1816488 total
- age   2:    2373000 bytes,    4189488 total
- age   3:    3848944 bytes,    8038432 total
- age   4:     532256 bytes,    8570688 total
- age   5:    1592760 bytes,   10163448 total
- age   6:    2812776 bytes,   12976224 total
- age   7:    5258440 bytes,   18234664 total
: 109248K->21824K(109248K), 0.0154779 secs] 109311K->21894K(502464K), 0.0155757 secs] [Times: user=0.06 sys=0.00, real=0.01 secs] 
Heap after GC invocations=7 (full 1):
 par new generation   total 109248K, used 21824K [0x00000007a0000000, 0x00000007a8000000, 0x00000007a8000000)
  eden space 87424K,   0% used [0x00000007a0000000, 0x00000007a0000000, 0x00000007a5560000)
  from space 21824K, 100% used [0x00000007a6ab0000, 0x00000007a8000000, 0x00000007a8000000)
  to   space 21824K,   0% used [0x00000007a5560000, 0x00000007a5560000, 0x00000007a6ab0000)
 concurrent mark-sweep generation total 393216K, used 70K [0x00000007a8000000, 0x00000007c0000000, 0x00000007c0000000)
 Metaspace       used 32869K, capacity 33280K, committed 33792K, reserved 1079296K
  class space    used 3889K, capacity 4035K, committed 4096K, reserved 1048576K
}
2016-10-05T13:25:46.457-0100: 54.257: Total time for which application threads were stopped: 0.0158965 seconds, Stopping threads took: 0.0000401 seconds
2016-10-05T13:25:46.458-0100: 54.258: Total time for which application threads were stopped: 0.0001808 seconds, Stopping threads took: 0.0000515 seconds
2016-10-05T13:25:46.516-0100: 54.316: Total time for which application threads were stopped: 0.0001980 seconds, Stopping threads took: 0.0000279 seconds
2016-10-05T13:25:46.535-0100: 54.335: Total time for which application threads were stopped: 0.0002172 seconds, Stopping threads took: 0.0000416 seconds
2016-10-05T13:25:46.540-0100: 54.340: Total time for which application threads were stopped: 0.0001232 seconds, Stopping threads took: 0.0000258 seconds
2016-10-05T13:25:46.541-0100: 54.341: Total time for which application threads were stopped: 0.0001249 seconds, Stopping threads took: 0.0000379 seconds
2016-10-05T13:25:46.543-0100: 54.343: Total time for which application threads were stopped: 0.0001165 seconds, Stopping threads took: 0.0000393 seconds
2016-10-05T13:25:46.543-0100: 54.343: Total time for which application threads were stopped: 0.0000760 seconds, Stopping threads took: 0.0000205 seconds
2016-10-05T13:25:46.544-0100: 54.344: Total time for which application threads were stopped: 0.0000946 seconds, Stopping threads took: 0.0000259 seconds
2016-10-05T13:25:46.545-0100: 54.345: Total time for which application threads were stopped: 0.0000890 seconds, Stopping threads took: 0.0000255 seconds
2016-10-05T13:25:46.548-0100: 54.347: Total time for which application threads were stopped: 0.0001715 seconds, Stopping threads took: 0.0000390 seconds
2016-10-05T13:25:46.548-0100: 54.348: Total time for which application threads were stopped: 0.0001696 seconds, Stopping threads took: 0.0000816 seconds
2016-10-05T13:25:46.550-0100: 54.350: Total time for which application threads were stopped: 0.0001709 seconds, Stopping threads took: 0.0000320 seconds
2016-10-05T13:25:46.559-0100: 54.359: Total time for which application threads were stopped: 0.0001300 seconds, Stopping threads took: 0.0000298 seconds
2016-10-05T13:25:46.565-0100: 54.364: Total time for which application threads were stopped: 0.0001554 seconds, Stopping threads took: 0.0000592 seconds
2016-10-05T13:25:46.568-0100: 54.367: Total time for which application threads were stopped: 0.0001019 seconds, Stopping threads took: 0.0000249 seconds
2016-10-05T13:25:47.569-0100: 55.369: Total time for which application threads were stopped: 0.0002166 seconds, Stopping threads took: 0.0000522 seconds
2016-10-05T13:25:47.826-0100: 55.625: Total time for which application threads were stopped: 0.0004356 seconds, Stopping threads took: 0.0000206 seconds
2016-10-05T13:25:47.835-0100: 55.635: Total time for which application threads were stopped: 0.0004970 seconds, Stopping threads took: 0.0000259 seconds
2016-10-05T13:25:47.846-0100: 55.646: Total time for which application threads were stopped: 0.0001497 seconds, Stopping threads took: 0.0000398 seconds
2016-10-05T13:25:47.847-0100: 55.647: Total time for which application threads were stopped: 0.0001515 seconds, Stopping threads took: 0.0000227 seconds
2016-10-05T13:25:47.847-0100: 55.647: Total time for which application threads were stopped: 0.0001087 seconds, Stopping threads took: 0.0000152 seconds
2016-10-05T13:25:47.847-0100: 55.647: Total time for which application threads were stopped: 0.0001170 seconds, Stopping threads took: 0.0000119 seconds
2016-10-05T13:25:47.868-0100: 55.667: Total time for which application threads were stopped: 0.0001313 seconds, Stopping threads took: 0.0000294 seconds
2016-10-05T13:25:47.868-0100: 55.667: Total time for which application threads were stopped: 0.0001268 seconds, Stopping threads took: 0.0000307 seconds
2016-10-05T13:25:47.868-0100: 55.668: Total time for which application threads were stopped: 0.0001059 seconds, Stopping threads took: 0.0000322 seconds
2016-10-05T13:25:47.877-0100: 55.677: Total time for which application threads were stopped: 0.0001456 seconds, Stopping threads took: 0.0000257 seconds
2016-10-05T13:25:47.879-0100: 55.678: Total time for which application threads were stopped: 0.0001275 seconds, Stopping threads took: 0.0000233 seconds
2016-10-05T13:25:47.880-0100: 55.680: Total time for which application threads were stopped: 0.0001370 seconds, Stopping threads took: 0.0000414 seconds
2016-10-05T13:25:47.882-0100: 55.682: Total time for which application threads were stopped: 0.0001376 seconds, Stopping threads took: 0.0000285 seconds
2016-10-05T13:25:47.884-0100: 55.684: Total time for which application threads were stopped: 0.0001560 seconds, Stopping threads took: 0.0000455 seconds
2016-10-05T13:25:47.886-0100: 55.685: Total time for which application threads were stopped: 0.0000973 seconds, Stopping threads took: 0.0000279 seconds
2016-10-05T13:25:47.887-0100: 55.686: Total time for which application threads were stopped: 0.0001301 seconds, Stopping threads took: 0.0000305 seconds
2016-10-05T13:25:47.888-0100: 55.688: Total time for which application threads were stopped: 0.0001207 seconds, Stopping threads took: 0.0000235 seconds
2016-10-05T13:25:47.889-0100: 55.689: Total time for which application threads were stopped: 0.0000880 seconds, Stopping threads took: 0.0000196 seconds
2016-10-05T13:25:47.890-0100: 55.690: Total time for which application threads were stopped: 0.0001071 seconds, Stopping threads took: 0.0000209 seconds
2016-10-05T13:25:47.897-0100: 55.697: Total time for which application threads were stopped: 0.0001053 seconds, Stopping threads took: 0.0000250 seconds
2016-10-05T13:25:47.898-0100: 55.697: Total time for which application threads were stopped: 0.0000974 seconds, Stopping threads took: 0.0000202 seconds
2016-10-05T13:25:47.899-0100: 55.698: Total time for which application threads were stopped: 0.0001230 seconds, Stopping threads took: 0.0000197 seconds
2016-10-05T13:25:47.899-0100: 55.698: Total time for which application threads were stopped: 0.0000883 seconds, Stopping threads took: 0.0000103 seconds
2016-10-05T13:25:47.899-0100: 55.699: Total time for which application threads were stopped: 0.0000776 seconds, Stopping threads took: 0.0000096 seconds
2016-10-05T13:25:47.901-0100: 55.700: Total time for which application threads were stopped: 0.0001356 seconds, Stopping threads took: 0.0000283 seconds
2016-10-05T13:25:47.903-0100: 55.702: Total time for which application threads were stopped: 0.0001061 seconds, Stopping threads took: 0.0000246 seconds
2016-10-05T13:25:47.904-0100: 55.704: Total time for which application threads were stopped: 0.0001695 seconds, Stopping threads took: 0.0000765 seconds
2016-10-05T13:25:47.905-0100: 55.704: Total time for which application threads were stopped: 0.0000878 seconds, Stopping threads took: 0.0000178 seconds
2016-10-05T13:25:47.906-0100: 55.706: Total time for which application threads were stopped: 0.0001270 seconds, Stopping threads took: 0.0000377 seconds
2016-10-05T13:25:47.907-0100: 55.707: Total time for which application threads were stopped: 0.0001446 seconds, Stopping threads took: 0.0000540 seconds
2016-10-05T13:25:47.909-0100: 55.709: Total time for which application threads were stopped: 0.0001453 seconds, Stopping threads took: 0.0000482 seconds
2016-10-05T13:25:47.910-0100: 55.710: Total time for which application threads were stopped: 0.0002405 seconds, Stopping threads took: 0.0000201 seconds
2016-10-05T13:25:47.911-0100: 55.711: Total time for which application threads were stopped: 0.0000899 seconds, Stopping threads took: 0.0000178 seconds
2016-10-05T13:25:47.911-0100: 55.711: Total time for which application threads were stopped: 0.0000771 seconds, Stopping threads took: 0.0000196 seconds
2016-10-05T13:25:48.105-0100: 55.905: Total time for which application threads were stopped: 0.0001658 seconds, Stopping threads took: 0.0000244 seconds
2016-10-05T13:25:48.147-0100: 55.946: Total time for which application threads were stopped: 0.0001488 seconds, Stopping threads took: 0.0000300 seconds
2016-10-05T13:25:48.195-0100: 55.995: Total time for which application threads were stopped: 0.0001547 seconds, Stopping threads took: 0.0000450 seconds
2016-10-05T13:25:48.883-0100: 56.683: Total time for which application threads were stopped: 0.0001701 seconds, Stopping threads took: 0.0000268 seconds
2016-10-05T13:25:48.884-0100: 56.683: Total time for which application threads were stopped: 0.0001087 seconds, Stopping threads took: 0.0000163 seconds
2016-10-05T13:25:48.884-0100: 56.683: Total time for which application threads were stopped: 0.0000933 seconds, Stopping threads took: 0.0000116 seconds
2016-10-05T13:25:48.891-0100: 56.690: Total time for which application threads were stopped: 0.0001172 seconds, Stopping threads took: 0.0000247 seconds
2016-10-05T13:25:48.894-0100: 56.693: Total time for which application threads were stopped: 0.0001134 seconds, Stopping threads took: 0.0000243 seconds
2016-10-05T13:25:48.924-0100: 56.724: Total time for which application threads were stopped: 0.0001368 seconds, Stopping threads took: 0.0000241 seconds
2016-10-05T13:25:48.930-0100: 56.730: Total time for which application threads were stopped: 0.0001499 seconds, Stopping threads took: 0.0000292 seconds
2016-10-05T13:25:48.932-0100: 56.731: Total time for which application threads were stopped: 0.0001542 seconds, Stopping threads took: 0.0000233 seconds
2016-10-05T13:25:48.932-0100: 56.732: Total time for which application threads were stopped: 0.0001315 seconds, Stopping threads took: 0.0000206 seconds
2016-10-05T13:25:48.935-0100: 56.735: Total time for which application threads were stopped: 0.0006478 seconds, Stopping threads took: 0.0000345 seconds
2016-10-05T13:25:48.944-0100: 56.743: Total time for which application threads were stopped: 0.0005165 seconds, Stopping threads took: 0.0000288 seconds
{Heap before GC invocations=7 (full 1):
 par new generation   total 109248K, used 109248K [0x00000007a0000000, 0x00000007a8000000, 0x00000007a8000000)
  eden space 87424K, 100% used [0x00000007a0000000, 0x00000007a5560000, 0x00000007a5560000)
  from space 21824K, 100% used [0x00000007a6ab0000, 0x00000007a8000000, 0x00000007a8000000)
  to   space 21824K,   0% used [0x00000007a5560000, 0x00000007a5560000, 0x00000007a6ab0000)
 concurrent mark-sweep generation total 393216K, used 70K [0x00000007a8000000, 0x00000007c0000000, 0x00000007c0000000)
 Metaspace       used 35045K, capacity 35482K, committed 35712K, reserved 1081344K
  class space    used 4081K, capacity 4214K, committed 4224K, reserved 1048576K
2016-10-05T13:25:49.475-0100: 57.274: [GC (Allocation Failure) 2016-10-05T13:25:49.475-0100: 57.274: [ParNew
Desired survivor size 20112992 bytes, new threshold 8 (max 8)
- age   1:    8702112 bytes,    8702112 total
- age   2:     771528 bytes,    9473640 total
- age   3:     224656 bytes,    9698296 total
- age   4:    3068128 bytes,   12766424 total
- age   5:     459696 bytes,   13226120 total
- age   6:    1439432 bytes,   14665552 total
- age   7:    2770112 bytes,   17435664 total
- age   8:    4908744 bytes,   22344408 total
: 109248K->21824K(109248K), 0.0297535 secs] 109318K->27415K(502464K), 0.0298441 secs] [Times: user=0.08 sys=0.01, real=0.03 secs] 
Heap after GC invocations=8 (full 1):
 par new generation   total 109248K, used 21824K [0x00000007a0000000, 0x00000007a8000000, 0x00000007a8000000)
  eden space 87424K,   0% used [0x00000007a0000000, 0x00000007a0000000, 0x00000007a5560000)
  from space 21824K, 100% used [0x00000007a5560000, 0x00000007a6ab0000, 0x00000007a6ab0000)
  to   space 21824K,   0% used [0x00000007a6ab0000, 0x00000007a6ab0000, 0x00000007a8000000)
 concurrent mark-sweep generation total 393216K, used 5591K [0x00000007a8000000, 0x00000007c0000000, 0x00000007c0000000)
 Metaspace       used 35045K, capacity 35482K, committed 35712K, reserved 1081344K
  class space    used 4081K, capacity 4214K, committed 4224K, reserved 1048576K
}
2016-10-05T13:25:49.504-0100: 57.304: Total time for which application threads were stopped: 0.0300750 seconds, Stopping threads took: 0.0000290 seconds
2016-10-05T13:25:49.505-0100: 57.305: Total time for which application threads were stopped: 0.0001516 seconds, Stopping threads took: 0.0000360 seconds
2016-10-05T13:25:49.507-0100: 57.306: Total time for which application threads were stopped: 0.0012298 seconds, Stopping threads took: 0.0011433 seconds
2016-10-05T13:25:49.587-0100: 57.386: Total time for which application threads were stopped: 0.0002661 seconds, Stopping threads took: 0.0000442 seconds
2016-10-05T13:25:49.601-0100: 57.401: Total time for which application threads were stopped: 0.0001990 seconds, Stopping threads took: 0.0000506 seconds
2016-10-05T13:25:50.607-0100: 58.406: Total time for which application threads were stopped: 0.0001734 seconds, Stopping threads took: 0.0000367 seconds
2016-10-05T13:25:50.824-0100: 58.623: Total time for which application threads were stopped: 0.0003105 seconds, Stopping threads took: 0.0000671 seconds
2016-10-05T13:25:50.825-0100: 58.624: Total time for which application threads were stopped: 0.0001009 seconds, Stopping threads took: 0.0000133 seconds
2016-10-05T13:25:50.825-0100: 58.624: Total time for which application threads were stopped: 0.0004214 seconds, Stopping threads took: 0.0000091 seconds
2016-10-05T13:25:50.825-0100: 58.625: Total time for which application threads were stopped: 0.0000921 seconds, Stopping threads took: 0.0000109 seconds
2016-10-05T13:25:50.826-0100: 58.625: Total time for which application threads were stopped: 0.0000980 seconds, Stopping threads took: 0.0000124 seconds
2016-10-05T13:25:50.826-0100: 58.625: Total time for which application threads were stopped: 0.0000868 seconds, Stopping threads took: 0.0000099 seconds
2016-10-05T13:25:50.826-0100: 58.625: Total time for which application threads were stopped: 0.0000984 seconds, Stopping threads took: 0.0000120 seconds
2016-10-05T13:25:50.829-0100: 58.628: Total time for which application threads were stopped: 0.0001470 seconds, Stopping threads took: 0.0000565 seconds
2016-10-05T13:25:50.829-0100: 58.629: Total time for which application threads were stopped: 0.0001020 seconds, Stopping threads took: 0.0000174 seconds
2016-10-05T13:25:50.830-0100: 58.630: Total time for which application threads were stopped: 0.0001176 seconds, Stopping threads took: 0.0000202 seconds
2016-10-05T13:25:50.831-0100: 58.630: Total time for which application threads were stopped: 0.0000875 seconds, Stopping threads took: 0.0000146 seconds
2016-10-05T13:25:50.832-0100: 58.631: Total time for which application threads were stopped: 0.0001243 seconds, Stopping threads took: 0.0000274 seconds
2016-10-05T13:25:50.833-0100: 58.632: Total time for which application threads were stopped: 0.0001233 seconds, Stopping threads took: 0.0000360 seconds
2016-10-05T13:25:50.833-0100: 58.633: Total time for which application threads were stopped: 0.0000993 seconds, Stopping threads took: 0.0000231 seconds
2016-10-05T13:25:50.834-0100: 58.634: Total time for which application threads were stopped: 0.0001293 seconds, Stopping threads took: 0.0000423 seconds
2016-10-05T13:25:50.835-0100: 58.635: Total time for which application threads were stopped: 0.0001545 seconds, Stopping threads took: 0.0000709 seconds
2016-10-05T13:25:50.845-0100: 58.644: Total time for which application threads were stopped: 0.0002151 seconds, Stopping threads took: 0.0000486 seconds
2016-10-05T13:25:50.845-0100: 58.645: Total time for which application threads were stopped: 0.0001894 seconds, Stopping threads took: 0.0000448 seconds
2016-10-05T13:25:50.846-0100: 58.646: Total time for which application threads were stopped: 0.0001611 seconds, Stopping threads took: 0.0000343 seconds
2016-10-05T13:25:50.846-0100: 58.646: Total time for which application threads were stopped: 0.0001058 seconds, Stopping threads took: 0.0000259 seconds
2016-10-05T13:25:50.846-0100: 58.646: Total time for which application threads were stopped: 0.0000871 seconds, Stopping threads took: 0.0000237 seconds
2016-10-05T13:25:50.847-0100: 58.647: Total time for which application threads were stopped: 0.0001403 seconds, Stopping threads took: 0.0000331 seconds
2016-10-05T13:25:50.849-0100: 58.648: Total time for which application threads were stopped: 0.0001814 seconds, Stopping threads took: 0.0000336 seconds
2016-10-05T13:25:50.852-0100: 58.651: Total time for which application threads were stopped: 0.0002047 seconds, Stopping threads took: 0.0000436 seconds
2016-10-05T13:25:50.853-0100: 58.652: Total time for which application threads were stopped: 0.0001743 seconds, Stopping threads took: 0.0000394 seconds
2016-10-05T13:25:50.854-0100: 58.654: Total time for which application threads were stopped: 0.0001770 seconds, Stopping threads took: 0.0000598 seconds
2016-10-05T13:25:50.855-0100: 58.655: Total time for which application threads were stopped: 0.0001380 seconds, Stopping threads took: 0.0000307 seconds
2016-10-05T13:25:50.856-0100: 58.656: Total time for which application threads were stopped: 0.0003792 seconds, Stopping threads took: 0.0000418 seconds
2016-10-05T13:25:50.858-0100: 58.657: Total time for which application threads were stopped: 0.0001554 seconds, Stopping threads took: 0.0000322 seconds
2016-10-05T13:25:50.858-0100: 58.657: Total time for which application threads were stopped: 0.0000832 seconds, Stopping threads took: 0.0000113 seconds
2016-10-05T13:25:50.913-0100: 58.713: Total time for which application threads were stopped: 0.0001955 seconds, Stopping threads took: 0.0000326 seconds
2016-10-05T13:25:50.990-0100: 58.789: Total time for which application threads were stopped: 0.0001803 seconds, Stopping threads took: 0.0000473 seconds
2016-10-05T13:25:51.507-0100: 59.307: [GC (CMS Initial Mark) [1 CMS-initial-mark: 5591K(393216K)] 113661K(502464K), 0.0223257 secs] [Times: user=0.08 sys=0.00, real=0.03 secs] 
2016-10-05T13:25:51.530-0100: 59.329: Total time for which application threads were stopped: 0.0225907 seconds, Stopping threads took: 0.0000381 seconds
2016-10-05T13:25:51.530-0100: 59.329: [CMS-concurrent-mark-start]
2016-10-05T13:25:51.541-0100: 59.341: [CMS-concurrent-mark: 0.011/0.011 secs] [Times: user=0.03 sys=0.00, real=0.01 secs] 
2016-10-05T13:25:51.541-0100: 59.341: [CMS-concurrent-preclean-start]
2016-10-05T13:25:51.543-0100: 59.342: [CMS-concurrent-preclean: 0.001/0.001 secs] [Times: user=0.00 sys=0.00, real=0.00 secs] 
2016-10-05T13:25:51.543-0100: 59.342: [CMS-concurrent-abortable-preclean-start]
2016-10-05T13:25:51.551-0100: 59.351: Total time for which application threads were stopped: 0.0001625 seconds, Stopping threads took: 0.0000325 seconds
2016-10-05T13:25:51.831-0100: 59.631: Total time for which application threads were stopped: 0.0001397 seconds, Stopping threads took: 0.0000287 seconds
2016-10-05T13:25:51.831-0100: 59.631: Total time for which application threads were stopped: 0.0000673 seconds, Stopping threads took: 0.0000087 seconds
2016-10-05T13:25:51.831-0100: 59.631: Total time for which application threads were stopped: 0.0000527 seconds, Stopping threads took: 0.0000064 seconds
2016-10-05T13:25:51.832-0100: 59.631: Total time for which application threads were stopped: 0.0000629 seconds, Stopping threads took: 0.0000100 seconds
2016-10-05T13:25:51.836-0100: 59.635: Total time for which application threads were stopped: 0.0001539 seconds, Stopping threads took: 0.0000490 seconds
{Heap before GC invocations=8 (full 2):
 par new generation   total 109248K, used 109245K [0x00000007a0000000, 0x00000007a8000000, 0x00000007a8000000)
  eden space 87424K,  99% used [0x00000007a0000000, 0x00000007a555f4a8, 0x00000007a5560000)
  from space 21824K, 100% used [0x00000007a5560000, 0x00000007a6ab0000, 0x00000007a6ab0000)
  to   space 21824K,   0% used [0x00000007a6ab0000, 0x00000007a6ab0000, 0x00000007a8000000)
 concurrent mark-sweep generation total 393216K, used 5591K [0x00000007a8000000, 0x00000007c0000000, 0x00000007c0000000)
 Metaspace       used 35609K, capacity 36080K, committed 36380K, reserved 1081344K
  class space    used 4088K, capacity 4227K, committed 4304K, reserved 1048576K
2016-10-05T13:25:51.837-0100: 59.636: [GC (Allocation Failure) 2016-10-05T13:25:51.837-0100: 59.636: [ParNew
Desired survivor size 20112992 bytes, new threshold 8 (max 8)
- age   1:    3690192 bytes,    3690192 total
- age   2:    5773160 bytes,    9463352 total
- age   3:     771408 bytes,   10234760 total
- age   4:     224656 bytes,   10459416 total
- age   5:    3067896 bytes,   13527312 total
- age   6:     459072 bytes,   13986384 total
- age   7:    1439136 bytes,   15425520 total
- age   8:    2769952 bytes,   18195472 total
: 109245K->21824K(109248K), 0.0305952 secs] 114836K->32303K(502464K), 0.0306802 secs] [Times: user=0.08 sys=0.01, real=0.03 secs] 
Heap after GC invocations=9 (full 2):
 par new generation   total 109248K, used 21824K [0x00000007a0000000, 0x00000007a8000000, 0x00000007a8000000)
  eden space 87424K,   0% used [0x00000007a0000000, 0x00000007a0000000, 0x00000007a5560000)
  from space 21824K, 100% used [0x00000007a6ab0000, 0x00000007a8000000, 0x00000007a8000000)
  to   space 21824K,   0% used [0x00000007a5560000, 0x00000007a5560000, 0x00000007a6ab0000)
 concurrent mark-sweep generation total 393216K, used 10479K [0x00000007a8000000, 0x00000007c0000000, 0x00000007c0000000)
 Metaspace       used 35609K, capacity 36080K, committed 36380K, reserved 1081344K
  class space    used 4088K, capacity 4227K, committed 4304K, reserved 1048576K
}
2016-10-05T13:25:51.868-0100: 59.667: Total time for which application threads were stopped: 0.0308882 seconds, Stopping threads took: 0.0000371 seconds
2016-10-05T13:25:51.870-0100: 59.670: Total time for which application threads were stopped: 0.0001287 seconds, Stopping threads took: 0.0000419 seconds
2016-10-05T13:25:51.893-0100: 59.692: Total time for which application threads were stopped: 0.0002761 seconds, Stopping threads took: 0.0000555 seconds
2016-10-05T13:25:51.917-0100: 59.716: Total time for which application threads were stopped: 0.0001658 seconds, Stopping threads took: 0.0000625 seconds
2016-10-05T13:25:51.929-0100: 59.728: Total time for which application threads were stopped: 0.0002400 seconds, Stopping threads took: 0.0000530 seconds
2016-10-05T13:25:51.935-0100: 59.735: Total time for which application threads were stopped: 0.0001840 seconds, Stopping threads took: 0.0000462 seconds
2016-10-05T13:25:51.937-0100: 59.736: Total time for which application threads were stopped: 0.0001591 seconds, Stopping threads took: 0.0000307 seconds
{Heap before GC invocations=9 (full 2):
 par new generation   total 109248K, used 109248K [0x00000007a0000000, 0x00000007a8000000, 0x00000007a8000000)
  eden space 87424K, 100% used [0x00000007a0000000, 0x00000007a5560000, 0x00000007a5560000)
  from space 21824K, 100% used [0x00000007a6ab0000, 0x00000007a8000000, 0x00000007a8000000)
  to   space 21824K,   0% used [0x00000007a5560000, 0x00000007a5560000, 0x00000007a6ab0000)
 concurrent mark-sweep generation total 393216K, used 10479K [0x00000007a8000000, 0x00000007c0000000, 0x00000007c0000000)
 Metaspace       used 35669K, capacity 36144K, committed 36636K, reserved 1081344K
  class space    used 4088K, capacity 4227K, committed 4304K, reserved 1048576K
2016-10-05T13:25:52.766-0100: 60.565: [GC (Allocation Failure) 2016-10-05T13:25:52.766-0100: 60.565: [ParNew
Desired survivor size 20112992 bytes, new threshold 8 (max 8)
- age   1:    1559008 bytes,    1559008 total
- age   2:    2547448 bytes,    4106456 total
- age   3:    5765552 bytes,    9872008 total
- age   4:     771408 bytes,   10643416 total
- age   5:     224656 bytes,   10868072 total
- age   6:    3067792 bytes,   13935864 total
- age   7:     459072 bytes,   14394936 total
- age   8:    1438920 bytes,   15833856 total
: 109248K->21824K(109248K), 0.0223674 secs] 119727K->35014K(502464K), 0.0224641 secs] [Times: user=0.08 sys=0.00, real=0.02 secs] 
Heap after GC invocations=10 (full 2):
 par new generation   total 109248K, used 21824K [0x00000007a0000000, 0x00000007a8000000, 0x00000007a8000000)
  eden space 87424K,   0% used [0x00000007a0000000, 0x00000007a0000000, 0x00000007a5560000)
  from space 21824K, 100% used [0x00000007a5560000, 0x00000007a6ab0000, 0x00000007a6ab0000)
  to   space 21824K,   0% used [0x00000007a6ab0000, 0x00000007a6ab0000, 0x00000007a8000000)
 concurrent mark-sweep generation total 393216K, used 13190K [0x00000007a8000000, 0x00000007c0000000, 0x00000007c0000000)
 Metaspace       used 35669K, capacity 36144K, committed 36636K, reserved 1081344K
  class space    used 4088K, capacity 4227K, committed 4304K, reserved 1048576K
}
2016-10-05T13:25:52.788-0100: 60.588: Total time for which application threads were stopped: 0.0227004 seconds, Stopping threads took: 0.0000367 seconds
2016-10-05T13:25:52.799-0100: 60.598: Total time for which application threads were stopped: 0.0002147 seconds, Stopping threads took: 0.0000454 seconds
2016-10-05T13:25:52.869-0100: 60.669: Total time for which application threads were stopped: 0.0002617 seconds, Stopping threads took: 0.0000503 seconds
2016-10-05T13:25:52.882-0100: 60.682: Total time for which application threads were stopped: 0.0001984 seconds, Stopping threads took: 0.0000446 seconds
2016-10-05T13:25:53.883-0100: 61.682: Total time for which application threads were stopped: 0.0002036 seconds, Stopping threads took: 0.0000387 seconds
2016-10-05T13:25:54.124-0100: 61.923: Total time for which application threads were stopped: 0.0002018 seconds, Stopping threads took: 0.0000457 seconds
2016-10-05T13:25:54.125-0100: 61.924: Total time for which application threads were stopped: 0.0002805 seconds, Stopping threads took: 0.0000327 seconds
2016-10-05T13:25:54.142-0100: 61.942: Total time for which application threads were stopped: 0.0001825 seconds, Stopping threads took: 0.0000315 seconds
2016-10-05T13:25:54.152-0100: 61.952: Total time for which application threads were stopped: 0.0001927 seconds, Stopping threads took: 0.0000490 seconds
2016-10-05T13:25:54.153-0100: 61.952: Total time for which application threads were stopped: 0.0001742 seconds, Stopping threads took: 0.0000319 seconds
2016-10-05T13:25:54.159-0100: 61.959: Total time for which application threads were stopped: 0.0001733 seconds, Stopping threads took: 0.0000341 seconds
2016-10-05T13:25:54.161-0100: 61.960: Total time for which application threads were stopped: 0.0001893 seconds, Stopping threads took: 0.0000452 seconds
2016-10-05T13:25:54.162-0100: 61.961: Total time for which application threads were stopped: 0.0001710 seconds, Stopping threads took: 0.0000268 seconds
2016-10-05T13:25:55.133-0100: 62.932: Total time for which application threads were stopped: 0.0001887 seconds, Stopping threads took: 0.0000306 seconds
2016-10-05T13:25:55.134-0100: 62.933: Total time for which application threads were stopped: 0.0001233 seconds, Stopping threads took: 0.0000225 seconds
2016-10-05T13:25:55.134-0100: 62.933: Total time for which application threads were stopped: 0.0001152 seconds, Stopping threads took: 0.0000318 seconds
2016-10-05T13:25:55.149-0100: 62.949: Total time for which application threads were stopped: 0.0002148 seconds, Stopping threads took: 0.0000360 seconds
2016-10-05T13:25:55.149-0100: 62.949: Total time for which application threads were stopped: 0.0001171 seconds, Stopping threads took: 0.0000239 seconds
2016-10-05T13:25:55.150-0100: 62.949: Total time for which application threads were stopped: 0.0000948 seconds, Stopping threads took: 0.0000336 seconds
2016-10-05T13:25:55.167-0100: 62.966: Total time for which application threads were stopped: 0.0002441 seconds, Stopping threads took: 0.0000490 seconds
2016-10-05T13:25:55.167-0100: 62.967: Total time for which application threads were stopped: 0.0001293 seconds, Stopping threads took: 0.0000169 seconds
2016-10-05T13:25:55.167-0100: 62.967: Total time for which application threads were stopped: 0.0001215 seconds, Stopping threads took: 0.0000172 seconds
2016-10-05T13:25:55.168-0100: 62.967: Total time for which application threads were stopped: 0.0001324 seconds, Stopping threads took: 0.0000130 seconds
2016-10-05T13:25:55.168-0100: 62.968: Total time for which application threads were stopped: 0.0001584 seconds, Stopping threads took: 0.0000184 seconds
2016-10-05T13:25:55.169-0100: 62.969: Total time for which application threads were stopped: 0.0001674 seconds, Stopping threads took: 0.0000295 seconds
2016-10-05T13:25:55.170-0100: 62.969: Total time for which application threads were stopped: 0.0001928 seconds, Stopping threads took: 0.0000362 seconds
2016-10-05T13:25:55.172-0100: 62.971: Total time for which application threads were stopped: 0.0001218 seconds, Stopping threads took: 0.0000267 seconds
2016-10-05T13:25:55.176-0100: 62.976: Total time for which application threads were stopped: 0.0001808 seconds, Stopping threads took: 0.0000487 seconds
2016-10-05T13:25:55.177-0100: 62.976: Total time for which application threads were stopped: 0.0000845 seconds, Stopping threads took: 0.0000122 seconds
2016-10-05T13:25:55.177-0100: 62.976: Total time for which application threads were stopped: 0.0000701 seconds, Stopping threads took: 0.0000108 seconds
2016-10-05T13:25:55.180-0100: 62.980: Total time for which application threads were stopped: 0.0001879 seconds, Stopping threads took: 0.0000320 seconds
2016-10-05T13:25:55.181-0100: 62.980: Total time for which application threads were stopped: 0.0001478 seconds, Stopping threads took: 0.0000253 seconds
2016-10-05T13:25:55.181-0100: 62.980: Total time for which application threads were stopped: 0.0001112 seconds, Stopping threads took: 0.0000129 seconds
{Heap before GC invocations=10 (full 2):
 par new generation   total 109248K, used 109248K [0x00000007a0000000, 0x00000007a8000000, 0x00000007a8000000)
  eden space 87424K, 100% used [0x00000007a0000000, 0x00000007a5560000, 0x00000007a5560000)
  from space 21824K, 100% used [0x00000007a5560000, 0x00000007a6ab0000, 0x00000007a6ab0000)
  to   space 21824K,   0% used [0x00000007a6ab0000, 0x00000007a6ab0000, 0x00000007a8000000)
 concurrent mark-sweep generation total 393216K, used 13190K [0x00000007a8000000, 0x00000007c0000000, 0x00000007c0000000)
 Metaspace       used 35848K, capacity 36288K, committed 36636K, reserved 1081344K
  class space    used 4098K, capacity 4229K, committed 4304K, reserved 1048576K
2016-10-05T13:25:55.478-0100: 63.277: [GC (Allocation Failure) 2016-10-05T13:25:55.478-0100: 63.277: [ParNew
Desired survivor size 20112992 bytes, new threshold 8 (max 8)
- age   1:    4169304 bytes,    4169304 total
- age   2:     740512 bytes,    4909816 total
- age   3:    2505800 bytes,    7415616 total
- age   4:    5765216 bytes,   13180832 total
- age   5:     770960 bytes,   13951792 total
- age   6:     224656 bytes,   14176448 total
- age   7:    3067680 bytes,   17244128 total
- age   8:     458936 bytes,   17703064 total
: 109248K->20019K(109248K), 0.0236472 secs] 122438K->34628K(502464K), 0.0237466 secs] [Times: user=0.08 sys=0.00, real=0.03 secs] 
Heap after GC invocations=11 (full 2):
 par new generation   total 109248K, used 20019K [0x00000007a0000000, 0x00000007a8000000, 0x00000007a8000000)
  eden space 87424K,   0% used [0x00000007a0000000, 0x00000007a0000000, 0x00000007a5560000)
  from space 21824K,  91% used [0x00000007a6ab0000, 0x00000007a7e3ccb8, 0x00000007a8000000)
  to   space 21824K,   0% used [0x00000007a5560000, 0x00000007a5560000, 0x00000007a6ab0000)
 concurrent mark-sweep generation total 393216K, used 14609K [0x00000007a8000000, 0x00000007c0000000, 0x00000007c0000000)
 Metaspace       used 35848K, capacity 36288K, committed 36636K, reserved 1081344K
  class space    used 4098K, capacity 4229K, committed 4304K, reserved 1048576K
}
2016-10-05T13:25:55.502-0100: 63.301: Total time for which application threads were stopped: 0.0240042 seconds, Stopping threads took: 0.0000331 seconds
2016-10-05T13:25:55.502-0100: 63.302: Total time for which application threads were stopped: 0.0001893 seconds, Stopping threads took: 0.0000734 seconds
2016-10-05T13:25:55.502-0100: 63.302: Total time for which application threads were stopped: 0.0001485 seconds, Stopping threads took: 0.0000591 seconds
2016-10-05T13:25:55.574-0100: 63.374: Total time for which application threads were stopped: 0.0001865 seconds, Stopping threads took: 0.0000307 seconds
2016-10-05T13:25:55.581-0100: 63.381: [CMS-concurrent-abortable-preclean: 2.036/4.039 secs] [Times: user=4.34 sys=0.14, real=4.04 secs] 
2016-10-05T13:25:55.582-0100: 63.381: [GC (CMS Final Remark) [YG occupancy: 68085 K (109248 K)]{Heap before GC invocations=11 (full 2):
 par new generation   total 109248K, used 68085K [0x00000007a0000000, 0x00000007a8000000, 0x00000007a8000000)
  eden space 87424K,  54% used [0x00000007a0000000, 0x00000007a2ef0b38, 0x00000007a5560000)
  from space 21824K,  91% used [0x00000007a6ab0000, 0x00000007a7e3ccb8, 0x00000007a8000000)
  to   space 21824K,   0% used [0x00000007a5560000, 0x00000007a5560000, 0x00000007a6ab0000)
 concurrent mark-sweep generation total 393216K, used 14609K [0x00000007a8000000, 0x00000007c0000000, 0x00000007c0000000)
 Metaspace       used 35895K, capacity 36422K, committed 36712K, reserved 1081344K
  class space    used 4098K, capacity 4230K, committed 4304K, reserved 1048576K
2016-10-05T13:25:55.582-0100: 63.381: [GC (CMS Final Remark) 2016-10-05T13:25:55.582-0100: 63.381: [ParNew
Desired survivor size 20112992 bytes, new threshold 8 (max 8)
- age   1:     349640 bytes,     349640 total
- age   2:    3256256 bytes,    3605896 total
- age   3:     730768 bytes,    4336664 total
- age   4:    2505600 bytes,    6842264 total
- age   5:    5765216 bytes,   12607480 total
- age   6:     770960 bytes,   13378440 total
- age   7:     224656 bytes,   13603096 total
- age   8:    3067680 bytes,   16670776 total
: 68085K->21824K(109248K), 0.0173773 secs] 82695K->36891K(502464K), 0.0174596 secs] [Times: user=0.06 sys=0.01, real=0.01 secs] 
Heap after GC invocations=12 (full 2):
 par new generation   total 109248K, used 21824K [0x00000007a0000000, 0x00000007a8000000, 0x00000007a8000000)
  eden space 87424K,   0% used [0x00000007a0000000, 0x00000007a0000000, 0x00000007a5560000)
  from space 21824K, 100% used [0x00000007a5560000, 0x00000007a6ab0000, 0x00000007a6ab0000)
  to   space 21824K,   0% used [0x00000007a6ab0000, 0x00000007a6ab0000, 0x00000007a8000000)
 concurrent mark-sweep generation total 393216K, used 15067K [0x00000007a8000000, 0x00000007c0000000, 0x00000007c0000000)
 Metaspace       used 35895K, capacity 36422K, committed 36712K, reserved 1081344K
  class space    used 4098K, capacity 4230K, committed 4304K, reserved 1048576K
}
2016-10-05T13:25:55.599-0100: 63.399: [Rescan (parallel) , 0.0060561 secs]2016-10-05T13:25:55.605-0100: 63.405: [weak refs processing, 0.0009987 secs]2016-10-05T13:25:55.606-0100: 63.406: [class unloading, 0.0066565 secs]2016-10-05T13:25:55.613-0100: 63.412: [scrub symbol table, 0.0058373 secs]2016-10-05T13:25:55.619-0100: 63.418: [scrub string table, 0.0003911 secs][1 CMS-remark: 15067K(393216K)] 36891K(502464K), 0.0397526 secs] [Times: user=0.09 sys=0.01, real=0.04 secs] 
2016-10-05T13:25:55.621-0100: 63.421: Total time for which application threads were stopped: 0.0399769 seconds, Stopping threads took: 0.0000430 seconds
2016-10-05T13:25:55.622-0100: 63.421: [CMS-concurrent-sweep-start]
2016-10-05T13:25:55.630-0100: 63.429: Total time for which application threads were stopped: 0.0001558 seconds, Stopping threads took: 0.0000414 seconds
2016-10-05T13:25:55.633-0100: 63.432: [CMS-concurrent-sweep: 0.011/0.011 secs] [Times: user=0.03 sys=0.00, real=0.01 secs] 
2016-10-05T13:25:55.633-0100: 63.432: [CMS-concurrent-reset-start]
2016-10-05T13:25:55.634-0100: 63.433: [CMS-concurrent-reset: 0.001/0.001 secs] [Times: user=0.00 sys=0.00, real=0.00 secs] 
2016-10-05T13:25:56.633-0100: 64.433: Total time for which application threads were stopped: 0.0002569 seconds, Stopping threads took: 0.0000538 seconds
2016-10-05T13:25:56.844-0100: 64.644: Total time for which application threads were stopped: 0.0001313 seconds, Stopping threads took: 0.0000340 seconds
2016-10-05T13:25:56.845-0100: 64.644: Total time for which application threads were stopped: 0.0001426 seconds, Stopping threads took: 0.0000199 seconds
2016-10-05T13:25:56.845-0100: 64.644: Total time for which application threads were stopped: 0.0001108 seconds, Stopping threads took: 0.0000123 seconds
2016-10-05T13:25:56.845-0100: 64.645: Total time for which application threads were stopped: 0.0001083 seconds, Stopping threads took: 0.0000364 seconds
2016-10-05T13:25:56.845-0100: 64.645: Total time for which application threads were stopped: 0.0000798 seconds, Stopping threads took: 0.0000280 seconds
2016-10-05T13:25:56.846-0100: 64.645: Total time for which application threads were stopped: 0.0000806 seconds, Stopping threads took: 0.0000221 seconds
2016-10-05T13:25:56.852-0100: 64.651: Total time for which application threads were stopped: 0.0001489 seconds, Stopping threads took: 0.0000347 seconds
2016-10-05T13:25:56.852-0100: 64.652: Total time for which application threads were stopped: 0.0000688 seconds, Stopping threads took: 0.0000091 seconds
2016-10-05T13:25:56.853-0100: 64.652: Total time for which application threads were stopped: 0.0000574 seconds, Stopping threads took: 0.0000071 seconds
2016-10-05T13:25:56.860-0100: 64.659: Total time for which application threads were stopped: 0.0001996 seconds, Stopping threads took: 0.0000481 seconds
2016-10-05T13:25:56.860-0100: 64.660: Total time for which application threads were stopped: 0.0001279 seconds, Stopping threads took: 0.0000152 seconds
2016-10-05T13:25:56.860-0100: 64.660: Total time for which application threads were stopped: 0.0000989 seconds, Stopping threads took: 0.0000102 seconds
2016-10-05T13:25:56.862-0100: 64.662: Total time for which application threads were stopped: 0.0001719 seconds, Stopping threads took: 0.0000340 seconds
2016-10-05T13:25:56.862-0100: 64.662: Total time for which application threads were stopped: 0.0001194 seconds, Stopping threads took: 0.0000144 seconds
2016-10-05T13:25:56.967-0100: 64.766: Total time for which application threads were stopped: 0.0002399 seconds, Stopping threads took: 0.0000507 seconds
2016-10-05T13:25:57.849-0100: 65.649: Total time for which application threads were stopped: 0.0002208 seconds, Stopping threads took: 0.0000372 seconds
2016-10-05T13:25:57.849-0100: 65.649: Total time for which application threads were stopped: 0.0000934 seconds, Stopping threads took: 0.0000094 seconds
2016-10-05T13:25:57.850-0100: 65.649: Total time for which application threads were stopped: 0.0000558 seconds, Stopping threads took: 0.0000067 seconds
2016-10-05T13:25:57.852-0100: 65.652: Total time for which application threads were stopped: 0.0001516 seconds, Stopping threads took: 0.0000251 seconds
2016-10-05T13:25:57.854-0100: 65.653: Total time for which application threads were stopped: 0.0001373 seconds, Stopping threads took: 0.0000282 seconds
2016-10-05T13:25:57.854-0100: 65.654: Total time for which application threads were stopped: 0.0001361 seconds, Stopping threads took: 0.0000430 seconds
2016-10-05T13:25:57.855-0100: 65.654: Total time for which application threads were stopped: 0.0001550 seconds, Stopping threads took: 0.0000253 seconds
2016-10-05T13:25:57.855-0100: 65.654: Total time for which application threads were stopped: 0.0001756 seconds, Stopping threads took: 0.0000610 seconds
2016-10-05T13:25:57.865-0100: 65.665: Total time for which application threads were stopped: 0.0002708 seconds, Stopping threads took: 0.0000880 seconds
2016-10-05T13:25:57.866-0100: 65.665: Total time for which application threads were stopped: 0.0001674 seconds, Stopping threads took: 0.0000370 seconds
2016-10-05T13:25:57.866-0100: 65.665: Total time for which application threads were stopped: 0.0002941 seconds, Stopping threads took: 0.0001638 seconds
2016-10-05T13:25:57.872-0100: 65.672: Total time for which application threads were stopped: 0.0002668 seconds, Stopping threads took: 0.0001113 seconds
2016-10-05T13:25:57.883-0100: 65.682: Total time for which application threads were stopped: 0.0001722 seconds, Stopping threads took: 0.0000341 seconds
2016-10-05T13:25:57.883-0100: 65.683: Total time for which application threads were stopped: 0.0001635 seconds, Stopping threads took: 0.0000370 seconds
2016-10-05T13:25:57.884-0100: 65.683: Total time for which application threads were stopped: 0.0001299 seconds, Stopping threads took: 0.0000168 seconds
{Heap before GC invocations=12 (full 2):
 par new generation   total 109248K, used 109248K [0x00000007a0000000, 0x00000007a8000000, 0x00000007a8000000)
  eden space 87424K, 100% used [0x00000007a0000000, 0x00000007a5560000, 0x00000007a5560000)
  from space 21824K, 100% used [0x00000007a5560000, 0x00000007a6ab0000, 0x00000007a6ab0000)
  to   space 21824K,   0% used [0x00000007a6ab0000, 0x00000007a6ab0000, 0x00000007a8000000)
 concurrent mark-sweep generation total 393216K, used 13947K [0x00000007a8000000, 0x00000007c0000000, 0x00000007c0000000)
 Metaspace       used 36104K, capacity 36560K, committed 36968K, reserved 1081344K
  class space    used 4100K, capacity 4231K, committed 4304K, reserved 1048576K
2016-10-05T13:25:58.632-0100: 66.431: [GC (Allocation Failure) 2016-10-05T13:25:58.632-0100: 66.431: [ParNew
Desired survivor size 20112992 bytes, new threshold 8 (max 8)
- age   1:    3741480 bytes,    3741480 total
- age   2:     332872 bytes,    4074352 total
- age   3:    3198368 bytes,    7272720 total
- age   4:     730768 bytes,    8003488 total
- age   5:    2502688 bytes,   10506176 total
- age   6:    5764208 bytes,   16270384 total
- age   7:     770960 bytes,   17041344 total
- age   8:     224656 bytes,   17266000 total
: 109248K->21327K(109248K), 0.0283726 secs] 123195K->38438K(502464K), 0.0284715 secs] [Times: user=0.10 sys=0.00, real=0.03 secs] 
Heap after GC invocations=13 (full 2):
 par new generation   total 109248K, used 21327K [0x00000007a0000000, 0x00000007a8000000, 0x00000007a8000000)
  eden space 87424K,   0% used [0x00000007a0000000, 0x00000007a0000000, 0x00000007a5560000)
  from space 21824K,  97% used [0x00000007a6ab0000, 0x00000007a7f83e90, 0x00000007a8000000)
  to   space 21824K,   0% used [0x00000007a5560000, 0x00000007a5560000, 0x00000007a6ab0000)
 concurrent mark-sweep generation total 393216K, used 17110K [0x00000007a8000000, 0x00000007c0000000, 0x00000007c0000000)
 Metaspace       used 36104K, capacity 36560K, committed 36968K, reserved 1081344K
  class space    used 4100K, capacity 4231K, committed 4304K, reserved 1048576K
}
2016-10-05T13:25:58.660-0100: 66.460: Total time for which application threads were stopped: 0.0287801 seconds, Stopping threads took: 0.0000383 seconds
2016-10-05T13:25:58.661-0100: 66.460: Total time for which application threads were stopped: 0.0002478 seconds, Stopping threads took: 0.0000928 seconds
2016-10-05T13:25:58.711-0100: 66.510: Total time for which application threads were stopped: 0.0002271 seconds, Stopping threads took: 0.0000504 seconds
2016-10-05T13:25:58.731-0100: 66.530: Total time for which application threads were stopped: 0.0001961 seconds, Stopping threads took: 0.0000384 seconds
2016-10-05T13:25:59.733-0100: 67.532: Total time for which application threads were stopped: 0.0002608 seconds, Stopping threads took: 0.0000566 seconds
2016-10-05T13:25:59.940-0100: 67.739: Total time for which application threads were stopped: 0.0001873 seconds, Stopping threads took: 0.0000369 seconds
2016-10-05T13:25:59.941-0100: 67.740: Total time for which application threads were stopped: 0.0001657 seconds, Stopping threads took: 0.0000275 seconds
2016-10-05T13:25:59.941-0100: 67.740: Total time for which application threads were stopped: 0.0000968 seconds, Stopping threads took: 0.0000095 seconds
2016-10-05T13:25:59.941-0100: 67.740: Total time for which application threads were stopped: 0.0001127 seconds, Stopping threads took: 0.0000102 seconds
2016-10-05T13:25:59.944-0100: 67.744: Total time for which application threads were stopped: 0.0001775 seconds, Stopping threads took: 0.0000338 seconds
2016-10-05T13:25:59.945-0100: 67.744: Total time for which application threads were stopped: 0.0001118 seconds, Stopping threads took: 0.0000130 seconds
2016-10-05T13:25:59.952-0100: 67.751: Total time for which application threads were stopped: 0.0001697 seconds, Stopping threads took: 0.0000491 seconds
2016-10-05T13:25:59.952-0100: 67.751: Total time for which application threads were stopped: 0.0001124 seconds, Stopping threads took: 0.0000486 seconds
2016-10-05T13:25:59.952-0100: 67.751: Total time for which application threads were stopped: 0.0000673 seconds, Stopping threads took: 0.0000099 seconds
2016-10-05T13:25:59.953-0100: 67.753: Total time for which application threads were stopped: 0.0001680 seconds, Stopping threads took: 0.0000729 seconds
2016-10-05T13:25:59.953-0100: 67.753: Total time for which application threads were stopped: 0.0000739 seconds, Stopping threads took: 0.0000185 seconds
2016-10-05T13:26:00.950-0100: 68.750: Total time for which application threads were stopped: 0.0002460 seconds, Stopping threads took: 0.0000384 seconds
2016-10-05T13:26:00.950-0100: 68.750: Total time for which application threads were stopped: 0.0001070 seconds, Stopping threads took: 0.0000125 seconds
2016-10-05T13:26:00.951-0100: 68.750: Total time for which application threads were stopped: 0.0001007 seconds, Stopping threads took: 0.0000122 seconds
2016-10-05T13:26:00.951-0100: 68.751: Total time for which application threads were stopped: 0.0001205 seconds, Stopping threads took: 0.0000135 seconds
2016-10-05T13:26:00.952-0100: 68.751: Total time for which application threads were stopped: 0.0001339 seconds, Stopping threads took: 0.0000162 seconds
2016-10-05T13:26:00.953-0100: 68.752: Total time for which application threads were stopped: 0.0001195 seconds, Stopping threads took: 0.0000146 seconds
2016-10-05T13:26:00.957-0100: 68.756: Total time for which application threads were stopped: 0.0001895 seconds, Stopping threads took: 0.0000361 seconds
2016-10-05T13:26:00.963-0100: 68.762: Total time for which application threads were stopped: 0.0002178 seconds, Stopping threads took: 0.0000319 seconds
2016-10-05T13:26:00.963-0100: 68.763: Total time for which application threads were stopped: 0.0001796 seconds, Stopping threads took: 0.0000286 seconds
2016-10-05T13:26:00.964-0100: 68.763: Total time for which application threads were stopped: 0.0001520 seconds, Stopping threads took: 0.0000234 seconds
{Heap before GC invocations=13 (full 2):
 par new generation   total 109248K, used 108751K [0x00000007a0000000, 0x00000007a8000000, 0x00000007a8000000)
  eden space 87424K, 100% used [0x00000007a0000000, 0x00000007a5560000, 0x00000007a5560000)
  from space 21824K,  97% used [0x00000007a6ab0000, 0x00000007a7f83e90, 0x00000007a8000000)
  to   space 21824K,   0% used [0x00000007a5560000, 0x00000007a5560000, 0x00000007a6ab0000)
 concurrent mark-sweep generation total 393216K, used 17110K [0x00000007a8000000, 0x00000007c0000000, 0x00000007c0000000)
 Metaspace       used 36196K, capacity 36696K, committed 36968K, reserved 1081344K
  class space    used 4102K, capacity 4233K, committed 4304K, reserved 1048576K
2016-10-05T13:26:01.328-0100: 69.127: [GC (Allocation Failure) 2016-10-05T13:26:01.328-0100: 69.127: [ParNew
Desired survivor size 20112992 bytes, new threshold 8 (max 8)
- age   1:    3711112 bytes,    3711112 total
- age   2:    2976888 bytes,    6688000 total
- age   3:     332872 bytes,    7020872 total
- age   4:    3198048 bytes,   10218920 total
- age   5:     730768 bytes,   10949688 total
- age   6:    2502192 bytes,   13451880 total
- age   7:    5763824 bytes,   19215704 total
- age   8:     770960 bytes,   19986664 total
: 108751K->21824K(109248K), 0.0248260 secs] 125862K->39162K(502464K), 0.0249180 secs] [Times: user=0.08 sys=0.01, real=0.03 secs] 
Heap after GC invocations=14 (full 2):
 par new generation   total 109248K, used 21824K [0x00000007a0000000, 0x00000007a8000000, 0x00000007a8000000)
  eden space 87424K,   0% used [0x00000007a0000000, 0x00000007a0000000, 0x00000007a5560000)
  from space 21824K, 100% used [0x00000007a5560000, 0x00000007a6ab0000, 0x00000007a6ab0000)
  to   space 21824K,   0% used [0x00000007a6ab0000, 0x00000007a6ab0000, 0x00000007a8000000)
 concurrent mark-sweep generation total 393216K, used 17338K [0x00000007a8000000, 0x00000007c0000000, 0x00000007c0000000)
 Metaspace       used 36196K, capacity 36696K, committed 36968K, reserved 1081344K
  class space    used 4102K, capacity 4233K, committed 4304K, reserved 1048576K
}
2016-10-05T13:26:01.353-0100: 69.152: Total time for which application threads were stopped: 0.0253585 seconds, Stopping threads took: 0.0001748 seconds
2016-10-05T13:26:01.353-0100: 69.153: Total time for which application threads were stopped: 0.0001758 seconds, Stopping threads took: 0.0000616 seconds
2016-10-05T13:26:01.354-0100: 69.153: Total time for which application threads were stopped: 0.0000855 seconds, Stopping threads took: 0.0000248 seconds
2016-10-05T13:26:01.436-0100: 69.235: Total time for which application threads were stopped: 0.0002467 seconds, Stopping threads took: 0.0000511 seconds
2016-10-05T13:26:01.451-0100: 69.250: Total time for which application threads were stopped: 0.0005802 seconds, Stopping threads took: 0.0001414 seconds
2016-10-05T13:26:02.456-0100: 70.255: Total time for which application threads were stopped: 0.0003111 seconds, Stopping threads took: 0.0000793 seconds
2016-10-05T13:26:02.665-0100: 70.465: Total time for which application threads were stopped: 0.0001958 seconds, Stopping threads took: 0.0000471 seconds
2016-10-05T13:26:02.666-0100: 70.465: Total time for which application threads were stopped: 0.0001432 seconds, Stopping threads took: 0.0000160 seconds
2016-10-05T13:26:02.672-0100: 70.471: Total time for which application threads were stopped: 0.0001631 seconds, Stopping threads took: 0.0000292 seconds
2016-10-05T13:26:02.672-0100: 70.471: Total time for which application threads were stopped: 0.0001226 seconds, Stopping threads took: 0.0000152 seconds
2016-10-05T13:26:02.672-0100: 70.471: Total time for which application threads were stopped: 0.0001021 seconds, Stopping threads took: 0.0000098 seconds
2016-10-05T13:26:02.673-0100: 70.472: Total time for which application threads were stopped: 0.0002182 seconds, Stopping threads took: 0.0001439 seconds
2016-10-05T13:26:02.673-0100: 70.472: Total time for which application threads were stopped: 0.0000704 seconds, Stopping threads took: 0.0000165 seconds
2016-10-05T13:26:02.673-0100: 70.472: Total time for which application threads were stopped: 0.0000883 seconds, Stopping threads took: 0.0000259 seconds
2016-10-05T13:26:02.685-0100: 70.484: Total time for which application threads were stopped: 0.0002008 seconds, Stopping threads took: 0.0000352 seconds
2016-10-05T13:26:02.685-0100: 70.485: Total time for which application threads were stopped: 0.0001642 seconds, Stopping threads took: 0.0000345 seconds
2016-10-05T13:26:02.686-0100: 70.485: Total time for which application threads were stopped: 0.0001215 seconds, Stopping threads took: 0.0000131 seconds
2016-10-05T13:26:02.688-0100: 70.487: Total time for which application threads were stopped: 0.0001991 seconds, Stopping threads took: 0.0000375 seconds
2016-10-05T13:26:02.688-0100: 70.488: Total time for which application threads were stopped: 0.0001843 seconds, Stopping threads took: 0.0000409 seconds
2016-10-05T13:26:02.814-0100: 70.613: Total time for which application threads were stopped: 0.0002293 seconds, Stopping threads took: 0.0000379 seconds
2016-10-05T13:26:02.857-0100: 70.656: Total time for which application threads were stopped: 0.0001855 seconds, Stopping threads took: 0.0000355 seconds
2016-10-05T13:26:02.869-0100: 70.669: Total time for which application threads were stopped: 0.0007414 seconds, Stopping threads took: 0.0001718 seconds
2016-10-05T13:26:02.878-0100: 70.677: Total time for which application threads were stopped: 0.0006161 seconds, Stopping threads took: 0.0000802 seconds
2016-10-05T13:26:02.880-0100: 70.679: Total time for which application threads were stopped: 0.0003903 seconds, Stopping threads took: 0.0000707 seconds
2016-10-05T13:26:02.882-0100: 70.681: Total time for which application threads were stopped: 0.0006410 seconds, Stopping threads took: 0.0002262 seconds
2016-10-05T13:26:02.893-0100: 70.693: Total time for which application threads were stopped: 0.0116105 seconds, Stopping threads took: 0.0112438 seconds
2016-10-05T13:26:02.908-0100: 70.707: Total time for which application threads were stopped: 0.0001822 seconds, Stopping threads took: 0.0000363 seconds
2016-10-05T13:26:02.909-0100: 70.708: Total time for which application threads were stopped: 0.0001733 seconds, Stopping threads took: 0.0000322 seconds
2016-10-05T13:26:02.909-0100: 70.708: Total time for which application threads were stopped: 0.0000965 seconds, Stopping threads took: 0.0000106 seconds
2016-10-05T13:26:02.910-0100: 70.709: Total time for which application threads were stopped: 0.0001487 seconds, Stopping threads took: 0.0000244 seconds
2016-10-05T13:26:02.910-0100: 70.710: Total time for which application threads were stopped: 0.0001349 seconds, Stopping threads took: 0.0000184 seconds
2016-10-05T13:26:02.912-0100: 70.711: Total time for which application threads were stopped: 0.0001803 seconds, Stopping threads took: 0.0000312 seconds
2016-10-05T13:26:02.926-0100: 70.726: Total time for which application threads were stopped: 0.0001946 seconds, Stopping threads took: 0.0000373 seconds
2016-10-05T13:26:02.930-0100: 70.729: Total time for which application threads were stopped: 0.0004844 seconds, Stopping threads took: 0.0000930 seconds
2016-10-05T13:26:02.931-0100: 70.730: Total time for which application threads were stopped: 0.0003624 seconds, Stopping threads took: 0.0000437 seconds
2016-10-05T13:26:02.948-0100: 70.747: Total time for which application threads were stopped: 0.0031569 seconds, Stopping threads took: 0.0029755 seconds
2016-10-05T13:26:02.948-0100: 70.747: Total time for which application threads were stopped: 0.0001091 seconds, Stopping threads took: 0.0000185 seconds
2016-10-05T13:26:02.948-0100: 70.747: Total time for which application threads were stopped: 0.0000873 seconds, Stopping threads took: 0.0000095 seconds
{Heap before GC invocations=14 (full 2):
 par new generation   total 109248K, used 109248K [0x00000007a0000000, 0x00000007a8000000, 0x00000007a8000000)
  eden space 87424K, 100% used [0x00000007a0000000, 0x00000007a5560000, 0x00000007a5560000)
  from space 21824K, 100% used [0x00000007a5560000, 0x00000007a6ab0000, 0x00000007a6ab0000)
  to   space 21824K,   0% used [0x00000007a6ab0000, 0x00000007a6ab0000, 0x00000007a8000000)
 concurrent mark-sweep generation total 393216K, used 17338K [0x00000007a8000000, 0x00000007c0000000, 0x00000007c0000000)
 Metaspace       used 36407K, capacity 36980K, committed 37072K, reserved 1081344K
  class space    used 4115K, capacity 4257K, committed 4304K, reserved 1048576K
2016-10-05T13:26:03.127-0100: 70.926: [GC (Allocation Failure) 2016-10-05T13:26:03.127-0100: 70.926: [ParNew
Desired survivor size 20112992 bytes, new threshold 8 (max 8)
- age   1:    3620704 bytes,    3620704 total
- age   2:    2659424 bytes,    6280128 total
- age   3:    2884536 bytes,    9164664 total
- age   4:     332872 bytes,    9497536 total
- age   5:    3196224 bytes,   12693760 total
- age   6:     730768 bytes,   13424528 total
- age   7:    2013456 bytes,   15437984 total
- age   8:    5546928 bytes,   20984912 total
: 109248K->21824K(109248K), 0.0388512 secs] 126586K->40972K(502464K), 0.0389613 secs] [Times: user=0.09 sys=0.00, real=0.04 secs] 
Heap after GC invocations=15 (full 2):
 par new generation   total 109248K, used 21824K [0x00000007a0000000, 0x00000007a8000000, 0x00000007a8000000)
  eden space 87424K,   0% used [0x00000007a0000000, 0x00000007a0000000, 0x00000007a5560000)
  from space 21824K, 100% used [0x00000007a6ab0000, 0x00000007a8000000, 0x00000007a8000000)
  to   space 21824K,   0% used [0x00000007a5560000, 0x00000007a5560000, 0x00000007a6ab0000)
 concurrent mark-sweep generation total 393216K, used 19148K [0x00000007a8000000, 0x00000007c0000000, 0x00000007c0000000)
 Metaspace       used 36407K, capacity 36980K, committed 37072K, reserved 1081344K
  class space    used 4115K, capacity 4257K, committed 4304K, reserved 1048576K
}
2016-10-05T13:26:03.166-0100: 70.965: Total time for which application threads were stopped: 0.0392817 seconds, Stopping threads took: 0.0000373 seconds
2016-10-05T13:26:03.167-0100: 70.966: Total time for which application threads were stopped: 0.0005962 seconds, Stopping threads took: 0.0000669 seconds
2016-10-05T13:26:03.670-0100: 71.469: Total time for which application threads were stopped: 0.0001420 seconds, Stopping threads took: 0.0000263 seconds
2016-10-05T13:26:03.670-0100: 71.469: Total time for which application threads were stopped: 0.0000947 seconds, Stopping threads took: 0.0000227 seconds
2016-10-05T13:26:03.670-0100: 71.469: Total time for which application threads were stopped: 0.0000755 seconds, Stopping threads took: 0.0000120 seconds
2016-10-05T13:26:03.675-0100: 71.475: Total time for which application threads were stopped: 0.0001849 seconds, Stopping threads took: 0.0000412 seconds
2016-10-05T13:26:03.676-0100: 71.475: Total time for which application threads were stopped: 0.0001416 seconds, Stopping threads took: 0.0000303 seconds
2016-10-05T13:26:03.676-0100: 71.475: Total time for which application threads were stopped: 0.0001146 seconds, Stopping threads took: 0.0000141 seconds
2016-10-05T13:26:03.678-0100: 71.477: Total time for which application threads were stopped: 0.0002483 seconds, Stopping threads took: 0.0000720 seconds
2016-10-05T13:26:03.680-0100: 71.479: Total time for which application threads were stopped: 0.0005261 seconds, Stopping threads took: 0.0000345 seconds
2016-10-05T13:26:03.682-0100: 71.481: Total time for which application threads were stopped: 0.0003144 seconds, Stopping threads took: 0.0001330 seconds
2016-10-05T13:26:03.682-0100: 71.481: Total time for which application threads were stopped: 0.0001849 seconds, Stopping threads took: 0.0000382 seconds
2016-10-05T13:26:03.682-0100: 71.482: Total time for which application threads were stopped: 0.0002237 seconds, Stopping threads took: 0.0000836 seconds
2016-10-05T13:26:03.704-0100: 71.503: Total time for which application threads were stopped: 0.0002017 seconds, Stopping threads took: 0.0000345 seconds
2016-10-05T13:26:03.718-0100: 71.517: Total time for which application threads were stopped: 0.0002068 seconds, Stopping threads took: 0.0000388 seconds
2016-10-05T13:26:03.719-0100: 71.518: Total time for which application threads were stopped: 0.0001753 seconds, Stopping threads took: 0.0000234 seconds
2016-10-05T13:26:03.720-0100: 71.519: Total time for which application threads were stopped: 0.0001666 seconds, Stopping threads took: 0.0000316 seconds
{Heap before GC invocations=15 (full 2):
 par new generation   total 109248K, used 109248K [0x00000007a0000000, 0x00000007a8000000, 0x00000007a8000000)
  eden space 87424K, 100% used [0x00000007a0000000, 0x00000007a5560000, 0x00000007a5560000)
  from space 21824K, 100% used [0x00000007a6ab0000, 0x00000007a8000000, 0x00000007a8000000)
  to   space 21824K,   0% used [0x00000007a5560000, 0x00000007a5560000, 0x00000007a6ab0000)
 concurrent mark-sweep generation total 393216K, used 19148K [0x00000007a8000000, 0x00000007c0000000, 0x00000007c0000000)
 Metaspace       used 36458K, capacity 36986K, committed 37072K, reserved 1081344K
  class space    used 4115K, capacity 4258K, committed 4304K, reserved 1048576K
2016-10-05T13:26:04.491-0100: 72.290: [GC (Allocation Failure) 2016-10-05T13:26:04.491-0100: 72.290: [ParNew
Desired survivor size 20112992 bytes, new threshold 8 (max 8)
- age   1:    1487936 bytes,    1487936 total
- age   2:    2574576 bytes,    4062512 total
- age   3:    2639368 bytes,    6701880 total
- age   4:    2884536 bytes,    9586416 total
- age   5:     332872 bytes,    9919288 total
- age   6:    3195728 bytes,   13115016 total
- age   7:     730768 bytes,   13845784 total
- age   8:    2013456 bytes,   15859240 total
: 109248K->21824K(109248K), 0.0205743 secs] 128396K->46643K(502464K), 0.0206632 secs] [Times: user=0.06 sys=0.01, real=0.02 secs] 
Heap after GC invocations=16 (full 2):
 par new generation   total 109248K, used 21824K [0x00000007a0000000, 0x00000007a8000000, 0x00000007a8000000)
  eden space 87424K,   0% used [0x00000007a0000000, 0x00000007a0000000, 0x00000007a5560000)
  from space 21824K, 100% used [0x00000007a5560000, 0x00000007a6ab0000, 0x00000007a6ab0000)
  to   space 21824K,   0% used [0x00000007a6ab0000, 0x00000007a6ab0000, 0x00000007a8000000)
 concurrent mark-sweep generation total 393216K, used 24819K [0x00000007a8000000, 0x00000007c0000000, 0x00000007c0000000)
 Metaspace       used 36458K, capacity 36986K, committed 37072K, reserved 1081344K
  class space    used 4115K, capacity 4258K, committed 4304K, reserved 1048576K
}
2016-10-05T13:26:04.512-0100: 72.311: Total time for which application threads were stopped: 0.0209540 seconds, Stopping threads took: 0.0000627 seconds
2016-10-05T13:26:04.512-0100: 72.312: Total time for which application threads were stopped: 0.0004447 seconds, Stopping threads took: 0.0000309 seconds
2016-10-05T13:26:04.552-0100: 72.351: Total time for which application threads were stopped: 0.0001870 seconds, Stopping threads took: 0.0000330 seconds
2016-10-05T13:26:04.565-0100: 72.364: Total time for which application threads were stopped: 0.0002873 seconds, Stopping threads took: 0.0000833 seconds
2016-10-05T13:26:05.570-0100: 73.369: Total time for which application threads were stopped: 0.0002599 seconds, Stopping threads took: 0.0000501 seconds
2016-10-05T13:26:05.770-0100: 73.569: Total time for which application threads were stopped: 0.0002097 seconds, Stopping threads took: 0.0000388 seconds
2016-10-05T13:26:05.770-0100: 73.570: Total time for which application threads were stopped: 0.0001541 seconds, Stopping threads took: 0.0000198 seconds
2016-10-05T13:26:05.778-0100: 73.577: Total time for which application threads were stopped: 0.0001325 seconds, Stopping threads took: 0.0000310 seconds
2016-10-05T13:26:05.778-0100: 73.578: Total time for which application threads were stopped: 0.0000847 seconds, Stopping threads took: 0.0000106 seconds
2016-10-05T13:26:05.779-0100: 73.578: Total time for which application threads were stopped: 0.0000595 seconds, Stopping threads took: 0.0000067 seconds
2016-10-05T13:26:05.779-0100: 73.578: Total time for which application threads were stopped: 0.0000684 seconds, Stopping threads took: 0.0000086 seconds
2016-10-05T13:26:05.779-0100: 73.578: Total time for which application threads were stopped: 0.0000584 seconds, Stopping threads took: 0.0000066 seconds
2016-10-05T13:26:05.779-0100: 73.578: Total time for which application threads were stopped: 0.0000634 seconds, Stopping threads took: 0.0000078 seconds
2016-10-05T13:26:05.794-0100: 73.593: Total time for which application threads were stopped: 0.0002259 seconds, Stopping threads took: 0.0000388 seconds
2016-10-05T13:26:05.795-0100: 73.594: Total time for which application threads were stopped: 0.0001823 seconds, Stopping threads took: 0.0000231 seconds
2016-10-05T13:26:05.795-0100: 73.594: Total time for which application threads were stopped: 0.0001263 seconds, Stopping threads took: 0.0000148 seconds
2016-10-05T13:26:05.799-0100: 73.599: Total time for which application threads were stopped: 0.0002211 seconds, Stopping threads took: 0.0000511 seconds
2016-10-05T13:26:05.800-0100: 73.599: Total time for which application threads were stopped: 0.0001099 seconds, Stopping threads took: 0.0000126 seconds
2016-10-05T13:26:05.871-0100: 73.670: Total time for which application threads were stopped: 0.0002622 seconds, Stopping threads took: 0.0000548 seconds
2016-10-05T13:26:06.776-0100: 74.575: Total time for which application threads were stopped: 0.0002096 seconds, Stopping threads took: 0.0000350 seconds
2016-10-05T13:26:06.776-0100: 74.575: Total time for which application threads were stopped: 0.0001572 seconds, Stopping threads took: 0.0000257 seconds
2016-10-05T13:26:06.776-0100: 74.575: Total time for which application threads were stopped: 0.0000793 seconds, Stopping threads took: 0.0000229 seconds
2016-10-05T13:26:06.782-0100: 74.581: Total time for which application threads were stopped: 0.0002247 seconds, Stopping threads took: 0.0000352 seconds
2016-10-05T13:26:06.782-0100: 74.581: Total time for which application threads were stopped: 0.0001227 seconds, Stopping threads took: 0.0000256 seconds
2016-10-05T13:26:06.782-0100: 74.581: Total time for which application threads were stopped: 0.0000649 seconds, Stopping threads took: 0.0000090 seconds
2016-10-05T13:26:06.785-0100: 74.585: Total time for which application threads were stopped: 0.0002225 seconds, Stopping threads took: 0.0000580 seconds
2016-10-05T13:26:06.786-0100: 74.585: Total time for which application threads were stopped: 0.0001782 seconds, Stopping threads took: 0.0000588 seconds
2016-10-05T13:26:06.786-0100: 74.585: Total time for which application threads were stopped: 0.0005344 seconds, Stopping threads took: 0.0000263 seconds
2016-10-05T13:26:06.789-0100: 74.588: Total time for which application threads were stopped: 0.0002177 seconds, Stopping threads took: 0.0000507 seconds
2016-10-05T13:26:06.812-0100: 74.612: Total time for which application threads were stopped: 0.0002437 seconds, Stopping threads took: 0.0000867 seconds
2016-10-05T13:26:06.828-0100: 74.627: Total time for which application threads were stopped: 0.0004714 seconds, Stopping threads took: 0.0000993 seconds
2016-10-05T13:26:06.829-0100: 74.628: Total time for which application threads were stopped: 0.0004120 seconds, Stopping threads took: 0.0000740 seconds
2016-10-05T13:26:06.830-0100: 74.629: Total time for which application threads were stopped: 0.0002338 seconds, Stopping threads took: 0.0000300 seconds
2016-10-05T13:26:07.834-0100: 75.633: Total time for which application threads were stopped: 0.0009198 seconds, Stopping threads took: 0.0003799 seconds
{Heap before GC invocations=16 (full 2):
 par new generation   total 109248K, used 109248K [0x00000007a0000000, 0x00000007a8000000, 0x00000007a8000000)
  eden space 87424K, 100% used [0x00000007a0000000, 0x00000007a5560000, 0x00000007a5560000)
  from space 21824K, 100% used [0x00000007a5560000, 0x00000007a6ab0000, 0x00000007a6ab0000)
  to   space 21824K,   0% used [0x00000007a6ab0000, 0x00000007a6ab0000, 0x00000007a8000000)
 concurrent mark-sweep generation total 393216K, used 24819K [0x00000007a8000000, 0x00000007c0000000, 0x00000007c0000000)
 Metaspace       used 36663K, capacity 37178K, committed 37328K, reserved 1083392K
  class space    used 4116K, capacity 4258K, committed 4304K, reserved 1048576K
2016-10-05T13:26:07.844-0100: 75.643: [GC (Allocation Failure) 2016-10-05T13:26:07.844-0100: 75.643: [ParNew
Desired survivor size 20112992 bytes, new threshold 8 (max 8)
- age   1:    3567472 bytes,    3567472 total
- age   2:     774016 bytes,    4341488 total
- age   3:    2572192 bytes,    6913680 total
- age   4:    2639016 bytes,    9552696 total
- age   5:    2884040 bytes,   12436736 total
- age   6:     332872 bytes,   12769608 total
- age   7:    3195728 bytes,   15965336 total
- age   8:     730768 bytes,   16696104 total
: 109248K->18526K(109248K), 0.0194247 secs] 134067K->45659K(502464K), 0.0195532 secs] [Times: user=0.06 sys=0.00, real=0.02 secs] 
Heap after GC invocations=17 (full 2):
 par new generation   total 109248K, used 18526K [0x00000007a0000000, 0x00000007a8000000, 0x00000007a8000000)
  eden space 87424K,   0% used [0x00000007a0000000, 0x00000007a0000000, 0x00000007a5560000)
  from space 21824K,  84% used [0x00000007a6ab0000, 0x00000007a7cc7a98, 0x00000007a8000000)
  to   space 21824K,   0% used [0x00000007a5560000, 0x00000007a5560000, 0x00000007a6ab0000)
 concurrent mark-sweep generation total 393216K, used 27133K [0x00000007a8000000, 0x00000007c0000000, 0x00000007c0000000)
 Metaspace       used 36663K, capacity 37178K, committed 37328K, reserved 1083392K
  class space    used 4116K, capacity 4258K, committed 4304K, reserved 1048576K
}
2016-10-05T13:26:07.863-0100: 75.662: Total time for which application threads were stopped: 0.0199482 seconds, Stopping threads took: 0.0000725 seconds
2016-10-05T13:26:07.867-0100: 75.666: Total time for which application threads were stopped: 0.0005204 seconds, Stopping threads took: 0.0001344 seconds
2016-10-05T13:26:07.868-0100: 75.667: Total time for which application threads were stopped: 0.0003181 seconds, Stopping threads took: 0.0000532 seconds
{Heap before GC invocations=17 (full 2):
 par new generation   total 109248K, used 105950K [0x00000007a0000000, 0x00000007a8000000, 0x00000007a8000000)
  eden space 87424K, 100% used [0x00000007a0000000, 0x00000007a5560000, 0x00000007a5560000)
  from space 21824K,  84% used [0x00000007a6ab0000, 0x00000007a7cc7a98, 0x00000007a8000000)
  to   space 21824K,   0% used [0x00000007a5560000, 0x00000007a5560000, 0x00000007a6ab0000)
 concurrent mark-sweep generation total 393216K, used 27133K [0x00000007a8000000, 0x00000007c0000000, 0x00000007c0000000)
 Metaspace       used 36672K, capacity 37248K, committed 37584K, reserved 1083392K
  class space    used 4116K, capacity 4259K, committed 4304K, reserved 1048576K
2016-10-05T13:26:07.940-0100: 75.739: [GC (Allocation Failure) 2016-10-05T13:26:07.940-0100: 75.739: [ParNew
Desired survivor size 20112992 bytes, new threshold 8 (max 8)
- age   1:     749368 bytes,     749368 total
- age   2:    3209232 bytes,    3958600 total
- age   3:     756816 bytes,    4715416 total
- age   4:    2572192 bytes,    7287608 total
- age   5:    2639016 bytes,    9926624 total
- age   6:    2884040 bytes,   12810664 total
- age   7:     332872 bytes,   13143536 total
- age   8:    3195728 bytes,   16339264 total
: 105950K->21824K(109248K), 0.0159987 secs] 133083K->49674K(502464K), 0.0160928 secs] [Times: user=0.05 sys=0.00, real=0.01 secs] 
Heap after GC invocations=18 (full 2):
 par new generation   total 109248K, used 21824K [0x00000007a0000000, 0x00000007a8000000, 0x00000007a8000000)
  eden space 87424K,   0% used [0x00000007a0000000, 0x00000007a0000000, 0x00000007a5560000)
  from space 21824K, 100% used [0x00000007a5560000, 0x00000007a6ab0000, 0x00000007a6ab0000)
  to   space 21824K,   0% used [0x00000007a6ab0000, 0x00000007a6ab0000, 0x00000007a8000000)
 concurrent mark-sweep generation total 393216K, used 27850K [0x00000007a8000000, 0x00000007c0000000, 0x00000007c0000000)
 Metaspace       used 36672K, capacity 37248K, committed 37584K, reserved 1083392K
  class space    used 4116K, capacity 4259K, committed 4304K, reserved 1048576K
}
2016-10-05T13:26:07.957-0100: 75.756: Total time for which application threads were stopped: 0.0163465 seconds, Stopping threads took: 0.0000331 seconds
2016-10-05T13:26:07.957-0100: 75.756: Total time for which application threads were stopped: 0.0001910 seconds, Stopping threads took: 0.0000635 seconds
2016-10-05T13:26:07.982-0100: 75.781: Total time for which application threads were stopped: 0.0001663 seconds, Stopping threads took: 0.0000272 seconds
2016-10-05T13:26:07.989-0100: 75.788: Total time for which application threads were stopped: 0.0008566 seconds, Stopping threads took: 0.0006232 seconds
2016-10-05T13:26:07.992-0100: 75.791: Total time for which application threads were stopped: 0.0004310 seconds, Stopping threads took: 0.0000494 seconds
2016-10-05T13:26:08.993-0100: 76.792: Total time for which application threads were stopped: 0.0002364 seconds, Stopping threads took: 0.0000445 seconds
2016-10-05T13:26:09.189-0100: 76.988: Total time for which application threads were stopped: 0.0001438 seconds, Stopping threads took: 0.0000289 seconds
2016-10-05T13:26:09.190-0100: 76.989: Total time for which application threads were stopped: 0.0000935 seconds, Stopping threads took: 0.0000101 seconds
2016-10-05T13:26:09.190-0100: 76.989: Total time for which application threads were stopped: 0.0000671 seconds, Stopping threads took: 0.0000074 seconds
2016-10-05T13:26:09.190-0100: 76.989: Total time for which application threads were stopped: 0.0000685 seconds, Stopping threads took: 0.0000077 seconds
2016-10-05T13:26:09.190-0100: 76.989: Total time for which application threads were stopped: 0.0000654 seconds, Stopping threads took: 0.0000072 seconds
2016-10-05T13:26:09.190-0100: 76.989: Total time for which application threads were stopped: 0.0000709 seconds, Stopping threads took: 0.0000078 seconds
2016-10-05T13:26:09.197-0100: 76.996: Total time for which application threads were stopped: 0.0002061 seconds, Stopping threads took: 0.0000322 seconds
2016-10-05T13:26:09.197-0100: 76.996: Total time for which application threads were stopped: 0.0001443 seconds, Stopping threads took: 0.0000151 seconds
2016-10-05T13:26:09.197-0100: 76.996: Total time for which application threads were stopped: 0.0001104 seconds, Stopping threads took: 0.0000110 seconds
2016-10-05T13:26:09.198-0100: 76.997: Total time for which application threads were stopped: 0.0001810 seconds, Stopping threads took: 0.0000277 seconds
2016-10-05T13:26:09.198-0100: 76.997: Total time for which application threads were stopped: 0.0001319 seconds, Stopping threads took: 0.0000171 seconds
2016-10-05T13:26:09.243-0100: 77.042: Total time for which application threads were stopped: 0.0002289 seconds, Stopping threads took: 0.0000521 seconds
2016-10-05T13:26:09.700-0100: 77.499: Total time for which application threads were stopped: 0.0007653 seconds, Stopping threads took: 0.0000680 seconds
2016-10-05T13:26:09.701-0100: 77.500: Total time for which application threads were stopped: 0.0004766 seconds, Stopping threads took: 0.0002222 seconds
2016-10-05T13:26:09.701-0100: 77.500: Total time for which application threads were stopped: 0.0002191 seconds, Stopping threads took: 0.0001036 seconds
2016-10-05T13:26:09.707-0100: 77.506: Total time for which application threads were stopped: 0.0002253 seconds, Stopping threads took: 0.0000528 seconds
2016-10-05T13:26:09.707-0100: 77.506: Total time for which application threads were stopped: 0.0002287 seconds, Stopping threads took: 0.0000488 seconds
2016-10-05T13:26:09.708-0100: 77.506: Total time for which application threads were stopped: 0.0001033 seconds, Stopping threads took: 0.0000308 seconds
2016-10-05T13:26:09.708-0100: 77.507: Total time for which application threads were stopped: 0.0002952 seconds, Stopping threads took: 0.0000982 seconds
2016-10-05T13:26:09.719-0100: 77.518: Total time for which application threads were stopped: 0.0003027 seconds, Stopping threads took: 0.0000828 seconds
2016-10-05T13:26:09.720-0100: 77.519: Total time for which application threads were stopped: 0.0002467 seconds, Stopping threads took: 0.0000625 seconds
2016-10-05T13:26:09.720-0100: 77.519: Total time for which application threads were stopped: 0.0001544 seconds, Stopping threads took: 0.0000392 seconds
2016-10-05T13:26:09.722-0100: 77.521: Total time for which application threads were stopped: 0.0002302 seconds, Stopping threads took: 0.0000519 seconds
2016-10-05T13:26:09.729-0100: 77.528: Total time for which application threads were stopped: 0.0002544 seconds, Stopping threads took: 0.0000589 seconds
2016-10-05T13:26:09.729-0100: 77.528: Total time for which application threads were stopped: 0.0003100 seconds, Stopping threads took: 0.0001195 seconds
2016-10-05T13:26:09.730-0100: 77.529: Total time for which application threads were stopped: 0.0001598 seconds, Stopping threads took: 0.0000343 seconds
2016-10-05T13:26:09.730-0100: 77.529: Total time for which application threads were stopped: 0.0002055 seconds, Stopping threads took: 0.0000484 seconds
2016-10-05T13:26:09.731-0100: 77.530: Total time for which application threads were stopped: 0.0002117 seconds, Stopping threads took: 0.0000355 seconds
2016-10-05T13:26:09.731-0100: 77.530: Total time for which application threads were stopped: 0.0001799 seconds, Stopping threads took: 0.0000292 seconds
2016-10-05T13:26:09.800-0100: 77.599: Total time for which application threads were stopped: 0.0002882 seconds, Stopping threads took: 0.0000457 seconds
2016-10-05T13:26:10.265-0100: 78.064: Total time for which application threads were stopped: 0.0002116 seconds, Stopping threads took: 0.0000555 seconds
2016-10-05T13:26:10.266-0100: 78.065: Total time for which application threads were stopped: 0.0001321 seconds, Stopping threads took: 0.0000239 seconds
2016-10-05T13:26:10.279-0100: 78.078: Total time for which application threads were stopped: 0.0002638 seconds, Stopping threads took: 0.0000642 seconds
2016-10-05T13:26:10.280-0100: 78.079: Total time for which application threads were stopped: 0.0002140 seconds, Stopping threads took: 0.0000471 seconds
2016-10-05T13:26:10.280-0100: 78.079: Total time for which application threads were stopped: 0.0001325 seconds, Stopping threads took: 0.0000140 seconds
2016-10-05T13:26:10.291-0100: 78.090: Total time for which application threads were stopped: 0.0001900 seconds, Stopping threads took: 0.0000355 seconds
2016-10-05T13:26:10.291-0100: 78.090: Total time for which application threads were stopped: 0.0001203 seconds, Stopping threads took: 0.0000141 seconds
2016-10-05T13:26:10.292-0100: 78.091: Total time for which application threads were stopped: 0.0001232 seconds, Stopping threads took: 0.0000135 seconds
2016-10-05T13:26:10.297-0100: 78.096: Total time for which application threads were stopped: 0.0002518 seconds, Stopping threads took: 0.0000585 seconds
2016-10-05T13:26:10.370-0100: 78.169: Total time for which application threads were stopped: 0.0002828 seconds, Stopping threads took: 0.0000580 seconds
2016-10-05T13:26:10.781-0100: 78.580: Total time for which application threads were stopped: 0.0002471 seconds, Stopping threads took: 0.0000579 seconds
2016-10-05T13:26:10.782-0100: 78.581: Total time for which application threads were stopped: 0.0002315 seconds, Stopping threads took: 0.0000604 seconds
2016-10-05T13:26:10.793-0100: 78.592: Total time for which application threads were stopped: 0.0002321 seconds, Stopping threads took: 0.0000499 seconds
2016-10-05T13:26:10.794-0100: 78.593: Total time for which application threads were stopped: 0.0002314 seconds, Stopping threads took: 0.0000630 seconds
2016-10-05T13:26:10.794-0100: 78.593: Total time for which application threads were stopped: 0.0002088 seconds, Stopping threads took: 0.0000713 seconds
2016-10-05T13:26:10.808-0100: 78.607: Total time for which application threads were stopped: 0.0002268 seconds, Stopping threads took: 0.0000480 seconds
2016-10-05T13:26:10.809-0100: 78.608: Total time for which application threads were stopped: 0.0001794 seconds, Stopping threads took: 0.0000281 seconds
2016-10-05T13:26:10.809-0100: 78.608: Total time for which application threads were stopped: 0.0001287 seconds, Stopping threads took: 0.0000159 seconds
2016-10-05T13:26:10.814-0100: 78.613: Total time for which application threads were stopped: 0.0002722 seconds, Stopping threads took: 0.0000627 seconds
2016-10-05T13:26:10.899-0100: 78.697: Total time for which application threads were stopped: 0.0003211 seconds, Stopping threads took: 0.0000854 seconds
{Heap before GC invocations=18 (full 2):
 par new generation   total 109248K, used 109248K [0x00000007a0000000, 0x00000007a8000000, 0x00000007a8000000)
  eden space 87424K, 100% used [0x00000007a0000000, 0x00000007a5560000, 0x00000007a5560000)
  from space 21824K, 100% used [0x00000007a5560000, 0x00000007a6ab0000, 0x00000007a6ab0000)
  to   space 21824K,   0% used [0x00000007a6ab0000, 0x00000007a6ab0000, 0x00000007a8000000)
 concurrent mark-sweep generation total 393216K, used 27850K [0x00000007a8000000, 0x00000007c0000000, 0x00000007c0000000)
 Metaspace       used 37065K, capacity 37568K, committed 37840K, reserved 1083392K
  class space    used 4117K, capacity 4259K, committed 4304K, reserved 1048576K
2016-10-05T13:26:10.987-0100: 78.785: [GC (Allocation Failure) 2016-10-05T13:26:10.987-0100: 78.786: [ParNew
Desired survivor size 20112992 bytes, new threshold 8 (max 8)
- age   1:    3435664 bytes,    3435664 total
- age   2:     140904 bytes,    3576568 total
- age   3:    3156136 bytes,    6732704 total
- age   4:     756816 bytes,    7489520 total
- age   5:    2571992 bytes,   10061512 total
- age   6:    2638432 bytes,   12699944 total
- age   7:    2884040 bytes,   15583984 total
- age   8:     332872 bytes,   15916856 total
: 109248K->19404K(109248K), 0.0240668 secs] 137098K->50387K(502464K), 0.0241697 secs] [Times: user=0.08 sys=0.00, real=0.03 secs] 
Heap after GC invocations=19 (full 2):
 par new generation   total 109248K, used 19404K [0x00000007a0000000, 0x00000007a8000000, 0x00000007a8000000)
  eden space 87424K,   0% used [0x00000007a0000000, 0x00000007a0000000, 0x00000007a5560000)
  from space 21824K,  88% used [0x00000007a6ab0000, 0x00000007a7da3380, 0x00000007a8000000)
  to   space 21824K,   0% used [0x00000007a5560000, 0x00000007a5560000, 0x00000007a6ab0000)
 concurrent mark-sweep generation total 393216K, used 30982K [0x00000007a8000000, 0x00000007c0000000, 0x00000007c0000000)
 Metaspace       used 37065K, capacity 37568K, committed 37840K, reserved 1083392K
  class space    used 4117K, capacity 4259K, committed 4304K, reserved 1048576K
}
2016-10-05T13:26:11.011-0100: 78.810: Total time for which application threads were stopped: 0.0245066 seconds, Stopping threads took: 0.0000392 seconds
2016-10-05T13:26:11.329-0100: 79.128: Total time for which application threads were stopped: 0.0005265 seconds, Stopping threads took: 0.0000362 seconds
2016-10-05T13:26:11.330-0100: 79.129: Total time for which application threads were stopped: 0.0002792 seconds, Stopping threads took: 0.0000815 seconds
2016-10-05T13:26:11.336-0100: 79.135: Total time for which application threads were stopped: 0.0002759 seconds, Stopping threads took: 0.0000826 seconds
2016-10-05T13:26:11.337-0100: 79.136: Total time for which application threads were stopped: 0.0002484 seconds, Stopping threads took: 0.0000734 seconds
2016-10-05T13:26:11.337-0100: 79.136: Total time for which application threads were stopped: 0.0001391 seconds, Stopping threads took: 0.0000278 seconds
2016-10-05T13:26:11.373-0100: 79.172: Total time for which application threads were stopped: 0.0002950 seconds, Stopping threads took: 0.0000522 seconds
2016-10-05T13:26:11.373-0100: 79.172: Total time for which application threads were stopped: 0.0003485 seconds, Stopping threads took: 0.0001101 seconds
2016-10-05T13:26:11.377-0100: 79.176: Total time for which application threads were stopped: 0.0024468 seconds, Stopping threads took: 0.0001243 seconds
2016-10-05T13:26:11.386-0100: 79.185: Total time for which application threads were stopped: 0.0002679 seconds, Stopping threads took: 0.0000601 seconds
2016-10-05T13:26:11.826-0100: 79.625: Total time for which application threads were stopped: 0.0002425 seconds, Stopping threads took: 0.0000361 seconds
2016-10-05T13:26:11.831-0100: 79.630: Total time for which application threads were stopped: 0.0002011 seconds, Stopping threads took: 0.0000556 seconds
2016-10-05T13:26:11.832-0100: 79.631: Total time for which application threads were stopped: 0.0001914 seconds, Stopping threads took: 0.0000706 seconds
2016-10-05T13:26:11.832-0100: 79.631: Total time for which application threads were stopped: 0.0000940 seconds, Stopping threads took: 0.0000258 seconds
2016-10-05T13:26:11.861-0100: 79.660: Total time for which application threads were stopped: 0.0006442 seconds, Stopping threads took: 0.0001270 seconds
2016-10-05T13:26:11.871-0100: 79.670: Total time for which application threads were stopped: 0.0002560 seconds, Stopping threads took: 0.0000610 seconds
2016-10-05T13:26:11.872-0100: 79.671: Total time for which application threads were stopped: 0.0003327 seconds, Stopping threads took: 0.0000878 seconds
2016-10-05T13:26:11.872-0100: 79.671: Total time for which application threads were stopped: 0.0001889 seconds, Stopping threads took: 0.0000541 seconds
2016-10-05T13:26:11.873-0100: 79.672: Total time for which application threads were stopped: 0.0002253 seconds, Stopping threads took: 0.0000636 seconds
2016-10-05T13:26:11.873-0100: 79.672: Total time for which application threads were stopped: 0.0002061 seconds, Stopping threads took: 0.0000500 seconds
2016-10-05T13:26:11.873-0100: 79.672: Total time for which application threads were stopped: 0.0001763 seconds, Stopping threads took: 0.0000335 seconds
2016-10-05T13:26:11.873-0100: 79.672: Total time for which application threads were stopped: 0.0002465 seconds, Stopping threads took: 0.0000789 seconds
2016-10-05T13:26:11.874-0100: 79.673: Total time for which application threads were stopped: 0.0006655 seconds, Stopping threads took: 0.0000325 seconds
2016-10-05T13:26:11.875-0100: 79.674: Total time for which application threads were stopped: 0.0010107 seconds, Stopping threads took: 0.0003227 seconds
2016-10-05T13:26:11.876-0100: 79.675: Total time for which application threads were stopped: 0.0004633 seconds, Stopping threads took: 0.0001275 seconds
2016-10-05T13:26:11.877-0100: 79.675: Total time for which application threads were stopped: 0.0004271 seconds, Stopping threads took: 0.0001088 seconds
2016-10-05T13:26:11.877-0100: 79.676: Total time for which application threads were stopped: 0.0003499 seconds, Stopping threads took: 0.0000279 seconds
2016-10-05T13:26:11.881-0100: 79.680: Total time for which application threads were stopped: 0.0005204 seconds, Stopping threads took: 0.0001246 seconds
2016-10-05T13:26:12.037-0100: 79.836: Total time for which application threads were stopped: 0.0002956 seconds, Stopping threads took: 0.0000534 seconds
2016-10-05T13:26:12.833-0100: 80.632: Total time for which application threads were stopped: 0.0002957 seconds, Stopping threads took: 0.0000356 seconds
2016-10-05T13:26:12.887-0100: 80.686: Total time for which application threads were stopped: 0.0003089 seconds, Stopping threads took: 0.0000399 seconds
{Heap before GC invocations=19 (full 2):
 par new generation   total 109248K, used 106828K [0x00000007a0000000, 0x00000007a8000000, 0x00000007a8000000)
  eden space 87424K, 100% used [0x00000007a0000000, 0x00000007a5560000, 0x00000007a5560000)
  from space 21824K,  88% used [0x00000007a6ab0000, 0x00000007a7da3380, 0x00000007a8000000)
  to   space 21824K,   0% used [0x00000007a5560000, 0x00000007a5560000, 0x00000007a6ab0000)
 concurrent mark-sweep generation total 393216K, used 30982K [0x00000007a8000000, 0x00000007c0000000, 0x00000007c0000000)
 Metaspace       used 37375K, capacity 37920K, committed 38096K, reserved 1083392K
  class space    used 4144K, capacity 4291K, committed 4304K, reserved 1048576K
2016-10-05T13:26:13.213-0100: 81.012: [GC (Allocation Failure) 2016-10-05T13:26:13.213-0100: 81.012: [ParNew
Desired survivor size 20112992 bytes, new threshold 8 (max 8)
- age   1:    1845040 bytes,    1845040 total
- age   2:    2414448 bytes,    4259488 total
- age   3:     133872 bytes,    4393360 total
- age   4:    3015384 bytes,    7408744 total
- age   5:     741576 bytes,    8150320 total
- age   6:    2571992 bytes,   10722312 total
- age   7:    2637936 bytes,   13360248 total
- age   8:    2884040 bytes,   16244288 total
: 106828K->21824K(109248K), 0.0141151 secs] 137811K->53393K(502464K), 0.0142317 secs] [Times: user=0.06 sys=0.00, real=0.01 secs] 
Heap after GC invocations=20 (full 2):
 par new generation   total 109248K, used 21824K [0x00000007a0000000, 0x00000007a8000000, 0x00000007a8000000)
  eden space 87424K,   0% used [0x00000007a0000000, 0x00000007a0000000, 0x00000007a5560000)
  from space 21824K, 100% used [0x00000007a5560000, 0x00000007a6ab0000, 0x00000007a6ab0000)
  to   space 21824K,   0% used [0x00000007a6ab0000, 0x00000007a6ab0000, 0x00000007a8000000)
 concurrent mark-sweep generation total 393216K, used 31569K [0x00000007a8000000, 0x00000007c0000000, 0x00000007c0000000)
 Metaspace       used 37375K, capacity 37920K, committed 38096K, reserved 1083392K
  class space    used 4144K, capacity 4291K, committed 4304K, reserved 1048576K
}
2016-10-05T13:26:13.227-0100: 81.026: Total time for which application threads were stopped: 0.0146270 seconds, Stopping threads took: 0.0000985 seconds
2016-10-05T13:26:13.228-0100: 81.027: Total time for which application threads were stopped: 0.0002514 seconds, Stopping threads took: 0.0000749 seconds
2016-10-05T13:26:13.295-0100: 81.094: Total time for which application threads were stopped: 0.0004717 seconds, Stopping threads took: 0.0000514 seconds
2016-10-05T13:26:13.296-0100: 81.095: Total time for which application threads were stopped: 0.0001963 seconds, Stopping threads took: 0.0000439 seconds
2016-10-05T13:26:13.310-0100: 81.109: Total time for which application threads were stopped: 0.0002717 seconds, Stopping threads took: 0.0000478 seconds
2016-10-05T13:26:14.310-0100: 82.109: Total time for which application threads were stopped: 0.0002908 seconds, Stopping threads took: 0.0000619 seconds
2016-10-05T13:26:14.510-0100: 82.309: Total time for which application threads were stopped: 0.0001729 seconds, Stopping threads took: 0.0000319 seconds
2016-10-05T13:26:14.511-0100: 82.310: Total time for which application threads were stopped: 0.0000976 seconds, Stopping threads took: 0.0000097 seconds
2016-10-05T13:26:14.511-0100: 82.310: Total time for which application threads were stopped: 0.0000732 seconds, Stopping threads took: 0.0000072 seconds
2016-10-05T13:26:14.511-0100: 82.310: Total time for which application threads were stopped: 0.0000724 seconds, Stopping threads took: 0.0000071 seconds
2016-10-05T13:26:14.511-0100: 82.310: Total time for which application threads were stopped: 0.0000734 seconds, Stopping threads took: 0.0000071 seconds
2016-10-05T13:26:14.511-0100: 82.310: Total time for which application threads were stopped: 0.0000834 seconds, Stopping threads took: 0.0000076 seconds
2016-10-05T13:26:14.519-0100: 82.318: Total time for which application threads were stopped: 0.0001827 seconds, Stopping threads took: 0.0000374 seconds
2016-10-05T13:26:14.519-0100: 82.318: Total time for which application threads were stopped: 0.0001058 seconds, Stopping threads took: 0.0000219 seconds
2016-10-05T13:26:14.519-0100: 82.318: Total time for which application threads were stopped: 0.0000752 seconds, Stopping threads took: 0.0000088 seconds
2016-10-05T13:26:14.520-0100: 82.319: Total time for which application threads were stopped: 0.0001121 seconds, Stopping threads took: 0.0000153 seconds
2016-10-05T13:26:14.520-0100: 82.319: Total time for which application threads were stopped: 0.0000914 seconds, Stopping threads took: 0.0000102 seconds
{Heap before GC invocations=20 (full 2):
 par new generation   total 109248K, used 109248K [0x00000007a0000000, 0x00000007a8000000, 0x00000007a8000000)
  eden space 87424K, 100% used [0x00000007a0000000, 0x00000007a5560000, 0x00000007a5560000)
  from space 21824K, 100% used [0x00000007a5560000, 0x00000007a6ab0000, 0x00000007a6ab0000)
  to   space 21824K,   0% used [0x00000007a6ab0000, 0x00000007a6ab0000, 0x00000007a8000000)
 concurrent mark-sweep generation total 393216K, used 31569K [0x00000007a8000000, 0x00000007c0000000, 0x00000007c0000000)
 Metaspace       used 37424K, capacity 38050K, committed 38352K, reserved 1083392K
  class space    used 4145K, capacity 4292K, committed 4304K, reserved 1048576K
2016-10-05T13:26:14.680-0100: 82.478: [GC (Allocation Failure) 2016-10-05T13:26:14.680-0100: 82.479: [ParNew
Desired survivor size 20112992 bytes, new threshold 8 (max 8)
- age   1:    3225144 bytes,    3225144 total
- age   2:    1527232 bytes,    4752376 total
- age   3:    2413136 bytes,    7165512 total
- age   4:     133872 bytes,    7299384 total
- age   5:    3014864 bytes,   10314248 total
- age   6:     741576 bytes,   11055824 total
- age   7:    2571496 bytes,   13627320 total
- age   8:    2637936 bytes,   16265256 total
: 109248K->21824K(109248K), 0.0251659 secs] 140817K->56218K(502464K), 0.0252628 secs] [Times: user=0.08 sys=0.00, real=0.02 secs] 
Heap after GC invocations=21 (full 2):
 par new generation   total 109248K, used 21824K [0x00000007a0000000, 0x00000007a8000000, 0x00000007a8000000)
  eden space 87424K,   0% used [0x00000007a0000000, 0x00000007a0000000, 0x00000007a5560000)
  from space 21824K, 100% used [0x00000007a6ab0000, 0x00000007a8000000, 0x00000007a8000000)
  to   space 21824K,   0% used [0x00000007a5560000, 0x00000007a5560000, 0x00000007a6ab0000)
 concurrent mark-sweep generation total 393216K, used 34394K [0x00000007a8000000, 0x00000007c0000000, 0x00000007c0000000)
 Metaspace       used 37424K, capacity 38050K, committed 38352K, reserved 1083392K
  class space    used 4145K, capacity 4292K, committed 4304K, reserved 1048576K
}
2016-10-05T13:26:14.705-0100: 82.504: Total time for which application threads were stopped: 0.0255890 seconds, Stopping threads took: 0.0000405 seconds
2016-10-05T13:26:15.517-0100: 83.315: Total time for which application threads were stopped: 0.0002052 seconds, Stopping threads took: 0.0000319 seconds
2016-10-05T13:26:15.517-0100: 83.316: Total time for which application threads were stopped: 0.0000860 seconds, Stopping threads took: 0.0000076 seconds
2016-10-05T13:26:15.517-0100: 83.316: Total time for which application threads were stopped: 0.0000823 seconds, Stopping threads took: 0.0000073 seconds
2016-10-05T13:26:15.519-0100: 83.318: Total time for which application threads were stopped: 0.0001989 seconds, Stopping threads took: 0.0000580 seconds
2016-10-05T13:26:15.525-0100: 83.324: Total time for which application threads were stopped: 0.0002550 seconds, Stopping threads took: 0.0000479 seconds
2016-10-05T13:26:15.534-0100: 83.333: Total time for which application threads were stopped: 0.0008286 seconds, Stopping threads took: 0.0000966 seconds
2016-10-05T13:26:15.535-0100: 83.334: Total time for which application threads were stopped: 0.0007738 seconds, Stopping threads took: 0.0000541 seconds
2016-10-05T13:26:15.537-0100: 83.335: Total time for which application threads were stopped: 0.0003479 seconds, Stopping threads took: 0.0000934 seconds
2016-10-05T13:26:15.539-0100: 83.337: Total time for which application threads were stopped: 0.0004743 seconds, Stopping threads took: 0.0000681 seconds
2016-10-05T13:26:15.542-0100: 83.341: Total time for which application threads were stopped: 0.0002632 seconds, Stopping threads took: 0.0000489 seconds
2016-10-05T13:26:15.543-0100: 83.342: Total time for which application threads were stopped: 0.0002475 seconds, Stopping threads took: 0.0000465 seconds
2016-10-05T13:26:15.544-0100: 83.343: Total time for which application threads were stopped: 0.0002525 seconds, Stopping threads took: 0.0000359 seconds
{Heap before GC invocations=21 (full 2):
 par new generation   total 109248K, used 109243K [0x00000007a0000000, 0x00000007a8000000, 0x00000007a8000000)
  eden space 87424K,  99% used [0x00000007a0000000, 0x00000007a555ef10, 0x00000007a5560000)
  from space 21824K, 100% used [0x00000007a6ab0000, 0x00000007a8000000, 0x00000007a8000000)
  to   space 21824K,   0% used [0x00000007a5560000, 0x00000007a5560000, 0x00000007a6ab0000)
 concurrent mark-sweep generation total 393216K, used 34394K [0x00000007a8000000, 0x00000007c0000000, 0x00000007c0000000)
 Metaspace       used 37445K, capacity 38050K, committed 38352K, reserved 1083392K
  class space    used 4145K, capacity 4292K, committed 4304K, reserved 1048576K
2016-10-05T13:26:16.303-0100: 84.102: [GC (Allocation Failure) 2016-10-05T13:26:16.303-0100: 84.102: [ParNew
Desired survivor size 20112992 bytes, new threshold 8 (max 8)
- age   1:    1586456 bytes,    1586456 total
- age   2:    2548832 bytes,    4135288 total
- age   3:    1437472 bytes,    5572760 total
- age   4:    2412640 bytes,    7985400 total
- age   5:     133872 bytes,    8119272 total
- age   6:    3014864 bytes,   11134136 total
- age   7:     741480 bytes,   11875616 total
- age   8:    2571496 bytes,   14447112 total
: 109243K->18984K(109248K), 0.0247163 secs] 143638K->55966K(502464K), 0.0248356 secs] [Times: user=0.08 sys=0.00, real=0.02 secs] 
Heap after GC invocations=22 (full 2):
 par new generation   total 109248K, used 18984K [0x00000007a0000000, 0x00000007a8000000, 0x00000007a8000000)
  eden space 87424K,   0% used [0x00000007a0000000, 0x00000007a0000000, 0x00000007a5560000)
  from space 21824K,  86% used [0x00000007a5560000, 0x00000007a67ea380, 0x00000007a6ab0000)
  to   space 21824K,   0% used [0x00000007a6ab0000, 0x00000007a6ab0000, 0x00000007a8000000)
 concurrent mark-sweep generation total 393216K, used 36981K [0x00000007a8000000, 0x00000007c0000000, 0x00000007c0000000)
 Metaspace       used 37445K, capacity 38050K, committed 38352K, reserved 1083392K
  class space    used 4145K, capacity 4292K, committed 4304K, reserved 1048576K
}
2016-10-05T13:26:16.328-0100: 84.127: Total time for which application threads were stopped: 0.0253470 seconds, Stopping threads took: 0.0000456 seconds
2016-10-05T13:26:16.329-0100: 84.127: Total time for which application threads were stopped: 0.0002944 seconds, Stopping threads took: 0.0000643 seconds
2016-10-05T13:26:16.379-0100: 84.177: Total time for which application threads were stopped: 0.0025036 seconds, Stopping threads took: 0.0018194 seconds
2016-10-05T13:26:16.403-0100: 84.202: Total time for which application threads were stopped: 0.0006291 seconds, Stopping threads took: 0.0000951 seconds
2016-10-05T13:26:17.610-0100: 85.409: Total time for which application threads were stopped: 0.0001587 seconds, Stopping threads took: 0.0000307 seconds
2016-10-05T13:26:17.610-0100: 85.409: Total time for which application threads were stopped: 0.0000939 seconds, Stopping threads took: 0.0000093 seconds
2016-10-05T13:26:17.610-0100: 85.409: Total time for which application threads were stopped: 0.0000747 seconds, Stopping threads took: 0.0000068 seconds
2016-10-05T13:26:17.610-0100: 85.409: Total time for which application threads were stopped: 0.0001119 seconds, Stopping threads took: 0.0000085 seconds
2016-10-05T13:26:17.611-0100: 85.409: Total time for which application threads were stopped: 0.0000764 seconds, Stopping threads took: 0.0000072 seconds
2016-10-05T13:26:17.611-0100: 85.410: Total time for which application threads were stopped: 0.0000794 seconds, Stopping threads took: 0.0000072 seconds
2016-10-05T13:26:17.615-0100: 85.414: Total time for which application threads were stopped: 0.0001772 seconds, Stopping threads took: 0.0000297 seconds
2016-10-05T13:26:17.615-0100: 85.414: Total time for which application threads were stopped: 0.0001402 seconds, Stopping threads took: 0.0000124 seconds
2016-10-05T13:26:17.616-0100: 85.414: Total time for which application threads were stopped: 0.0000790 seconds, Stopping threads took: 0.0000078 seconds
2016-10-05T13:26:17.616-0100: 85.415: Total time for which application threads were stopped: 0.0000971 seconds, Stopping threads took: 0.0000110 seconds
2016-10-05T13:26:17.616-0100: 85.415: Total time for which application threads were stopped: 0.0000748 seconds, Stopping threads took: 0.0000071 seconds
2016-10-05T13:26:18.613-0100: 86.412: Total time for which application threads were stopped: 0.0003155 seconds, Stopping threads took: 0.0000423 seconds
2016-10-05T13:26:18.614-0100: 86.412: Total time for which application threads were stopped: 0.0000916 seconds, Stopping threads took: 0.0000094 seconds
2016-10-05T13:26:18.614-0100: 86.413: Total time for which application threads were stopped: 0.0000801 seconds, Stopping threads took: 0.0000072 seconds
2016-10-05T13:26:18.615-0100: 86.414: Total time for which application threads were stopped: 0.0001526 seconds, Stopping threads took: 0.0000264 seconds
2016-10-05T13:26:18.629-0100: 86.428: Total time for which application threads were stopped: 0.0001774 seconds, Stopping threads took: 0.0000345 seconds
2016-10-05T13:26:18.635-0100: 86.434: Total time for which application threads were stopped: 0.0002457 seconds, Stopping threads took: 0.0000407 seconds
2016-10-05T13:26:18.636-0100: 86.434: Total time for which application threads were stopped: 0.0002042 seconds, Stopping threads took: 0.0000256 seconds
2016-10-05T13:26:18.636-0100: 86.435: Total time for which application threads were stopped: 0.0001872 seconds, Stopping threads took: 0.0000139 seconds
{Heap before GC invocations=22 (full 2):
 par new generation   total 109248K, used 106398K [0x00000007a0000000, 0x00000007a8000000, 0x00000007a8000000)
  eden space 87424K,  99% used [0x00000007a0000000, 0x00000007a555d730, 0x00000007a5560000)
  from space 21824K,  86% used [0x00000007a5560000, 0x00000007a67ea380, 0x00000007a6ab0000)
  to   space 21824K,   0% used [0x00000007a6ab0000, 0x00000007a6ab0000, 0x00000007a8000000)
 concurrent mark-sweep generation total 393216K, used 36981K [0x00000007a8000000, 0x00000007c0000000, 0x00000007c0000000)
 Metaspace       used 37486K, capacity 38050K, committed 38352K, reserved 1083392K
  class space    used 4145K, capacity 4292K, committed 4304K, reserved 1048576K
2016-10-05T13:26:19.288-0100: 87.086: [GC (Allocation Failure) 2016-10-05T13:26:19.288-0100: 87.086: [ParNew
Desired survivor size 20112992 bytes, new threshold 8 (max 8)
- age   1:    3443192 bytes,    3443192 total
- age   2:     779856 bytes,    4223048 total
- age   3:    2547448 bytes,    6770496 total
- age   4:    1436976 bytes,    8207472 total
- age   5:    2412144 bytes,   10619616 total
- age   6:     133872 bytes,   10753488 total
- age   7:    3014864 bytes,   13768352 total
- age   8:     741480 bytes,   14509832 total
: 106398K->17138K(109248K), 0.0171599 secs] 143380K->56642K(502464K), 0.0172444 secs] [Times: user=0.05 sys=0.00, real=0.02 secs] 
Heap after GC invocations=23 (full 2):
 par new generation   total 109248K, used 17138K [0x00000007a0000000, 0x00000007a8000000, 0x00000007a8000000)
  eden space 87424K,   0% used [0x00000007a0000000, 0x00000007a0000000, 0x00000007a5560000)
  from space 21824K,  78% used [0x00000007a6ab0000, 0x00000007a7b6c918, 0x00000007a8000000)
  to   space 21824K,   0% used [0x00000007a5560000, 0x00000007a5560000, 0x00000007a6ab0000)
 concurrent mark-sweep generation total 393216K, used 39503K [0x00000007a8000000, 0x00000007c0000000, 0x00000007c0000000)
 Metaspace       used 37486K, capacity 38050K, committed 38352K, reserved 1083392K
  class space    used 4145K, capacity 4292K, committed 4304K, reserved 1048576K
}
2016-10-05T13:26:19.305-0100: 87.104: Total time for which application threads were stopped: 0.0175372 seconds, Stopping threads took: 0.0000373 seconds
2016-10-05T13:26:19.305-0100: 87.104: Total time for which application threads were stopped: 0.0002483 seconds, Stopping threads took: 0.0000644 seconds
2016-10-05T13:26:19.305-0100: 87.104: Total time for which application threads were stopped: 0.0001528 seconds, Stopping threads took: 0.0000613 seconds
2016-10-05T13:26:19.306-0100: 87.105: Total time for which application threads were stopped: 0.0004050 seconds, Stopping threads took: 0.0000431 seconds
2016-10-05T13:26:19.360-0100: 87.159: Total time for which application threads were stopped: 0.0002430 seconds, Stopping threads took: 0.0000525 seconds
2016-10-05T13:26:19.372-0100: 87.171: Total time for which application threads were stopped: 0.0004145 seconds, Stopping threads took: 0.0000407 seconds
2016-10-05T13:26:20.377-0100: 88.176: Total time for which application threads were stopped: 0.0003836 seconds, Stopping threads took: 0.0000653 seconds
2016-10-05T13:26:20.596-0100: 88.395: Total time for which application threads were stopped: 0.0001779 seconds, Stopping threads took: 0.0000347 seconds
2016-10-05T13:26:20.596-0100: 88.395: Total time for which application threads were stopped: 0.0001279 seconds, Stopping threads took: 0.0000137 seconds
2016-10-05T13:26:20.596-0100: 88.395: Total time for which application threads were stopped: 0.0000833 seconds, Stopping threads took: 0.0000073 seconds
2016-10-05T13:26:20.597-0100: 88.395: Total time for which application threads were stopped: 0.0000786 seconds, Stopping threads took: 0.0000072 seconds
2016-10-05T13:26:20.597-0100: 88.395: Total time for which application threads were stopped: 0.0000769 seconds, Stopping threads took: 0.0000076 seconds
2016-10-05T13:26:20.597-0100: 88.396: Total time for which application threads were stopped: 0.0000913 seconds, Stopping threads took: 0.0000082 seconds
2016-10-05T13:26:20.602-0100: 88.400: Total time for which application threads were stopped: 0.0001995 seconds, Stopping threads took: 0.0000315 seconds
2016-10-05T13:26:20.602-0100: 88.400: Total time for which application threads were stopped: 0.0000894 seconds, Stopping threads took: 0.0000095 seconds
2016-10-05T13:26:20.602-0100: 88.401: Total time for which application threads were stopped: 0.0000742 seconds, Stopping threads took: 0.0000076 seconds
2016-10-05T13:26:20.602-0100: 88.401: Total time for which application threads were stopped: 0.0001004 seconds, Stopping threads took: 0.0000133 seconds
2016-10-05T13:26:20.603-0100: 88.401: Total time for which application threads were stopped: 0.0000993 seconds, Stopping threads took: 0.0000261 seconds
{Heap before GC invocations=23 (full 2):
 par new generation   total 109248K, used 104562K [0x00000007a0000000, 0x00000007a8000000, 0x00000007a8000000)
  eden space 87424K, 100% used [0x00000007a0000000, 0x00000007a5560000, 0x00000007a5560000)
  from space 21824K,  78% used [0x00000007a6ab0000, 0x00000007a7b6c918, 0x00000007a8000000)
  to   space 21824K,   0% used [0x00000007a5560000, 0x00000007a5560000, 0x00000007a6ab0000)
 concurrent mark-sweep generation total 393216K, used 39503K [0x00000007a8000000, 0x00000007c0000000, 0x00000007c0000000)
 Metaspace       used 37505K, capacity 38050K, committed 38352K, reserved 1083392K
  class space    used 4145K, capacity 4292K, committed 4304K, reserved 1048576K
2016-10-05T13:26:20.654-0100: 88.452: [GC (Allocation Failure) 2016-10-05T13:26:20.654-0100: 88.452: [ParNew
Desired survivor size 20112992 bytes, new threshold 8 (max 8)
- age   1:    2801272 bytes,    2801272 total
- age   2:    3114824 bytes,    5916096 total
- age   3:     770112 bytes,    6686208 total
- age   4:    2546632 bytes,    9232840 total
- age   5:    1436976 bytes,   10669816 total
- age   6:    2412144 bytes,   13081960 total
- age   7:     133872 bytes,   13215832 total
- age   8:    3014864 bytes,   16230696 total
: 104562K->20772K(109248K), 0.0176286 secs] 144066K->61005K(502464K), 0.0177282 secs] [Times: user=0.06 sys=0.01, real=0.02 secs] 
Heap after GC invocations=24 (full 2):
 par new generation   total 109248K, used 20772K [0x00000007a0000000, 0x00000007a8000000, 0x00000007a8000000)
  eden space 87424K,   0% used [0x00000007a0000000, 0x00000007a0000000, 0x00000007a5560000)
  from space 21824K,  95% used [0x00000007a5560000, 0x00000007a69a9388, 0x00000007a6ab0000)
  to   space 21824K,   0% used [0x00000007a6ab0000, 0x00000007a6ab0000, 0x00000007a8000000)
 concurrent mark-sweep generation total 393216K, used 40232K [0x00000007a8000000, 0x00000007c0000000, 0x00000007c0000000)
 Metaspace       used 37505K, capacity 38050K, committed 38352K, reserved 1083392K
  class space    used 4145K, capacity 4292K, committed 4304K, reserved 1048576K
}
2016-10-05T13:26:20.671-0100: 88.470: Total time for which application threads were stopped: 0.0181023 seconds, Stopping threads took: 0.0000444 seconds
2016-10-05T13:26:21.027-0100: 88.826: Total time for which application threads were stopped: 0.0002577 seconds, Stopping threads took: 0.0000461 seconds
2016-10-05T13:26:21.027-0100: 88.826: Total time for which application threads were stopped: 0.0000793 seconds, Stopping threads took: 0.0000102 seconds
2016-10-05T13:26:21.027-0100: 88.826: Total time for which application threads were stopped: 0.0000715 seconds, Stopping threads took: 0.0000103 seconds
2016-10-05T13:26:21.029-0100: 88.828: Total time for which application threads were stopped: 0.0001971 seconds, Stopping threads took: 0.0000359 seconds
2016-10-05T13:26:21.032-0100: 88.831: Total time for which application threads were stopped: 0.0007063 seconds, Stopping threads took: 0.0003271 seconds
2016-10-05T13:26:21.033-0100: 88.832: Total time for which application threads were stopped: 0.0003258 seconds, Stopping threads took: 0.0000674 seconds
2016-10-05T13:26:21.038-0100: 88.837: Total time for which application threads were stopped: 0.0002330 seconds, Stopping threads took: 0.0000707 seconds
2016-10-05T13:26:21.039-0100: 88.838: Total time for which application threads were stopped: 0.0002367 seconds, Stopping threads took: 0.0000585 seconds
2016-10-05T13:26:21.040-0100: 88.838: Total time for which application threads were stopped: 0.0001802 seconds, Stopping threads took: 0.0000394 seconds
2016-10-05T13:26:21.042-0100: 88.841: Total time for which application threads were stopped: 0.0002070 seconds, Stopping threads took: 0.0000639 seconds
2016-10-05T13:26:21.047-0100: 88.846: Total time for which application threads were stopped: 0.0002601 seconds, Stopping threads took: 0.0000634 seconds
2016-10-05T13:26:21.048-0100: 88.846: Total time for which application threads were stopped: 0.0002051 seconds, Stopping threads took: 0.0000350 seconds
2016-10-05T13:26:21.048-0100: 88.846: Total time for which application threads were stopped: 0.0001168 seconds, Stopping threads took: 0.0000129 seconds
2016-10-05T13:26:21.049-0100: 88.847: Total time for which application threads were stopped: 0.0002161 seconds, Stopping threads took: 0.0000525 seconds
2016-10-05T13:26:21.374-0100: 89.173: Total time for which application threads were stopped: 0.0006072 seconds, Stopping threads took: 0.0001262 seconds
2016-10-05T13:26:21.383-0100: 89.182: Total time for which application threads were stopped: 0.0005026 seconds, Stopping threads took: 0.0001539 seconds
2016-10-05T13:26:21.385-0100: 89.184: Total time for which application threads were stopped: 0.0005684 seconds, Stopping threads took: 0.0001486 seconds
2016-10-05T13:26:21.386-0100: 89.184: Total time for which application threads were stopped: 0.0003721 seconds, Stopping threads took: 0.0000825 seconds
2016-10-05T13:26:21.422-0100: 89.221: Total time for which application threads were stopped: 0.0006353 seconds, Stopping threads took: 0.0001244 seconds
2016-10-05T13:26:21.433-0100: 89.232: Total time for which application threads were stopped: 0.0006485 seconds, Stopping threads took: 0.0001585 seconds
2016-10-05T13:26:21.742-0100: 89.541: Total time for which application threads were stopped: 0.0001855 seconds, Stopping threads took: 0.0000379 seconds
2016-10-05T13:26:21.749-0100: 89.548: Total time for which application threads were stopped: 0.0002713 seconds, Stopping threads took: 0.0000987 seconds
2016-10-05T13:26:21.750-0100: 89.549: Total time for which application threads were stopped: 0.0001629 seconds, Stopping threads took: 0.0000372 seconds
2016-10-05T13:26:21.750-0100: 89.549: Total time for which application threads were stopped: 0.0001533 seconds, Stopping threads took: 0.0000692 seconds
2016-10-05T13:26:21.763-0100: 89.562: Total time for which application threads were stopped: 0.0002583 seconds, Stopping threads took: 0.0000412 seconds
2016-10-05T13:26:21.768-0100: 89.567: Total time for which application threads were stopped: 0.0002587 seconds, Stopping threads took: 0.0000525 seconds
2016-10-05T13:26:22.105-0100: 89.903: Total time for which application threads were stopped: 0.0002680 seconds, Stopping threads took: 0.0000915 seconds
{Heap before GC invocations=24 (full 2):
 par new generation   total 109248K, used 108196K [0x00000007a0000000, 0x00000007a8000000, 0x00000007a8000000)
  eden space 87424K, 100% used [0x00000007a0000000, 0x00000007a5560000, 0x00000007a5560000)
  from space 21824K,  95% used [0x00000007a5560000, 0x00000007a69a9388, 0x00000007a6ab0000)
  to   space 21824K,   0% used [0x00000007a6ab0000, 0x00000007a6ab0000, 0x00000007a8000000)
 concurrent mark-sweep generation total 393216K, used 40232K [0x00000007a8000000, 0x00000007c0000000, 0x00000007c0000000)
 Metaspace       used 37539K, capacity 38058K, committed 38352K, reserved 1083392K
  class space    used 4148K, capacity 4296K, committed 4304K, reserved 1048576K
2016-10-05T13:26:22.111-0100: 89.910: [GC (Allocation Failure) 2016-10-05T13:26:22.111-0100: 89.910: [ParNew
Desired survivor size 20112992 bytes, new threshold 8 (max 8)
- age   1:    1884992 bytes,    1884992 total
- age   2:    2426488 bytes,    4311480 total
- age   3:    3114296 bytes,    7425776 total
- age   4:     770112 bytes,    8195888 total
- age   5:    2546632 bytes,   10742520 total
- age   6:    1435984 bytes,   12178504 total
- age   7:    2411648 bytes,   14590152 total
- age   8:     133872 bytes,   14724024 total
: 108196K->20306K(109248K), 0.0183804 secs] 148429K->63493K(502464K), 0.0184665 secs] [Times: user=0.06 sys=0.00, real=0.02 secs] 
Heap after GC invocations=25 (full 2):
 par new generation   total 109248K, used 20306K [0x00000007a0000000, 0x00000007a8000000, 0x00000007a8000000)
  eden space 87424K,   0% used [0x00000007a0000000, 0x00000007a0000000, 0x00000007a5560000)
  from space 21824K,  93% used [0x00000007a6ab0000, 0x00000007a7e84ab8, 0x00000007a8000000)
  to   space 21824K,   0% used [0x00000007a5560000, 0x00000007a5560000, 0x00000007a6ab0000)
 concurrent mark-sweep generation total 393216K, used 43186K [0x00000007a8000000, 0x00000007c0000000, 0x00000007c0000000)
 Metaspace       used 37539K, capacity 38058K, committed 38352K, reserved 1083392K
  class space    used 4148K, capacity 4296K, committed 4304K, reserved 1048576K
}
2016-10-05T13:26:22.130-0100: 89.928: Total time for which application threads were stopped: 0.0187769 seconds, Stopping threads took: 0.0000656 seconds
2016-10-05T13:26:22.130-0100: 89.929: Total time for which application threads were stopped: 0.0002158 seconds, Stopping threads took: 0.0000432 seconds
2016-10-05T13:26:22.131-0100: 89.930: Total time for which application threads were stopped: 0.0002336 seconds, Stopping threads took: 0.0000552 seconds
2016-10-05T13:26:22.131-0100: 89.930: Total time for which application threads were stopped: 0.0001480 seconds, Stopping threads took: 0.0000651 seconds
2016-10-05T13:26:22.146-0100: 89.945: Total time for which application threads were stopped: 0.0002248 seconds, Stopping threads took: 0.0000503 seconds
2016-10-05T13:26:22.150-0100: 89.949: Total time for which application threads were stopped: 0.0002168 seconds, Stopping threads took: 0.0000501 seconds
2016-10-05T13:26:23.106-0100: 90.905: Total time for which application threads were stopped: 0.0003123 seconds, Stopping threads took: 0.0000438 seconds
2016-10-05T13:26:23.128-0100: 90.927: Total time for which application threads were stopped: 0.0002517 seconds, Stopping threads took: 0.0000384 seconds
{Heap before GC invocations=25 (full 2):
 par new generation   total 109248K, used 107730K [0x00000007a0000000, 0x00000007a8000000, 0x00000007a8000000)
  eden space 87424K, 100% used [0x00000007a0000000, 0x00000007a5560000, 0x00000007a5560000)
  from space 21824K,  93% used [0x00000007a6ab0000, 0x00000007a7e84ab8, 0x00000007a8000000)
  to   space 21824K,   0% used [0x00000007a5560000, 0x00000007a5560000, 0x00000007a6ab0000)
 concurrent mark-sweep generation total 393216K, used 43186K [0x00000007a8000000, 0x00000007c0000000, 0x00000007c0000000)
 Metaspace       used 37555K, capacity 38122K, committed 38352K, reserved 1083392K
  class space    used 4148K, capacity 4296K, committed 4304K, reserved 1048576K
2016-10-05T13:26:23.518-0100: 91.316: [GC (Allocation Failure) 2016-10-05T13:26:23.518-0100: 91.316: [ParNew
Desired survivor size 20112992 bytes, new threshold 8 (max 8)
- age   1:    1931392 bytes,    1931392 total
- age   2:     644072 bytes,    2575464 total
- age   3:    2421488 bytes,    4996952 total
- age   4:    3104840 bytes,    8101792 total
- age   5:     770112 bytes,    8871904 total
- age   6:    2546632 bytes,   11418536 total
- age   7:    1435728 bytes,   12854264 total
- age   8:    2411648 bytes,   15265912 total
: 107730K->18809K(109248K), 0.0164262 secs] 150917K->62130K(502464K), 0.0165315 secs] [Times: user=0.06 sys=0.00, real=0.02 secs] 
Heap after GC invocations=26 (full 2):
 par new generation   total 109248K, used 18809K [0x00000007a0000000, 0x00000007a8000000, 0x00000007a8000000)
  eden space 87424K,   0% used [0x00000007a0000000, 0x00000007a0000000, 0x00000007a5560000)
  from space 21824K,  86% used [0x00000007a5560000, 0x00000007a67be760, 0x00000007a6ab0000)
  to   space 21824K,   0% used [0x00000007a6ab0000, 0x00000007a6ab0000, 0x00000007a8000000)
 concurrent mark-sweep generation total 393216K, used 43320K [0x00000007a8000000, 0x00000007c0000000, 0x00000007c0000000)
 Metaspace       used 37555K, capacity 38122K, committed 38352K, reserved 1083392K
  class space    used 4148K, capacity 4296K, committed 4304K, reserved 1048576K
}
2016-10-05T13:26:23.534-0100: 91.333: Total time for which application threads were stopped: 0.0168732 seconds, Stopping threads took: 0.0000393 seconds
2016-10-05T13:26:23.535-0100: 91.333: Total time for which application threads were stopped: 0.0002700 seconds, Stopping threads took: 0.0000870 seconds
2016-10-05T13:26:23.570-0100: 91.369: Total time for which application threads were stopped: 0.0002355 seconds, Stopping threads took: 0.0000453 seconds
2016-10-05T13:26:23.582-0100: 91.380: Total time for which application threads were stopped: 0.0003077 seconds, Stopping threads took: 0.0000561 seconds
2016-10-05T13:26:24.586-0100: 92.384: Total time for which application threads were stopped: 0.0002608 seconds, Stopping threads took: 0.0000518 seconds
2016-10-05T13:26:25.588-0100: 93.387: Total time for which application threads were stopped: 0.0003961 seconds, Stopping threads took: 0.0000649 seconds
{Heap before GC invocations=26 (full 2):
 par new generation   total 109248K, used 106233K [0x00000007a0000000, 0x00000007a8000000, 0x00000007a8000000)
  eden space 87424K, 100% used [0x00000007a0000000, 0x00000007a5560000, 0x00000007a5560000)
  from space 21824K,  86% used [0x00000007a5560000, 0x00000007a67be760, 0x00000007a6ab0000)
  to   space 21824K,   0% used [0x00000007a6ab0000, 0x00000007a6ab0000, 0x00000007a8000000)
 concurrent mark-sweep generation total 393216K, used 43320K [0x00000007a8000000, 0x00000007c0000000, 0x00000007c0000000)
 Metaspace       used 37657K, capacity 38312K, committed 38480K, reserved 1083392K
  class space    used 4159K, capacity 4317K, committed 4432K, reserved 1048576K
2016-10-05T13:26:26.053-0100: 93.851: [GC (Allocation Failure) 2016-10-05T13:26:26.053-0100: 93.851: [ParNew
Desired survivor size 20112992 bytes, new threshold 8 (max 8)
- age   1:    3754488 bytes,    3754488 total
- age   2:     929040 bytes,    4683528 total
- age   3:     644072 bytes,    5327600 total
- age   4:    2419944 bytes,    7747544 total
- age   5:    3104640 bytes,   10852184 total
- age   6:     770112 bytes,   11622296 total
- age   7:    2546080 bytes,   14168376 total
- age   8:    1435728 bytes,   15604104 total
: 106233K->21824K(109248K), 0.0189179 secs] 149554K->67507K(502464K), 0.0190132 secs] [Times: user=0.07 sys=0.00, real=0.02 secs] 
Heap after GC invocations=27 (full 2):
 par new generation   total 109248K, used 21824K [0x00000007a0000000, 0x00000007a8000000, 0x00000007a8000000)
  eden space 87424K,   0% used [0x00000007a0000000, 0x00000007a0000000, 0x00000007a5560000)
  from space 21824K, 100% used [0x00000007a6ab0000, 0x00000007a8000000, 0x00000007a8000000)
  to   space 21824K,   0% used [0x00000007a5560000, 0x00000007a5560000, 0x00000007a6ab0000)
 concurrent mark-sweep generation total 393216K, used 45683K [0x00000007a8000000, 0x00000007c0000000, 0x00000007c0000000)
 Metaspace       used 37657K, capacity 38312K, committed 38480K, reserved 1083392K
  class space    used 4159K, capacity 4317K, committed 4432K, reserved 1048576K
}
2016-10-05T13:26:26.072-0100: 93.870: Total time for which application threads were stopped: 0.0193454 seconds, Stopping threads took: 0.0000476 seconds
2016-10-05T13:26:26.072-0100: 93.871: Total time for which application threads were stopped: 0.0002679 seconds, Stopping threads took: 0.0000712 seconds
2016-10-05T13:26:26.073-0100: 93.872: Total time for which application threads were stopped: 0.0005641 seconds, Stopping threads took: 0.0000473 seconds
2016-10-05T13:26:26.124-0100: 93.923: Total time for which application threads were stopped: 0.0002332 seconds, Stopping threads took: 0.0000559 seconds
2016-10-05T13:26:26.135-0100: 93.934: Total time for which application threads were stopped: 0.0003646 seconds, Stopping threads took: 0.0000987 seconds
2016-10-05T13:26:27.139-0100: 94.938: Total time for which application threads were stopped: 0.0003309 seconds, Stopping threads took: 0.0000761 seconds
2016-10-05T13:26:27.343-0100: 95.141: Total time for which application threads were stopped: 0.0001734 seconds, Stopping threads took: 0.0000312 seconds
2016-10-05T13:26:27.343-0100: 95.142: Total time for which application threads were stopped: 0.0001106 seconds, Stopping threads took: 0.0000107 seconds
2016-10-05T13:26:27.343-0100: 95.142: Total time for which application threads were stopped: 0.0000813 seconds, Stopping threads took: 0.0000072 seconds
2016-10-05T13:26:27.343-0100: 95.142: Total time for which application threads were stopped: 0.0000777 seconds, Stopping threads took: 0.0000073 seconds
2016-10-05T13:26:27.344-0100: 95.142: Total time for which application threads were stopped: 0.0000879 seconds, Stopping threads took: 0.0000082 seconds
2016-10-05T13:26:27.344-0100: 95.142: Total time for which application threads were stopped: 0.0000897 seconds, Stopping threads took: 0.0000083 seconds
2016-10-05T13:26:27.351-0100: 95.149: Total time for which application threads were stopped: 0.0001852 seconds, Stopping threads took: 0.0000361 seconds
2016-10-05T13:26:27.351-0100: 95.149: Total time for which application threads were stopped: 0.0001076 seconds, Stopping threads took: 0.0000105 seconds
2016-10-05T13:26:27.351-0100: 95.150: Total time for which application threads were stopped: 0.0000786 seconds, Stopping threads took: 0.0000073 seconds
2016-10-05T13:26:27.351-0100: 95.150: Total time for which application threads were stopped: 0.0000830 seconds, Stopping threads took: 0.0000075 seconds
2016-10-05T13:26:27.351-0100: 95.150: Total time for which application threads were stopped: 0.0000799 seconds, Stopping threads took: 0.0000066 seconds
2016-10-05T13:26:27.352-0100: 95.150: Total time for which application threads were stopped: 0.0003625 seconds, Stopping threads took: 0.0000077 seconds
2016-10-05T13:26:27.357-0100: 95.155: Total time for which application threads were stopped: 0.0002101 seconds, Stopping threads took: 0.0000386 seconds
2016-10-05T13:26:27.357-0100: 95.155: Total time for which application threads were stopped: 0.0001300 seconds, Stopping threads took: 0.0000256 seconds
2016-10-05T13:26:27.357-0100: 95.156: Total time for which application threads were stopped: 0.0000860 seconds, Stopping threads took: 0.0000078 seconds
2016-10-05T13:26:27.358-0100: 95.157: Total time for which application threads were stopped: 0.0002567 seconds, Stopping threads took: 0.0000371 seconds
2016-10-05T13:26:27.740-0100: 95.539: Total time for which application threads were stopped: 0.0001712 seconds, Stopping threads took: 0.0000292 seconds
2016-10-05T13:26:27.740-0100: 95.539: Total time for which application threads were stopped: 0.0000826 seconds, Stopping threads took: 0.0000113 seconds
2016-10-05T13:26:27.740-0100: 95.539: Total time for which application threads were stopped: 0.0000704 seconds, Stopping threads took: 0.0000073 seconds
2016-10-05T13:26:27.742-0100: 95.540: Total time for which application threads were stopped: 0.0002273 seconds, Stopping threads took: 0.0000651 seconds
2016-10-05T13:26:27.742-0100: 95.541: Total time for which application threads were stopped: 0.0001403 seconds, Stopping threads took: 0.0000289 seconds
2016-10-05T13:26:27.742-0100: 95.541: Total time for which application threads were stopped: 0.0001870 seconds, Stopping threads took: 0.0000215 seconds
2016-10-05T13:26:27.749-0100: 95.548: Total time for which application threads were stopped: 0.0002743 seconds, Stopping threads took: 0.0000801 seconds
{Heap before GC invocations=27 (full 2):
 par new generation   total 109248K, used 109248K [0x00000007a0000000, 0x00000007a8000000, 0x00000007a8000000)
  eden space 87424K, 100% used [0x00000007a0000000, 0x00000007a5560000, 0x00000007a5560000)
  from space 21824K, 100% used [0x00000007a6ab0000, 0x00000007a8000000, 0x00000007a8000000)
  to   space 21824K,   0% used [0x00000007a5560000, 0x00000007a5560000, 0x00000007a6ab0000)
 concurrent mark-sweep generation total 393216K, used 45683K [0x00000007a8000000, 0x00000007c0000000, 0x00000007c0000000)
 Metaspace       used 37692K, capacity 38312K, committed 38480K, reserved 1083392K
  class space    used 4160K, capacity 4317K, committed 4432K, reserved 1048576K
2016-10-05T13:26:27.752-0100: 95.550: [GC (Allocation Failure) 2016-10-05T13:26:27.752-0100: 95.550: [ParNew
Desired survivor size 20112992 bytes, new threshold 8 (max 8)
- age   1:    4807336 bytes,    4807336 total
- age   2:    3023888 bytes,    7831224 total
- age   3:     915408 bytes,    8746632 total
- age   4:     643080 bytes,    9389712 total
- age   5:    2419624 bytes,   11809336 total
- age   6:    3104640 bytes,   14913976 total
- age   7:     770112 bytes,   15684088 total
- age   8:    2464160 bytes,   18148248 total
: 109248K->21824K(109248K), 0.0193807 secs] 154931K->68994K(502464K), 0.0195611 secs] [Times: user=0.06 sys=0.00, real=0.02 secs] 
Heap after GC invocations=28 (full 2):
 par new generation   total 109248K, used 21824K [0x00000007a0000000, 0x00000007a8000000, 0x00000007a8000000)
  eden space 87424K,   0% used [0x00000007a0000000, 0x00000007a0000000, 0x00000007a5560000)
  from space 21824K, 100% used [0x00000007a5560000, 0x00000007a6ab0000, 0x00000007a6ab0000)
  to   space 21824K,   0% used [0x00000007a6ab0000, 0x00000007a6ab0000, 0x00000007a8000000)
 concurrent mark-sweep generation total 393216K, used 47170K [0x00000007a8000000, 0x00000007c0000000, 0x00000007c0000000)
 Metaspace       used 37692K, capacity 38312K, committed 38480K, reserved 1083392K
  class space    used 4160K, capacity 4317K, committed 4432K, reserved 1048576K
}
2016-10-05T13:26:27.771-0100: 95.570: Total time for which application threads were stopped: 0.0203586 seconds, Stopping threads took: 0.0002434 seconds
2016-10-05T13:26:27.772-0100: 95.571: Total time for which application threads were stopped: 0.0003093 seconds, Stopping threads took: 0.0001254 seconds
2016-10-05T13:26:27.791-0100: 95.590: Total time for which application threads were stopped: 0.0002371 seconds, Stopping threads took: 0.0000467 seconds
2016-10-05T13:26:27.798-0100: 95.597: Total time for which application threads were stopped: 0.0005423 seconds, Stopping threads took: 0.0003345 seconds
2016-10-05T13:26:27.799-0100: 95.598: Total time for which application threads were stopped: 0.0003690 seconds, Stopping threads took: 0.0001469 seconds
2016-10-05T13:26:27.802-0100: 95.601: Total time for which application threads were stopped: 0.0030488 seconds, Stopping threads took: 0.0026058 seconds
2016-10-05T13:26:27.806-0100: 95.605: Total time for which application threads were stopped: 0.0006158 seconds, Stopping threads took: 0.0003522 seconds
2016-10-05T13:26:28.219-0100: 96.017: Total time for which application threads were stopped: 0.0006870 seconds, Stopping threads took: 0.0001049 seconds
2016-10-05T13:26:28.226-0100: 96.025: Total time for which application threads were stopped: 0.0004324 seconds, Stopping threads took: 0.0001578 seconds
2016-10-05T13:26:28.227-0100: 96.026: Total time for which application threads were stopped: 0.0002349 seconds, Stopping threads took: 0.0000850 seconds
2016-10-05T13:26:28.251-0100: 96.049: Total time for which application threads were stopped: 0.0006998 seconds, Stopping threads took: 0.0000444 seconds
2016-10-05T13:26:28.256-0100: 96.054: Total time for which application threads were stopped: 0.0002271 seconds, Stopping threads took: 0.0000393 seconds
2016-10-05T13:26:28.349-0100: 96.148: Total time for which application threads were stopped: 0.0002780 seconds, Stopping threads took: 0.0000496 seconds
2016-10-05T13:26:28.350-0100: 96.148: Total time for which application threads were stopped: 0.0002562 seconds, Stopping threads took: 0.0000529 seconds
2016-10-05T13:26:28.350-0100: 96.149: Total time for which application threads were stopped: 0.0002280 seconds, Stopping threads took: 0.0000611 seconds
2016-10-05T13:26:28.351-0100: 96.149: Total time for which application threads were stopped: 0.0002199 seconds, Stopping threads took: 0.0000466 seconds
2016-10-05T13:26:28.353-0100: 96.151: Total time for which application threads were stopped: 0.0002374 seconds, Stopping threads took: 0.0000549 seconds
2016-10-05T13:26:28.358-0100: 96.156: Total time for which application threads were stopped: 0.0002637 seconds, Stopping threads took: 0.0000455 seconds
2016-10-05T13:26:28.358-0100: 96.157: Total time for which application threads were stopped: 0.0002316 seconds, Stopping threads took: 0.0000287 seconds
2016-10-05T13:26:28.359-0100: 96.157: Total time for which application threads were stopped: 0.0001981 seconds, Stopping threads took: 0.0000256 seconds
2016-10-05T13:26:28.359-0100: 96.158: Total time for which application threads were stopped: 0.0002005 seconds, Stopping threads took: 0.0000181 seconds
2016-10-05T13:26:28.359-0100: 96.158: Total time for which application threads were stopped: 0.0001657 seconds, Stopping threads took: 0.0000234 seconds
2016-10-05T13:26:28.360-0100: 96.158: Total time for which application threads were stopped: 0.0004037 seconds, Stopping threads took: 0.0000701 seconds
2016-10-05T13:26:28.361-0100: 96.159: Total time for which application threads were stopped: 0.0003257 seconds, Stopping threads took: 0.0000973 seconds
2016-10-05T13:26:28.361-0100: 96.159: Total time for which application threads were stopped: 0.0002282 seconds, Stopping threads took: 0.0000523 seconds
2016-10-05T13:26:28.361-0100: 96.160: Total time for which application threads were stopped: 0.0001880 seconds, Stopping threads took: 0.0000672 seconds
2016-10-05T13:26:28.361-0100: 96.160: Total time for which application threads were stopped: 0.0002025 seconds, Stopping threads took: 0.0000481 seconds
2016-10-05T13:26:28.362-0100: 96.160: Total time for which application threads were stopped: 0.0002084 seconds, Stopping threads took: 0.0000400 seconds
2016-10-05T13:26:28.362-0100: 96.161: Total time for which application threads were stopped: 0.0004743 seconds, Stopping threads took: 0.0000531 seconds
2016-10-05T13:26:28.363-0100: 96.161: Total time for which application threads were stopped: 0.0003604 seconds, Stopping threads took: 0.0000852 seconds
2016-10-05T13:26:28.364-0100: 96.163: Total time for which application threads were stopped: 0.0013352 seconds, Stopping threads took: 0.0010294 seconds
2016-10-05T13:26:28.367-0100: 96.165: Total time for which application threads were stopped: 0.0003374 seconds, Stopping threads took: 0.0000954 seconds
2016-10-05T13:26:28.368-0100: 96.166: Total time for which application threads were stopped: 0.0002625 seconds, Stopping threads took: 0.0000527 seconds
2016-10-05T13:26:28.368-0100: 96.167: Total time for which application threads were stopped: 0.0002349 seconds, Stopping threads took: 0.0000540 seconds
2016-10-05T13:26:28.370-0100: 96.168: Total time for which application threads were stopped: 0.0002512 seconds, Stopping threads took: 0.0000536 seconds
2016-10-05T13:26:28.370-0100: 96.168: Total time for which application threads were stopped: 0.0002293 seconds, Stopping threads took: 0.0000509 seconds
2016-10-05T13:26:28.485-0100: 96.284: Total time for which application threads were stopped: 0.0002926 seconds, Stopping threads took: 0.0000442 seconds
2016-10-05T13:26:28.730-0100: 96.528: Total time for which application threads were stopped: 0.0002788 seconds, Stopping threads took: 0.0000565 seconds
2016-10-05T13:26:28.731-0100: 96.529: Total time for which application threads were stopped: 0.0002187 seconds, Stopping threads took: 0.0000396 seconds
{Heap before GC invocations=28 (full 2):
 par new generation   total 109248K, used 109248K [0x00000007a0000000, 0x00000007a8000000, 0x00000007a8000000)
  eden space 87424K, 100% used [0x00000007a0000000, 0x00000007a5560000, 0x00000007a5560000)
  from space 21824K, 100% used [0x00000007a5560000, 0x00000007a6ab0000, 0x00000007a6ab0000)
  to   space 21824K,   0% used [0x00000007a6ab0000, 0x00000007a6ab0000, 0x00000007a8000000)
 concurrent mark-sweep generation total 393216K, used 47170K [0x00000007a8000000, 0x00000007c0000000, 0x00000007c0000000)
 Metaspace       used 37731K, capacity 38376K, committed 38736K, reserved 1083392K
  class space    used 4160K, capacity 4317K, committed 4432K, reserved 1048576K
2016-10-05T13:26:28.739-0100: 96.537: [GC (Allocation Failure) 2016-10-05T13:26:28.739-0100: 96.538: [ParNew
Desired survivor size 20112992 bytes, new threshold 8 (max 8)
- age   1:    2924864 bytes,    2924864 total
- age   2:    2603496 bytes,    5528360 total
- age   3:    3012672 bytes,    8541032 total
- age   4:     876880 bytes,    9417912 total
- age   5:     573472 bytes,    9991384 total
- age   6:    2419624 bytes,   12411008 total
- age   7:    3104640 bytes,   15515648 total
- age   8:     770112 bytes,   16285760 total
: 109248K->21824K(109248K), 0.0591065 secs] 156418K->71409K(502464K), 0.0592277 secs] [Times: user=0.14 sys=0.00, real=0.06 secs] 
Heap after GC invocations=29 (full 2):
 par new generation   total 109248K, used 21824K [0x00000007a0000000, 0x00000007a8000000, 0x00000007a8000000)
  eden space 87424K,   0% used [0x00000007a0000000, 0x00000007a0000000, 0x00000007a5560000)
  from space 21824K, 100% used [0x00000007a6ab0000, 0x00000007a8000000, 0x00000007a8000000)
  to   space 21824K,   0% used [0x00000007a5560000, 0x00000007a5560000, 0x00000007a6ab0000)
 concurrent mark-sweep generation total 393216K, used 49585K [0x00000007a8000000, 0x00000007c0000000, 0x00000007c0000000)
 Metaspace       used 37731K, capacity 38376K, committed 38736K, reserved 1083392K
  class space    used 4160K, capacity 4317K, committed 4432K, reserved 1048576K
}
2016-10-05T13:26:28.798-0100: 96.597: Total time for which application threads were stopped: 0.0595828 seconds, Stopping threads took: 0.0000422 seconds
2016-10-05T13:26:28.832-0100: 96.630: Total time for which application threads were stopped: 0.0002334 seconds, Stopping threads took: 0.0000382 seconds
2016-10-05T13:26:29.222-0100: 97.021: Total time for which application threads were stopped: 0.0002807 seconds, Stopping threads took: 0.0001238 seconds
2016-10-05T13:26:29.223-0100: 97.022: Total time for which application threads were stopped: 0.0002070 seconds, Stopping threads took: 0.0000659 seconds
2016-10-05T13:26:29.251-0100: 97.050: Total time for which application threads were stopped: 0.0002521 seconds, Stopping threads took: 0.0000399 seconds
2016-10-05T13:26:29.603-0100: 97.401: Total time for which application threads were stopped: 0.0003183 seconds, Stopping threads took: 0.0000567 seconds
2016-10-05T13:26:29.604-0100: 97.402: Total time for which application threads were stopped: 0.0001804 seconds, Stopping threads took: 0.0000461 seconds
2016-10-05T13:26:29.631-0100: 97.430: Total time for which application threads were stopped: 0.0003194 seconds, Stopping threads took: 0.0000767 seconds
2016-10-05T13:26:29.632-0100: 97.430: Total time for which application threads were stopped: 0.0002573 seconds, Stopping threads took: 0.0000658 seconds
2016-10-05T13:26:29.632-0100: 97.430: Total time for which application threads were stopped: 0.0002133 seconds, Stopping threads took: 0.0000723 seconds
2016-10-05T13:26:29.632-0100: 97.431: Total time for which application threads were stopped: 0.0002452 seconds, Stopping threads took: 0.0000746 seconds
2016-10-05T13:26:29.633-0100: 97.431: Total time for which application threads were stopped: 0.0002332 seconds, Stopping threads took: 0.0000618 seconds
2016-10-05T13:26:29.633-0100: 97.431: Total time for which application threads were stopped: 0.0001707 seconds, Stopping threads took: 0.0000348 seconds
2016-10-05T13:26:29.633-0100: 97.431: Total time for which application threads were stopped: 0.0001999 seconds, Stopping threads took: 0.0000568 seconds
2016-10-05T13:26:29.633-0100: 97.432: Total time for which application threads were stopped: 0.0001813 seconds, Stopping threads took: 0.0000236 seconds
2016-10-05T13:26:29.633-0100: 97.432: Total time for which application threads were stopped: 0.0002127 seconds, Stopping threads took: 0.0000475 seconds
2016-10-05T13:26:29.634-0100: 97.432: Total time for which application threads were stopped: 0.0001489 seconds, Stopping threads took: 0.0000117 seconds
2016-10-05T13:26:29.634-0100: 97.432: Total time for which application threads were stopped: 0.0001808 seconds, Stopping threads took: 0.0000543 seconds
2016-10-05T13:26:29.634-0100: 97.433: Total time for which application threads were stopped: 0.0001866 seconds, Stopping threads took: 0.0000620 seconds
2016-10-05T13:26:29.635-0100: 97.434: Total time for which application threads were stopped: 0.0003048 seconds, Stopping threads took: 0.0000525 seconds
{Heap before GC invocations=29 (full 2):
 par new generation   total 109248K, used 109248K [0x00000007a0000000, 0x00000007a8000000, 0x00000007a8000000)
  eden space 87424K, 100% used [0x00000007a0000000, 0x00000007a5560000, 0x00000007a5560000)
  from space 21824K, 100% used [0x00000007a6ab0000, 0x00000007a8000000, 0x00000007a8000000)
  to   space 21824K,   0% used [0x00000007a5560000, 0x00000007a5560000, 0x00000007a6ab0000)
 concurrent mark-sweep generation total 393216K, used 49585K [0x00000007a8000000, 0x00000007c0000000, 0x00000007c0000000)
 Metaspace       used 37761K, capacity 38376K, committed 38736K, reserved 1083392K
  class space    used 4160K, capacity 4317K, committed 4432K, reserved 1048576K
2016-10-05T13:26:29.672-0100: 97.471: [GC (Allocation Failure) 2016-10-05T13:26:29.672-0100: 97.471: [ParNew
Desired survivor size 20112992 bytes, new threshold 8 (max 8)
- age   1:    1947544 bytes,    1947544 total
- age   2:    1256216 bytes,    3203760 total
- age   3:    2534640 bytes,    5738400 total
- age   4:    3012640 bytes,    8751040 total
- age   5:     876880 bytes,    9627920 total
- age   6:     573472 bytes,   10201392 total
- age   7:    2419128 bytes,   12620520 total
- age   8:    3104640 bytes,   15725160 total
: 109248K->19696K(109248K), 0.0144657 secs] 158833K->70039K(502464K), 0.0145499 secs] [Times: user=0.05 sys=0.00, real=0.01 secs] 
Heap after GC invocations=30 (full 2):
 par new generation   total 109248K, used 19696K [0x00000007a0000000, 0x00000007a8000000, 0x00000007a8000000)
  eden space 87424K,   0% used [0x00000007a0000000, 0x00000007a0000000, 0x00000007a5560000)
  from space 21824K,  90% used [0x00000007a5560000, 0x00000007a689c280, 0x00000007a6ab0000)
  to   space 21824K,   0% used [0x00000007a6ab0000, 0x00000007a6ab0000, 0x00000007a8000000)
 concurrent mark-sweep generation total 393216K, used 50342K [0x00000007a8000000, 0x00000007c0000000, 0x00000007c0000000)
 Metaspace       used 37761K, capacity 38376K, committed 38736K, reserved 1083392K
  class space    used 4160K, capacity 4317K, committed 4432K, reserved 1048576K
}
2016-10-05T13:26:29.687-0100: 97.485: Total time for which application threads were stopped: 0.0149396 seconds, Stopping threads took: 0.0000424 seconds
2016-10-05T13:26:29.789-0100: 97.587: Total time for which application threads were stopped: 0.0003124 seconds, Stopping threads took: 0.0000770 seconds
2016-10-05T13:26:29.999-0100: 97.798: Total time for which application threads were stopped: 0.0002925 seconds, Stopping threads took: 0.0000801 seconds
2016-10-05T13:26:30.000-0100: 97.799: Total time for which application threads were stopped: 0.0003220 seconds, Stopping threads took: 0.0000646 seconds
2016-10-05T13:26:30.049-0100: 97.848: Total time for which application threads were stopped: 0.0006054 seconds, Stopping threads took: 0.0003454 seconds
{Heap before GC invocations=30 (full 2):
 par new generation   total 109248K, used 107120K [0x00000007a0000000, 0x00000007a8000000, 0x00000007a8000000)
  eden space 87424K, 100% used [0x00000007a0000000, 0x00000007a5560000, 0x00000007a5560000)
  from space 21824K,  90% used [0x00000007a5560000, 0x00000007a689c280, 0x00000007a6ab0000)
  to   space 21824K,   0% used [0x00000007a6ab0000, 0x00000007a6ab0000, 0x00000007a8000000)
 concurrent mark-sweep generation total 393216K, used 50342K [0x00000007a8000000, 0x00000007c0000000, 0x00000007c0000000)
 Metaspace       used 37770K, capacity 38376K, committed 38736K, reserved 1083392K
  class space    used 4160K, capacity 4317K, committed 4432K, reserved 1048576K
2016-10-05T13:26:30.356-0100: 98.155: [GC (Allocation Failure) 2016-10-05T13:26:30.356-0100: 98.155: [ParNew
Desired survivor size 20112992 bytes, new threshold 8 (max 8)
- age   1:    2845840 bytes,    2845840 total
- age   2:     536624 bytes,    3382464 total
- age   3:     737176 bytes,    4119640 total
- age   4:    2533480 bytes,    6653120 total
- age   5:    3012640 bytes,    9665760 total
- age   6:     876880 bytes,   10542640 total
- age   7:     573472 bytes,   11116112 total
- age   8:    2419128 bytes,   13535240 total
: 107120K->20969K(109248K), 0.0220207 secs] 157463K->74354K(502464K), 0.0221355 secs] [Times: user=0.08 sys=0.01, real=0.02 secs] 
Heap after GC invocations=31 (full 2):
 par new generation   total 109248K, used 20969K [0x00000007a0000000, 0x00000007a8000000, 0x00000007a8000000)
  eden space 87424K,   0% used [0x00000007a0000000, 0x00000007a0000000, 0x00000007a5560000)
  from space 21824K,  96% used [0x00000007a6ab0000, 0x00000007a7f2a560, 0x00000007a8000000)
  to   space 21824K,   0% used [0x00000007a5560000, 0x00000007a5560000, 0x00000007a6ab0000)
 concurrent mark-sweep generation total 393216K, used 53385K [0x00000007a8000000, 0x00000007c0000000, 0x00000007c0000000)
 Metaspace       used 37770K, capacity 38376K, committed 38736K, reserved 1083392K
  class space    used 4160K, capacity 4317K, committed 4432K, reserved 1048576K
}
2016-10-05T13:26:30.379-0100: 98.177: Total time for which application threads were stopped: 0.0225189 seconds, Stopping threads took: 0.0000421 seconds
2016-10-05T13:26:30.380-0100: 98.179: Total time for which application threads were stopped: 0.0003159 seconds, Stopping threads took: 0.0000850 seconds
2016-10-05T13:26:30.401-0100: 98.200: Total time for which application threads were stopped: 0.0002511 seconds, Stopping threads took: 0.0000376 seconds
2016-10-05T13:26:30.807-0100: 98.605: Total time for which application threads were stopped: 0.0003019 seconds, Stopping threads took: 0.0000832 seconds
2016-10-05T13:26:30.808-0100: 98.606: Total time for which application threads were stopped: 0.0002115 seconds, Stopping threads took: 0.0000415 seconds
2016-10-05T13:26:30.841-0100: 98.639: Total time for which application threads were stopped: 0.0002792 seconds, Stopping threads took: 0.0000531 seconds
2016-10-05T13:26:31.234-0100: 99.033: Total time for which application threads were stopped: 0.0002516 seconds, Stopping threads took: 0.0000888 seconds
2016-10-05T13:26:31.235-0100: 99.034: Total time for which application threads were stopped: 0.0001825 seconds, Stopping threads took: 0.0000335 seconds
2016-10-05T13:26:31.265-0100: 99.064: Total time for which application threads were stopped: 0.0003632 seconds, Stopping threads took: 0.0000743 seconds
{Heap before GC invocations=31 (full 2):
 par new generation   total 109248K, used 108393K [0x00000007a0000000, 0x00000007a8000000, 0x00000007a8000000)
  eden space 87424K, 100% used [0x00000007a0000000, 0x00000007a5560000, 0x00000007a5560000)
  from space 21824K,  96% used [0x00000007a6ab0000, 0x00000007a7f2a560, 0x00000007a8000000)
  to   space 21824K,   0% used [0x00000007a5560000, 0x00000007a5560000, 0x00000007a6ab0000)
 concurrent mark-sweep generation total 393216K, used 53385K [0x00000007a8000000, 0x00000007c0000000, 0x00000007c0000000)
 Metaspace       used 37780K, capacity 38376K, committed 38736K, reserved 1083392K
  class space    used 4160K, capacity 4317K, committed 4432K, reserved 1048576K
2016-10-05T13:26:31.337-0100: 99.135: [GC (Allocation Failure) 2016-10-05T13:26:31.337-0100: 99.135: [ParNew
Desired survivor size 20112992 bytes, new threshold 8 (max 8)
- age   1:    1469536 bytes,    1469536 total
- age   2:    1182448 bytes,    2651984 total
- age   3:     467704 bytes,    3119688 total
- age   4:     736680 bytes,    3856368 total
- age   5:    2533416 bytes,    6389784 total
- age   6:    3012640 bytes,    9402424 total
- age   7:     876880 bytes,   10279304 total
- age   8:     573472 bytes,   10852776 total
: 108393K->13598K(109248K), 0.0122082 secs] 161778K->69356K(502464K), 0.0122997 secs] [Times: user=0.05 sys=0.00, real=0.01 secs] 
Heap after GC invocations=32 (full 2):
 par new generation   total 109248K, used 13598K [0x00000007a0000000, 0x00000007a8000000, 0x00000007a8000000)
  eden space 87424K,   0% used [0x00000007a0000000, 0x00000007a0000000, 0x00000007a5560000)
  from space 21824K,  62% used [0x00000007a5560000, 0x00000007a62a7b00, 0x00000007a6ab0000)
  to   space 21824K,   0% used [0x00000007a6ab0000, 0x00000007a6ab0000, 0x00000007a8000000)
 concurrent mark-sweep generation total 393216K, used 55757K [0x00000007a8000000, 0x00000007c0000000, 0x00000007c0000000)
 Metaspace       used 37780K, capacity 38376K, committed 38736K, reserved 1083392K
  class space    used 4160K, capacity 4317K, committed 4432K, reserved 1048576K
}
2016-10-05T13:26:31.349-0100: 99.148: Total time for which application threads were stopped: 0.0125787 seconds, Stopping threads took: 0.0000334 seconds
2016-10-05T13:26:31.594-0100: 99.393: Total time for which application threads were stopped: 0.0002182 seconds, Stopping threads took: 0.0000524 seconds
2016-10-05T13:26:31.595-0100: 99.394: Total time for which application threads were stopped: 0.0001997 seconds, Stopping threads took: 0.0000673 seconds
2016-10-05T13:26:31.610-0100: 99.409: Total time for which application threads were stopped: 0.0002389 seconds, Stopping threads took: 0.0000637 seconds
2016-10-05T13:26:31.617-0100: 99.415: Total time for which application threads were stopped: 0.0002889 seconds, Stopping threads took: 0.0000385 seconds
2016-10-05T13:26:31.618-0100: 99.416: Total time for which application threads were stopped: 0.0002269 seconds, Stopping threads took: 0.0000382 seconds
2016-10-05T13:26:31.618-0100: 99.417: Total time for which application threads were stopped: 0.0003030 seconds, Stopping threads took: 0.0001413 seconds
2016-10-05T13:26:31.619-0100: 99.418: Total time for which application threads were stopped: 0.0001978 seconds, Stopping threads took: 0.0000197 seconds
2016-10-05T13:26:31.620-0100: 99.418: Total time for which application threads were stopped: 0.0002163 seconds, Stopping threads took: 0.0000397 seconds
2016-10-05T13:26:31.621-0100: 99.419: Total time for which application threads were stopped: 0.0003240 seconds, Stopping threads took: 0.0001001 seconds
2016-10-05T13:26:31.621-0100: 99.420: Total time for which application threads were stopped: 0.0002282 seconds, Stopping threads took: 0.0000251 seconds
2016-10-05T13:26:31.621-0100: 99.420: Total time for which application threads were stopped: 0.0002698 seconds, Stopping threads took: 0.0000754 seconds
2016-10-05T13:26:31.622-0100: 99.421: Total time for which application threads were stopped: 0.0002101 seconds, Stopping threads took: 0.0000619 seconds
2016-10-05T13:26:31.623-0100: 99.421: Total time for which application threads were stopped: 0.0005100 seconds, Stopping threads took: 0.0000835 seconds
2016-10-05T13:26:31.632-0100: 99.430: Total time for which application threads were stopped: 0.0002548 seconds, Stopping threads took: 0.0000681 seconds
{Heap before GC invocations=32 (full 2):
 par new generation   total 109248K, used 101022K [0x00000007a0000000, 0x00000007a8000000, 0x00000007a8000000)
  eden space 87424K, 100% used [0x00000007a0000000, 0x00000007a5560000, 0x00000007a5560000)
  from space 21824K,  62% used [0x00000007a5560000, 0x00000007a62a7b00, 0x00000007a6ab0000)
  to   space 21824K,   0% used [0x00000007a6ab0000, 0x00000007a6ab0000, 0x00000007a8000000)
 concurrent mark-sweep generation total 393216K, used 55757K [0x00000007a8000000, 0x00000007c0000000, 0x00000007c0000000)
 Metaspace       used 37798K, capacity 38376K, committed 38736K, reserved 1083392K
  class space    used 4160K, capacity 4317K, committed 4432K, reserved 1048576K
2016-10-05T13:26:31.783-0100: 99.581: [GC (Allocation Failure) 2016-10-05T13:26:31.783-0100: 99.581: [ParNew
Desired survivor size 20112992 bytes, new threshold 8 (max 8)
- age   1:    3400864 bytes,    3400864 total
- age   2:     892688 bytes,    4293552 total
- age   3:    1114704 bytes,    5408256 total
- age   4:     453536 bytes,    5861792 total
- age   5:     726960 bytes,    6588752 total
- age   6:    2532608 bytes,    9121360 total
- age   7:    3012640 bytes,   12134000 total
- age   8:     876880 bytes,   13010880 total
: 101022K->17141K(109248K), 0.0132648 secs] 156780K->73459K(502464K), 0.0133553 secs] [Times: user=0.04 sys=0.01, real=0.01 secs] 
Heap after GC invocations=33 (full 2):
 par new generation   total 109248K, used 17141K [0x00000007a0000000, 0x00000007a8000000, 0x00000007a8000000)
  eden space 87424K,   0% used [0x00000007a0000000, 0x00000007a0000000, 0x00000007a5560000)
  from space 21824K,  78% used [0x00000007a6ab0000, 0x00000007a7b6d4e0, 0x00000007a8000000)
  to   space 21824K,   0% used [0x00000007a5560000, 0x00000007a5560000, 0x00000007a6ab0000)
 concurrent mark-sweep generation total 393216K, used 56318K [0x00000007a8000000, 0x00000007c0000000, 0x00000007c0000000)
 Metaspace       used 37798K, capacity 38376K, committed 38736K, reserved 1083392K
  class space    used 4160K, capacity 4317K, committed 4432K, reserved 1048576K
}
2016-10-05T13:26:31.796-0100: 99.595: Total time for which application threads were stopped: 0.0136990 seconds, Stopping threads took: 0.0000583 seconds
2016-10-05T13:26:32.033-0100: 99.832: Total time for which application threads were stopped: 0.0005629 seconds, Stopping threads took: 0.0000802 seconds
2016-10-05T13:26:32.035-0100: 99.833: Total time for which application threads were stopped: 0.0005134 seconds, Stopping threads took: 0.0000537 seconds
2016-10-05T13:26:32.074-0100: 99.872: Total time for which application threads were stopped: 0.0003177 seconds, Stopping threads took: 0.0001193 seconds
2016-10-05T13:26:32.412-0100: 100.210: Total time for which application threads were stopped: 0.0005786 seconds, Stopping threads took: 0.0000402 seconds
{Heap before GC invocations=33 (full 2):
 par new generation   total 109248K, used 104565K [0x00000007a0000000, 0x00000007a8000000, 0x00000007a8000000)
  eden space 87424K, 100% used [0x00000007a0000000, 0x00000007a5560000, 0x00000007a5560000)
  from space 21824K,  78% used [0x00000007a6ab0000, 0x00000007a7b6d4e0, 0x00000007a8000000)
  to   space 21824K,   0% used [0x00000007a5560000, 0x00000007a5560000, 0x00000007a6ab0000)
 concurrent mark-sweep generation total 393216K, used 56318K [0x00000007a8000000, 0x00000007c0000000, 0x00000007c0000000)
 Metaspace       used 37820K, capacity 38440K, committed 38736K, reserved 1083392K
  class space    used 4160K, capacity 4317K, committed 4432K, reserved 1048576K
2016-10-05T13:26:32.761-0100: 100.560: [GC (Allocation Failure) 2016-10-05T13:26:32.761-0100: 100.560: [ParNew
Desired survivor size 20112992 bytes, new threshold 8 (max 8)
- age   1:    2095760 bytes,    2095760 total
- age   2:    2187992 bytes,    4283752 total
- age   3:      33056 bytes,    4316808 total
- age   4:      21088 bytes,    4337896 total
- age   5:      21920 bytes,    4359816 total
- age   6:     724344 bytes,    5084160 total
- age   7:    2530736 bytes,    7614896 total
- age   8:    3012640 bytes,   10627536 total
: 104565K->14161K(109248K), 0.0113597 secs] 160883K->71340K(502464K), 0.0114713 secs] [Times: user=0.04 sys=0.00, real=0.01 secs] 
Heap after GC invocations=34 (full 2):
 par new generation   total 109248K, used 14161K [0x00000007a0000000, 0x00000007a8000000, 0x00000007a8000000)
  eden space 87424K,   0% used [0x00000007a0000000, 0x00000007a0000000, 0x00000007a5560000)
  from space 21824K,  64% used [0x00000007a5560000, 0x00000007a6334700, 0x00000007a6ab0000)
  to   space 21824K,   0% used [0x00000007a6ab0000, 0x00000007a6ab0000, 0x00000007a8000000)
 concurrent mark-sweep generation total 393216K, used 57179K [0x00000007a8000000, 0x00000007c0000000, 0x00000007c0000000)
 Metaspace       used 37820K, capacity 38440K, committed 38736K, reserved 1083392K
  class space    used 4160K, capacity 4317K, committed 4432K, reserved 1048576K
}
2016-10-05T13:26:32.773-0100: 100.571: Total time for which application threads were stopped: 0.0117994 seconds, Stopping threads took: 0.0000396 seconds
2016-10-05T13:26:33.206-0100: 101.005: Total time for which application threads were stopped: 0.0002957 seconds, Stopping threads took: 0.0000759 seconds
2016-10-05T13:26:33.206-0100: 101.005: Total time for which application threads were stopped: 0.0001749 seconds, Stopping threads took: 0.0000277 seconds
{Heap before GC invocations=34 (full 2):
 par new generation   total 109248K, used 101560K [0x00000007a0000000, 0x00000007a8000000, 0x00000007a8000000)
  eden space 87424K,  99% used [0x00000007a0000000, 0x00000007a5559c10, 0x00000007a5560000)
  from space 21824K,  64% used [0x00000007a5560000, 0x00000007a6334700, 0x00000007a6ab0000)
  to   space 21824K,   0% used [0x00000007a6ab0000, 0x00000007a6ab0000, 0x00000007a8000000)
 concurrent mark-sweep generation total 393216K, used 57179K [0x00000007a8000000, 0x00000007c0000000, 0x00000007c0000000)
 Metaspace       used 37840K, capacity 38452K, committed 38736K, reserved 1083392K
  class space    used 4160K, capacity 4317K, committed 4432K, reserved 1048576K
2016-10-05T13:26:33.320-0100: 101.119: [GC (Allocation Failure) 2016-10-05T13:26:33.320-0100: 101.119: [ParNew
Desired survivor size 20112992 bytes, new threshold 8 (max 8)
- age   1:    3184408 bytes,    3184408 total
- age   2:     792864 bytes,    3977272 total
- age   3:    2116728 bytes,    6094000 total
- age   4:      16800 bytes,    6110800 total
- age   5:      13712 bytes,    6124512 total
- age   6:      18376 bytes,    6142888 total
- age   7:     722640 bytes,    6865528 total
- age   8:    2529368 bytes,    9394896 total
: 101560K->11324K(109248K), 0.0121885 secs] 158739K->71457K(502464K), 0.0123020 secs] [Times: user=0.04 sys=0.00, real=0.01 secs] 
Heap after GC invocations=35 (full 2):
 par new generation   total 109248K, used 11324K [0x00000007a0000000, 0x00000007a8000000, 0x00000007a8000000)
  eden space 87424K,   0% used [0x00000007a0000000, 0x00000007a0000000, 0x00000007a5560000)
  from space 21824K,  51% used [0x00000007a6ab0000, 0x00000007a75bf140, 0x00000007a8000000)
  to   space 21824K,   0% used [0x00000007a5560000, 0x00000007a5560000, 0x00000007a6ab0000)
 concurrent mark-sweep generation total 393216K, used 60132K [0x00000007a8000000, 0x00000007c0000000, 0x00000007c0000000)
 Metaspace       used 37840K, capacity 38452K, committed 38736K, reserved 1083392K
  class space    used 4160K, capacity 4317K, committed 4432K, reserved 1048576K
}
2016-10-05T13:26:33.333-0100: 101.131: Total time for which application threads were stopped: 0.0126771 seconds, Stopping threads took: 0.0000479 seconds
2016-10-05T13:26:33.643-0100: 101.441: Total time for which application threads were stopped: 0.0002728 seconds, Stopping threads took: 0.0000408 seconds
{Heap before GC invocations=35 (full 2):
 par new generation   total 109248K, used 98748K [0x00000007a0000000, 0x00000007a8000000, 0x00000007a8000000)
  eden space 87424K, 100% used [0x00000007a0000000, 0x00000007a5560000, 0x00000007a5560000)
  from space 21824K,  51% used [0x00000007a6ab0000, 0x00000007a75bf140, 0x00000007a8000000)
  to   space 21824K,   0% used [0x00000007a5560000, 0x00000007a5560000, 0x00000007a6ab0000)
 concurrent mark-sweep generation total 393216K, used 60132K [0x00000007a8000000, 0x00000007c0000000, 0x00000007c0000000)
 Metaspace       used 37844K, capacity 38452K, committed 38736K, reserved 1083392K
  class space    used 4161K, capacity 4317K, committed 4432K, reserved 1048576K
2016-10-05T13:26:33.952-0100: 101.750: [GC (Allocation Failure) 2016-10-05T13:26:33.952-0100: 101.750: [ParNew
Desired survivor size 20112992 bytes, new threshold 8 (max 8)
- age   1:    3441544 bytes,    3441544 total
- age   2:    1737584 bytes,    5179128 total
- age   3:      28528 bytes,    5207656 total
- age   4:      11584 bytes,    5219240 total
- age   5:      15216 bytes,    5234456 total
- age   6:      11768 bytes,    5246224 total
- age   7:      16936 bytes,    5263160 total
- age   8:     721056 bytes,    5984216 total
: 98748K->10370K(109248K), 0.0150015 secs] 158881K->72981K(502464K), 0.0152053 secs] [Times: user=0.03 sys=0.00, real=0.01 secs] 
Heap after GC invocations=36 (full 2):
 par new generation   total 109248K, used 10370K [0x00000007a0000000, 0x00000007a8000000, 0x00000007a8000000)
  eden space 87424K,   0% used [0x00000007a0000000, 0x00000007a0000000, 0x00000007a5560000)
  from space 21824K,  47% used [0x00000007a5560000, 0x00000007a5f80af8, 0x00000007a6ab0000)
  to   space 21824K,   0% used [0x00000007a6ab0000, 0x00000007a6ab0000, 0x00000007a8000000)
 concurrent mark-sweep generation total 393216K, used 62610K [0x00000007a8000000, 0x00000007c0000000, 0x00000007c0000000)
 Metaspace       used 37844K, capacity 38452K, committed 38736K, reserved 1083392K
  class space    used 4161K, capacity 4317K, committed 4432K, reserved 1048576K
}
2016-10-05T13:26:33.967-0100: 101.766: Total time for which application threads were stopped: 0.0158581 seconds, Stopping threads took: 0.0001581 seconds
2016-10-05T13:26:34.017-0100: 101.816: Total time for which application threads were stopped: 0.0002693 seconds, Stopping threads took: 0.0000526 seconds
2016-10-05T13:26:34.122-0100: 101.920: Total time for which application threads were stopped: 0.0001903 seconds, Stopping threads took: 0.0000326 seconds
2016-10-05T13:26:34.122-0100: 101.921: Total time for which application threads were stopped: 0.0002462 seconds, Stopping threads took: 0.0000314 seconds
2016-10-05T13:26:34.123-0100: 101.921: Total time for which application threads were stopped: 0.0001953 seconds, Stopping threads took: 0.0000694 seconds
2016-10-05T13:26:34.125-0100: 101.923: Total time for which application threads were stopped: 0.0002302 seconds, Stopping threads took: 0.0000363 seconds
2016-10-05T13:26:35.129-0100: 102.928: Total time for which application threads were stopped: 0.0002894 seconds, Stopping threads took: 0.0000509 seconds
{Heap before GC invocations=36 (full 2):
 par new generation   total 109248K, used 97770K [0x00000007a0000000, 0x00000007a8000000, 0x00000007a8000000)
  eden space 87424K,  99% used [0x00000007a0000000, 0x00000007a5559f78, 0x00000007a5560000)
  from space 21824K,  47% used [0x00000007a5560000, 0x00000007a5f80af8, 0x00000007a6ab0000)
  to   space 21824K,   0% used [0x00000007a6ab0000, 0x00000007a6ab0000, 0x00000007a8000000)
 concurrent mark-sweep generation total 393216K, used 62610K [0x00000007a8000000, 0x00000007c0000000, 0x00000007c0000000)
 Metaspace       used 37899K, capacity 38524K, committed 38736K, reserved 1083392K
  class space    used 4168K, capacity 4329K, committed 4432K, reserved 1048576K
2016-10-05T13:26:35.210-0100: 103.009: [GC (Allocation Failure) 2016-10-05T13:26:35.210-0100: 103.009: [ParNew
Desired survivor size 20112992 bytes, new threshold 8 (max 8)
- age   1:    2093016 bytes,    2093016 total
- age   2:    1872912 bytes,    3965928 total
- age   3:    1669128 bytes,    5635056 total
- age   4:      28528 bytes,    5663584 total
- age   5:      11584 bytes,    5675168 total
- age   6:      15184 bytes,    5690352 total
- age   7:      11696 bytes,    5702048 total
- age   8:      16936 bytes,    5718984 total
: 97770K->7954K(109248K), 0.0116915 secs] 160381K->71271K(502464K), 0.0118357 secs] [Times: user=0.03 sys=0.00, real=0.01 secs] 
Heap after GC invocations=37 (full 2):
 par new generation   total 109248K, used 7954K [0x00000007a0000000, 0x00000007a8000000, 0x00000007a8000000)
  eden space 87424K,   0% used [0x00000007a0000000, 0x00000007a0000000, 0x00000007a5560000)
  from space 21824K,  36% used [0x00000007a6ab0000, 0x00000007a7274820, 0x00000007a8000000)
  to   space 21824K,   0% used [0x00000007a5560000, 0x00000007a5560000, 0x00000007a6ab0000)
 concurrent mark-sweep generation total 393216K, used 63317K [0x00000007a8000000, 0x00000007c0000000, 0x00000007c0000000)
 Metaspace       used 37899K, capacity 38524K, committed 38736K, reserved 1083392K
  class space    used 4168K, capacity 4329K, committed 4432K, reserved 1048576K
}
2016-10-05T13:26:35.222-0100: 103.020: Total time for which application threads were stopped: 0.0123791 seconds, Stopping threads took: 0.0000450 seconds
2016-10-05T13:26:35.225-0100: 103.023: Total time for which application threads were stopped: 0.0003825 seconds, Stopping threads took: 0.0001024 seconds
2016-10-05T13:26:35.266-0100: 103.064: Total time for which application threads were stopped: 0.0002944 seconds, Stopping threads took: 0.0000790 seconds
2016-10-05T13:26:35.288-0100: 103.087: Total time for which application threads were stopped: 0.0009169 seconds, Stopping threads took: 0.0006663 seconds
2016-10-05T13:26:36.292-0100: 104.090: Total time for which application threads were stopped: 0.0002789 seconds, Stopping threads took: 0.0000488 seconds
2016-10-05T13:26:36.481-0100: 104.280: Total time for which application threads were stopped: 0.0001728 seconds, Stopping threads took: 0.0000337 seconds
2016-10-05T13:26:36.482-0100: 104.280: Total time for which application threads were stopped: 0.0001071 seconds, Stopping threads took: 0.0000101 seconds
2016-10-05T13:26:36.482-0100: 104.280: Total time for which application threads were stopped: 0.0000810 seconds, Stopping threads took: 0.0000079 seconds
2016-10-05T13:26:36.482-0100: 104.280: Total time for which application threads were stopped: 0.0000795 seconds, Stopping threads took: 0.0000081 seconds
2016-10-05T13:26:36.482-0100: 104.280: Total time for which application threads were stopped: 0.0000732 seconds, Stopping threads took: 0.0000048 seconds
2016-10-05T13:26:36.498-0100: 104.297: Total time for which application threads were stopped: 0.0006969 seconds, Stopping threads took: 0.0001356 seconds
2016-10-05T13:26:36.499-0100: 104.297: Total time for which application threads were stopped: 0.0002377 seconds, Stopping threads took: 0.0000262 seconds
2016-10-05T13:26:36.842-0100: 104.640: Total time for which application threads were stopped: 0.0001732 seconds, Stopping threads took: 0.0000325 seconds
2016-10-05T13:26:36.842-0100: 104.641: Total time for which application threads were stopped: 0.0000776 seconds, Stopping threads took: 0.0000081 seconds
2016-10-05T13:26:36.842-0100: 104.641: Total time for which application threads were stopped: 0.0000730 seconds, Stopping threads took: 0.0000078 seconds
2016-10-05T13:26:36.844-0100: 104.642: Total time for which application threads were stopped: 0.0002669 seconds, Stopping threads took: 0.0000574 seconds
2016-10-05T13:26:36.846-0100: 104.644: Total time for which application threads were stopped: 0.0006626 seconds, Stopping threads took: 0.0002015 seconds
2016-10-05T13:26:36.867-0100: 104.665: Total time for which application threads were stopped: 0.0002793 seconds, Stopping threads took: 0.0000642 seconds
2016-10-05T13:26:36.872-0100: 104.670: Total time for which application threads were stopped: 0.0002410 seconds, Stopping threads took: 0.0000396 seconds
2016-10-05T13:26:36.872-0100: 104.670: Total time for which application threads were stopped: 0.0001985 seconds, Stopping threads took: 0.0000270 seconds
2016-10-05T13:26:36.873-0100: 104.671: Total time for which application threads were stopped: 0.0002002 seconds, Stopping threads took: 0.0000436 seconds
2016-10-05T13:26:36.968-0100: 104.766: Total time for which application threads were stopped: 0.0002610 seconds, Stopping threads took: 0.0000424 seconds
{Heap before GC invocations=37 (full 2):
 par new generation   total 109248K, used 95378K [0x00000007a0000000, 0x00000007a8000000, 0x00000007a8000000)
  eden space 87424K, 100% used [0x00000007a0000000, 0x00000007a5560000, 0x00000007a5560000)
  from space 21824K,  36% used [0x00000007a6ab0000, 0x00000007a7274820, 0x00000007a8000000)
  to   space 21824K,   0% used [0x00000007a5560000, 0x00000007a5560000, 0x00000007a6ab0000)
 concurrent mark-sweep generation total 393216K, used 63317K [0x00000007a8000000, 0x00000007c0000000, 0x00000007c0000000)
 Metaspace       used 38258K, capacity 39140K, committed 39248K, reserved 1083392K
  class space    used 4219K, capacity 4421K, committed 4432K, reserved 1048576K
2016-10-05T13:26:37.034-0100: 104.832: [GC (Allocation Failure) 2016-10-05T13:26:37.034-0100: 104.833: [ParNew
Desired survivor size 20112992 bytes, new threshold 8 (max 8)
- age   1:    3775840 bytes,    3775840 total
- age   2:     963848 bytes,    4739688 total
- age   3:    1867896 bytes,    6607584 total
- age   4:    1668632 bytes,    8276216 total
- age   5:      27464 bytes,    8303680 total
- age   6:      11584 bytes,    8315264 total
- age   7:      15184 bytes,    8330448 total
- age   8:      11696 bytes,    8342144 total
: 95378K->9679K(109248K), 0.0131878 secs] 158695K->73013K(502464K), 0.0133140 secs] [Times: user=0.03 sys=0.00, real=0.01 secs] 
Heap after GC invocations=38 (full 2):
 par new generation   total 109248K, used 9679K [0x00000007a0000000, 0x00000007a8000000, 0x00000007a8000000)
  eden space 87424K,   0% used [0x00000007a0000000, 0x00000007a0000000, 0x00000007a5560000)
  from space 21824K,  44% used [0x00000007a5560000, 0x00000007a5ed3c08, 0x00000007a6ab0000)
  to   space 21824K,   0% used [0x00000007a6ab0000, 0x00000007a6ab0000, 0x00000007a8000000)
 concurrent mark-sweep generation total 393216K, used 63334K [0x00000007a8000000, 0x00000007c0000000, 0x00000007c0000000)
 Metaspace       used 38258K, capacity 39140K, committed 39248K, reserved 1083392K
  class space    used 4219K, capacity 4421K, committed 4432K, reserved 1048576K
}
2016-10-05T13:26:37.048-0100: 104.846: Total time for which application threads were stopped: 0.0138034 seconds, Stopping threads took: 0.0000556 seconds
2016-10-05T13:26:37.049-0100: 104.847: Total time for which application threads were stopped: 0.0002702 seconds, Stopping threads took: 0.0000522 seconds
2016-10-05T13:26:37.340-0100: 105.139: Total time for which application threads were stopped: 0.0002653 seconds, Stopping threads took: 0.0000954 seconds
2016-10-05T13:26:37.679-0100: 105.477: Total time for which application threads were stopped: 0.0004794 seconds, Stopping threads took: 0.0001067 seconds
{Heap before GC invocations=38 (full 2):
 par new generation   total 109248K, used 97103K [0x00000007a0000000, 0x00000007a8000000, 0x00000007a8000000)
  eden space 87424K, 100% used [0x00000007a0000000, 0x00000007a5560000, 0x00000007a5560000)
  from space 21824K,  44% used [0x00000007a5560000, 0x00000007a5ed3c08, 0x00000007a6ab0000)
  to   space 21824K,   0% used [0x00000007a6ab0000, 0x00000007a6ab0000, 0x00000007a8000000)
 concurrent mark-sweep generation total 393216K, used 63334K [0x00000007a8000000, 0x00000007c0000000, 0x00000007c0000000)
 Metaspace       used 38262K, capacity 39140K, committed 39248K, reserved 1083392K
  class space    used 4219K, capacity 4421K, committed 4432K, reserved 1048576K
2016-10-05T13:26:37.804-0100: 105.602: [GC (Allocation Failure) 2016-10-05T13:26:37.804-0100: 105.602: [ParNew
Desired survivor size 20112992 bytes, new threshold 8 (max 8)
- age   1:    1725672 bytes,    1725672 total
- age   2:    2683744 bytes,    4409416 total
- age   3:     926480 bytes,    5335896 total
- age   4:    1867656 bytes,    7203552 total
- age   5:    1668136 bytes,    8871688 total
- age   6:      27464 bytes,    8899152 total
- age   7:      11584 bytes,    8910736 total
- age   8:      14688 bytes,    8925424 total
: 97103K->12251K(109248K), 0.0085956 secs] 160437K->75597K(502464K), 0.0086853 secs] [Times: user=0.03 sys=0.00, real=0.01 secs] 
Heap after GC invocations=39 (full 2):
 par new generation   total 109248K, used 12251K [0x00000007a0000000, 0x00000007a8000000, 0x00000007a8000000)
  eden space 87424K,   0% used [0x00000007a0000000, 0x00000007a0000000, 0x00000007a5560000)
  from space 21824K,  56% used [0x00000007a6ab0000, 0x00000007a76a6dc8, 0x00000007a8000000)
  to   space 21824K,   0% used [0x00000007a5560000, 0x00000007a5560000, 0x00000007a6ab0000)
 concurrent mark-sweep generation total 393216K, used 63345K [0x00000007a8000000, 0x00000007c0000000, 0x00000007c0000000)
 Metaspace       used 38262K, capacity 39140K, committed 39248K, reserved 1083392K
  class space    used 4219K, capacity 4421K, committed 4432K, reserved 1048576K
}
2016-10-05T13:26:37.813-0100: 105.611: Total time for which application threads were stopped: 0.0090542 seconds, Stopping threads took: 0.0000419 seconds
2016-10-05T13:26:38.006-0100: 105.804: Total time for which application threads were stopped: 0.0006407 seconds, Stopping threads took: 0.0001366 seconds
2016-10-05T13:26:38.346-0100: 106.144: Total time for which application threads were stopped: 0.0003766 seconds, Stopping threads took: 0.0001129 seconds
2016-10-05T13:26:38.348-0100: 106.146: Total time for which application threads were stopped: 0.0004140 seconds, Stopping threads took: 0.0002210 seconds
{Heap before GC invocations=39 (full 2):
 par new generation   total 109248K, used 99675K [0x00000007a0000000, 0x00000007a8000000, 0x00000007a8000000)
  eden space 87424K, 100% used [0x00000007a0000000, 0x00000007a5560000, 0x00000007a5560000)
  from space 21824K,  56% used [0x00000007a6ab0000, 0x00000007a76a6dc8, 0x00000007a8000000)
  to   space 21824K,   0% used [0x00000007a5560000, 0x00000007a5560000, 0x00000007a6ab0000)
 concurrent mark-sweep generation total 393216K, used 63345K [0x00000007a8000000, 0x00000007c0000000, 0x00000007c0000000)
 Metaspace       used 38268K, capacity 39140K, committed 39248K, reserved 1083392K
  class space    used 4219K, capacity 4421K, committed 4432K, reserved 1048576K
2016-10-05T13:26:38.395-0100: 106.193: [GC (Allocation Failure) 2016-10-05T13:26:38.395-0100: 106.193: [ParNew
Desired survivor size 20112992 bytes, new threshold 8 (max 8)
- age   1:    2087912 bytes,    2087912 total
- age   2:     760552 bytes,    2848464 total
- age   3:    2615224 bytes,    5463688 total
- age   4:     926448 bytes,    6390136 total
- age   5:    1867656 bytes,    8257792 total
- age   6:    1668136 bytes,    9925928 total
- age   7:      27464 bytes,    9953392 total
- age   8:      11584 bytes,    9964976 total
: 99675K->12211K(109248K), 0.0097092 secs] 163021K->75571K(502464K), 0.0098018 secs] [Times: user=0.03 sys=0.00, real=0.01 secs] 
Heap after GC invocations=40 (full 2):
 par new generation   total 109248K, used 12211K [0x00000007a0000000, 0x00000007a8000000, 0x00000007a8000000)
  eden space 87424K,   0% used [0x00000007a0000000, 0x00000007a0000000, 0x00000007a5560000)
  from space 21824K,  55% used [0x00000007a5560000, 0x00000007a614cd00, 0x00000007a6ab0000)
  to   space 21824K,   0% used [0x00000007a6ab0000, 0x00000007a6ab0000, 0x00000007a8000000)
 concurrent mark-sweep generation total 393216K, used 63360K [0x00000007a8000000, 0x00000007c0000000, 0x00000007c0000000)
 Metaspace       used 38268K, capacity 39140K, committed 39248K, reserved 1083392K
  class space    used 4219K, capacity 4421K, committed 4432K, reserved 1048576K
}
2016-10-05T13:26:38.405-0100: 106.203: Total time for which application threads were stopped: 0.0100991 seconds, Stopping threads took: 0.0000398 seconds
2016-10-05T13:26:38.467-0100: 106.265: Total time for which application threads were stopped: 0.0002325 seconds, Stopping threads took: 0.0000747 seconds
2016-10-05T13:26:38.727-0100: 106.525: Total time for which application threads were stopped: 0.0003078 seconds, Stopping threads took: 0.0000465 seconds
{Heap before GC invocations=40 (full 2):
 par new generation   total 109248K, used 99635K [0x00000007a0000000, 0x00000007a8000000, 0x00000007a8000000)
  eden space 87424K, 100% used [0x00000007a0000000, 0x00000007a5560000, 0x00000007a5560000)
  from space 21824K,  55% used [0x00000007a5560000, 0x00000007a614cd00, 0x00000007a6ab0000)
  to   space 21824K,   0% used [0x00000007a6ab0000, 0x00000007a6ab0000, 0x00000007a8000000)
 concurrent mark-sweep generation total 393216K, used 63360K [0x00000007a8000000, 0x00000007c0000000, 0x00000007c0000000)
 Metaspace       used 38276K, capacity 39144K, committed 39248K, reserved 1083392K
  class space    used 4219K, capacity 4421K, committed 4432K, reserved 1048576K
2016-10-05T13:26:39.056-0100: 106.854: [GC (Allocation Failure) 2016-10-05T13:26:39.056-0100: 106.854: [ParNew
Desired survivor size 20112992 bytes, new threshold 8 (max 8)
- age   1:    2975384 bytes,    2975384 total
- age   2:     678792 bytes,    3654176 total
- age   3:      82424 bytes,    3736600 total
- age   4:    2540224 bytes,    6276824 total
- age   5:     926448 bytes,    7203272 total
- age   6:    1867656 bytes,    9070928 total
- age   7:    1667640 bytes,   10738568 total
- age   8:      27464 bytes,   10766032 total
: 99635K->14909K(109248K), 0.0088222 secs] 162995K->78280K(502464K), 0.0089266 secs] [Times: user=0.02 sys=0.00, real=0.01 secs] 
Heap after GC invocations=41 (full 2):
 par new generation   total 109248K, used 14909K [0x00000007a0000000, 0x00000007a8000000, 0x00000007a8000000)
  eden space 87424K,   0% used [0x00000007a0000000, 0x00000007a0000000, 0x00000007a5560000)
  from space 21824K,  68% used [0x00000007a6ab0000, 0x00000007a793f608, 0x00000007a8000000)
  to   space 21824K,   0% used [0x00000007a5560000, 0x00000007a5560000, 0x00000007a6ab0000)
 concurrent mark-sweep generation total 393216K, used 63371K [0x00000007a8000000, 0x00000007c0000000, 0x00000007c0000000)
 Metaspace       used 38276K, capacity 39144K, committed 39248K, reserved 1083392K
  class space    used 4219K, capacity 4421K, committed 4432K, reserved 1048576K
}
2016-10-05T13:26:39.065-0100: 106.863: Total time for which application threads were stopped: 0.0092026 seconds, Stopping threads took: 0.0000338 seconds
2016-10-05T13:26:39.089-0100: 106.887: Total time for which application threads were stopped: 0.0002265 seconds, Stopping threads took: 0.0000460 seconds
2016-10-05T13:26:39.402-0100: 107.200: Total time for which application threads were stopped: 0.0002298 seconds, Stopping threads took: 0.0000416 seconds
{Heap before GC invocations=41 (full 2):
 par new generation   total 109248K, used 102333K [0x00000007a0000000, 0x00000007a8000000, 0x00000007a8000000)
  eden space 87424K, 100% used [0x00000007a0000000, 0x00000007a5560000, 0x00000007a5560000)
  from space 21824K,  68% used [0x00000007a6ab0000, 0x00000007a793f608, 0x00000007a8000000)
  to   space 21824K,   0% used [0x00000007a5560000, 0x00000007a5560000, 0x00000007a6ab0000)
 concurrent mark-sweep generation total 393216K, used 63371K [0x00000007a8000000, 0x00000007c0000000, 0x00000007c0000000)
 Metaspace       used 38277K, capacity 39144K, committed 39248K, reserved 1083392K
  class space    used 4219K, capacity 4421K, committed 4432K, reserved 1048576K
2016-10-05T13:26:39.715-0100: 107.514: [GC (Allocation Failure) 2016-10-05T13:26:39.715-0100: 107.514: [ParNew
Desired survivor size 20112992 bytes, new threshold 8 (max 8)
- age   1:    2585856 bytes,    2585856 total
- age   2:    1156224 bytes,    3742080 total
- age   3:     610800 bytes,    4352880 total
- age   4:      82424 bytes,    4435304 total
- age   5:    2539728 bytes,    6975032 total
- age   6:     926448 bytes,    7901480 total
- age   7:    1867656 bytes,    9769136 total
- age   8:    1667640 bytes,   11436776 total
: 102333K->13663K(109248K), 0.0137889 secs] 165704K->77061K(502464K), 0.0138732 secs] [Times: user=0.03 sys=0.00, real=0.01 secs] 
Heap after GC invocations=42 (full 2):
 par new generation   total 109248K, used 13663K [0x00000007a0000000, 0x00000007a8000000, 0x00000007a8000000)
  eden space 87424K,   0% used [0x00000007a0000000, 0x00000007a0000000, 0x00000007a5560000)
  from space 21824K,  62% used [0x00000007a5560000, 0x00000007a62b7d10, 0x00000007a6ab0000)
  to   space 21824K,   0% used [0x00000007a6ab0000, 0x00000007a6ab0000, 0x00000007a8000000)
 concurrent mark-sweep generation total 393216K, used 63398K [0x00000007a8000000, 0x00000007c0000000, 0x00000007c0000000)
 Metaspace       used 38277K, capacity 39144K, committed 39248K, reserved 1083392K
  class space    used 4219K, capacity 4421K, committed 4432K, reserved 1048576K
}
2016-10-05T13:26:39.729-0100: 107.528: Total time for which application threads were stopped: 0.0141151 seconds, Stopping threads took: 0.0000321 seconds
2016-10-05T13:26:39.756-0100: 107.554: Total time for which application threads were stopped: 0.0002713 seconds, Stopping threads took: 0.0000650 seconds
2016-10-05T13:26:40.095-0100: 107.893: Total time for which application threads were stopped: 0.0002406 seconds, Stopping threads took: 0.0000606 seconds
2016-10-05T13:26:40.095-0100: 107.893: Total time for which application threads were stopped: 0.0001977 seconds, Stopping threads took: 0.0000493 seconds
2016-10-05T13:26:40.108-0100: 107.906: Total time for which application threads were stopped: 0.0005537 seconds, Stopping threads took: 0.0003175 seconds
{Heap before GC invocations=42 (full 2):
 par new generation   total 109248K, used 101087K [0x00000007a0000000, 0x00000007a8000000, 0x00000007a8000000)
  eden space 87424K, 100% used [0x00000007a0000000, 0x00000007a5560000, 0x00000007a5560000)
  from space 21824K,  62% used [0x00000007a5560000, 0x00000007a62b7d10, 0x00000007a6ab0000)
  to   space 21824K,   0% used [0x00000007a6ab0000, 0x00000007a6ab0000, 0x00000007a8000000)
 concurrent mark-sweep generation total 393216K, used 63398K [0x00000007a8000000, 0x00000007c0000000, 0x00000007c0000000)
 Metaspace       used 38285K, capacity 39144K, committed 39248K, reserved 1083392K
  class space    used 4219K, capacity 4421K, committed 4432K, reserved 1048576K
2016-10-05T13:26:40.193-0100: 107.991: [GC (Allocation Failure) 2016-10-05T13:26:40.193-0100: 107.991: [ParNew
Desired survivor size 20112992 bytes, new threshold 8 (max 8)
- age   1:    2870848 bytes,    2870848 total
- age   2:     805352 bytes,    3676200 total
- age   3:    1088552 bytes,    4764752 total
- age   4:     599720 bytes,    5364472 total
- age   5:      73240 bytes,    5437712 total
- age   6:    2534752 bytes,    7972464 total
- age   7:     926448 bytes,    8898912 total
- age   8:    1867656 bytes,   10766568 total
: 101087K->17315K(109248K), 0.0077364 secs] 164485K->82343K(502464K), 0.0078104 secs] [Times: user=0.02 sys=0.00, real=0.01 secs] 
Heap after GC invocations=43 (full 2):
 par new generation   total 109248K, used 17315K [0x00000007a0000000, 0x00000007a8000000, 0x00000007a8000000)
  eden space 87424K,   0% used [0x00000007a0000000, 0x00000007a0000000, 0x00000007a5560000)
  from space 21824K,  79% used [0x00000007a6ab0000, 0x00000007a7b98f08, 0x00000007a8000000)
  to   space 21824K,   0% used [0x00000007a5560000, 0x00000007a5560000, 0x00000007a6ab0000)
 concurrent mark-sweep generation total 393216K, used 65027K [0x00000007a8000000, 0x00000007c0000000, 0x00000007c0000000)
 Metaspace       used 38285K, capacity 39144K, committed 39248K, reserved 1083392K
  class space    used 4219K, capacity 4421K, committed 4432K, reserved 1048576K
}
2016-10-05T13:26:40.200-0100: 107.999: Total time for which application threads were stopped: 0.0081760 seconds, Stopping threads took: 0.0001159 seconds
2016-10-05T13:26:40.548-0100: 108.346: Total time for which application threads were stopped: 0.0006119 seconds, Stopping threads took: 0.0001231 seconds
{Heap before GC invocations=43 (full 2):
 par new generation   total 109248K, used 104739K [0x00000007a0000000, 0x00000007a8000000, 0x00000007a8000000)
  eden space 87424K, 100% used [0x00000007a0000000, 0x00000007a5560000, 0x00000007a5560000)
  from space 21824K,  79% used [0x00000007a6ab0000, 0x00000007a7b98f08, 0x00000007a8000000)
  to   space 21824K,   0% used [0x00000007a5560000, 0x00000007a5560000, 0x00000007a6ab0000)
 concurrent mark-sweep generation total 393216K, used 65027K [0x00000007a8000000, 0x00000007c0000000, 0x00000007c0000000)
 Metaspace       used 38286K, capacity 39144K, committed 39248K, reserved 1083392K
  class space    used 4219K, capacity 4421K, committed 4432K, reserved 1048576K
2016-10-05T13:26:40.736-0100: 108.535: [GC (Allocation Failure) 2016-10-05T13:26:40.737-0100: 108.535: [ParNew
Desired survivor size 20112992 bytes, new threshold 8 (max 8)
- age   1:    2672344 bytes,    2672344 total
- age   2:    1493840 bytes,    4166184 total
- age   3:      93904 bytes,    4260088 total
- age   4:      23264 bytes,    4283352 total
- age   5:      17400 bytes,    4300752 total
- age   6:      70576 bytes,    4371328 total
- age   7:    2531312 bytes,    6902640 total
- age   8:     925248 bytes,    7827888 total
: 104739K->10203K(109248K), 0.0081271 secs] 169767K->77055K(502464K), 0.0082135 secs] [Times: user=0.03 sys=0.00, real=0.01 secs] 
Heap after GC invocations=44 (full 2):
 par new generation   total 109248K, used 10203K [0x00000007a0000000, 0x00000007a8000000, 0x00000007a8000000)
  eden space 87424K,   0% used [0x00000007a0000000, 0x00000007a0000000, 0x00000007a5560000)
  from space 21824K,  46% used [0x00000007a5560000, 0x00000007a5f56dc0, 0x00000007a6ab0000)
  to   space 21824K,   0% used [0x00000007a6ab0000, 0x00000007a6ab0000, 0x00000007a8000000)
 concurrent mark-sweep generation total 393216K, used 66852K [0x00000007a8000000, 0x00000007c0000000, 0x00000007c0000000)
 Metaspace       used 38286K, capacity 39144K, committed 39248K, reserved 1083392K
  class space    used 4219K, capacity 4421K, committed 4432K, reserved 1048576K
}
2016-10-05T13:26:40.745-0100: 108.543: Total time for which application threads were stopped: 0.0084890 seconds, Stopping threads took: 0.0000321 seconds
2016-10-05T13:26:40.860-0100: 108.659: Total time for which application threads were stopped: 0.0002750 seconds, Stopping threads took: 0.0000490 seconds
2016-10-05T13:26:41.237-0100: 109.035: Total time for which application threads were stopped: 0.0003215 seconds, Stopping threads took: 0.0000677 seconds
{Heap before GC invocations=44 (full 2):
 par new generation   total 109248K, used 97627K [0x00000007a0000000, 0x00000007a8000000, 0x00000007a8000000)
  eden space 87424K, 100% used [0x00000007a0000000, 0x00000007a5560000, 0x00000007a5560000)
  from space 21824K,  46% used [0x00000007a5560000, 0x00000007a5f56dc0, 0x00000007a6ab0000)
  to   space 21824K,   0% used [0x00000007a6ab0000, 0x00000007a6ab0000, 0x00000007a8000000)
 concurrent mark-sweep generation total 393216K, used 66852K [0x00000007a8000000, 0x00000007c0000000, 0x00000007c0000000)
 Metaspace       used 38291K, capacity 39144K, committed 39248K, reserved 1083392K
  class space    used 4219K, capacity 4421K, committed 4432K, reserved 1048576K
2016-10-05T13:26:41.483-0100: 109.281: [GC (Allocation Failure) 2016-10-05T13:26:41.483-0100: 109.281: [ParNew
Desired survivor size 20112992 bytes, new threshold 8 (max 8)
- age   1:    2161888 bytes,    2161888 total
- age   2:    1483016 bytes,    3644904 total
- age   3:    1423944 bytes,    5068848 total
- age   4:      23480 bytes,    5092328 total
- age   5:      21344 bytes,    5113672 total
- age   6:      15176 bytes,    5128848 total
- age   7:      68824 bytes,    5197672 total
- age   8:    2529584 bytes,    7727256 total
: 97627K->10355K(109248K), 0.0087592 secs] 164479K->78116K(502464K), 0.0088408 secs] [Times: user=0.03 sys=0.00, real=0.01 secs] 
Heap after GC invocations=45 (full 2):
 par new generation   total 109248K, used 10355K [0x00000007a0000000, 0x00000007a8000000, 0x00000007a8000000)
  eden space 87424K,   0% used [0x00000007a0000000, 0x00000007a0000000, 0x00000007a5560000)
  from space 21824K,  47% used [0x00000007a6ab0000, 0x00000007a74cccf0, 0x00000007a8000000)
  to   space 21824K,   0% used [0x00000007a5560000, 0x00000007a5560000, 0x00000007a6ab0000)
 concurrent mark-sweep generation total 393216K, used 67760K [0x00000007a8000000, 0x00000007c0000000, 0x00000007c0000000)
 Metaspace       used 38291K, capacity 39144K, committed 39248K, reserved 1083392K
  class space    used 4219K, capacity 4421K, committed 4432K, reserved 1048576K
}
2016-10-05T13:26:41.492-0100: 109.290: Total time for which application threads were stopped: 0.0090887 seconds, Stopping threads took: 0.0000281 seconds
2016-10-05T13:26:41.581-0100: 109.380: Total time for which application threads were stopped: 0.0003075 seconds, Stopping threads took: 0.0000440 seconds
2016-10-05T13:26:41.582-0100: 109.380: Total time for which application threads were stopped: 0.0002527 seconds, Stopping threads took: 0.0000498 seconds
2016-10-05T13:26:41.583-0100: 109.381: Total time for which application threads were stopped: 0.0002997 seconds, Stopping threads took: 0.0000829 seconds
{Heap before GC invocations=45 (full 2):
 par new generation   total 109248K, used 97779K [0x00000007a0000000, 0x00000007a8000000, 0x00000007a8000000)
  eden space 87424K, 100% used [0x00000007a0000000, 0x00000007a5560000, 0x00000007a5560000)
  from space 21824K,  47% used [0x00000007a6ab0000, 0x00000007a74cccf0, 0x00000007a8000000)
  to   space 21824K,   0% used [0x00000007a5560000, 0x00000007a5560000, 0x00000007a6ab0000)
 concurrent mark-sweep generation total 393216K, used 67760K [0x00000007a8000000, 0x00000007c0000000, 0x00000007c0000000)
 Metaspace       used 38308K, capacity 39208K, committed 39248K, reserved 1083392K
  class space    used 4219K, capacity 4421K, committed 4432K, reserved 1048576K
2016-10-05T13:26:41.712-0100: 109.510: [GC (Allocation Failure) 2016-10-05T13:26:41.712-0100: 109.510: [ParNew
Desired survivor size 20112992 bytes, new threshold 8 (max 8)
- age   1:    3867168 bytes,    3867168 total
- age   2:     771528 bytes,    4638696 total
- age   3:    1415192 bytes,    6053888 total
- age   4:    1416296 bytes,    7470184 total
- age   5:      13480 bytes,    7483664 total
- age   6:      14776 bytes,    7498440 total
- age   7:      13232 bytes,    7511672 total
- age   8:      68536 bytes,    7580208 total
: 97779K->8697K(109248K), 0.0092601 secs] 165540K->78940K(502464K), 0.0093418 secs] [Times: user=0.03 sys=0.00, real=0.01 secs] 
Heap after GC invocations=46 (full 2):
 par new generation   total 109248K, used 8697K [0x00000007a0000000, 0x00000007a8000000, 0x00000007a8000000)
  eden space 87424K,   0% used [0x00000007a0000000, 0x00000007a0000000, 0x00000007a5560000)
  from space 21824K,  39% used [0x00000007a5560000, 0x00000007a5dde418, 0x00000007a6ab0000)
  to   space 21824K,   0% used [0x00000007a6ab0000, 0x00000007a6ab0000, 0x00000007a8000000)
 concurrent mark-sweep generation total 393216K, used 70243K [0x00000007a8000000, 0x00000007c0000000, 0x00000007c0000000)
 Metaspace       used 38308K, capacity 39208K, committed 39248K, reserved 1083392K
  class space    used 4219K, capacity 4421K, committed 4432K, reserved 1048576K
}
2016-10-05T13:26:41.721-0100: 109.519: Total time for which application threads were stopped: 0.0096555 seconds, Stopping threads took: 0.0000705 seconds
2016-10-05T13:26:41.926-0100: 109.724: Total time for which application threads were stopped: 0.0002161 seconds, Stopping threads took: 0.0000380 seconds
2016-10-05T13:26:42.211-0100: 110.009: Total time for which application threads were stopped: 0.0002489 seconds, Stopping threads took: 0.0000653 seconds
{Heap before GC invocations=46 (full 2):
 par new generation   total 109248K, used 96121K [0x00000007a0000000, 0x00000007a8000000, 0x00000007a8000000)
  eden space 87424K, 100% used [0x00000007a0000000, 0x00000007a5560000, 0x00000007a5560000)
  from space 21824K,  39% used [0x00000007a5560000, 0x00000007a5dde418, 0x00000007a6ab0000)
  to   space 21824K,   0% used [0x00000007a6ab0000, 0x00000007a6ab0000, 0x00000007a8000000)
 concurrent mark-sweep generation total 393216K, used 70243K [0x00000007a8000000, 0x00000007c0000000, 0x00000007c0000000)
 Metaspace       used 38326K, capacity 39208K, committed 39248K, reserved 1083392K
  class space    used 4219K, capacity 4421K, committed 4432K, reserved 1048576K
2016-10-05T13:26:42.227-0100: 110.025: [GC (Allocation Failure) 2016-10-05T13:26:42.227-0100: 110.025: [ParNew
Desired survivor size 20112992 bytes, new threshold 8 (max 8)
- age   1:    2130328 bytes,    2130328 total
- age   2:    2419048 bytes,    4549376 total
- age   3:      23536 bytes,    4572912 total
- age   4:      15624 bytes,    4588536 total
- age   5:      13240 bytes,    4601776 total
- age   6:      13336 bytes,    4615112 total
- age   7:      14320 bytes,    4629432 total
- age   8:      12816 bytes,    4642248 total
: 96121K->9777K(109248K), 0.0056101 secs] 166364K->80088K(502464K), 0.0057455 secs] [Times: user=0.01 sys=0.00, real=0.01 secs] 
Heap after GC invocations=47 (full 2):
 par new generation   total 109248K, used 9777K [0x00000007a0000000, 0x00000007a8000000, 0x00000007a8000000)
  eden space 87424K,   0% used [0x00000007a0000000, 0x00000007a0000000, 0x00000007a5560000)
  from space 21824K,  44% used [0x00000007a6ab0000, 0x00000007a743c550, 0x00000007a8000000)
  to   space 21824K,   0% used [0x00000007a5560000, 0x00000007a5560000, 0x00000007a6ab0000)
 concurrent mark-sweep generation total 393216K, used 70311K [0x00000007a8000000, 0x00000007c0000000, 0x00000007c0000000)
 Metaspace       used 38326K, capacity 39208K, committed 39248K, reserved 1083392K
  class space    used 4219K, capacity 4421K, committed 4432K, reserved 1048576K
}
2016-10-05T13:26:42.233-0100: 110.031: Total time for which application threads were stopped: 0.0061952 seconds, Stopping threads took: 0.0000359 seconds
2016-10-05T13:26:42.234-0100: 110.032: Total time for which application threads were stopped: 0.0002826 seconds, Stopping threads took: 0.0000395 seconds
2016-10-05T13:26:42.317-0100: 110.115: Total time for which application threads were stopped: 0.0002406 seconds, Stopping threads took: 0.0000371 seconds
2016-10-05T13:26:43.321-0100: 111.119: Total time for which application threads were stopped: 0.0003193 seconds, Stopping threads took: 0.0000528 seconds
{Heap before GC invocations=47 (full 2):
 par new generation   total 109248K, used 97201K [0x00000007a0000000, 0x00000007a8000000, 0x00000007a8000000)
  eden space 87424K, 100% used [0x00000007a0000000, 0x00000007a5560000, 0x00000007a5560000)
  from space 21824K,  44% used [0x00000007a6ab0000, 0x00000007a743c550, 0x00000007a8000000)
  to   space 21824K,   0% used [0x00000007a5560000, 0x00000007a5560000, 0x00000007a6ab0000)
 concurrent mark-sweep generation total 393216K, used 70311K [0x00000007a8000000, 0x00000007c0000000, 0x00000007c0000000)
 Metaspace       used 38329K, capacity 39208K, committed 39248K, reserved 1083392K
  class space    used 4219K, capacity 4421K, committed 4432K, reserved 1048576K
2016-10-05T13:26:43.384-0100: 111.182: [GC (Allocation Failure) 2016-10-05T13:26:43.384-0100: 111.182: [ParNew
Desired survivor size 20112992 bytes, new threshold 8 (max 8)
- age   1:    1543512 bytes,    1543512 total
- age   2:    1845952 bytes,    3389464 total
- age   3:    2351552 bytes,    5741016 total
- age   4:      23464 bytes,    5764480 total
- age   5:      15624 bytes,    5780104 total
- age   6:      13240 bytes,    5793344 total
- age   7:      13336 bytes,    5806680 total
- age   8:      14320 bytes,    5821000 total
: 97201K->6818K(109248K), 0.0060912 secs] 167512K->77142K(502464K), 0.0061837 secs] [Times: user=0.02 sys=0.01, real=0.01 secs] 
Heap after GC invocations=48 (full 2):
 par new generation   total 109248K, used 6818K [0x00000007a0000000, 0x00000007a8000000, 0x00000007a8000000)
  eden space 87424K,   0% used [0x00000007a0000000, 0x00000007a0000000, 0x00000007a5560000)
  from space 21824K,  31% used [0x00000007a5560000, 0x00000007a5c08b30, 0x00000007a6ab0000)
  to   space 21824K,   0% used [0x00000007a6ab0000, 0x00000007a6ab0000, 0x00000007a8000000)
 concurrent mark-sweep generation total 393216K, used 70323K [0x00000007a8000000, 0x00000007c0000000, 0x00000007c0000000)
 Metaspace       used 38329K, capacity 39208K, committed 39248K, reserved 1083392K
  class space    used 4219K, capacity 4421K, committed 4432K, reserved 1048576K
}
2016-10-05T13:26:43.391-0100: 111.189: Total time for which application threads were stopped: 0.0064800 seconds, Stopping threads took: 0.0000397 seconds
2016-10-05T13:26:43.391-0100: 111.189: Total time for which application threads were stopped: 0.0002388 seconds, Stopping threads took: 0.0000610 seconds
2016-10-05T13:26:43.415-0100: 111.214: Total time for which application threads were stopped: 0.0002032 seconds, Stopping threads took: 0.0000377 seconds
2016-10-05T13:26:44.416-0100: 112.214: Total time for which application threads were stopped: 0.0003470 seconds, Stopping threads took: 0.0000629 seconds
2016-10-05T13:26:47.538-0100: 115.336: Total time for which application threads were stopped: 0.0001738 seconds, Stopping threads took: 0.0000279 seconds
2016-10-05T13:26:48.542-0100: 116.340: Total time for which application threads were stopped: 0.0003143 seconds, Stopping threads took: 0.0000531 seconds
{Heap before GC invocations=48 (full 2):
 par new generation   total 109248K, used 94220K [0x00000007a0000000, 0x00000007a8000000, 0x00000007a8000000)
  eden space 87424K,  99% used [0x00000007a0000000, 0x00000007a555a880, 0x00000007a5560000)
  from space 21824K,  31% used [0x00000007a5560000, 0x00000007a5c08b30, 0x00000007a6ab0000)
  to   space 21824K,   0% used [0x00000007a6ab0000, 0x00000007a6ab0000, 0x00000007a8000000)
 concurrent mark-sweep generation total 393216K, used 70323K [0x00000007a8000000, 0x00000007c0000000, 0x00000007c0000000)
 Metaspace       used 38347K, capacity 39214K, committed 39248K, reserved 1083392K
  class space    used 4220K, capacity 4422K, committed 4432K, reserved 1048576K
2016-10-05T13:26:50.030-0100: 117.828: [GC (Allocation Failure) 2016-10-05T13:26:50.030-0100: 117.828: [ParNew
Desired survivor size 20112992 bytes, new threshold 8 (max 8)
- age   1:    3883656 bytes,    3883656 total
- age   2:     735808 bytes,    4619464 total
- age   3:    1833040 bytes,    6452504 total
- age   4:    2351552 bytes,    8804056 total
- age   5:      23464 bytes,    8827520 total
- age   6:      15624 bytes,    8843144 total
- age   7:      13240 bytes,    8856384 total
- age   8:      13336 bytes,    8869720 total
: 94220K->10987K(109248K), 0.0067407 secs] 164544K->81325K(502464K), 0.0068229 secs] [Times: user=0.03 sys=0.00, real=0.00 secs] 
Heap after GC invocations=49 (full 2):
 par new generation   total 109248K, used 10987K [0x00000007a0000000, 0x00000007a8000000, 0x00000007a8000000)
  eden space 87424K,   0% used [0x00000007a0000000, 0x00000007a0000000, 0x00000007a5560000)
  from space 21824K,  50% used [0x00000007a6ab0000, 0x00000007a756ae18, 0x00000007a8000000)
  to   space 21824K,   0% used [0x00000007a5560000, 0x00000007a5560000, 0x00000007a6ab0000)
 concurrent mark-sweep generation total 393216K, used 70337K [0x00000007a8000000, 0x00000007c0000000, 0x00000007c0000000)
 Metaspace       used 38347K, capacity 39214K, committed 39248K, reserved 1083392K
  class space    used 4220K, capacity 4422K, committed 4432K, reserved 1048576K
}
2016-10-05T13:26:50.036-0100: 117.834: Total time for which application threads were stopped: 0.0071083 seconds, Stopping threads took: 0.0000359 seconds
2016-10-05T13:26:50.037-0100: 117.835: Total time for which application threads were stopped: 0.0002637 seconds, Stopping threads took: 0.0000799 seconds
2016-10-05T13:26:50.081-0100: 117.879: Total time for which application threads were stopped: 0.0006753 seconds, Stopping threads took: 0.0001132 seconds
2016-10-05T13:26:50.097-0100: 117.895: Total time for which application threads were stopped: 0.0003320 seconds, Stopping threads took: 0.0000464 seconds
2016-10-05T13:26:51.098-0100: 118.896: Total time for which application threads were stopped: 0.0001925 seconds, Stopping threads took: 0.0000436 seconds
2016-10-05T13:26:51.297-0100: 119.095: Total time for which application threads were stopped: 0.0001629 seconds, Stopping threads took: 0.0000312 seconds
2016-10-05T13:26:51.297-0100: 119.095: Total time for which application threads were stopped: 0.0000927 seconds, Stopping threads took: 0.0000086 seconds
2016-10-05T13:26:51.297-0100: 119.095: Total time for which application threads were stopped: 0.0000759 seconds, Stopping threads took: 0.0000070 seconds
2016-10-05T13:26:51.297-0100: 119.095: Total time for which application threads were stopped: 0.0000754 seconds, Stopping threads took: 0.0000073 seconds
2016-10-05T13:26:51.297-0100: 119.095: Total time for which application threads were stopped: 0.0000688 seconds, Stopping threads took: 0.0000046 seconds
2016-10-05T13:26:51.301-0100: 119.099: Total time for which application threads were stopped: 0.0001675 seconds, Stopping threads took: 0.0000315 seconds
2016-10-05T13:26:51.301-0100: 119.099: Total time for which application threads were stopped: 0.0001065 seconds, Stopping threads took: 0.0000114 seconds
2016-10-05T13:26:51.301-0100: 119.099: Total time for which application threads were stopped: 0.0000798 seconds, Stopping threads took: 0.0000083 seconds
2016-10-05T13:26:51.301-0100: 119.099: Total time for which application threads were stopped: 0.0000848 seconds, Stopping threads took: 0.0000087 seconds
2016-10-05T13:26:51.301-0100: 119.099: Total time for which application threads were stopped: 0.0000910 seconds, Stopping threads took: 0.0000115 seconds
2016-10-05T13:26:51.312-0100: 119.110: Total time for which application threads were stopped: 0.0009938 seconds, Stopping threads took: 0.0000945 seconds
2016-10-05T13:26:51.317-0100: 119.114: Total time for which application threads were stopped: 0.0002350 seconds, Stopping threads took: 0.0000481 seconds
2016-10-05T13:26:51.317-0100: 119.115: Total time for which application threads were stopped: 0.0001739 seconds, Stopping threads took: 0.0000608 seconds
2016-10-05T13:26:51.317-0100: 119.115: Total time for which application threads were stopped: 0.0001407 seconds, Stopping threads took: 0.0000297 seconds
2016-10-05T13:26:51.318-0100: 119.115: Total time for which application threads were stopped: 0.0001345 seconds, Stopping threads took: 0.0000186 seconds
2016-10-05T13:26:51.325-0100: 119.123: Total time for which application threads were stopped: 0.0002059 seconds, Stopping threads took: 0.0000452 seconds
2016-10-05T13:26:51.334-0100: 119.132: Total time for which application threads were stopped: 0.0001690 seconds, Stopping threads took: 0.0000306 seconds
2016-10-05T13:26:51.334-0100: 119.132: Total time for which application threads were stopped: 0.0000919 seconds, Stopping threads took: 0.0000087 seconds
2016-10-05T13:26:51.335-0100: 119.132: Total time for which application threads were stopped: 0.0000746 seconds, Stopping threads took: 0.0000072 seconds
2016-10-05T13:26:51.347-0100: 119.145: Total time for which application threads were stopped: 0.0002565 seconds, Stopping threads took: 0.0000381 seconds
2016-10-05T13:26:51.348-0100: 119.146: Total time for which application threads were stopped: 0.0002702 seconds, Stopping threads took: 0.0000321 seconds
{Heap before GC invocations=49 (full 2):
 par new generation   total 109248K, used 98411K [0x00000007a0000000, 0x00000007a8000000, 0x00000007a8000000)
  eden space 87424K, 100% used [0x00000007a0000000, 0x00000007a5560000, 0x00000007a5560000)
  from space 21824K,  50% used [0x00000007a6ab0000, 0x00000007a756ae18, 0x00000007a8000000)
  to   space 21824K,   0% used [0x00000007a5560000, 0x00000007a5560000, 0x00000007a6ab0000)
 concurrent mark-sweep generation total 393216K, used 70337K [0x00000007a8000000, 0x00000007c0000000, 0x00000007c0000000)
 Metaspace       used 38398K, capacity 39230K, committed 39248K, reserved 1083392K
  class space    used 4223K, capacity 4424K, committed 4432K, reserved 1048576K
2016-10-05T13:26:51.425-0100: 119.223: [GC (Allocation Failure) 2016-10-05T13:26:51.425-0100: 119.223: [ParNew
Desired survivor size 20112992 bytes, new threshold 8 (max 8)
- age   1:    5469344 bytes,    5469344 total
- age   2:    3009128 bytes,    8478472 total
- age   3:     708856 bytes,    9187328 total
- age   4:    1828056 bytes,   11015384 total
- age   5:    2346408 bytes,   13361792 total
- age   6:      13288 bytes,   13375080 total
- age   7:       9816 bytes,   13384896 total
- age   8:       9408 bytes,   13394304 total
: 98411K->15434K(109248K), 0.0088488 secs] 168749K->85785K(502464K), 0.0089466 secs] [Times: user=0.03 sys=0.00, real=0.01 secs] 
Heap after GC invocations=50 (full 2):
 par new generation   total 109248K, used 15434K [0x00000007a0000000, 0x00000007a8000000, 0x00000007a8000000)
  eden space 87424K,   0% used [0x00000007a0000000, 0x00000007a0000000, 0x00000007a5560000)
  from space 21824K,  70% used [0x00000007a5560000, 0x00000007a64729c0, 0x00000007a6ab0000)
  to   space 21824K,   0% used [0x00000007a6ab0000, 0x00000007a6ab0000, 0x00000007a8000000)
 concurrent mark-sweep generation total 393216K, used 70350K [0x00000007a8000000, 0x00000007c0000000, 0x00000007c0000000)
 Metaspace       used 38398K, capacity 39230K, committed 39248K, reserved 1083392K
  class space    used 4223K, capacity 4424K, committed 4432K, reserved 1048576K
}
2016-10-05T13:26:51.434-0100: 119.232: Total time for which application threads were stopped: 0.0092327 seconds, Stopping threads took: 0.0000398 seconds
2016-10-05T13:26:51.536-0100: 119.334: Total time for which application threads were stopped: 0.0007558 seconds, Stopping threads took: 0.0001224 seconds
2016-10-05T13:26:51.537-0100: 119.335: Total time for which application threads were stopped: 0.0003807 seconds, Stopping threads took: 0.0000445 seconds
2016-10-05T13:26:51.537-0100: 119.335: Total time for which application threads were stopped: 0.0003483 seconds, Stopping threads took: 0.0000388 seconds
2016-10-05T13:26:51.537-0100: 119.335: Total time for which application threads were stopped: 0.0002090 seconds, Stopping threads took: 0.0000210 seconds
2016-10-05T13:26:51.538-0100: 119.336: Total time for which application threads were stopped: 0.0004111 seconds, Stopping threads took: 0.0002094 seconds
2016-10-05T13:26:51.553-0100: 119.351: Total time for which application threads were stopped: 0.0002986 seconds, Stopping threads took: 0.0000835 seconds
2016-10-05T13:26:51.554-0100: 119.352: Total time for which application threads were stopped: 0.0006861 seconds, Stopping threads took: 0.0001579 seconds
2016-10-05T13:26:51.555-0100: 119.353: Total time for which application threads were stopped: 0.0003504 seconds, Stopping threads took: 0.0000491 seconds
2016-10-05T13:26:51.563-0100: 119.361: Total time for which application threads were stopped: 0.0004110 seconds, Stopping threads took: 0.0000294 seconds
2016-10-05T13:26:51.563-0100: 119.361: Total time for which application threads were stopped: 0.0000990 seconds, Stopping threads took: 0.0000105 seconds
2016-10-05T13:26:51.563-0100: 119.361: Total time for which application threads were stopped: 0.0001111 seconds, Stopping threads took: 0.0000078 seconds
2016-10-05T13:26:51.563-0100: 119.361: Total time for which application threads were stopped: 0.0001010 seconds, Stopping threads took: 0.0000103 seconds
2016-10-05T13:26:51.616-0100: 119.414: Total time for which application threads were stopped: 0.0003226 seconds, Stopping threads took: 0.0000463 seconds
2016-10-05T13:26:51.617-0100: 119.415: Total time for which application threads were stopped: 0.0002419 seconds, Stopping threads took: 0.0000373 seconds
2016-10-05T13:26:51.617-0100: 119.415: Total time for which application threads were stopped: 0.0001463 seconds, Stopping threads took: 0.0000141 seconds
2016-10-05T13:26:51.628-0100: 119.425: Total time for which application threads were stopped: 0.0002476 seconds, Stopping threads took: 0.0000415 seconds
2016-10-05T13:26:51.628-0100: 119.426: Total time for which application threads were stopped: 0.0001768 seconds, Stopping threads took: 0.0000172 seconds
2016-10-05T13:26:51.628-0100: 119.426: Total time for which application threads were stopped: 0.0001695 seconds, Stopping threads took: 0.0000192 seconds
2016-10-05T13:26:51.629-0100: 119.427: Total time for which application threads were stopped: 0.0003131 seconds, Stopping threads took: 0.0000614 seconds
2016-10-05T13:26:51.643-0100: 119.440: Total time for which application threads were stopped: 0.0002801 seconds, Stopping threads took: 0.0000439 seconds
2016-10-05T13:26:51.648-0100: 119.446: Total time for which application threads were stopped: 0.0002540 seconds, Stopping threads took: 0.0000464 seconds
2016-10-05T13:26:51.648-0100: 119.446: Total time for which application threads were stopped: 0.0001862 seconds, Stopping threads took: 0.0000173 seconds
2016-10-05T13:26:51.649-0100: 119.447: Total time for which application threads were stopped: 0.0001783 seconds, Stopping threads took: 0.0000171 seconds
2016-10-05T13:26:51.658-0100: 119.456: Total time for which application threads were stopped: 0.0006773 seconds, Stopping threads took: 0.0001117 seconds
2016-10-05T13:26:51.659-0100: 119.457: Total time for which application threads were stopped: 0.0005535 seconds, Stopping threads took: 0.0000546 seconds
2016-10-05T13:26:51.660-0100: 119.458: Total time for which application threads were stopped: 0.0005628 seconds, Stopping threads took: 0.0001996 seconds
2016-10-05T13:26:51.668-0100: 119.466: Total time for which application threads were stopped: 0.0002590 seconds, Stopping threads took: 0.0000423 seconds
2016-10-05T13:26:51.669-0100: 119.467: Total time for which application threads were stopped: 0.0001903 seconds, Stopping threads took: 0.0000372 seconds
2016-10-05T13:26:51.669-0100: 119.467: Total time for which application threads were stopped: 0.0001643 seconds, Stopping threads took: 0.0000147 seconds
2016-10-05T13:26:51.670-0100: 119.467: Total time for which application threads were stopped: 0.0002850 seconds, Stopping threads took: 0.0000481 seconds
2016-10-05T13:26:51.693-0100: 119.491: Total time for which application threads were stopped: 0.0002789 seconds, Stopping threads took: 0.0000572 seconds
2016-10-05T13:26:51.705-0100: 119.503: Total time for which application threads were stopped: 0.0002768 seconds, Stopping threads took: 0.0000444 seconds
2016-10-05T13:26:51.705-0100: 119.503: Total time for which application threads were stopped: 0.0001824 seconds, Stopping threads took: 0.0000195 seconds
2016-10-05T13:26:51.705-0100: 119.503: Total time for which application threads were stopped: 0.0001517 seconds, Stopping threads took: 0.0000174 seconds
2016-10-05T13:26:51.711-0100: 119.509: Total time for which application threads were stopped: 0.0002904 seconds, Stopping threads took: 0.0000412 seconds
2016-10-05T13:26:51.712-0100: 119.510: Total time for which application threads were stopped: 0.0002089 seconds, Stopping threads took: 0.0000328 seconds
2016-10-05T13:26:51.712-0100: 119.510: Total time for which application threads were stopped: 0.0001465 seconds, Stopping threads took: 0.0000165 seconds
2016-10-05T13:26:51.714-0100: 119.512: Total time for which application threads were stopped: 0.0002930 seconds, Stopping threads took: 0.0000462 seconds
2016-10-05T13:26:51.718-0100: 119.516: Total time for which application threads were stopped: 0.0002880 seconds, Stopping threads took: 0.0000722 seconds
2016-10-05T13:26:51.719-0100: 119.517: Total time for which application threads were stopped: 0.0002248 seconds, Stopping threads took: 0.0000437 seconds
2016-10-05T13:26:51.719-0100: 119.517: Total time for which application threads were stopped: 0.0001547 seconds, Stopping threads took: 0.0000282 seconds
2016-10-05T13:26:51.726-0100: 119.524: Total time for which application threads were stopped: 0.0002548 seconds, Stopping threads took: 0.0000405 seconds
2016-10-05T13:26:51.726-0100: 119.524: Total time for which application threads were stopped: 0.0001184 seconds, Stopping threads took: 0.0000087 seconds
2016-10-05T13:26:51.726-0100: 119.524: Total time for which application threads were stopped: 0.0001456 seconds, Stopping threads took: 0.0000151 seconds
2016-10-05T13:26:51.727-0100: 119.524: Total time for which application threads were stopped: 0.0001978 seconds, Stopping threads took: 0.0000159 seconds
2016-10-05T13:26:51.735-0100: 119.533: Total time for which application threads were stopped: 0.0002654 seconds, Stopping threads took: 0.0000442 seconds
2016-10-05T13:26:51.736-0100: 119.533: Total time for which application threads were stopped: 0.0002806 seconds, Stopping threads took: 0.0000420 seconds
2016-10-05T13:26:51.736-0100: 119.534: Total time for which application threads were stopped: 0.0002402 seconds, Stopping threads took: 0.0000148 seconds
2016-10-05T13:26:51.789-0100: 119.587: Total time for which application threads were stopped: 0.0002091 seconds, Stopping threads took: 0.0000315 seconds
2016-10-05T13:26:51.789-0100: 119.587: Total time for which application threads were stopped: 0.0001508 seconds, Stopping threads took: 0.0000263 seconds
2016-10-05T13:26:51.789-0100: 119.587: Total time for which application threads were stopped: 0.0001309 seconds, Stopping threads took: 0.0000170 seconds
2016-10-05T13:26:51.790-0100: 119.587: Total time for which application threads were stopped: 0.0001337 seconds, Stopping threads took: 0.0000173 seconds
2016-10-05T13:26:51.790-0100: 119.588: Total time for which application threads were stopped: 0.0000769 seconds, Stopping threads took: 0.0000082 seconds
2016-10-05T13:26:51.790-0100: 119.588: Total time for which application threads were stopped: 0.0000809 seconds, Stopping threads took: 0.0000096 seconds
2016-10-05T13:26:51.790-0100: 119.588: Total time for which application threads were stopped: 0.0000715 seconds, Stopping threads took: 0.0000077 seconds
2016-10-05T13:26:51.790-0100: 119.588: Total time for which application threads were stopped: 0.0000767 seconds, Stopping threads took: 0.0000082 seconds
2016-10-05T13:26:51.806-0100: 119.604: Total time for which application threads were stopped: 0.0002162 seconds, Stopping threads took: 0.0000387 seconds
2016-10-05T13:26:51.809-0100: 119.606: Total time for which application threads were stopped: 0.0001861 seconds, Stopping threads took: 0.0000497 seconds
2016-10-05T13:26:51.809-0100: 119.607: Total time for which application threads were stopped: 0.0000760 seconds, Stopping threads took: 0.0000096 seconds
2016-10-05T13:26:51.809-0100: 119.607: Total time for which application threads were stopped: 0.0000703 seconds, Stopping threads took: 0.0000076 seconds
2016-10-05T13:26:51.810-0100: 119.608: Total time for which application threads were stopped: 0.0003080 seconds, Stopping threads took: 0.0000980 seconds
2016-10-05T13:26:51.816-0100: 119.614: Total time for which application threads were stopped: 0.0003211 seconds, Stopping threads took: 0.0000649 seconds
2016-10-05T13:26:51.817-0100: 119.615: Total time for which application threads were stopped: 0.0002125 seconds, Stopping threads took: 0.0000369 seconds
2016-10-05T13:26:51.817-0100: 119.615: Total time for which application threads were stopped: 0.0001075 seconds, Stopping threads took: 0.0000283 seconds
2016-10-05T13:26:51.824-0100: 119.622: Total time for which application threads were stopped: 0.0003968 seconds, Stopping threads took: 0.0000831 seconds
2016-10-05T13:26:51.824-0100: 119.622: Total time for which application threads were stopped: 0.0001993 seconds, Stopping threads took: 0.0000233 seconds
2016-10-05T13:26:51.825-0100: 119.623: Total time for which application threads were stopped: 0.0001800 seconds, Stopping threads took: 0.0000163 seconds
2016-10-05T13:26:51.825-0100: 119.623: Total time for which application threads were stopped: 0.0001889 seconds, Stopping threads took: 0.0000156 seconds
2016-10-05T13:26:51.831-0100: 119.629: Total time for which application threads were stopped: 0.0002018 seconds, Stopping threads took: 0.0000397 seconds
2016-10-05T13:26:51.832-0100: 119.630: Total time for which application threads were stopped: 0.0001282 seconds, Stopping threads took: 0.0000160 seconds
2016-10-05T13:26:51.832-0100: 119.630: Total time for which application threads were stopped: 0.0000844 seconds, Stopping threads took: 0.0000105 seconds
2016-10-05T13:26:51.835-0100: 119.633: Total time for which application threads were stopped: 0.0002080 seconds, Stopping threads took: 0.0000431 seconds
2016-10-05T13:26:51.835-0100: 119.633: Total time for which application threads were stopped: 0.0001040 seconds, Stopping threads took: 0.0000134 seconds
2016-10-05T13:26:51.835-0100: 119.633: Total time for which application threads were stopped: 0.0000826 seconds, Stopping threads took: 0.0000083 seconds
2016-10-05T13:26:51.836-0100: 119.633: Total time for which application threads were stopped: 0.0001039 seconds, Stopping threads took: 0.0000082 seconds
2016-10-05T13:26:51.836-0100: 119.634: Total time for which application threads were stopped: 0.0004073 seconds, Stopping threads took: 0.0000810 seconds
2016-10-05T13:26:51.840-0100: 119.638: Total time for which application threads were stopped: 0.0001953 seconds, Stopping threads took: 0.0000492 seconds
2016-10-05T13:26:51.840-0100: 119.638: Total time for which application threads were stopped: 0.0001535 seconds, Stopping threads took: 0.0000123 seconds
{Heap before GC invocations=50 (full 2):
 par new generation   total 109248K, used 102858K [0x00000007a0000000, 0x00000007a8000000, 0x00000007a8000000)
  eden space 87424K, 100% used [0x00000007a0000000, 0x00000007a5560000, 0x00000007a5560000)
  from space 21824K,  70% used [0x00000007a5560000, 0x00000007a64729c0, 0x00000007a6ab0000)
  to   space 21824K,   0% used [0x00000007a6ab0000, 0x00000007a6ab0000, 0x00000007a8000000)
 concurrent mark-sweep generation total 393216K, used 70350K [0x00000007a8000000, 0x00000007c0000000, 0x00000007c0000000)
 Metaspace       used 38420K, capacity 39232K, committed 39248K, reserved 1083392K
  class space    used 4224K, capacity 4425K, committed 4432K, reserved 1048576K
2016-10-05T13:26:51.867-0100: 119.665: [GC (Allocation Failure) 2016-10-05T13:26:51.868-0100: 119.665: [ParNew
Desired survivor size 20112992 bytes, new threshold 8 (max 8)
- age   1:    1917432 bytes,    1917432 total
- age   2:    2596488 bytes,    4513920 total
- age   3:    2996168 bytes,    7510088 total
- age   4:     708456 bytes,    8218544 total
- age   5:     179512 bytes,    8398056 total
- age   6:       5296 bytes,    8403352 total
- age   7:      13288 bytes,    8416640 total
- age   8:       9816 bytes,    8426456 total
: 102858K->14674K(109248K), 0.0123882 secs] 173209K->85034K(502464K), 0.0124946 secs] [Times: user=0.04 sys=0.00, real=0.02 secs] 
Heap after GC invocations=51 (full 2):
 par new generation   total 109248K, used 14674K [0x00000007a0000000, 0x00000007a8000000, 0x00000007a8000000)
  eden space 87424K,   0% used [0x00000007a0000000, 0x00000007a0000000, 0x00000007a5560000)
  from space 21824K,  67% used [0x00000007a6ab0000, 0x00000007a7904a20, 0x00000007a8000000)
  to   space 21824K,   0% used [0x00000007a5560000, 0x00000007a5560000, 0x00000007a6ab0000)
 concurrent mark-sweep generation total 393216K, used 70359K [0x00000007a8000000, 0x00000007c0000000, 0x00000007c0000000)
 Metaspace       used 38420K, capacity 39232K, committed 39248K, reserved 1083392K
  class space    used 4224K, capacity 4425K, committed 4432K, reserved 1048576K
}
2016-10-05T13:26:51.880-0100: 119.678: Total time for which application threads were stopped: 0.0128469 seconds, Stopping threads took: 0.0000494 seconds
2016-10-05T13:26:52.882-0100: 120.679: Total time for which application threads were stopped: 0.0002221 seconds, Stopping threads took: 0.0000445 seconds
2016-10-05T13:27:02.911-0100: 130.709: Total time for which application threads were stopped: 0.0002305 seconds, Stopping threads took: 0.0000462 seconds
2016-10-05T13:27:43.018-0100: 170.814: Total time for which application threads were stopped: 0.0002703 seconds, Stopping threads took: 0.0000525 seconds
2016-10-05T13:27:47.032-0100: 174.828: Total time for which application threads were stopped: 0.0001847 seconds, Stopping threads took: 0.0000428 seconds
2016-10-05T13:27:53.046-0100: 180.842: Total time for which application threads were stopped: 0.0002877 seconds, Stopping threads took: 0.0000590 seconds
2016-10-05T13:28:22.130-0100: 209.926: Total time for which application threads were stopped: 0.0002344 seconds, Stopping threads took: 0.0000485 seconds
2016-10-05T13:28:27.147-0100: 214.942: Total time for which application threads were stopped: 0.0002860 seconds, Stopping threads took: 0.0000566 seconds
2016-10-05T13:28:31.157-0100: 218.952: Total time for which application threads were stopped: 0.0002376 seconds, Stopping threads took: 0.0000464 seconds
2016-10-05T13:28:42.431-0100: 230.226: Total time for which application threads were stopped: 0.0002008 seconds, Stopping threads took: 0.0000369 seconds
2016-10-05T13:28:42.452-0100: 230.247: Total time for which application threads were stopped: 0.0002216 seconds, Stopping threads took: 0.0000391 seconds
2016-10-05T13:28:43.454-0100: 231.249: Total time for which application threads were stopped: 0.0002594 seconds, Stopping threads took: 0.0000516 seconds
2016-10-05T13:29:59.653-0100: 307.446: Total time for which application threads were stopped: 0.0002705 seconds, Stopping threads took: 0.0000492 seconds
2016-10-05T13:30:51.759-0100: 359.550: Total time for which application threads were stopped: 0.0002579 seconds, Stopping threads took: 0.0000516 seconds
2016-10-05T13:31:11.349-0100: 379.140: Total time for which application threads were stopped: 0.0002731 seconds, Stopping threads took: 0.0000478 seconds
2016-10-05T13:31:12.350-0100: 380.141: Total time for which application threads were stopped: 0.0003236 seconds, Stopping threads took: 0.0000738 seconds
2016-10-05T13:32:15.526-0100: 443.316: Total time for which application threads were stopped: 0.0002260 seconds, Stopping threads took: 0.0000448 seconds
2016-10-05T13:32:19.508-0100: 447.298: Total time for which application threads were stopped: 0.0001708 seconds, Stopping threads took: 0.0000572 seconds
2016-10-05T13:32:19.509-0100: 447.298: Total time for which application threads were stopped: 0.0001261 seconds, Stopping threads took: 0.0000351 seconds
2016-10-05T13:32:19.509-0100: 447.298: Total time for which application threads were stopped: 0.0001132 seconds, Stopping threads took: 0.0000246 seconds
2016-10-05T13:32:19.512-0100: 447.301: Total time for which application threads were stopped: 0.0004811 seconds, Stopping threads took: 0.0000797 seconds
2016-10-05T13:32:19.520-0100: 447.309: Total time for which application threads were stopped: 0.0010207 seconds, Stopping threads took: 0.0000752 seconds
2016-10-05T13:32:19.521-0100: 447.310: Total time for which application threads were stopped: 0.0001891 seconds, Stopping threads took: 0.0000472 seconds
2016-10-05T13:32:19.532-0100: 447.321: Total time for which application threads were stopped: 0.0006227 seconds, Stopping threads took: 0.0001119 seconds
2016-10-05T13:32:19.545-0100: 447.334: Total time for which application threads were stopped: 0.0003150 seconds, Stopping threads took: 0.0000576 seconds
2016-10-05T13:32:19.548-0100: 447.337: Total time for which application threads were stopped: 0.0002268 seconds, Stopping threads took: 0.0000249 seconds
2016-10-05T13:32:19.548-0100: 447.338: Total time for which application threads were stopped: 0.0003759 seconds, Stopping threads took: 0.0001867 seconds
2016-10-05T13:32:19.550-0100: 447.339: Total time for which application threads were stopped: 0.0002822 seconds, Stopping threads took: 0.0000507 seconds
2016-10-05T13:32:19.556-0100: 447.346: Total time for which application threads were stopped: 0.0004176 seconds, Stopping threads took: 0.0002056 seconds
2016-10-05T13:32:19.557-0100: 447.347: Total time for which application threads were stopped: 0.0002590 seconds, Stopping threads took: 0.0001200 seconds
2016-10-05T13:32:19.558-0100: 447.347: Total time for which application threads were stopped: 0.0001250 seconds, Stopping threads took: 0.0000120 seconds
2016-10-05T13:32:19.585-0100: 447.374: Total time for which application threads were stopped: 0.0006169 seconds, Stopping threads took: 0.0001018 seconds
2016-10-05T13:32:19.590-0100: 447.380: Total time for which application threads were stopped: 0.0001332 seconds, Stopping threads took: 0.0000179 seconds
2016-10-05T13:32:20.592-0100: 448.381: Total time for which application threads were stopped: 0.0002153 seconds, Stopping threads took: 0.0000533 seconds
Heap
 par new generation   total 109248K, used 90881K [0x00000007a0000000, 0x00000007a8000000, 0x00000007a8000000)
  eden space 87424K,  87% used [0x00000007a0000000, 0x00000007a4a6bd30, 0x00000007a5560000)
  from space 21824K,  67% used [0x00000007a6ab0000, 0x00000007a7904a20, 0x00000007a8000000)
  to   space 21824K,   0% used [0x00000007a5560000, 0x00000007a5560000, 0x00000007a6ab0000)
 concurrent mark-sweep generation total 393216K, used 70359K [0x00000007a8000000, 0x00000007c0000000, 0x00000007c0000000)
 Metaspace       used 38967K, capacity 39816K, committed 40144K, reserved 1085440K
  class space    used 4292K, capacity 4491K, committed 4560K, reserved 1048576K
